[0.163s] DEBUG:colcon:Command line arguments: ['/usr/bin/colcon', 'build', '--packages-select', 'py_srv']
[0.163s] DEBUG:colcon:Parsed command line arguments: Namespace(log_base=None, log_level=None, verb_name='build', build_base='build', install_base='install', merge_install=False, symlink_install=False, test_result_base=None, continue_on_error=False, executor='parallel', parallel_workers=12, event_handlers=None, ignore_user_meta=False, metas=['./colcon.meta'], base_paths=['.'], packages_ignore=None, packages_ignore_regex=None, paths=None, packages_up_to=None, packages_up_to_regex=None, packages_above=None, packages_above_and_dependencies=None, packages_above_depth=None, packages_select_by_dep=None, packages_skip_by_dep=None, packages_skip_up_to=None, packages_select_build_failed=False, packages_skip_build_finished=False, packages_select_test_failures=False, packages_skip_test_passed=False, packages_select=['py_srv'], packages_skip=None, packages_select_regex=None, packages_skip_regex=None, packages_start=None, packages_end=None, allow_overriding=[], cmake_args=None, cmake_target=None, cmake_target_skip_unavailable=False, cmake_clean_cache=False, cmake_clean_first=False, cmake_force_configure=False, ament_cmake_args=None, catkin_cmake_args=None, catkin_skip_building_tests=False, mixin_files=None, mixin=None, verb_parser=<colcon_mixin.mixin.mixin_argument.MixinArgumentDecorator object at 0x71d305867170>, verb_extension=<colcon_core.verb.build.BuildVerb object at 0x71d305866d20>, main=<bound method BuildVerb.main of <colcon_core.verb.build.BuildVerb object at 0x71d305866d20>>, mixin_verb=('build',))
[0.220s] Level 1:colcon.colcon_core.package_discovery:discover_packages(colcon_meta) check parameters
[0.220s] Level 1:colcon.colcon_core.package_discovery:discover_packages(recursive) check parameters
[0.220s] Level 1:colcon.colcon_core.package_discovery:discover_packages(ignore) check parameters
[0.220s] Level 1:colcon.colcon_core.package_discovery:discover_packages(path) check parameters
[0.220s] Level 1:colcon.colcon_core.package_discovery:discover_packages(colcon_meta) discover
[0.221s] Level 1:colcon.colcon_core.package_discovery:discover_packages(recursive) discover
[0.221s] INFO:colcon.colcon_core.package_discovery:Crawling recursively for packages in '/home/koji/robotics/robotics-learning/beginner_client_libs/my_workspace'
[0.221s] Level 1:colcon.colcon_core.package_identification:_identify(.) by extensions ['ignore', 'ignore_ament_install']
[0.221s] Level 1:colcon.colcon_core.package_identification:_identify(.) by extension 'ignore'
[0.221s] Level 1:colcon.colcon_core.package_identification:_identify(.) by extension 'ignore_ament_install'
[0.221s] Level 1:colcon.colcon_core.package_identification:_identify(.) by extensions ['colcon_pkg']
[0.221s] Level 1:colcon.colcon_core.package_identification:_identify(.) by extension 'colcon_pkg'
[0.221s] Level 1:colcon.colcon_core.package_identification:_identify(.) by extensions ['colcon_meta']
[0.221s] Level 1:colcon.colcon_core.package_identification:_identify(.) by extension 'colcon_meta'
[0.221s] Level 1:colcon.colcon_core.package_identification:_identify(.) by extensions ['ros']
[0.222s] Level 1:colcon.colcon_core.package_identification:_identify(.) by extension 'ros'
[0.260s] Level 1:colcon.colcon_core.package_identification:_identify(.) by extensions ['cmake', 'python']
[0.260s] Level 1:colcon.colcon_core.package_identification:_identify(.) by extension 'cmake'
[0.260s] Level 1:colcon.colcon_core.package_identification:_identify(.) by extension 'python'
[0.260s] Level 1:colcon.colcon_core.package_identification:_identify(.) by extensions ['python_setup_py']
[0.260s] Level 1:colcon.colcon_core.package_identification:_identify(.) by extension 'python_setup_py'
[0.260s] Level 1:colcon.colcon_core.package_identification:_identify(build) by extensions ['ignore', 'ignore_ament_install']
[0.261s] Level 1:colcon.colcon_core.package_identification:_identify(build) by extension 'ignore'
[0.261s] Level 1:colcon.colcon_core.package_identification:_identify(build) ignored
[0.261s] Level 1:colcon.colcon_core.package_identification:_identify(install) by extensions ['ignore', 'ignore_ament_install']
[0.261s] Level 1:colcon.colcon_core.package_identification:_identify(install) by extension 'ignore'
[0.261s] Level 1:colcon.colcon_core.package_identification:_identify(install) ignored
[0.261s] Level 1:colcon.colcon_core.package_identification:_identify(log) by extensions ['ignore', 'ignore_ament_install']
[0.261s] Level 1:colcon.colcon_core.package_identification:_identify(log) by extension 'ignore'
[0.262s] Level 1:colcon.colcon_core.package_identification:_identify(log) ignored
[0.262s] Level 1:colcon.colcon_core.package_identification:_identify(src) by extensions ['ignore', 'ignore_ament_install']
[0.262s] Level 1:colcon.colcon_core.package_identification:_identify(src) by extension 'ignore'
[0.262s] Level 1:colcon.colcon_core.package_identification:_identify(src) by extension 'ignore_ament_install'
[0.262s] Level 1:colcon.colcon_core.package_identification:_identify(src) by extensions ['colcon_pkg']
[0.262s] Level 1:colcon.colcon_core.package_identification:_identify(src) by extension 'colcon_pkg'
[0.262s] Level 1:colcon.colcon_core.package_identification:_identify(src) by extensions ['colcon_meta']
[0.262s] Level 1:colcon.colcon_core.package_identification:_identify(src) by extension 'colcon_meta'
[0.262s] Level 1:colcon.colcon_core.package_identification:_identify(src) by extensions ['ros']
[0.262s] Level 1:colcon.colcon_core.package_identification:_identify(src) by extension 'ros'
[0.263s] Level 1:colcon.colcon_core.package_identification:_identify(src) by extensions ['cmake', 'python']
[0.263s] Level 1:colcon.colcon_core.package_identification:_identify(src) by extension 'cmake'
[0.263s] Level 1:colcon.colcon_core.package_identification:_identify(src) by extension 'python'
[0.263s] Level 1:colcon.colcon_core.package_identification:_identify(src) by extensions ['python_setup_py']
[0.263s] Level 1:colcon.colcon_core.package_identification:_identify(src) by extension 'python_setup_py'
[0.263s] Level 1:colcon.colcon_core.package_identification:_identify(src/my_first_pkg) by extensions ['ignore', 'ignore_ament_install']
[0.263s] Level 1:colcon.colcon_core.package_identification:_identify(src/my_first_pkg) by extension 'ignore'
[0.263s] Level 1:colcon.colcon_core.package_identification:_identify(src/my_first_pkg) by extension 'ignore_ament_install'
[0.263s] Level 1:colcon.colcon_core.package_identification:_identify(src/my_first_pkg) by extensions ['colcon_pkg']
[0.263s] Level 1:colcon.colcon_core.package_identification:_identify(src/my_first_pkg) by extension 'colcon_pkg'
[0.263s] Level 1:colcon.colcon_core.package_identification:_identify(src/my_first_pkg) by extensions ['colcon_meta']
[0.263s] Level 1:colcon.colcon_core.package_identification:_identify(src/my_first_pkg) by extension 'colcon_meta'
[0.264s] Level 1:colcon.colcon_core.package_identification:_identify(src/my_first_pkg) by extensions ['ros']
[0.264s] Level 1:colcon.colcon_core.package_identification:_identify(src/my_first_pkg) by extension 'ros'
[0.267s] DEBUG:colcon.colcon_core.package_identification:Package 'src/my_first_pkg' with type 'ros.ament_python' and name 'my_first_pkg'
[0.267s] Level 1:colcon.colcon_core.package_identification:_identify(src/pub_sub) by extensions ['ignore', 'ignore_ament_install']
[0.267s] Level 1:colcon.colcon_core.package_identification:_identify(src/pub_sub) by extension 'ignore'
[0.267s] Level 1:colcon.colcon_core.package_identification:_identify(src/pub_sub) by extension 'ignore_ament_install'
[0.268s] Level 1:colcon.colcon_core.package_identification:_identify(src/pub_sub) by extensions ['colcon_pkg']
[0.268s] Level 1:colcon.colcon_core.package_identification:_identify(src/pub_sub) by extension 'colcon_pkg'
[0.268s] Level 1:colcon.colcon_core.package_identification:_identify(src/pub_sub) by extensions ['colcon_meta']
[0.268s] Level 1:colcon.colcon_core.package_identification:_identify(src/pub_sub) by extension 'colcon_meta'
[0.268s] Level 1:colcon.colcon_core.package_identification:_identify(src/pub_sub) by extensions ['ros']
[0.268s] Level 1:colcon.colcon_core.package_identification:_identify(src/pub_sub) by extension 'ros'
[0.269s] DEBUG:colcon.colcon_core.package_identification:Package 'src/pub_sub' with type 'ros.ament_python' and name 'pub_sub'
[0.269s] Level 1:colcon.colcon_core.package_identification:_identify(src/py_srv) by extensions ['ignore', 'ignore_ament_install']
[0.269s] Level 1:colcon.colcon_core.package_identification:_identify(src/py_srv) by extension 'ignore'
[0.269s] Level 1:colcon.colcon_core.package_identification:_identify(src/py_srv) by extension 'ignore_ament_install'
[0.269s] Level 1:colcon.colcon_core.package_identification:_identify(src/py_srv) by extensions ['colcon_pkg']
[0.269s] Level 1:colcon.colcon_core.package_identification:_identify(src/py_srv) by extension 'colcon_pkg'
[0.269s] Level 1:colcon.colcon_core.package_identification:_identify(src/py_srv) by extensions ['colcon_meta']
[0.269s] Level 1:colcon.colcon_core.package_identification:_identify(src/py_srv) by extension 'colcon_meta'
[0.269s] Level 1:colcon.colcon_core.package_identification:_identify(src/py_srv) by extensions ['ros']
[0.269s] Level 1:colcon.colcon_core.package_identification:_identify(src/py_srv) by extension 'ros'
[0.270s] DEBUG:colcon.colcon_core.package_identification:Package 'src/py_srv' with type 'ros.ament_python' and name 'py_srv'
[0.270s] Level 1:colcon.colcon_core.package_discovery:discover_packages(recursive) using defaults
[0.270s] Level 1:colcon.colcon_core.package_discovery:discover_packages(ignore) discover
[0.270s] Level 1:colcon.colcon_core.package_discovery:discover_packages(ignore) using defaults
[0.271s] Level 1:colcon.colcon_core.package_discovery:discover_packages(path) discover
[0.271s] Level 1:colcon.colcon_core.package_discovery:discover_packages(path) using defaults
[0.296s] INFO:colcon.colcon_core.package_selection:Skipping not selected package 'my_first_pkg' in 'src/my_first_pkg'
[0.296s] INFO:colcon.colcon_core.package_selection:Skipping not selected package 'pub_sub' in 'src/pub_sub'
[0.297s] Level 1:colcon.colcon_core.package_discovery:discover_packages(prefix_path) check parameters
[0.297s] Level 1:colcon.colcon_core.package_discovery:discover_packages(prefix_path) discover
[0.301s] DEBUG:colcon.colcon_installed_package_information.package_discovery:Found 288 installed packages in /opt/ros/jazzy
[0.302s] Level 1:colcon.colcon_core.package_discovery:discover_packages(prefix_path) using defaults
[0.366s] Level 5:colcon.colcon_core.verb:set package 'py_srv' build argument 'cmake_args' from command line to 'None'
[0.367s] Level 5:colcon.colcon_core.verb:set package 'py_srv' build argument 'cmake_target' from command line to 'None'
[0.367s] Level 5:colcon.colcon_core.verb:set package 'py_srv' build argument 'cmake_target_skip_unavailable' from command line to 'False'
[0.367s] Level 5:colcon.colcon_core.verb:set package 'py_srv' build argument 'cmake_clean_cache' from command line to 'False'
[0.367s] Level 5:colcon.colcon_core.verb:set package 'py_srv' build argument 'cmake_clean_first' from command line to 'False'
[0.367s] Level 5:colcon.colcon_core.verb:set package 'py_srv' build argument 'cmake_force_configure' from command line to 'False'
[0.367s] Level 5:colcon.colcon_core.verb:set package 'py_srv' build argument 'ament_cmake_args' from command line to 'None'
[0.367s] Level 5:colcon.colcon_core.verb:set package 'py_srv' build argument 'catkin_cmake_args' from command line to 'None'
[0.367s] Level 5:colcon.colcon_core.verb:set package 'py_srv' build argument 'catkin_skip_building_tests' from command line to 'False'
[0.367s] DEBUG:colcon.colcon_core.verb:Building package 'py_srv' with the following arguments: {'ament_cmake_args': None, 'build_base': '/home/koji/robotics/robotics-learning/beginner_client_libs/my_workspace/build/py_srv', 'catkin_cmake_args': None, 'catkin_skip_building_tests': False, 'cmake_args': None, 'cmake_clean_cache': False, 'cmake_clean_first': False, 'cmake_force_configure': False, 'cmake_target': None, 'cmake_target_skip_unavailable': False, 'install_base': '/home/koji/robotics/robotics-learning/beginner_client_libs/my_workspace/install/py_srv', 'merge_install': False, 'path': '/home/koji/robotics/robotics-learning/beginner_client_libs/my_workspace/src/py_srv', 'symlink_install': False, 'test_result_base': None}
[0.367s] INFO:colcon.colcon_core.executor:Executing jobs using 'parallel' executor
[0.368s] DEBUG:colcon.colcon_parallel_executor.executor.parallel:run_until_complete
[0.369s] INFO:colcon.colcon_ros.task.ament_python.build:Building ROS package in '/home/koji/robotics/robotics-learning/beginner_client_libs/my_workspace/src/py_srv' with build type 'ament_python'
[0.369s] Level 1:colcon.colcon_core.shell:create_environment_hook('py_srv', 'ament_prefix_path')
[0.372s] INFO:colcon.colcon_core.plugin_system:Skipping extension 'colcon_core.shell.bat': Not used on non-Windows systems
[0.373s] INFO:colcon.colcon_core.shell:Creating environment hook '/home/koji/robotics/robotics-learning/beginner_client_libs/my_workspace/install/py_srv/share/py_srv/hook/ament_prefix_path.ps1'
[0.402s] INFO:colcon.colcon_core.shell:Creating environment descriptor '/home/koji/robotics/robotics-learning/beginner_client_libs/my_workspace/install/py_srv/share/py_srv/hook/ament_prefix_path.dsv'
[0.403s] INFO:colcon.colcon_core.shell:Creating environment hook '/home/koji/robotics/robotics-learning/beginner_client_libs/my_workspace/install/py_srv/share/py_srv/hook/ament_prefix_path.sh'
[0.406s] INFO:colcon.colcon_core.shell:Skip shell extension 'powershell' for command environment: Not usable outside of PowerShell
[0.406s] DEBUG:colcon.colcon_core.shell:Skip shell extension 'dsv' for command environment
[0.744s] INFO:colcon.colcon_core.task.python.build:Building Python package in '/home/koji/robotics/robotics-learning/beginner_client_libs/my_workspace/src/py_srv'
[0.745s] INFO:colcon.colcon_core.shell:Skip shell extension 'powershell' for command environment: Not usable outside of PowerShell
[0.745s] DEBUG:colcon.colcon_core.shell:Skip shell extension 'dsv' for command environment
[1.737s] DEBUG:colcon.colcon_core.task.python.build:Available setuptools commands: register, editable_wheel, install, install_data, install_egg_info, bdist_egg, test, bdist_rpm, sdist, check, build_clib, easy_install, egg_info, saveopts, build_py, bdist, init_catalog, install_scripts, bdist_dumb, upload, build_scripts, setopt, symlink_data, dist_info, install_lib, upload_docs, alias, update_catalog, build_ext, clean, extract_messages, compile_catalog, install_headers, rotate, develop, build
[1.740s] DEBUG:colcon.colcon_core.event_handler.log_command:Invoking command in '/home/koji/robotics/robotics-learning/beginner_client_libs/my_workspace/src/py_srv': DEBUGINFOD_URLS=https://debuginfod.ubuntu.com PYTHONPATH=/home/koji/robotics/robotics-learning/beginner_client_libs/my_workspace/build/py_srv/prefix_override:/usr/lib/python3/dist-packages/colcon_core/task/python/colcon_distutils_commands:/home/koji/robotics/robotics-learning/beginner_client_libs/my_workspace/install/py_srv/lib/python3.12/site-packages:${PYTHONPATH} /usr/bin/python3 -W ignore:setup.py install is deprecated -W ignore:easy_install command is deprecated setup.py egg_info --egg-base ../../build/py_srv build --build-base /home/koji/robotics/robotics-learning/beginner_client_libs/my_workspace/build/py_srv/build install --record /home/koji/robotics/robotics-learning/beginner_client_libs/my_workspace/build/py_srv/install.log --install-scripts $base/lib/py_srv --single-version-externally-managed install_data
[2.553s] DEBUG:colcon.colcon_core.event_handler.log_command:Invoked command in '/home/koji/robotics/robotics-learning/beginner_client_libs/my_workspace/src/py_srv' returned '0': DEBUGINFOD_URLS=https://debuginfod.ubuntu.com PYTHONPATH=/home/koji/robotics/robotics-learning/beginner_client_libs/my_workspace/build/py_srv/prefix_override:/usr/lib/python3/dist-packages/colcon_core/task/python/colcon_distutils_commands:/home/koji/robotics/robotics-learning/beginner_client_libs/my_workspace/install/py_srv/lib/python3.12/site-packages:${PYTHONPATH} /usr/bin/python3 -W ignore:setup.py install is deprecated -W ignore:easy_install command is deprecated setup.py egg_info --egg-base ../../build/py_srv build --build-base /home/koji/robotics/robotics-learning/beginner_client_libs/my_workspace/build/py_srv/build install --record /home/koji/robotics/robotics-learning/beginner_client_libs/my_workspace/build/py_srv/install.log --install-scripts $base/lib/py_srv --single-version-externally-managed install_data
[2.564s] Level 1:colcon.colcon_core.environment:checking '/home/koji/robotics/robotics-learning/beginner_client_libs/my_workspace/install/py_srv' for CMake module files
[2.566s] Level 1:colcon.colcon_core.environment:checking '/home/koji/robotics/robotics-learning/beginner_client_libs/my_workspace/install/py_srv' for CMake config files
[2.567s] Level 1:colcon.colcon_core.environment:checking '/home/koji/robotics/robotics-learning/beginner_client_libs/my_workspace/install/py_srv/lib'
[2.568s] Level 1:colcon.colcon_core.environment:checking '/home/koji/robotics/robotics-learning/beginner_client_libs/my_workspace/install/py_srv/bin'
[2.568s] Level 1:colcon.colcon_core.environment:checking '/home/koji/robotics/robotics-learning/beginner_client_libs/my_workspace/install/py_srv/lib/pkgconfig/py_srv.pc'
[2.569s] Level 1:colcon.colcon_core.environment:checking '/home/koji/robotics/robotics-learning/beginner_client_libs/my_workspace/install/py_srv/lib/python3.12/site-packages'
[2.569s] Level 1:colcon.colcon_core.shell:create_environment_hook('py_srv', 'pythonpath')
[2.569s] INFO:colcon.colcon_core.shell:Creating environment hook '/home/koji/robotics/robotics-learning/beginner_client_libs/my_workspace/install/py_srv/share/py_srv/hook/pythonpath.ps1'
[2.570s] INFO:colcon.colcon_core.shell:Creating environment descriptor '/home/koji/robotics/robotics-learning/beginner_client_libs/my_workspace/install/py_srv/share/py_srv/hook/pythonpath.dsv'
[2.571s] INFO:colcon.colcon_core.shell:Creating environment hook '/home/koji/robotics/robotics-learning/beginner_client_libs/my_workspace/install/py_srv/share/py_srv/hook/pythonpath.sh'
[2.573s] Level 1:colcon.colcon_core.environment:checking '/home/koji/robotics/robotics-learning/beginner_client_libs/my_workspace/install/py_srv/bin'
[2.573s] Level 1:colcon.colcon_core.environment:create_environment_scripts_only(py_srv)
[2.574s] INFO:colcon.colcon_core.shell:Creating package script '/home/koji/robotics/robotics-learning/beginner_client_libs/my_workspace/install/py_srv/share/py_srv/package.ps1'
[2.576s] INFO:colcon.colcon_core.shell:Creating package descriptor '/home/koji/robotics/robotics-learning/beginner_client_libs/my_workspace/install/py_srv/share/py_srv/package.dsv'
[2.578s] INFO:colcon.colcon_core.shell:Creating package script '/home/koji/robotics/robotics-learning/beginner_client_libs/my_workspace/install/py_srv/share/py_srv/package.sh'
[2.580s] INFO:colcon.colcon_core.shell:Creating package script '/home/koji/robotics/robotics-learning/beginner_client_libs/my_workspace/install/py_srv/share/py_srv/package.bash'
[2.582s] INFO:colcon.colcon_core.shell:Creating package script '/home/koji/robotics/robotics-learning/beginner_client_libs/my_workspace/install/py_srv/share/py_srv/package.zsh'
[2.583s] Level 1:colcon.colcon_core.environment:create_file_with_runtime_dependencies(/home/koji/robotics/robotics-learning/beginner_client_libs/my_workspace/install/py_srv/share/colcon-core/packages/py_srv)
[2.584s] DEBUG:colcon.colcon_parallel_executor.executor.parallel:closing loop
[2.585s] DEBUG:colcon.colcon_parallel_executor.executor.parallel:loop closed
[2.585s] DEBUG:colcon.colcon_parallel_executor.executor.parallel:run_until_complete finished with '0'
[2.585s] DEBUG:colcon.colcon_core.event_reactor:joining thread
[2.597s] INFO:colcon.colcon_core.plugin_system:Skipping extension 'colcon_notification.desktop_notification.terminal_notifier': Not used on non-Darwin systems
[2.597s] INFO:colcon.colcon_core.plugin_system:Skipping extension 'colcon_notification.desktop_notification.win32': Not used on non-Windows systems
[2.597s] INFO:colcon.colcon_notification.desktop_notification:Sending desktop notification using 'notify2'
[2.636s] DEBUG:colcon.colcon_core.event_reactor:joined thread
[2.636s] INFO:colcon.colcon_core.shell:Creating prefix script '/home/koji/robotics/robotics-learning/beginner_client_libs/my_workspace/install/local_setup.ps1'
[2.639s] INFO:colcon.colcon_core.shell:Creating prefix util module '/home/koji/robotics/robotics-learning/beginner_client_libs/my_workspace/install/_local_setup_util_ps1.py'
[2.641s] INFO:colcon.colcon_core.shell:Creating prefix chain script '/home/koji/robotics/robotics-learning/beginner_client_libs/my_workspace/install/setup.ps1'
[2.643s] INFO:colcon.colcon_core.shell:Creating prefix script '/home/koji/robotics/robotics-learning/beginner_client_libs/my_workspace/install/local_setup.sh'
[2.645s] INFO:colcon.colcon_core.shell:Creating prefix util module '/home/koji/robotics/robotics-learning/beginner_client_libs/my_workspace/install/_local_setup_util_sh.py'
[2.646s] INFO:colcon.colcon_core.shell:Creating prefix chain script '/home/koji/robotics/robotics-learning/beginner_client_libs/my_workspace/install/setup.sh'
[2.648s] INFO:colcon.colcon_core.shell:Creating prefix script '/home/koji/robotics/robotics-learning/beginner_client_libs/my_workspace/install/local_setup.bash'
[2.649s] INFO:colcon.colcon_core.shell:Creating prefix chain script '/home/koji/robotics/robotics-learning/beginner_client_libs/my_workspace/install/setup.bash'
[2.651s] INFO:colcon.colcon_core.shell:Creating prefix script '/home/koji/robotics/robotics-learning/beginner_client_libs/my_workspace/install/local_setup.zsh'
[2.652s] INFO:colcon.colcon_core.shell:Creating prefix chain script '/home/koji/robotics/robotics-learning/beginner_client_libs/my_workspace/install/setup.zsh'
