[0.102s] DEBUG:colcon:Command line arguments: ['/usr/bin/colcon', 'build', '--packages-select', 'smart_greenhouse_controller', '--symlink-install']
[0.102s] DEBUG:colcon:Parsed command line arguments: Namespace(log_base=None, log_level=None, verb_name='build', build_base='build', install_base='install', merge_install=False, symlink_install=True, test_result_base=None, continue_on_error=False, executor='parallel', parallel_workers=12, event_handlers=None, ignore_user_meta=False, metas=['./colcon.meta'], base_paths=['.'], packages_ignore=None, packages_ignore_regex=None, paths=None, packages_up_to=None, packages_up_to_regex=None, packages_above=None, packages_above_and_dependencies=None, packages_above_depth=None, packages_select_by_dep=None, packages_skip_by_dep=None, packages_skip_up_to=None, packages_select_build_failed=False, packages_skip_build_finished=False, packages_select_test_failures=False, packages_skip_test_passed=False, packages_select=['smart_greenhouse_controller'], packages_skip=None, packages_select_regex=None, packages_skip_regex=None, packages_start=None, packages_end=None, allow_overriding=[], cmake_args=None, cmake_target=None, cmake_target_skip_unavailable=False, cmake_clean_cache=False, cmake_clean_first=False, cmake_force_configure=False, ament_cmake_args=None, catkin_cmake_args=None, catkin_skip_building_tests=False, mixin_files=None, mixin=None, verb_parser=<colcon_mixin.mixin.mixin_argument.MixinArgumentDecorator object at 0x727e3e46f020>, verb_extension=<colcon_core.verb.build.BuildVerb object at 0x727e3dc6fc50>, main=<bound method BuildVerb.main of <colcon_core.verb.build.BuildVerb object at 0x727e3dc6fc50>>, mixin_verb=('build',))
[0.136s] Level 1:colcon.colcon_core.package_discovery:discover_packages(colcon_meta) check parameters
[0.136s] Level 1:colcon.colcon_core.package_discovery:discover_packages(recursive) check parameters
[0.136s] Level 1:colcon.colcon_core.package_discovery:discover_packages(ignore) check parameters
[0.136s] Level 1:colcon.colcon_core.package_discovery:discover_packages(path) check parameters
[0.136s] Level 1:colcon.colcon_core.package_discovery:discover_packages(colcon_meta) discover
[0.136s] Level 1:colcon.colcon_core.package_discovery:discover_packages(recursive) discover
[0.136s] INFO:colcon.colcon_core.package_discovery:Crawling recursively for packages in '/home/koji/robotics/robotics-learning/project_ws'
[0.136s] Level 1:colcon.colcon_core.package_identification:_identify(.) by extensions ['ignore', 'ignore_ament_install']
[0.136s] Level 1:colcon.colcon_core.package_identification:_identify(.) by extension 'ignore'
[0.136s] Level 1:colcon.colcon_core.package_identification:_identify(.) by extension 'ignore_ament_install'
[0.136s] Level 1:colcon.colcon_core.package_identification:_identify(.) by extensions ['colcon_pkg']
[0.136s] Level 1:colcon.colcon_core.package_identification:_identify(.) by extension 'colcon_pkg'
[0.136s] Level 1:colcon.colcon_core.package_identification:_identify(.) by extensions ['colcon_meta']
[0.136s] Level 1:colcon.colcon_core.package_identification:_identify(.) by extension 'colcon_meta'
[0.136s] Level 1:colcon.colcon_core.package_identification:_identify(.) by extensions ['ros']
[0.136s] Level 1:colcon.colcon_core.package_identification:_identify(.) by extension 'ros'
[0.159s] Level 1:colcon.colcon_core.package_identification:_identify(.) by extensions ['cmake', 'python']
[0.159s] Level 1:colcon.colcon_core.package_identification:_identify(.) by extension 'cmake'
[0.159s] Level 1:colcon.colcon_core.package_identification:_identify(.) by extension 'python'
[0.159s] Level 1:colcon.colcon_core.package_identification:_identify(.) by extensions ['python_setup_py']
[0.159s] Level 1:colcon.colcon_core.package_identification:_identify(.) by extension 'python_setup_py'
[0.159s] Level 1:colcon.colcon_core.package_identification:_identify(build) by extensions ['ignore', 'ignore_ament_install']
[0.160s] Level 1:colcon.colcon_core.package_identification:_identify(build) by extension 'ignore'
[0.160s] Level 1:colcon.colcon_core.package_identification:_identify(build) ignored
[0.160s] Level 1:colcon.colcon_core.package_identification:_identify(install) by extensions ['ignore', 'ignore_ament_install']
[0.160s] Level 1:colcon.colcon_core.package_identification:_identify(install) by extension 'ignore'
[0.160s] Level 1:colcon.colcon_core.package_identification:_identify(install) ignored
[0.160s] Level 1:colcon.colcon_core.package_identification:_identify(log) by extensions ['ignore', 'ignore_ament_install']
[0.160s] Level 1:colcon.colcon_core.package_identification:_identify(log) by extension 'ignore'
[0.160s] Level 1:colcon.colcon_core.package_identification:_identify(log) ignored
[0.160s] Level 1:colcon.colcon_core.package_identification:_identify(src) by extensions ['ignore', 'ignore_ament_install']
[0.160s] Level 1:colcon.colcon_core.package_identification:_identify(src) by extension 'ignore'
[0.160s] Level 1:colcon.colcon_core.package_identification:_identify(src) by extension 'ignore_ament_install'
[0.160s] Level 1:colcon.colcon_core.package_identification:_identify(src) by extensions ['colcon_pkg']
[0.160s] Level 1:colcon.colcon_core.package_identification:_identify(src) by extension 'colcon_pkg'
[0.160s] Level 1:colcon.colcon_core.package_identification:_identify(src) by extensions ['colcon_meta']
[0.161s] Level 1:colcon.colcon_core.package_identification:_identify(src) by extension 'colcon_meta'
[0.161s] Level 1:colcon.colcon_core.package_identification:_identify(src) by extensions ['ros']
[0.161s] Level 1:colcon.colcon_core.package_identification:_identify(src) by extension 'ros'
[0.161s] Level 1:colcon.colcon_core.package_identification:_identify(src) by extensions ['cmake', 'python']
[0.161s] Level 1:colcon.colcon_core.package_identification:_identify(src) by extension 'cmake'
[0.161s] Level 1:colcon.colcon_core.package_identification:_identify(src) by extension 'python'
[0.161s] Level 1:colcon.colcon_core.package_identification:_identify(src) by extensions ['python_setup_py']
[0.161s] Level 1:colcon.colcon_core.package_identification:_identify(src) by extension 'python_setup_py'
[0.161s] Level 1:colcon.colcon_core.package_identification:_identify(src/addition_qlty_checker_pkg) by extensions ['ignore', 'ignore_ament_install']
[0.161s] Level 1:colcon.colcon_core.package_identification:_identify(src/addition_qlty_checker_pkg) by extension 'ignore'
[0.161s] Level 1:colcon.colcon_core.package_identification:_identify(src/addition_qlty_checker_pkg) by extension 'ignore_ament_install'
[0.161s] Level 1:colcon.colcon_core.package_identification:_identify(src/addition_qlty_checker_pkg) by extensions ['colcon_pkg']
[0.161s] Level 1:colcon.colcon_core.package_identification:_identify(src/addition_qlty_checker_pkg) by extension 'colcon_pkg'
[0.161s] Level 1:colcon.colcon_core.package_identification:_identify(src/addition_qlty_checker_pkg) by extensions ['colcon_meta']
[0.161s] Level 1:colcon.colcon_core.package_identification:_identify(src/addition_qlty_checker_pkg) by extension 'colcon_meta'
[0.161s] Level 1:colcon.colcon_core.package_identification:_identify(src/addition_qlty_checker_pkg) by extensions ['ros']
[0.161s] Level 1:colcon.colcon_core.package_identification:_identify(src/addition_qlty_checker_pkg) by extension 'ros'
[0.163s] DEBUG:colcon.colcon_core.package_identification:Package 'src/addition_qlty_checker_pkg' with type 'ros.ament_python' and name 'addition_qlty_checker_pkg'
[0.164s] Level 1:colcon.colcon_core.package_identification:_identify(src/greenhouse_interfaces) by extensions ['ignore', 'ignore_ament_install']
[0.164s] Level 1:colcon.colcon_core.package_identification:_identify(src/greenhouse_interfaces) by extension 'ignore'
[0.164s] Level 1:colcon.colcon_core.package_identification:_identify(src/greenhouse_interfaces) by extension 'ignore_ament_install'
[0.164s] Level 1:colcon.colcon_core.package_identification:_identify(src/greenhouse_interfaces) by extensions ['colcon_pkg']
[0.164s] Level 1:colcon.colcon_core.package_identification:_identify(src/greenhouse_interfaces) by extension 'colcon_pkg'
[0.164s] Level 1:colcon.colcon_core.package_identification:_identify(src/greenhouse_interfaces) by extensions ['colcon_meta']
[0.164s] Level 1:colcon.colcon_core.package_identification:_identify(src/greenhouse_interfaces) by extension 'colcon_meta'
[0.164s] Level 1:colcon.colcon_core.package_identification:_identify(src/greenhouse_interfaces) by extensions ['ros']
[0.164s] Level 1:colcon.colcon_core.package_identification:_identify(src/greenhouse_interfaces) by extension 'ros'
[0.165s] DEBUG:colcon.colcon_core.package_identification:Package 'src/greenhouse_interfaces' with type 'ros.ament_cmake' and name 'greenhouse_interfaces'
[0.165s] Level 1:colcon.colcon_core.package_identification:_identify(src/irrigation_interfaces) by extensions ['ignore', 'ignore_ament_install']
[0.165s] Level 1:colcon.colcon_core.package_identification:_identify(src/irrigation_interfaces) by extension 'ignore'
[0.165s] Level 1:colcon.colcon_core.package_identification:_identify(src/irrigation_interfaces) by extension 'ignore_ament_install'
[0.165s] Level 1:colcon.colcon_core.package_identification:_identify(src/irrigation_interfaces) by extensions ['colcon_pkg']
[0.165s] Level 1:colcon.colcon_core.package_identification:_identify(src/irrigation_interfaces) by extension 'colcon_pkg'
[0.165s] Level 1:colcon.colcon_core.package_identification:_identify(src/irrigation_interfaces) by extensions ['colcon_meta']
[0.165s] Level 1:colcon.colcon_core.package_identification:_identify(src/irrigation_interfaces) by extension 'colcon_meta'
[0.165s] Level 1:colcon.colcon_core.package_identification:_identify(src/irrigation_interfaces) by extensions ['ros']
[0.165s] Level 1:colcon.colcon_core.package_identification:_identify(src/irrigation_interfaces) by extension 'ros'
[0.165s] DEBUG:colcon.colcon_core.package_identification:Package 'src/irrigation_interfaces' with type 'ros.ament_cmake' and name 'irrigation_interfaces'
[0.165s] Level 1:colcon.colcon_core.package_identification:_identify(src/smart_greenhouse_controller) by extensions ['ignore', 'ignore_ament_install']
[0.166s] Level 1:colcon.colcon_core.package_identification:_identify(src/smart_greenhouse_controller) by extension 'ignore'
[0.166s] Level 1:colcon.colcon_core.package_identification:_identify(src/smart_greenhouse_controller) by extension 'ignore_ament_install'
[0.166s] Level 1:colcon.colcon_core.package_identification:_identify(src/smart_greenhouse_controller) by extensions ['colcon_pkg']
[0.166s] Level 1:colcon.colcon_core.package_identification:_identify(src/smart_greenhouse_controller) by extension 'colcon_pkg'
[0.166s] Level 1:colcon.colcon_core.package_identification:_identify(src/smart_greenhouse_controller) by extensions ['colcon_meta']
[0.166s] Level 1:colcon.colcon_core.package_identification:_identify(src/smart_greenhouse_controller) by extension 'colcon_meta'
[0.166s] Level 1:colcon.colcon_core.package_identification:_identify(src/smart_greenhouse_controller) by extensions ['ros']
[0.166s] Level 1:colcon.colcon_core.package_identification:_identify(src/smart_greenhouse_controller) by extension 'ros'
[0.166s] DEBUG:colcon.colcon_core.package_identification:Package 'src/smart_greenhouse_controller' with type 'ros.ament_python' and name 'smart_greenhouse_controller'
[0.166s] Level 1:colcon.colcon_core.package_identification:_identify(src/smart_irrigation_system) by extensions ['ignore', 'ignore_ament_install']
[0.166s] Level 1:colcon.colcon_core.package_identification:_identify(src/smart_irrigation_system) by extension 'ignore'
[0.167s] Level 1:colcon.colcon_core.package_identification:_identify(src/smart_irrigation_system) by extension 'ignore_ament_install'
[0.167s] Level 1:colcon.colcon_core.package_identification:_identify(src/smart_irrigation_system) by extensions ['colcon_pkg']
[0.167s] Level 1:colcon.colcon_core.package_identification:_identify(src/smart_irrigation_system) by extension 'colcon_pkg'
[0.167s] Level 1:colcon.colcon_core.package_identification:_identify(src/smart_irrigation_system) by extensions ['colcon_meta']
[0.167s] Level 1:colcon.colcon_core.package_identification:_identify(src/smart_irrigation_system) by extension 'colcon_meta'
[0.167s] Level 1:colcon.colcon_core.package_identification:_identify(src/smart_irrigation_system) by extensions ['ros']
[0.167s] Level 1:colcon.colcon_core.package_identification:_identify(src/smart_irrigation_system) by extension 'ros'
[0.167s] DEBUG:colcon.colcon_core.package_identification:Package 'src/smart_irrigation_system' with type 'ros.ament_python' and name 'smart_irrigation_system'
[0.167s] Level 1:colcon.colcon_core.package_identification:_identify(src/temperature_monitor_pkg) by extensions ['ignore', 'ignore_ament_install']
[0.167s] Level 1:colcon.colcon_core.package_identification:_identify(src/temperature_monitor_pkg) by extension 'ignore'
[0.167s] Level 1:colcon.colcon_core.package_identification:_identify(src/temperature_monitor_pkg) by extension 'ignore_ament_install'
[0.168s] Level 1:colcon.colcon_core.package_identification:_identify(src/temperature_monitor_pkg) by extensions ['colcon_pkg']
[0.168s] Level 1:colcon.colcon_core.package_identification:_identify(src/temperature_monitor_pkg) by extension 'colcon_pkg'
[0.168s] Level 1:colcon.colcon_core.package_identification:_identify(src/temperature_monitor_pkg) by extensions ['colcon_meta']
[0.168s] Level 1:colcon.colcon_core.package_identification:_identify(src/temperature_monitor_pkg) by extension 'colcon_meta'
[0.168s] Level 1:colcon.colcon_core.package_identification:_identify(src/temperature_monitor_pkg) by extensions ['ros']
[0.168s] Level 1:colcon.colcon_core.package_identification:_identify(src/temperature_monitor_pkg) by extension 'ros'
[0.168s] DEBUG:colcon.colcon_core.package_identification:Package 'src/temperature_monitor_pkg' with type 'ros.ament_python' and name 'temperature_monitor_pkg'
[0.168s] Level 1:colcon.colcon_core.package_discovery:discover_packages(recursive) using defaults
[0.168s] Level 1:colcon.colcon_core.package_discovery:discover_packages(ignore) discover
[0.168s] Level 1:colcon.colcon_core.package_discovery:discover_packages(ignore) using defaults
[0.168s] Level 1:colcon.colcon_core.package_discovery:discover_packages(path) discover
[0.168s] Level 1:colcon.colcon_core.package_discovery:discover_packages(path) using defaults
[0.185s] INFO:colcon.colcon_core.package_selection:Skipping not selected package 'addition_qlty_checker_pkg' in 'src/addition_qlty_checker_pkg'
[0.186s] INFO:colcon.colcon_core.package_selection:Skipping not selected package 'greenhouse_interfaces' in 'src/greenhouse_interfaces'
[0.186s] INFO:colcon.colcon_core.package_selection:Skipping not selected package 'irrigation_interfaces' in 'src/irrigation_interfaces'
[0.186s] INFO:colcon.colcon_core.package_selection:Skipping not selected package 'temperature_monitor_pkg' in 'src/temperature_monitor_pkg'
[0.186s] INFO:colcon.colcon_core.package_selection:Skipping not selected package 'smart_irrigation_system' in 'src/smart_irrigation_system'
[0.186s] Level 1:colcon.colcon_core.package_discovery:discover_packages(prefix_path) check parameters
[0.186s] Level 1:colcon.colcon_core.package_discovery:discover_packages(prefix_path) discover
[0.188s] DEBUG:colcon.colcon_installed_package_information.package_discovery:Found 6 installed packages in /home/koji/robotics/robotics-learning/project_ws/install
[0.190s] DEBUG:colcon.colcon_installed_package_information.package_discovery:Found 288 installed packages in /opt/ros/jazzy
[0.190s] Level 1:colcon.colcon_core.package_discovery:discover_packages(prefix_path) using defaults
[0.228s] Level 5:colcon.colcon_core.verb:set package 'smart_greenhouse_controller' build argument 'cmake_args' from command line to 'None'
[0.228s] Level 5:colcon.colcon_core.verb:set package 'smart_greenhouse_controller' build argument 'cmake_target' from command line to 'None'
[0.228s] Level 5:colcon.colcon_core.verb:set package 'smart_greenhouse_controller' build argument 'cmake_target_skip_unavailable' from command line to 'False'
[0.228s] Level 5:colcon.colcon_core.verb:set package 'smart_greenhouse_controller' build argument 'cmake_clean_cache' from command line to 'False'
[0.228s] Level 5:colcon.colcon_core.verb:set package 'smart_greenhouse_controller' build argument 'cmake_clean_first' from command line to 'False'
[0.228s] Level 5:colcon.colcon_core.verb:set package 'smart_greenhouse_controller' build argument 'cmake_force_configure' from command line to 'False'
[0.228s] Level 5:colcon.colcon_core.verb:set package 'smart_greenhouse_controller' build argument 'ament_cmake_args' from command line to 'None'
[0.228s] Level 5:colcon.colcon_core.verb:set package 'smart_greenhouse_controller' build argument 'catkin_cmake_args' from command line to 'None'
[0.228s] Level 5:colcon.colcon_core.verb:set package 'smart_greenhouse_controller' build argument 'catkin_skip_building_tests' from command line to 'False'
[0.228s] DEBUG:colcon.colcon_core.verb:Building package 'smart_greenhouse_controller' with the following arguments: {'ament_cmake_args': None, 'build_base': '/home/koji/robotics/robotics-learning/project_ws/build/smart_greenhouse_controller', 'catkin_cmake_args': None, 'catkin_skip_building_tests': False, 'cmake_args': None, 'cmake_clean_cache': False, 'cmake_clean_first': False, 'cmake_force_configure': False, 'cmake_target': None, 'cmake_target_skip_unavailable': False, 'install_base': '/home/koji/robotics/robotics-learning/project_ws/install/smart_greenhouse_controller', 'merge_install': False, 'path': '/home/koji/robotics/robotics-learning/project_ws/src/smart_greenhouse_controller', 'symlink_install': True, 'test_result_base': None}
[0.229s] INFO:colcon.colcon_core.executor:Executing jobs using 'parallel' executor
[0.230s] DEBUG:colcon.colcon_parallel_executor.executor.parallel:run_until_complete
[0.230s] INFO:colcon.colcon_ros.task.ament_python.build:Building ROS package in '/home/koji/robotics/robotics-learning/project_ws/src/smart_greenhouse_controller' with build type 'ament_python'
[0.230s] Level 1:colcon.colcon_core.shell:create_environment_hook('smart_greenhouse_controller', 'ament_prefix_path')
[0.233s] INFO:colcon.colcon_core.plugin_system:Skipping extension 'colcon_core.shell.bat': Not used on non-Windows systems
[0.233s] INFO:colcon.colcon_core.shell:Creating environment hook '/home/koji/robotics/robotics-learning/project_ws/install/smart_greenhouse_controller/share/smart_greenhouse_controller/hook/ament_prefix_path.ps1'
[0.233s] INFO:colcon.colcon_core.shell:Creating environment descriptor '/home/koji/robotics/robotics-learning/project_ws/install/smart_greenhouse_controller/share/smart_greenhouse_controller/hook/ament_prefix_path.dsv'
[0.234s] INFO:colcon.colcon_core.shell:Creating environment hook '/home/koji/robotics/robotics-learning/project_ws/install/smart_greenhouse_controller/share/smart_greenhouse_controller/hook/ament_prefix_path.sh'
[0.235s] INFO:colcon.colcon_core.shell:Skip shell extension 'powershell' for command environment: Not usable outside of PowerShell
[0.235s] DEBUG:colcon.colcon_core.shell:Skip shell extension 'dsv' for command environment
[0.442s] INFO:colcon.colcon_core.task.python.build:Building Python package in '/home/koji/robotics/robotics-learning/project_ws/src/smart_greenhouse_controller'
[0.443s] INFO:colcon.colcon_core.shell:Skip shell extension 'powershell' for command environment: Not usable outside of PowerShell
[0.443s] DEBUG:colcon.colcon_core.shell:Skip shell extension 'dsv' for command environment
[0.979s] DEBUG:colcon.colcon_core.task.python.build:Available setuptools commands: update_catalog, build_scripts, dist_info, check, extract_messages, build, upload_docs, bdist_dumb, install_headers, bdist_rpm, install_lib, upload, register, test, alias, setopt, install_scripts, saveopts, init_catalog, install_data, bdist_egg, rotate, build_ext, symlink_data, build_clib, install, build_py, install_egg_info, easy_install, editable_wheel, bdist, clean, develop, sdist, egg_info, compile_catalog
[1.291s] DEBUG:colcon.colcon_core.task.python.build:Available setuptools 'develop' options: --editable, --dry-run, --version, --multi-version, --find-links, --record, --no-user-cfg, --optimize, --build-directory, --always-unzip, --install-dir, --local-snapshots-ok, --install-layout, --upgrade, --quiet, --index-url, --no-deps, --verbose, --script-dir, --exclude-scripts, --zip-ok, --prefix, --always-copy, --help, --site-dirs, --no-find-links, --uninstall, --allow-hosts, --force-installation-into-system-dir, --egg-path, --user
[1.296s] DEBUG:colcon.colcon_core.event_handler.log_command:Invoking command in '/home/koji/robotics/robotics-learning/project_ws/build/smart_greenhouse_controller': CMAKE_PREFIX_PATH=/home/koji/robotics/robotics-learning/project_ws/install/greenhouse_interfaces:/home/koji/robotics/robotics-learning/project_ws/install/irrigation_interfaces:/opt/ros/jazzy/opt/gz_math_vendor:/opt/ros/jazzy/opt/gz_utils_vendor:/opt/ros/jazzy/opt/gz_cmake_vendor DEBUGINFOD_URLS=https://debuginfod.ubuntu.com LD_LIBRARY_PATH=/home/koji/robotics/robotics-learning/project_ws/install/greenhouse_interfaces/lib:/home/koji/robotics/robotics-learning/project_ws/install/irrigation_interfaces/lib:/opt/ros/jazzy/opt/rviz_ogre_vendor/lib:/opt/ros/jazzy/lib/x86_64-linux-gnu:/opt/ros/jazzy/opt/gz_math_vendor/lib:/opt/ros/jazzy/opt/gz_utils_vendor/lib:/opt/ros/jazzy/opt/gz_cmake_vendor/lib:/opt/ros/jazzy/lib PYTHONPATH=/home/koji/robotics/robotics-learning/project_ws/build/smart_greenhouse_controller/prefix_override:/usr/lib/python3/dist-packages/colcon_core/task/python/colcon_distutils_commands:/home/koji/robotics/robotics-learning/project_ws/install/smart_greenhouse_controller/lib/python3.12/site-packages:/home/koji/robotics/robotics-learning/project_ws/install/greenhouse_interfaces/lib/python3.12/site-packages:/home/koji/robotics/robotics-learning/project_ws/build/temperature_monitor_pkg:/home/koji/robotics/robotics-learning/project_ws/install/temperature_monitor_pkg/lib/python3.12/site-packages:/home/koji/robotics/robotics-learning/project_ws/build/smart_irrigation_system:/home/koji/robotics/robotics-learning/project_ws/install/smart_irrigation_system/lib/python3.12/site-packages:/home/koji/robotics/robotics-learning/project_ws/build/smart_greenhouse_controller:/home/koji/robotics/robotics-learning/project_ws/install/smart_greenhouse_controller/lib/python3.12/site-packages:/home/koji/robotics/robotics-learning/project_ws/install/irrigation_interfaces/lib/python3.12/site-packages:/home/koji/robotics/robotics-learning/project_ws/build/addition_qlty_checker_pkg:/home/koji/robotics/robotics-learning/project_ws/install/addition_qlty_checker_pkg/lib/python3.12/site-packages:/opt/ros/jazzy/lib/python3.12/site-packages /usr/bin/python3 -W ignore:setup.py install is deprecated -W ignore:easy_install command is deprecated setup.py develop --editable --build-directory /home/koji/robotics/robotics-learning/project_ws/build/smart_greenhouse_controller/build --no-deps symlink_data
[1.876s] Level 1:colcon.colcon_core.shell:create_environment_hook('smart_greenhouse_controller', 'pythonpath_develop')
[1.876s] INFO:colcon.colcon_core.shell:Creating environment hook '/home/koji/robotics/robotics-learning/project_ws/build/smart_greenhouse_controller/share/smart_greenhouse_controller/hook/pythonpath_develop.ps1'
[1.876s] DEBUG:colcon.colcon_core.event_handler.log_command:Invoked command in '/home/koji/robotics/robotics-learning/project_ws/build/smart_greenhouse_controller' returned '0': CMAKE_PREFIX_PATH=/home/koji/robotics/robotics-learning/project_ws/install/greenhouse_interfaces:/home/koji/robotics/robotics-learning/project_ws/install/irrigation_interfaces:/opt/ros/jazzy/opt/gz_math_vendor:/opt/ros/jazzy/opt/gz_utils_vendor:/opt/ros/jazzy/opt/gz_cmake_vendor DEBUGINFOD_URLS=https://debuginfod.ubuntu.com LD_LIBRARY_PATH=/home/koji/robotics/robotics-learning/project_ws/install/greenhouse_interfaces/lib:/home/koji/robotics/robotics-learning/project_ws/install/irrigation_interfaces/lib:/opt/ros/jazzy/opt/rviz_ogre_vendor/lib:/opt/ros/jazzy/lib/x86_64-linux-gnu:/opt/ros/jazzy/opt/gz_math_vendor/lib:/opt/ros/jazzy/opt/gz_utils_vendor/lib:/opt/ros/jazzy/opt/gz_cmake_vendor/lib:/opt/ros/jazzy/lib PYTHONPATH=/home/koji/robotics/robotics-learning/project_ws/build/smart_greenhouse_controller/prefix_override:/usr/lib/python3/dist-packages/colcon_core/task/python/colcon_distutils_commands:/home/koji/robotics/robotics-learning/project_ws/install/smart_greenhouse_controller/lib/python3.12/site-packages:/home/koji/robotics/robotics-learning/project_ws/install/greenhouse_interfaces/lib/python3.12/site-packages:/home/koji/robotics/robotics-learning/project_ws/build/temperature_monitor_pkg:/home/koji/robotics/robotics-learning/project_ws/install/temperature_monitor_pkg/lib/python3.12/site-packages:/home/koji/robotics/robotics-learning/project_ws/build/smart_irrigation_system:/home/koji/robotics/robotics-learning/project_ws/install/smart_irrigation_system/lib/python3.12/site-packages:/home/koji/robotics/robotics-learning/project_ws/build/smart_greenhouse_controller:/home/koji/robotics/robotics-learning/project_ws/install/smart_greenhouse_controller/lib/python3.12/site-packages:/home/koji/robotics/robotics-learning/project_ws/install/irrigation_interfaces/lib/python3.12/site-packages:/home/koji/robotics/robotics-learning/project_ws/build/addition_qlty_checker_pkg:/home/koji/robotics/robotics-learning/project_ws/install/addition_qlty_checker_pkg/lib/python3.12/site-packages:/opt/ros/jazzy/lib/python3.12/site-packages /usr/bin/python3 -W ignore:setup.py install is deprecated -W ignore:easy_install command is deprecated setup.py develop --editable --build-directory /home/koji/robotics/robotics-learning/project_ws/build/smart_greenhouse_controller/build --no-deps symlink_data
[1.877s] INFO:colcon.colcon_core.shell:Creating environment descriptor '/home/koji/robotics/robotics-learning/project_ws/build/smart_greenhouse_controller/share/smart_greenhouse_controller/hook/pythonpath_develop.dsv'
[1.878s] INFO:colcon.colcon_core.shell:Creating environment hook '/home/koji/robotics/robotics-learning/project_ws/build/smart_greenhouse_controller/share/smart_greenhouse_controller/hook/pythonpath_develop.sh'
[1.880s] Level 1:colcon.colcon_core.environment:checking '/home/koji/robotics/robotics-learning/project_ws/install/smart_greenhouse_controller' for CMake module files
[1.881s] Level 1:colcon.colcon_core.environment:checking '/home/koji/robotics/robotics-learning/project_ws/install/smart_greenhouse_controller' for CMake config files
[1.881s] Level 1:colcon.colcon_core.environment:checking '/home/koji/robotics/robotics-learning/project_ws/install/smart_greenhouse_controller/lib'
[1.881s] Level 1:colcon.colcon_core.environment:checking '/home/koji/robotics/robotics-learning/project_ws/install/smart_greenhouse_controller/bin'
[1.882s] Level 1:colcon.colcon_core.environment:checking '/home/koji/robotics/robotics-learning/project_ws/install/smart_greenhouse_controller/lib/pkgconfig/smart_greenhouse_controller.pc'
[1.882s] Level 1:colcon.colcon_core.environment:checking '/home/koji/robotics/robotics-learning/project_ws/install/smart_greenhouse_controller/lib/python3.12/site-packages'
[1.882s] Level 1:colcon.colcon_core.shell:create_environment_hook('smart_greenhouse_controller', 'pythonpath')
[1.882s] INFO:colcon.colcon_core.shell:Creating environment hook '/home/koji/robotics/robotics-learning/project_ws/install/smart_greenhouse_controller/share/smart_greenhouse_controller/hook/pythonpath.ps1'
[1.882s] INFO:colcon.colcon_core.shell:Creating environment descriptor '/home/koji/robotics/robotics-learning/project_ws/install/smart_greenhouse_controller/share/smart_greenhouse_controller/hook/pythonpath.dsv'
[1.883s] INFO:colcon.colcon_core.shell:Creating environment hook '/home/koji/robotics/robotics-learning/project_ws/install/smart_greenhouse_controller/share/smart_greenhouse_controller/hook/pythonpath.sh'
[1.884s] Level 1:colcon.colcon_core.environment:checking '/home/koji/robotics/robotics-learning/project_ws/install/smart_greenhouse_controller/bin'
[1.884s] Level 1:colcon.colcon_core.environment:create_environment_scripts_only(smart_greenhouse_controller)
[1.884s] INFO:colcon.colcon_core.shell:Creating package script '/home/koji/robotics/robotics-learning/project_ws/install/smart_greenhouse_controller/share/smart_greenhouse_controller/package.ps1'
[1.885s] INFO:colcon.colcon_core.shell:Creating package descriptor '/home/koji/robotics/robotics-learning/project_ws/install/smart_greenhouse_controller/share/smart_greenhouse_controller/package.dsv'
[1.886s] INFO:colcon.colcon_core.shell:Creating package script '/home/koji/robotics/robotics-learning/project_ws/install/smart_greenhouse_controller/share/smart_greenhouse_controller/package.sh'
[1.887s] INFO:colcon.colcon_core.shell:Creating package script '/home/koji/robotics/robotics-learning/project_ws/install/smart_greenhouse_controller/share/smart_greenhouse_controller/package.bash'
[1.888s] INFO:colcon.colcon_core.shell:Creating package script '/home/koji/robotics/robotics-learning/project_ws/install/smart_greenhouse_controller/share/smart_greenhouse_controller/package.zsh'
[1.888s] Level 1:colcon.colcon_core.environment:create_file_with_runtime_dependencies(/home/koji/robotics/robotics-learning/project_ws/install/smart_greenhouse_controller/share/colcon-core/packages/smart_greenhouse_controller)
[1.889s] DEBUG:colcon.colcon_parallel_executor.executor.parallel:closing loop
[1.889s] DEBUG:colcon.colcon_parallel_executor.executor.parallel:loop closed
[1.889s] DEBUG:colcon.colcon_parallel_executor.executor.parallel:run_until_complete finished with '0'
[1.889s] DEBUG:colcon.colcon_core.event_reactor:joining thread
[1.894s] INFO:colcon.colcon_core.plugin_system:Skipping extension 'colcon_notification.desktop_notification.terminal_notifier': Not used on non-Darwin systems
[1.894s] INFO:colcon.colcon_core.plugin_system:Skipping extension 'colcon_notification.desktop_notification.win32': Not used on non-Windows systems
[1.894s] INFO:colcon.colcon_notification.desktop_notification:Sending desktop notification using 'notify2'
[1.914s] DEBUG:colcon.colcon_core.event_reactor:joined thread
[1.915s] INFO:colcon.colcon_core.shell:Creating prefix script '/home/koji/robotics/robotics-learning/project_ws/install/local_setup.ps1'
[1.917s] INFO:colcon.colcon_core.shell:Creating prefix util module '/home/koji/robotics/robotics-learning/project_ws/install/_local_setup_util_ps1.py'
[1.920s] INFO:colcon.colcon_core.shell:Creating prefix chain script '/home/koji/robotics/robotics-learning/project_ws/install/setup.ps1'
[1.923s] INFO:colcon.colcon_core.shell:Creating prefix script '/home/koji/robotics/robotics-learning/project_ws/install/local_setup.sh'
[1.924s] INFO:colcon.colcon_core.shell:Creating prefix util module '/home/koji/robotics/robotics-learning/project_ws/install/_local_setup_util_sh.py'
[1.925s] INFO:colcon.colcon_core.shell:Creating prefix chain script '/home/koji/robotics/robotics-learning/project_ws/install/setup.sh'
[1.928s] INFO:colcon.colcon_core.shell:Creating prefix script '/home/koji/robotics/robotics-learning/project_ws/install/local_setup.bash'
[1.929s] INFO:colcon.colcon_core.shell:Creating prefix chain script '/home/koji/robotics/robotics-learning/project_ws/install/setup.bash'
[1.932s] INFO:colcon.colcon_core.shell:Creating prefix script '/home/koji/robotics/robotics-learning/project_ws/install/local_setup.zsh'
[1.933s] INFO:colcon.colcon_core.shell:Creating prefix chain script '/home/koji/robotics/robotics-learning/project_ws/install/setup.zsh'
