[2.065s] Invoking command in '/home/koji/robotics/robotics-learning/project_ws/build/smart_greenhouse_controller': AMENT_PREFIX_PATH=/home/koji/robotics/robotics-learning/project_ws/install/greenhouse_interfaces:${AMENT_PREFIX_PATH} CMAKE_PREFIX_PATH=/home/koji/robotics/robotics-learning/project_ws/install/greenhouse_interfaces:${CMAKE_PREFIX_PATH} DEBUGINFOD_URLS=https://debuginfod.ubuntu.com PYTHONPATH=/home/koji/robotics/robotics-learning/project_ws/build/smart_greenhouse_controller/prefix_override:/usr/lib/python3/dist-packages/colcon_core/task/python/colcon_distutils_commands:/home/koji/robotics/robotics-learning/project_ws/install/smart_greenhouse_controller/lib/python3.12/site-packages:${PYTHONPATH} /usr/bin/python3 -W ignore:setup.py install is deprecated -W ignore:easy_install command is deprecated setup.py develop --editable --build-directory /home/koji/robotics/robotics-learning/project_ws/build/smart_greenhouse_controller/build --no-deps symlink_data
[2.530s] running develop
[2.806s] running egg_info
[2.833s] writing smart_greenhouse_controller.egg-info/PKG-INFO
[2.833s] writing dependency_links to smart_greenhouse_controller.egg-info/dependency_links.txt
[2.833s] writing entry points to smart_greenhouse_controller.egg-info/entry_points.txt
[2.834s] writing requirements to smart_greenhouse_controller.egg-info/requires.txt
[2.834s] writing top-level names to smart_greenhouse_controller.egg-info/top_level.txt
[2.887s] reading manifest file 'smart_greenhouse_controller.egg-info/SOURCES.txt'
[2.888s] writing manifest file 'smart_greenhouse_controller.egg-info/SOURCES.txt'
[2.916s] running build_ext
[2.916s] Creating /home/koji/robotics/robotics-learning/project_ws/install/smart_greenhouse_controller/lib/python3.12/site-packages/smart-greenhouse-controller.egg-link (link to .)
[2.917s] Installing pub script to /home/koji/robotics/robotics-learning/project_ws/install/smart_greenhouse_controller/lib/smart_greenhouse_controller
[2.917s] Installing sub script to /home/koji/robotics/robotics-learning/project_ws/install/smart_greenhouse_controller/lib/smart_greenhouse_controller
[2.917s] 
[2.918s] Installed /home/koji/robotics/robotics-learning/project_ws/build/smart_greenhouse_controller
[2.918s] running symlink_data
[2.918s] creating /home/koji/robotics/robotics-learning/project_ws/install/smart_greenhouse_controller/share/smart_greenhouse_controller/launch
[2.918s] symbolically linking /home/koji/robotics/robotics-learning/project_ws/build/smart_greenhouse_controller/launch/greenhouse_launch.py -> /home/koji/robotics/robotics-learning/project_ws/install/smart_greenhouse_controller/share/smart_greenhouse_controller/launch
[2.977s] Invoked command in '/home/koji/robotics/robotics-learning/project_ws/build/smart_greenhouse_controller' returned '0': AMENT_PREFIX_PATH=/home/koji/robotics/robotics-learning/project_ws/install/greenhouse_interfaces:${AMENT_PREFIX_PATH} CMAKE_PREFIX_PATH=/home/koji/robotics/robotics-learning/project_ws/install/greenhouse_interfaces:${CMAKE_PREFIX_PATH} DEBUGINFOD_URLS=https://debuginfod.ubuntu.com PYTHONPATH=/home/koji/robotics/robotics-learning/project_ws/build/smart_greenhouse_controller/prefix_override:/usr/lib/python3/dist-packages/colcon_core/task/python/colcon_distutils_commands:/home/koji/robotics/robotics-learning/project_ws/install/smart_greenhouse_controller/lib/python3.12/site-packages:${PYTHONPATH} /usr/bin/python3 -W ignore:setup.py install is deprecated -W ignore:easy_install command is deprecated setup.py develop --editable --build-directory /home/koji/robotics/robotics-learning/project_ws/build/smart_greenhouse_controller/build --no-deps symlink_data
