[0.810s] Invoking command in '/home/koji/robotics/robotics-learning/beginner_client_libs/my_workspace/src/pub_sub': AMENT_PREFIX_PATH=/home/koji/robotics/robotics-learning/beginner_client_libs/my_workspace/install/tut_interfaces:${AMENT_PREFIX_PATH} CMAKE_PREFIX_PATH=/home/koji/robotics/robotics-learning/beginner_client_libs/my_workspace/install/tut_interfaces:${CMAKE_PREFIX_PATH} DEBUGINFOD_URLS=https://debuginfod.ubuntu.com LD_LIBRARY_PATH=/home/koji/robotics/robotics-learning/beginner_client_libs/my_workspace/install/tut_interfaces/lib:${LD_LIBRARY_PATH} PYTHONPATH=/home/koji/robotics/robotics-learning/beginner_client_libs/my_workspace/build/pub_sub/prefix_override:/usr/lib/python3/dist-packages/colcon_core/task/python/colcon_distutils_commands:/home/koji/robotics/robotics-learning/beginner_client_libs/my_workspace/install/pub_sub/lib/python3.12/site-packages:/home/koji/robotics/robotics-learning/beginner_client_libs/my_workspace/install/tut_interfaces/lib/python3.12/site-packages:${PYTHONPATH} /usr/bin/python3 -W ignore:setup.py install is deprecated -W ignore:easy_install command is deprecated setup.py egg_info --egg-base ../../build/pub_sub build --build-base /home/koji/robotics/robotics-learning/beginner_client_libs/my_workspace/build/pub_sub/build install --record /home/koji/robotics/robotics-learning/beginner_client_libs/my_workspace/build/pub_sub/install.log --install-scripts $base/lib/pub_sub --single-version-externally-managed install_data
[1.056s] running egg_info
[1.072s] writing ../../build/pub_sub/pub_sub.egg-info/PKG-INFO
[1.073s] writing dependency_links to ../../build/pub_sub/pub_sub.egg-info/dependency_links.txt
[1.073s] writing entry points to ../../build/pub_sub/pub_sub.egg-info/entry_points.txt
[1.073s] writing requirements to ../../build/pub_sub/pub_sub.egg-info/requires.txt
[1.073s] writing top-level names to ../../build/pub_sub/pub_sub.egg-info/top_level.txt
[1.106s] reading manifest file '../../build/pub_sub/pub_sub.egg-info/SOURCES.txt'
[1.107s] adding license file 'LICENSE'
[1.107s] writing manifest file '../../build/pub_sub/pub_sub.egg-info/SOURCES.txt'
[1.107s] running build
[1.107s] running build_py
[1.108s] copying pub_sub/publisher_member_function.py -> /home/koji/robotics/robotics-learning/beginner_client_libs/my_workspace/build/pub_sub/build/lib/pub_sub
[1.108s] running install
[1.114s] running install_lib
[1.132s] copying /home/koji/robotics/robotics-learning/beginner_client_libs/my_workspace/build/pub_sub/build/lib/pub_sub/publisher_member_function.py -> /home/koji/robotics/robotics-learning/beginner_client_libs/my_workspace/install/pub_sub/lib/python3.12/site-packages/pub_sub
[1.133s] byte-compiling /home/koji/robotics/robotics-learning/beginner_client_libs/my_workspace/install/pub_sub/lib/python3.12/site-packages/pub_sub/publisher_member_function.py to publisher_member_function.cpython-312.pyc
[1.133s] running install_data
[1.134s] running install_egg_info
[1.153s] removing '/home/koji/robotics/robotics-learning/beginner_client_libs/my_workspace/install/pub_sub/lib/python3.12/site-packages/pub_sub-0.0.0-py3.12.egg-info' (and everything under it)
[1.153s] Copying ../../build/pub_sub/pub_sub.egg-info to /home/koji/robotics/robotics-learning/beginner_client_libs/my_workspace/install/pub_sub/lib/python3.12/site-packages/pub_sub-0.0.0-py3.12.egg-info
[1.154s] running install_scripts
[1.274s] Installing listener script to /home/koji/robotics/robotics-learning/beginner_client_libs/my_workspace/install/pub_sub/lib/pub_sub
[1.274s] Installing talker script to /home/koji/robotics/robotics-learning/beginner_client_libs/my_workspace/install/pub_sub/lib/pub_sub
[1.274s] writing list of installed files to '/home/koji/robotics/robotics-learning/beginner_client_libs/my_workspace/build/pub_sub/install.log'
[1.312s] Invoked command in '/home/koji/robotics/robotics-learning/beginner_client_libs/my_workspace/src/pub_sub' returned '0': AMENT_PREFIX_PATH=/home/koji/robotics/robotics-learning/beginner_client_libs/my_workspace/install/tut_interfaces:${AMENT_PREFIX_PATH} CMAKE_PREFIX_PATH=/home/koji/robotics/robotics-learning/beginner_client_libs/my_workspace/install/tut_interfaces:${CMAKE_PREFIX_PATH} DEBUGINFOD_URLS=https://debuginfod.ubuntu.com LD_LIBRARY_PATH=/home/koji/robotics/robotics-learning/beginner_client_libs/my_workspace/install/tut_interfaces/lib:${LD_LIBRARY_PATH} PYTHONPATH=/home/koji/robotics/robotics-learning/beginner_client_libs/my_workspace/build/pub_sub/prefix_override:/usr/lib/python3/dist-packages/colcon_core/task/python/colcon_distutils_commands:/home/koji/robotics/robotics-learning/beginner_client_libs/my_workspace/install/pub_sub/lib/python3.12/site-packages:/home/koji/robotics/robotics-learning/beginner_client_libs/my_workspace/install/tut_interfaces/lib/python3.12/site-packages:${PYTHONPATH} /usr/bin/python3 -W ignore:setup.py install is deprecated -W ignore:easy_install command is deprecated setup.py egg_info --egg-base ../../build/pub_sub build --build-base /home/koji/robotics/robotics-learning/beginner_client_libs/my_workspace/build/pub_sub/build install --record /home/koji/robotics/robotics-learning/beginner_client_libs/my_workspace/build/pub_sub/install.log --install-scripts $base/lib/pub_sub --single-version-externally-managed install_data
