[0.031s] Invoking command in '/home/koji/robotics/robotics-learning/project_ws/build/irrigation_interfaces': CMAKE_PREFIX_PATH=${CMAKE_PREFIX_PATH}:/opt/ros/jazzy DEBUGINFOD_URLS=https://debuginfod.ubuntu.com /usr/bin/cmake --build /home/koji/robotics/robotics-learning/project_ws/build/irrigation_interfaces -- -j12 -l12
[0.427s] [  2%] Built target irrigation_interfaces__rs
[0.427s] [  5%] Built target irrigation_interfaces__rosidl_generator_type_description
[0.427s] [  5%] Built target ament_cmake_python_symlink_irrigation_interfaces
[0.428s] [  8%] Built target irrigation_interfaces__cpp
[0.428s] [ 22%] Built target irrigation_interfaces__rosidl_generator_c
[0.428s] [ 42%] Built target irrigation_interfaces__rosidl_typesupport_cpp
[0.428s] [ 45%] Built target irrigation_interfaces__rosidl_typesupport_fastrtps_c
[0.428s] [ 48%] Built target irrigation_interfaces__rosidl_typesupport_fastrtps_cpp
[0.428s] [ 57%] Built target irrigation_interfaces__rosidl_typesupport_c
[0.428s] [ 65%] Built target irrigation_interfaces__rosidl_typesupport_introspection_c
[0.428s] [ 74%] Built target irrigation_interfaces__rosidl_typesupport_introspection_cpp
[0.429s] [ 74%] Built target irrigation_interfaces
[0.429s] [ 77%] Built target irrigation_interfaces__py
[0.429s] [ 82%] Built target irrigation_interfaces__rosidl_generator_py
[0.429s] [ 94%] Built target irrigation_interfaces_s__rosidl_typesupport_fastrtps_c
[0.429s] [ 94%] Built target irrigation_interfaces_s__rosidl_typesupport_introspection_c
[0.429s] [100%] Built target irrigation_interfaces_s__rosidl_typesupport_c
[0.498s] running egg_info
[0.528s] writing irrigation_interfaces.egg-info/PKG-INFO
[0.529s] writing dependency_links to irrigation_interfaces.egg-info/dependency_links.txt
[0.529s] writing top-level names to irrigation_interfaces.egg-info/top_level.txt
[0.612s] reading manifest file 'irrigation_interfaces.egg-info/SOURCES.txt'
[0.612s] writing manifest file 'irrigation_interfaces.egg-info/SOURCES.txt'
[0.687s] [100%] Built target ament_cmake_python_build_irrigation_interfaces_egg
[0.852s] Invoked command in '/home/koji/robotics/robotics-learning/project_ws/build/irrigation_interfaces' returned '0': CMAKE_PREFIX_PATH=${CMAKE_PREFIX_PATH}:/opt/ros/jazzy DEBUGINFOD_URLS=https://debuginfod.ubuntu.com /usr/bin/cmake --build /home/koji/robotics/robotics-learning/project_ws/build/irrigation_interfaces -- -j12 -l12
[0.853s] Invoking command in '/home/koji/robotics/robotics-learning/project_ws/build/irrigation_interfaces': CMAKE_PREFIX_PATH=${CMAKE_PREFIX_PATH}:/opt/ros/jazzy DEBUGINFOD_URLS=https://debuginfod.ubuntu.com /usr/bin/cmake --install /home/koji/robotics/robotics-learning/project_ws/build/irrigation_interfaces
[0.877s] -- Install configuration: ""
[0.877s] -- Execute custom install script
[0.877s] -- Up-to-date symlink: /home/koji/robotics/robotics-learning/project_ws/install/irrigation_interfaces/share/ament_index/resource_index/rosidl_interfaces/irrigation_interfaces
[0.877s] -- Up-to-date symlink: /home/koji/robotics/robotics-learning/project_ws/install/irrigation_interfaces/share/irrigation_interfaces/srv/SmartIrrigator.json
[0.877s] -- Up-to-date symlink: /home/koji/robotics/robotics-learning/project_ws/install/irrigation_interfaces/include/irrigation_interfaces/irrigation_interfaces/msg/rosidl_generator_c__visibility_control.h
[0.878s] -- Up-to-date symlink: /home/koji/robotics/robotics-learning/project_ws/install/irrigation_interfaces/include/irrigation_interfaces/irrigation_interfaces/srv/detail/smart_irrigator__functions.h
[0.878s] -- Up-to-date symlink: /home/koji/robotics/robotics-learning/project_ws/install/irrigation_interfaces/include/irrigation_interfaces/irrigation_interfaces/srv/detail/smart_irrigator__struct.h
[0.879s] -- Up-to-date symlink: /home/koji/robotics/robotics-learning/project_ws/install/irrigation_interfaces/include/irrigation_interfaces/irrigation_interfaces/srv/detail/smart_irrigator__type_support.h
[0.879s] -- Up-to-date symlink: /home/koji/robotics/robotics-learning/project_ws/install/irrigation_interfaces/include/irrigation_interfaces/irrigation_interfaces/srv/smart_irrigator.h
[0.879s] -- Up-to-date symlink: /home/koji/robotics/robotics-learning/project_ws/install/irrigation_interfaces/share/irrigation_interfaces/environment/library_path.sh
[0.879s] -- Up-to-date symlink: /home/koji/robotics/robotics-learning/project_ws/install/irrigation_interfaces/share/irrigation_interfaces/environment/library_path.dsv
[0.880s] -- Up-to-date symlink: /home/koji/robotics/robotics-learning/project_ws/install/irrigation_interfaces/include/irrigation_interfaces/irrigation_interfaces/msg/rosidl_typesupport_fastrtps_c__visibility_control.h
[0.880s] -- Up-to-date symlink: /home/koji/robotics/robotics-learning/project_ws/install/irrigation_interfaces/include/irrigation_interfaces/irrigation_interfaces/srv/detail/smart_irrigator__rosidl_typesupport_fastrtps_c.h
[0.881s] -- Up-to-date symlink: /home/koji/robotics/robotics-learning/project_ws/install/irrigation_interfaces/include/irrigation_interfaces/irrigation_interfaces/msg/rosidl_typesupport_introspection_c__visibility_control.h
[0.881s] -- Up-to-date symlink: /home/koji/robotics/robotics-learning/project_ws/install/irrigation_interfaces/include/irrigation_interfaces/irrigation_interfaces/srv/detail/smart_irrigator__rosidl_typesupport_introspection_c.h
[0.882s] -- Up-to-date symlink: /home/koji/robotics/robotics-learning/project_ws/install/irrigation_interfaces/include/irrigation_interfaces/irrigation_interfaces/msg/rosidl_generator_cpp__visibility_control.hpp
[0.883s] -- Up-to-date symlink: /home/koji/robotics/robotics-learning/project_ws/install/irrigation_interfaces/include/irrigation_interfaces/irrigation_interfaces/srv/detail/smart_irrigator__builder.hpp
[0.883s] -- Up-to-date symlink: /home/koji/robotics/robotics-learning/project_ws/install/irrigation_interfaces/include/irrigation_interfaces/irrigation_interfaces/srv/detail/smart_irrigator__struct.hpp
[0.883s] -- Up-to-date symlink: /home/koji/robotics/robotics-learning/project_ws/install/irrigation_interfaces/include/irrigation_interfaces/irrigation_interfaces/srv/detail/smart_irrigator__traits.hpp
[0.883s] -- Up-to-date symlink: /home/koji/robotics/robotics-learning/project_ws/install/irrigation_interfaces/include/irrigation_interfaces/irrigation_interfaces/srv/detail/smart_irrigator__type_support.hpp
[0.884s] -- Up-to-date symlink: /home/koji/robotics/robotics-learning/project_ws/install/irrigation_interfaces/include/irrigation_interfaces/irrigation_interfaces/srv/smart_irrigator.hpp
[0.885s] -- Up-to-date symlink: /home/koji/robotics/robotics-learning/project_ws/install/irrigation_interfaces/include/irrigation_interfaces/irrigation_interfaces/msg/rosidl_typesupport_fastrtps_cpp__visibility_control.h
[0.885s] -- Up-to-date symlink: /home/koji/robotics/robotics-learning/project_ws/install/irrigation_interfaces/include/irrigation_interfaces/irrigation_interfaces/srv/detail/smart_irrigator__rosidl_typesupport_fastrtps_cpp.hpp
[0.886s] -- Up-to-date symlink: /home/koji/robotics/robotics-learning/project_ws/install/irrigation_interfaces/include/irrigation_interfaces/irrigation_interfaces/srv/detail/smart_irrigator__rosidl_typesupport_introspection_cpp.hpp
[0.886s] -- Up-to-date symlink: /home/koji/robotics/robotics-learning/project_ws/install/irrigation_interfaces/share/irrigation_interfaces/environment/pythonpath.sh
[0.887s] -- Up-to-date symlink: /home/koji/robotics/robotics-learning/project_ws/install/irrigation_interfaces/share/irrigation_interfaces/environment/pythonpath.dsv
[0.888s] -- Up-to-date symlink: /home/koji/robotics/robotics-learning/project_ws/install/irrigation_interfaces/lib/python3.12/site-packages/irrigation_interfaces-0.0.0-py3.12.egg-info/PKG-INFO
[0.888s] -- Up-to-date symlink: /home/koji/robotics/robotics-learning/project_ws/install/irrigation_interfaces/lib/python3.12/site-packages/irrigation_interfaces-0.0.0-py3.12.egg-info/SOURCES.txt
[0.888s] -- Up-to-date symlink: /home/koji/robotics/robotics-learning/project_ws/install/irrigation_interfaces/lib/python3.12/site-packages/irrigation_interfaces-0.0.0-py3.12.egg-info/dependency_links.txt
[0.888s] -- Up-to-date symlink: /home/koji/robotics/robotics-learning/project_ws/install/irrigation_interfaces/lib/python3.12/site-packages/irrigation_interfaces-0.0.0-py3.12.egg-info/top_level.txt
[0.890s] -- Up-to-date symlink: /home/koji/robotics/robotics-learning/project_ws/install/irrigation_interfaces/lib/python3.12/site-packages/irrigation_interfaces/__init__.py
[0.890s] -- Up-to-date symlink: /home/koji/robotics/robotics-learning/project_ws/install/irrigation_interfaces/lib/python3.12/site-packages/irrigation_interfaces/_irrigation_interfaces_s.ep.rosidl_typesupport_c.c
[0.891s] -- Up-to-date symlink: /home/koji/robotics/robotics-learning/project_ws/install/irrigation_interfaces/lib/python3.12/site-packages/irrigation_interfaces/_irrigation_interfaces_s.ep.rosidl_typesupport_fastrtps_c.c
[0.891s] -- Up-to-date symlink: /home/koji/robotics/robotics-learning/project_ws/install/irrigation_interfaces/lib/python3.12/site-packages/irrigation_interfaces/_irrigation_interfaces_s.ep.rosidl_typesupport_introspection_c.c
[0.891s] -- Up-to-date symlink: /home/koji/robotics/robotics-learning/project_ws/install/irrigation_interfaces/lib/python3.12/site-packages/irrigation_interfaces/irrigation_interfaces_s__rosidl_typesupport_c.so
[0.891s] -- Up-to-date symlink: /home/koji/robotics/robotics-learning/project_ws/install/irrigation_interfaces/lib/python3.12/site-packages/irrigation_interfaces/irrigation_interfaces_s__rosidl_typesupport_fastrtps_c.so
[0.892s] -- Up-to-date symlink: /home/koji/robotics/robotics-learning/project_ws/install/irrigation_interfaces/lib/python3.12/site-packages/irrigation_interfaces/irrigation_interfaces_s__rosidl_typesupport_introspection_c.so
[0.892s] -- Up-to-date symlink: /home/koji/robotics/robotics-learning/project_ws/install/irrigation_interfaces/lib/python3.12/site-packages/irrigation_interfaces/srv/__init__.py
[0.892s] -- Up-to-date symlink: /home/koji/robotics/robotics-learning/project_ws/install/irrigation_interfaces/lib/python3.12/site-packages/irrigation_interfaces/srv/_smart_irrigator.py
[0.892s] -- Up-to-date symlink: /home/koji/robotics/robotics-learning/project_ws/install/irrigation_interfaces/lib/python3.12/site-packages/irrigation_interfaces/srv/_smart_irrigator_s.c
[0.893s] -- Up-to-date symlink: /home/koji/robotics/robotics-learning/project_ws/install/irrigation_interfaces/lib/python3.12/site-packages/irrigation_interfaces/irrigation_interfaces_s__rosidl_typesupport_fastrtps_c.so
[0.894s] -- Up-to-date symlink: /home/koji/robotics/robotics-learning/project_ws/install/irrigation_interfaces/lib/python3.12/site-packages/irrigation_interfaces/irrigation_interfaces_s__rosidl_typesupport_introspection_c.so
[0.898s] -- Up-to-date symlink: /home/koji/robotics/robotics-learning/project_ws/install/irrigation_interfaces/lib/python3.12/site-packages/irrigation_interfaces/irrigation_interfaces_s__rosidl_typesupport_c.so
[0.898s] -- Up-to-date symlink: /home/koji/robotics/robotics-learning/project_ws/install/irrigation_interfaces/share/ament_index/resource_index/rust_packages/irrigation_interfaces
[0.899s] -- Up-to-date symlink: /home/koji/robotics/robotics-learning/project_ws/install/irrigation_interfaces/share/irrigation_interfaces/rust/Cargo.toml
[0.899s] -- Up-to-date symlink: /home/koji/robotics/robotics-learning/project_ws/install/irrigation_interfaces/share/irrigation_interfaces/rust/build.rs
[0.899s] -- Up-to-date symlink: /home/koji/robotics/robotics-learning/project_ws/install/irrigation_interfaces/share/irrigation_interfaces/rust/src/lib.rs
[0.899s] -- Up-to-date symlink: /home/koji/robotics/robotics-learning/project_ws/install/irrigation_interfaces/share/irrigation_interfaces/rust/src/srv.rs
[0.899s] -- Up-to-date symlink: /home/koji/robotics/robotics-learning/project_ws/install/irrigation_interfaces/share/irrigation_interfaces/rust/src/srv/rmw.rs
[0.899s] -- Up-to-date symlink: /home/koji/robotics/robotics-learning/project_ws/install/irrigation_interfaces/share/irrigation_interfaces/srv/SmartIrrigator.idl
[0.902s] -- Up-to-date symlink: /home/koji/robotics/robotics-learning/project_ws/install/irrigation_interfaces/share/irrigation_interfaces/srv/SmartIrrigator.srv
[0.902s] -- Up-to-date symlink: /home/koji/robotics/robotics-learning/project_ws/install/irrigation_interfaces/share/ament_index/resource_index/package_run_dependencies/irrigation_interfaces
[0.904s] -- Up-to-date symlink: /home/koji/robotics/robotics-learning/project_ws/install/irrigation_interfaces/share/ament_index/resource_index/parent_prefix_path/irrigation_interfaces
[0.905s] -- Up-to-date symlink: /home/koji/robotics/robotics-learning/project_ws/install/irrigation_interfaces/share/irrigation_interfaces/environment/ament_prefix_path.sh
[0.905s] -- Up-to-date symlink: /home/koji/robotics/robotics-learning/project_ws/install/irrigation_interfaces/share/irrigation_interfaces/environment/ament_prefix_path.dsv
[0.905s] -- Up-to-date symlink: /home/koji/robotics/robotics-learning/project_ws/install/irrigation_interfaces/share/irrigation_interfaces/environment/path.sh
[0.905s] -- Up-to-date symlink: /home/koji/robotics/robotics-learning/project_ws/install/irrigation_interfaces/share/irrigation_interfaces/environment/path.dsv
[0.905s] -- Up-to-date symlink: /home/koji/robotics/robotics-learning/project_ws/install/irrigation_interfaces/share/irrigation_interfaces/local_setup.bash
[0.905s] -- Up-to-date symlink: /home/koji/robotics/robotics-learning/project_ws/install/irrigation_interfaces/share/irrigation_interfaces/local_setup.sh
[0.905s] -- Up-to-date symlink: /home/koji/robotics/robotics-learning/project_ws/install/irrigation_interfaces/share/irrigation_interfaces/local_setup.zsh
[0.906s] -- Up-to-date symlink: /home/koji/robotics/robotics-learning/project_ws/install/irrigation_interfaces/share/irrigation_interfaces/local_setup.dsv
[0.906s] -- Symlinking: /home/koji/robotics/robotics-learning/project_ws/install/irrigation_interfaces/share/irrigation_interfaces/package.dsv
[0.928s] -- Up-to-date symlink: /home/koji/robotics/robotics-learning/project_ws/install/irrigation_interfaces/share/ament_index/resource_index/packages/irrigation_interfaces
[0.928s] -- Up-to-date symlink: /home/koji/robotics/robotics-learning/project_ws/install/irrigation_interfaces/share/irrigation_interfaces/cmake/rosidl_cmake-extras.cmake
[0.928s] -- Up-to-date symlink: /home/koji/robotics/robotics-learning/project_ws/install/irrigation_interfaces/share/irrigation_interfaces/cmake/ament_cmake_export_dependencies-extras.cmake
[0.929s] -- Up-to-date symlink: /home/koji/robotics/robotics-learning/project_ws/install/irrigation_interfaces/share/irrigation_interfaces/cmake/ament_cmake_export_include_directories-extras.cmake
[0.929s] -- Up-to-date symlink: /home/koji/robotics/robotics-learning/project_ws/install/irrigation_interfaces/share/irrigation_interfaces/cmake/ament_cmake_export_libraries-extras.cmake
[0.929s] -- Up-to-date symlink: /home/koji/robotics/robotics-learning/project_ws/install/irrigation_interfaces/share/irrigation_interfaces/cmake/ament_cmake_export_targets-extras.cmake
[0.930s] -- Up-to-date symlink: /home/koji/robotics/robotics-learning/project_ws/install/irrigation_interfaces/share/irrigation_interfaces/cmake/rosidl_cmake_export_typesupport_targets-extras.cmake
[0.931s] -- Up-to-date symlink: /home/koji/robotics/robotics-learning/project_ws/install/irrigation_interfaces/share/irrigation_interfaces/cmake/rosidl_cmake_export_typesupport_libraries-extras.cmake
[0.932s] -- Up-to-date symlink: /home/koji/robotics/robotics-learning/project_ws/install/irrigation_interfaces/share/irrigation_interfaces/cmake/rosidl_cmake_aggregate_target-extras.cmake
[0.932s] -- Up-to-date symlink: /home/koji/robotics/robotics-learning/project_ws/install/irrigation_interfaces/share/irrigation_interfaces/cmake/irrigation_interfacesConfig.cmake
[0.932s] -- Up-to-date symlink: /home/koji/robotics/robotics-learning/project_ws/install/irrigation_interfaces/share/irrigation_interfaces/cmake/irrigation_interfacesConfig-version.cmake
[0.933s] -- Up-to-date symlink: /home/koji/robotics/robotics-learning/project_ws/install/irrigation_interfaces/share/irrigation_interfaces/package.xml
[0.933s] -- Up-to-date: /home/koji/robotics/robotics-learning/project_ws/install/irrigation_interfaces/lib/libirrigation_interfaces__rosidl_generator_c.so
[0.934s] -- Up-to-date: /home/koji/robotics/robotics-learning/project_ws/install/irrigation_interfaces/lib/libirrigation_interfaces__rosidl_typesupport_fastrtps_c.so
[0.934s] -- Up-to-date: /home/koji/robotics/robotics-learning/project_ws/install/irrigation_interfaces/lib/libirrigation_interfaces__rosidl_typesupport_introspection_c.so
[0.935s] -- Up-to-date: /home/koji/robotics/robotics-learning/project_ws/install/irrigation_interfaces/lib/libirrigation_interfaces__rosidl_typesupport_c.so
[0.936s] -- Up-to-date: /home/koji/robotics/robotics-learning/project_ws/install/irrigation_interfaces/lib/libirrigation_interfaces__rosidl_typesupport_fastrtps_cpp.so
[0.936s] -- Up-to-date: /home/koji/robotics/robotics-learning/project_ws/install/irrigation_interfaces/lib/libirrigation_interfaces__rosidl_typesupport_introspection_cpp.so
[0.937s] -- Up-to-date: /home/koji/robotics/robotics-learning/project_ws/install/irrigation_interfaces/lib/libirrigation_interfaces__rosidl_typesupport_cpp.so
[1.036s] Listing '/home/koji/robotics/robotics-learning/project_ws/install/irrigation_interfaces/lib/python3.12/site-packages/irrigation_interfaces'...
[1.037s] Listing '/home/koji/robotics/robotics-learning/project_ws/install/irrigation_interfaces/lib/python3.12/site-packages/irrigation_interfaces/srv'...
[1.060s] -- Up-to-date: /home/koji/robotics/robotics-learning/project_ws/install/irrigation_interfaces/lib/libirrigation_interfaces__rosidl_generator_py.so
[1.061s] -- Up-to-date: /home/koji/robotics/robotics-learning/project_ws/install/irrigation_interfaces/share/irrigation_interfaces/cmake/export_irrigation_interfaces__rosidl_generator_cExport.cmake
[1.061s] -- Up-to-date: /home/koji/robotics/robotics-learning/project_ws/install/irrigation_interfaces/share/irrigation_interfaces/cmake/export_irrigation_interfaces__rosidl_generator_cExport-noconfig.cmake
[1.062s] -- Up-to-date: /home/koji/robotics/robotics-learning/project_ws/install/irrigation_interfaces/share/irrigation_interfaces/cmake/export_irrigation_interfaces__rosidl_typesupport_fastrtps_cExport.cmake
[1.062s] -- Up-to-date: /home/koji/robotics/robotics-learning/project_ws/install/irrigation_interfaces/share/irrigation_interfaces/cmake/export_irrigation_interfaces__rosidl_typesupport_fastrtps_cExport-noconfig.cmake
[1.063s] -- Up-to-date: /home/koji/robotics/robotics-learning/project_ws/install/irrigation_interfaces/share/irrigation_interfaces/cmake/irrigation_interfaces__rosidl_typesupport_introspection_cExport.cmake
[1.063s] -- Up-to-date: /home/koji/robotics/robotics-learning/project_ws/install/irrigation_interfaces/share/irrigation_interfaces/cmake/irrigation_interfaces__rosidl_typesupport_introspection_cExport-noconfig.cmake
[1.064s] -- Up-to-date: /home/koji/robotics/robotics-learning/project_ws/install/irrigation_interfaces/share/irrigation_interfaces/cmake/irrigation_interfaces__rosidl_typesupport_cExport.cmake
[1.064s] -- Up-to-date: /home/koji/robotics/robotics-learning/project_ws/install/irrigation_interfaces/share/irrigation_interfaces/cmake/irrigation_interfaces__rosidl_typesupport_cExport-noconfig.cmake
[1.065s] -- Up-to-date: /home/koji/robotics/robotics-learning/project_ws/install/irrigation_interfaces/share/irrigation_interfaces/cmake/export_irrigation_interfaces__rosidl_generator_cppExport.cmake
[1.066s] -- Up-to-date: /home/koji/robotics/robotics-learning/project_ws/install/irrigation_interfaces/share/irrigation_interfaces/cmake/export_irrigation_interfaces__rosidl_typesupport_fastrtps_cppExport.cmake
[1.066s] -- Up-to-date: /home/koji/robotics/robotics-learning/project_ws/install/irrigation_interfaces/share/irrigation_interfaces/cmake/export_irrigation_interfaces__rosidl_typesupport_fastrtps_cppExport-noconfig.cmake
[1.066s] -- Up-to-date: /home/koji/robotics/robotics-learning/project_ws/install/irrigation_interfaces/share/irrigation_interfaces/cmake/irrigation_interfaces__rosidl_typesupport_introspection_cppExport.cmake
[1.067s] -- Up-to-date: /home/koji/robotics/robotics-learning/project_ws/install/irrigation_interfaces/share/irrigation_interfaces/cmake/irrigation_interfaces__rosidl_typesupport_introspection_cppExport-noconfig.cmake
[1.067s] -- Up-to-date: /home/koji/robotics/robotics-learning/project_ws/install/irrigation_interfaces/share/irrigation_interfaces/cmake/irrigation_interfaces__rosidl_typesupport_cppExport.cmake
[1.068s] -- Up-to-date: /home/koji/robotics/robotics-learning/project_ws/install/irrigation_interfaces/share/irrigation_interfaces/cmake/irrigation_interfaces__rosidl_typesupport_cppExport-noconfig.cmake
[1.068s] -- Up-to-date: /home/koji/robotics/robotics-learning/project_ws/install/irrigation_interfaces/share/irrigation_interfaces/cmake/export_irrigation_interfaces__rosidl_generator_pyExport.cmake
[1.074s] -- Up-to-date: /home/koji/robotics/robotics-learning/project_ws/install/irrigation_interfaces/share/irrigation_interfaces/cmake/export_irrigation_interfaces__rosidl_generator_pyExport-noconfig.cmake
[1.350s] Invoked command in '/home/koji/robotics/robotics-learning/project_ws/build/irrigation_interfaces' returned '0': CMAKE_PREFIX_PATH=${CMAKE_PREFIX_PATH}:/opt/ros/jazzy DEBUGINFOD_URLS=https://debuginfod.ubuntu.com /usr/bin/cmake --install /home/koji/robotics/robotics-learning/project_ws/build/irrigation_interfaces
