[0.045s] Invoking command in '/home/koji/robotics/robotics-learning/project_ws/build/irrigation_interfaces': CMAKE_PREFIX_PATH=${CMAKE_PREFIX_PATH}:/opt/ros/jazzy DEBUGINFOD_URLS=https://debuginfod.ubuntu.com /usr/bin/cmake /home/koji/robotics/robotics-learning/project_ws/src/irrigation_interfaces -DAMENT_CMAKE_SYMLINK_INSTALL=1 -DCMAKE_INSTALL_PREFIX=/home/koji/robotics/robotics-learning/project_ws/install/irrigation_interfaces
[0.243s] -- The C compiler identification is GNU 13.3.0
[0.426s] -- The CXX compiler identification is GNU 13.3.0
[0.470s] -- Detecting C compiler ABI info
[0.677s] -- Detecting C compiler ABI info - done
[0.704s] -- Check for working C compiler: /usr/bin/cc - skipped
[0.705s] -- Detecting C compile features
[0.706s] -- Detecting C compile features - done
[0.729s] -- Detecting CXX compiler ABI info
[0.924s] -- Detecting CXX compiler ABI info - done
[0.952s] -- Check for working CXX compiler: /usr/bin/c++ - skipped
[0.952s] -- Detecting CXX compile features
[0.954s] -- Detecting CXX compile features - done
[0.968s] -- Found ament_cmake: 2.5.6 (/opt/ros/jazzy/share/ament_cmake/cmake)
[1.214s] -- Found Python3: /usr/bin/python3 (found version "3.12.3") found components: Interpreter 
[1.352s] -- Override CMake install command with custom implementation using symlinks instead of copying resources
[1.426s] -- Found rosidl_default_generators: 1.6.1 (/opt/ros/jazzy/share/rosidl_default_generators/cmake)
[1.437s] -- Using all available rosidl_typesupport_c: rosidl_typesupport_fastrtps_c;rosidl_typesupport_introspection_c
[1.535s] -- Using all available rosidl_typesupport_cpp: rosidl_typesupport_fastrtps_cpp;rosidl_typesupport_introspection_cpp
[1.624s] -- Found rosidl_adapter: 4.6.9 (/opt/ros/jazzy/share/rosidl_adapter/cmake)
[2.070s] [31mCMake Error at /opt/ros/jazzy/share/rosidl_adapter/cmake/rosidl_adapt_interfaces.cmake:57 (message):
[2.070s]   execute_process(/usr/bin/python3 -m rosidl_adapter --package-name
[2.070s]   irrigation_interfaces --arguments-file
[2.070s]   /home/koji/robotics/robotics-learning/project_ws/build/irrigation_interfaces/rosidl_adapter__arguments__irrigation_interfaces.json
[2.071s]   --output-dir
[2.071s]   /home/koji/robotics/robotics-learning/project_ws/build/irrigation_interfaces/rosidl_adapter/irrigation_interfaces
[2.071s]   --output-file
[2.071s]   /home/koji/robotics/robotics-learning/project_ws/build/irrigation_interfaces/rosidl_adapter/irrigation_interfaces.idls)
[2.071s]   returned error code 1:
[2.072s] 
[2.072s]   Traceback (most recent call last):
[2.072s] 
[2.072s]     File "<frozen runpy>", line 198, in _run_module_as_main
[2.072s]     File "<frozen runpy>", line 88, in _run_code
[2.073s]     File "/opt/ros/jazzy/lib/python3.12/site-packages/rosidl_adapter/__main__.py", line 19, in <module>
[2.073s]       sys.exit(main())
[2.073s]                ^^^^^^
[2.073s]     File "/opt/ros/jazzy/lib/python3.12/site-packages/rosidl_adapter/main.py", line 53, in main
[2.073s]       abs_idl_file = convert_to_idl(
[2.074s]                      ^^^^^^^^^^^^^^^
[2.074s]     File "/opt/ros/jazzy/lib/python3.12/site-packages/rosidl_adapter/__init__.py", line 24, in convert_to_idl
[2.074s]       return convert_srv_to_idl(
[2.074s]              ^^^^^^^^^^^^^^^^^^^
[2.074s]     File "/opt/ros/jazzy/lib/python3.12/site-packages/rosidl_adapter/srv/__init__.py", line 28, in convert_srv_to_idl
[2.074s]       srv = parse_service_string(package_name, input_file.stem, content)
[2.075s]             ^^^^^^^^^^^^^^^^^^^^^^^^^^^^^^^^^^^^^^^^^^^^^^^^^^^^^^^^^^^^
[2.075s]     File "/opt/ros/jazzy/lib/python3.12/site-packages/rosidl_adapter/parser.py", line 860, in parse_service_string
[2.075s]       request_message = parse_message_string(
[2.075s]                         ^^^^^^^^^^^^^^^^^^^^^
[2.075s]     File "/opt/ros/jazzy/lib/python3.12/site-packages/rosidl_adapter/parser.py", line 545, in parse_message_string
[2.075s]       msg = MessageSpecification(pkg_name, msg_name, fields, constants)
[2.076s]             ^^^^^^^^^^^^^^^^^^^^^^^^^^^^^^^^^^^^^^^^^^^^^^^^^^^^^^^^^^^
[2.076s]     File "/opt/ros/jazzy/lib/python3.12/site-packages/rosidl_adapter/parser.py", line 389, in __init__
[2.076s]       self.base_type = BaseType(
[2.076s]                        ^^^^^^^^^
[2.076s]     File "/opt/ros/jazzy/lib/python3.12/site-packages/rosidl_adapter/parser.py", line 206, in __init__
[2.076s]       raise InvalidResourceName(
[2.077s] 
[2.077s]   rosidl_adapter.parser.InvalidResourceName: 'smartIrrigator_Request' is an
[2.077s]   invalid message name.  It should have the pattern '^[A-Z][A-Za-z0-9]*$'
[2.077s] 
[2.077s] Call Stack (most recent call first):
[2.078s]   /opt/ros/jazzy/share/rosidl_cmake/cmake/rosidl_generate_interfaces.cmake:132 (rosidl_adapt_interfaces)
[2.078s]   CMakeLists.txt:16 (rosidl_generate_interfaces)
[2.078s] 
[2.078s] [0m
[2.078s] -- Configuring incomplete, errors occurred!
[2.091s] Invoked command in '/home/koji/robotics/robotics-learning/project_ws/build/irrigation_interfaces' returned '1': CMAKE_PREFIX_PATH=${CMAKE_PREFIX_PATH}:/opt/ros/jazzy DEBUGINFOD_URLS=https://debuginfod.ubuntu.com /usr/bin/cmake /home/koji/robotics/robotics-learning/project_ws/src/irrigation_interfaces -DAMENT_CMAKE_SYMLINK_INSTALL=1 -DCMAKE_INSTALL_PREFIX=/home/koji/robotics/robotics-learning/project_ws/install/irrigation_interfaces
