[1.595s] Invoking command in '/home/koji/robotics/robotics-learning/project_ws/build/temperature_monitor_pkg': DEBUGINFOD_URLS=https://debuginfod.ubuntu.com PYTHONPATH=/home/koji/robotics/robotics-learning/project_ws/build/temperature_monitor_pkg/prefix_override:/usr/lib/python3/dist-packages/colcon_core/task/python/colcon_distutils_commands:/home/koji/robotics/robotics-learning/project_ws/install/temperature_monitor_pkg/lib/python3.12/site-packages:${PYTHONPATH} /usr/bin/python3 -W ignore:setup.py install is deprecated -W ignore:easy_install command is deprecated setup.py develop --editable --build-directory /home/koji/robotics/robotics-learning/project_ws/build/temperature_monitor_pkg/build --no-deps symlink_data
[1.931s] running develop
[2.145s] running egg_info
[2.166s] writing temperature_monitor_pkg.egg-info/PKG-INFO
[2.166s] writing dependency_links to temperature_monitor_pkg.egg-info/dependency_links.txt
[2.166s] writing entry points to temperature_monitor_pkg.egg-info/entry_points.txt
[2.166s] writing requirements to temperature_monitor_pkg.egg-info/requires.txt
[2.167s] writing top-level names to temperature_monitor_pkg.egg-info/top_level.txt
[2.209s] reading manifest file 'temperature_monitor_pkg.egg-info/SOURCES.txt'
[2.210s] writing manifest file 'temperature_monitor_pkg.egg-info/SOURCES.txt'
[2.231s] running build_ext
[2.231s] Creating /home/koji/robotics/robotics-learning/project_ws/install/temperature_monitor_pkg/lib/python3.12/site-packages/temperature-monitor-pkg.egg-link (link to .)
[2.233s] Installing listener script to /home/koji/robotics/robotics-learning/project_ws/install/temperature_monitor_pkg/lib/temperature_monitor_pkg
[2.233s] Installing talker script to /home/koji/robotics/robotics-learning/project_ws/install/temperature_monitor_pkg/lib/temperature_monitor_pkg
[2.233s] 
[2.233s] Installed /home/koji/robotics/robotics-learning/project_ws/build/temperature_monitor_pkg
[2.233s] running symlink_data
[2.234s] symbolically linking /home/koji/robotics/robotics-learning/project_ws/build/temperature_monitor_pkg/resource/temperature_monitor_pkg -> /home/koji/robotics/robotics-learning/project_ws/install/temperature_monitor_pkg/share/ament_index/resource_index/packages
[2.234s] error: [Errno 17] File exists: '/home/koji/robotics/robotics-learning/project_ws/build/temperature_monitor_pkg/resource/temperature_monitor_pkg' -> '/home/koji/robotics/robotics-learning/project_ws/install/temperature_monitor_pkg/share/ament_index/resource_index/packages/temperature_monitor_pkg'
[2.282s] Invoked command in '/home/koji/robotics/robotics-learning/project_ws/build/temperature_monitor_pkg' returned '1': DEBUGINFOD_URLS=https://debuginfod.ubuntu.com PYTHONPATH=/home/koji/robotics/robotics-learning/project_ws/build/temperature_monitor_pkg/prefix_override:/usr/lib/python3/dist-packages/colcon_core/task/python/colcon_distutils_commands:/home/koji/robotics/robotics-learning/project_ws/install/temperature_monitor_pkg/lib/python3.12/site-packages:${PYTHONPATH} /usr/bin/python3 -W ignore:setup.py install is deprecated -W ignore:easy_install command is deprecated setup.py develop --editable --build-directory /home/koji/robotics/robotics-learning/project_ws/build/temperature_monitor_pkg/build --no-deps symlink_data
