[0.018s] Invoking command in '/home/koji/robotics/robotics-learning/project_ws/build/greenhouse_interfaces': CMAKE_PREFIX_PATH=${CMAKE_PREFIX_PATH}:/home/koji/robotics/robotics-learning/project_ws/install/temperature_monitor_pkg:/home/koji/robotics/robotics-learning/project_ws/install/smart_irrigation_system:/home/koji/robotics/robotics-learning/project_ws/install/smart_greenhouse_controller:/home/koji/robotics/robotics-learning/project_ws/install/addition_qlty_checker_pkg:/opt/ros/jazzy DEBUGINFOD_URLS=https://debuginfod.ubuntu.com /usr/bin/cmake /home/koji/robotics/robotics-learning/project_ws/src/greenhouse_interfaces -DCMAKE_INSTALL_PREFIX=/home/koji/robotics/robotics-learning/project_ws/install/greenhouse_interfaces
[0.044s] -- Found ament_cmake: 2.5.6 (/opt/ros/jazzy/share/ament_cmake/cmake)
[0.217s] -- Override CMake install command with custom implementation using symlinks instead of copying resources
[0.236s] -- Found rosidl_default_generators: 1.6.1 (/opt/ros/jazzy/share/rosidl_default_generators/cmake)
[0.243s] -- Using all available rosidl_typesupport_c: rosidl_typesupport_fastrtps_c;rosidl_typesupport_introspection_c
[0.309s] -- Using all available rosidl_typesupport_cpp: rosidl_typesupport_fastrtps_cpp;rosidl_typesupport_introspection_cpp
[0.357s] -- Found rosidl_adapter: 4.6.9 (/opt/ros/jazzy/share/rosidl_adapter/cmake)
[0.904s] -- Found ament_cmake_ros: 0.12.1 (/opt/ros/jazzy/share/ament_cmake_ros/cmake)
[1.108s] -- Using all available rosidl_typesupport_c: rosidl_typesupport_fastrtps_c;rosidl_typesupport_introspection_c
[1.360s] -- Using all available rosidl_typesupport_cpp: rosidl_typesupport_fastrtps_cpp;rosidl_typesupport_introspection_cpp
[1.364s] -- Found python_cmake_module: 0.11.1 (/opt/ros/jazzy/share/python_cmake_module/cmake)
[1.842s] -- Found Python3: /usr/bin/python3 (found version "3.12.3") found components: Interpreter Development NumPy Development.Module Development.Embed 
[1.939s] -- Found Python3: /usr/bin/python3 (found version "3.12.3") found components: Interpreter 
[1.944s] -- Found ament_lint_auto: 0.17.5 (/opt/ros/jazzy/share/ament_lint_auto/cmake)
[1.982s] -- Added test 'lint_cmake' to check CMake code style
[1.985s] -- Added test 'xmllint' to check XML markup files
[1.995s] -- Configuring done (2.0s)
[2.109s] -- Generating done (0.1s)
[2.144s] -- Build files have been written to: /home/koji/robotics/robotics-learning/project_ws/build/greenhouse_interfaces
[2.171s] Invoked command in '/home/koji/robotics/robotics-learning/project_ws/build/greenhouse_interfaces' returned '0': CMAKE_PREFIX_PATH=${CMAKE_PREFIX_PATH}:/home/koji/robotics/robotics-learning/project_ws/install/temperature_monitor_pkg:/home/koji/robotics/robotics-learning/project_ws/install/smart_irrigation_system:/home/koji/robotics/robotics-learning/project_ws/install/smart_greenhouse_controller:/home/koji/robotics/robotics-learning/project_ws/install/addition_qlty_checker_pkg:/opt/ros/jazzy DEBUGINFOD_URLS=https://debuginfod.ubuntu.com /usr/bin/cmake /home/koji/robotics/robotics-learning/project_ws/src/greenhouse_interfaces -DCMAKE_INSTALL_PREFIX=/home/koji/robotics/robotics-learning/project_ws/install/greenhouse_interfaces
[2.174s] Invoking command in '/home/koji/robotics/robotics-learning/project_ws/build/greenhouse_interfaces': CMAKE_PREFIX_PATH=${CMAKE_PREFIX_PATH}:/home/koji/robotics/robotics-learning/project_ws/install/temperature_monitor_pkg:/home/koji/robotics/robotics-learning/project_ws/install/smart_irrigation_system:/home/koji/robotics/robotics-learning/project_ws/install/smart_greenhouse_controller:/home/koji/robotics/robotics-learning/project_ws/install/addition_qlty_checker_pkg:/opt/ros/jazzy DEBUGINFOD_URLS=https://debuginfod.ubuntu.com /usr/bin/cmake --build /home/koji/robotics/robotics-learning/project_ws/build/greenhouse_interfaces -- -j12 -l12
[2.275s] [  2%] [34m[1mGenerating type hashes for ROS interfaces[0m
[2.276s] [  4%] [34m[1mGenerating Rust code for ROS interfaces[0m
[2.291s] [  4%] Built target ament_cmake_python_symlink_greenhouse_interfaces
[2.635s] [  4%] Built target greenhouse_interfaces__rosidl_generator_type_description
[2.655s] [  6%] [34m[1mGenerating C code for ROS interfaces[0m
[2.671s] [  8%] [34m[1mGenerating C++ code for ROS interfaces[0m
[2.683s] running egg_info
[2.712s] writing greenhouse_interfaces.egg-info/PKG-INFO
[2.713s] writing dependency_links to greenhouse_interfaces.egg-info/dependency_links.txt
[2.713s] writing top-level names to greenhouse_interfaces.egg-info/top_level.txt
[2.729s] [  8%] Built target greenhouse_interfaces__rs
[2.797s] reading manifest file 'greenhouse_interfaces.egg-info/SOURCES.txt'
[2.798s] writing manifest file 'greenhouse_interfaces.egg-info/SOURCES.txt'
[2.854s] [  8%] Built target ament_cmake_python_build_greenhouse_interfaces_egg
[3.146s] [  8%] Built target greenhouse_interfaces__cpp
[3.235s] [ 13%] [32mBuilding C object CMakeFiles/greenhouse_interfaces__rosidl_generator_c.dir/rosidl_generator_c/greenhouse_interfaces/msg/detail/sensor__type_support.c.o[0m
[3.235s] [ 13%] [32mBuilding C object CMakeFiles/greenhouse_interfaces__rosidl_generator_c.dir/rosidl_generator_c/greenhouse_interfaces/msg/detail/sensor__functions.c.o[0m
[3.235s] [ 15%] [32mBuilding C object CMakeFiles/greenhouse_interfaces__rosidl_generator_c.dir/rosidl_generator_c/greenhouse_interfaces/srv/detail/sensor__functions.c.o[0m
[3.238s] [ 17%] [32mBuilding C object CMakeFiles/greenhouse_interfaces__rosidl_generator_c.dir/rosidl_generator_c/greenhouse_interfaces/msg/detail/sensor__description.c.o[0m
[3.247s] [ 20%] [32mBuilding C object CMakeFiles/greenhouse_interfaces__rosidl_generator_c.dir/rosidl_generator_c/greenhouse_interfaces/srv/detail/sensor__description.c.o[0m
[3.247s] [ 22%] [32mBuilding C object CMakeFiles/greenhouse_interfaces__rosidl_generator_c.dir/rosidl_generator_c/greenhouse_interfaces/srv/detail/sensor__type_support.c.o[0m
[3.393s] [ 24%] [32m[1mLinking C shared library libgreenhouse_interfaces__rosidl_generator_c.so[0m
[3.471s] [ 24%] Built target greenhouse_interfaces__rosidl_generator_c
[3.489s] [ 26%] [34m[1mGenerating C++ type support dispatch for ROS interfaces[0m
[3.492s] [ 31%] [34m[1mGenerating C type support for eProsima Fast-RTPS[0m
[3.492s] [ 31%] [34m[1mGenerating C++ type support for eProsima Fast-RTPS[0m
[3.497s] [ 33%] [34m[1mGenerating C++ introspection for ROS interfaces[0m
[3.501s] [ 35%] [34m[1mGenerating C introspection for ROS interfaces[0m
[3.502s] [ 37%] [34m[1mGenerating C type support dispatch for ROS interfaces[0m
[3.937s] [ 42%] [32mBuilding CXX object CMakeFiles/greenhouse_interfaces__rosidl_typesupport_c.dir/rosidl_typesupport_c/greenhouse_interfaces/srv/sensor__type_support.cpp.o[0m
[3.938s] [ 42%] [32mBuilding CXX object CMakeFiles/greenhouse_interfaces__rosidl_typesupport_c.dir/rosidl_typesupport_c/greenhouse_interfaces/msg/sensor__type_support.cpp.o[0m
[3.939s] [ 46%] [32mBuilding CXX object CMakeFiles/greenhouse_interfaces__rosidl_typesupport_cpp.dir/rosidl_typesupport_cpp/greenhouse_interfaces/msg/sensor__type_support.cpp.o[0m
[3.940s] [ 46%] [32mBuilding CXX object CMakeFiles/greenhouse_interfaces__rosidl_typesupport_cpp.dir/rosidl_typesupport_cpp/greenhouse_interfaces/srv/sensor__type_support.cpp.o[0m
[4.056s] [ 48%] [32mBuilding CXX object CMakeFiles/greenhouse_interfaces__rosidl_typesupport_introspection_cpp.dir/rosidl_typesupport_introspection_cpp/greenhouse_interfaces/msg/detail/sensor__type_support.cpp.o[0m
[4.057s] [ 51%] [32mBuilding CXX object CMakeFiles/greenhouse_interfaces__rosidl_typesupport_introspection_cpp.dir/rosidl_typesupport_introspection_cpp/greenhouse_interfaces/srv/detail/sensor__type_support.cpp.o[0m
[4.089s] [ 53%] [32mBuilding CXX object CMakeFiles/greenhouse_interfaces__rosidl_typesupport_fastrtps_cpp.dir/rosidl_typesupport_fastrtps_cpp/greenhouse_interfaces/srv/detail/dds_fastrtps/sensor__type_support.cpp.o[0m
[4.091s] [ 55%] [32mBuilding CXX object CMakeFiles/greenhouse_interfaces__rosidl_typesupport_fastrtps_cpp.dir/rosidl_typesupport_fastrtps_cpp/greenhouse_interfaces/msg/detail/dds_fastrtps/sensor__type_support.cpp.o[0m
[4.100s] [ 57%] [32m[1mLinking CXX shared library libgreenhouse_interfaces__rosidl_typesupport_c.so[0m
[4.215s] [ 57%] Built target greenhouse_interfaces__rosidl_typesupport_c
[4.229s] [ 60%] [32mBuilding C object CMakeFiles/greenhouse_interfaces__rosidl_typesupport_introspection_c.dir/rosidl_typesupport_introspection_c/greenhouse_interfaces/srv/detail/sensor__type_support.c.o[0m
[4.230s] [ 62%] [32mBuilding C object CMakeFiles/greenhouse_interfaces__rosidl_typesupport_introspection_c.dir/rosidl_typesupport_introspection_c/greenhouse_interfaces/msg/detail/sensor__type_support.c.o[0m
[4.340s] [ 64%] [32mBuilding CXX object CMakeFiles/greenhouse_interfaces__rosidl_typesupport_fastrtps_c.dir/rosidl_typesupport_fastrtps_c/greenhouse_interfaces/msg/detail/sensor__type_support_c.cpp.o[0m
[4.340s] [ 66%] [32mBuilding CXX object CMakeFiles/greenhouse_interfaces__rosidl_typesupport_fastrtps_c.dir/rosidl_typesupport_fastrtps_c/greenhouse_interfaces/srv/detail/sensor__type_support_c.cpp.o[0m
[4.362s] [ 68%] [32m[1mLinking C shared library libgreenhouse_interfaces__rosidl_typesupport_introspection_c.so[0m
[4.456s] [ 68%] Built target greenhouse_interfaces__rosidl_typesupport_introspection_c
[4.761s] [ 71%] [32m[1mLinking CXX shared library libgreenhouse_interfaces__rosidl_typesupport_cpp.so[0m
[4.929s] [ 71%] Built target greenhouse_interfaces__rosidl_typesupport_cpp
[4.978s] [ 73%] [32m[1mLinking CXX shared library libgreenhouse_interfaces__rosidl_typesupport_introspection_cpp.so[0m
[5.159s] [ 73%] Built target greenhouse_interfaces__rosidl_typesupport_introspection_cpp
[5.217s] [ 75%] [32m[1mLinking CXX shared library libgreenhouse_interfaces__rosidl_typesupport_fastrtps_c.so[0m
[5.309s] [ 77%] [32m[1mLinking CXX shared library libgreenhouse_interfaces__rosidl_typesupport_fastrtps_cpp.so[0m
[5.360s] [ 77%] Built target greenhouse_interfaces__rosidl_typesupport_fastrtps_c
[5.472s] [ 77%] Built target greenhouse_interfaces__rosidl_typesupport_fastrtps_cpp
[5.509s] [ 77%] Built target greenhouse_interfaces
[5.552s] [ 80%] [34m[1mGenerating Python code for ROS interfaces[0m
[6.173s] [ 80%] Built target greenhouse_interfaces__py
[6.218s] [ 82%] [32mBuilding C object CMakeFiles/greenhouse_interfaces__rosidl_generator_py.dir/rosidl_generator_py/greenhouse_interfaces/msg/_sensor_s.c.o[0m
[6.219s] [ 84%] [32mBuilding C object CMakeFiles/greenhouse_interfaces__rosidl_generator_py.dir/rosidl_generator_py/greenhouse_interfaces/srv/_sensor_s.c.o[0m
[6.455s] [ 86%] [32m[1mLinking C shared library libgreenhouse_interfaces__rosidl_generator_py.so[0m
[6.543s] [ 86%] Built target greenhouse_interfaces__rosidl_generator_py
[6.576s] [ 88%] [32mBuilding C object CMakeFiles/greenhouse_interfaces_s__rosidl_typesupport_fastrtps_c.dir/rosidl_generator_py/greenhouse_interfaces/_greenhouse_interfaces_s.ep.rosidl_typesupport_fastrtps_c.c.o[0m
[6.576s] [ 91%] [32mBuilding C object CMakeFiles/greenhouse_interfaces_s__rosidl_typesupport_introspection_c.dir/rosidl_generator_py/greenhouse_interfaces/_greenhouse_interfaces_s.ep.rosidl_typesupport_introspection_c.c.o[0m
[6.586s] [ 93%] [32mBuilding C object CMakeFiles/greenhouse_interfaces_s__rosidl_typesupport_c.dir/rosidl_generator_py/greenhouse_interfaces/_greenhouse_interfaces_s.ep.rosidl_typesupport_c.c.o[0m
[6.714s] [ 95%] [32m[1mLinking C shared module rosidl_generator_py/greenhouse_interfaces/greenhouse_interfaces_s__rosidl_typesupport_fastrtps_c.so[0m
[6.722s] [ 97%] [32m[1mLinking C shared module rosidl_generator_py/greenhouse_interfaces/greenhouse_interfaces_s__rosidl_typesupport_introspection_c.so[0m
[6.733s] [100%] [32m[1mLinking C shared module rosidl_generator_py/greenhouse_interfaces/greenhouse_interfaces_s__rosidl_typesupport_c.so[0m
[6.759s] [100%] Built target greenhouse_interfaces_s__rosidl_typesupport_fastrtps_c
[6.766s] [100%] Built target greenhouse_interfaces_s__rosidl_typesupport_introspection_c
[6.778s] [100%] Built target greenhouse_interfaces_s__rosidl_typesupport_c
[6.796s] Invoked command in '/home/koji/robotics/robotics-learning/project_ws/build/greenhouse_interfaces' returned '0': CMAKE_PREFIX_PATH=${CMAKE_PREFIX_PATH}:/home/koji/robotics/robotics-learning/project_ws/install/temperature_monitor_pkg:/home/koji/robotics/robotics-learning/project_ws/install/smart_irrigation_system:/home/koji/robotics/robotics-learning/project_ws/install/smart_greenhouse_controller:/home/koji/robotics/robotics-learning/project_ws/install/addition_qlty_checker_pkg:/opt/ros/jazzy DEBUGINFOD_URLS=https://debuginfod.ubuntu.com /usr/bin/cmake --build /home/koji/robotics/robotics-learning/project_ws/build/greenhouse_interfaces -- -j12 -l12
[6.812s] Invoking command in '/home/koji/robotics/robotics-learning/project_ws/build/greenhouse_interfaces': CMAKE_PREFIX_PATH=${CMAKE_PREFIX_PATH}:/home/koji/robotics/robotics-learning/project_ws/install/temperature_monitor_pkg:/home/koji/robotics/robotics-learning/project_ws/install/smart_irrigation_system:/home/koji/robotics/robotics-learning/project_ws/install/smart_greenhouse_controller:/home/koji/robotics/robotics-learning/project_ws/install/addition_qlty_checker_pkg:/opt/ros/jazzy DEBUGINFOD_URLS=https://debuginfod.ubuntu.com /usr/bin/cmake --install /home/koji/robotics/robotics-learning/project_ws/build/greenhouse_interfaces
[6.821s] -- Install configuration: ""
[6.822s] -- Execute custom install script
[6.823s] -- Up-to-date symlink: /home/koji/robotics/robotics-learning/project_ws/install/greenhouse_interfaces/share/ament_index/resource_index/rosidl_interfaces/greenhouse_interfaces
[6.823s] -- Up-to-date symlink: /home/koji/robotics/robotics-learning/project_ws/install/greenhouse_interfaces/share/greenhouse_interfaces/msg/Sensor.json
[6.823s] -- Up-to-date symlink: /home/koji/robotics/robotics-learning/project_ws/install/greenhouse_interfaces/share/greenhouse_interfaces/srv/Sensor.json
[6.824s] -- Up-to-date symlink: /home/koji/robotics/robotics-learning/project_ws/install/greenhouse_interfaces/include/greenhouse_interfaces/greenhouse_interfaces/msg/detail/sensor__functions.h
[6.824s] -- Up-to-date symlink: /home/koji/robotics/robotics-learning/project_ws/install/greenhouse_interfaces/include/greenhouse_interfaces/greenhouse_interfaces/msg/detail/sensor__struct.h
[6.824s] -- Up-to-date symlink: /home/koji/robotics/robotics-learning/project_ws/install/greenhouse_interfaces/include/greenhouse_interfaces/greenhouse_interfaces/msg/detail/sensor__type_support.h
[6.824s] -- Up-to-date symlink: /home/koji/robotics/robotics-learning/project_ws/install/greenhouse_interfaces/include/greenhouse_interfaces/greenhouse_interfaces/msg/rosidl_generator_c__visibility_control.h
[6.825s] -- Up-to-date symlink: /home/koji/robotics/robotics-learning/project_ws/install/greenhouse_interfaces/include/greenhouse_interfaces/greenhouse_interfaces/msg/sensor.h
[6.825s] -- Up-to-date symlink: /home/koji/robotics/robotics-learning/project_ws/install/greenhouse_interfaces/include/greenhouse_interfaces/greenhouse_interfaces/srv/detail/sensor__functions.h
[6.825s] -- Up-to-date symlink: /home/koji/robotics/robotics-learning/project_ws/install/greenhouse_interfaces/include/greenhouse_interfaces/greenhouse_interfaces/srv/detail/sensor__struct.h
[6.825s] -- Up-to-date symlink: /home/koji/robotics/robotics-learning/project_ws/install/greenhouse_interfaces/include/greenhouse_interfaces/greenhouse_interfaces/srv/detail/sensor__type_support.h
[6.825s] -- Up-to-date symlink: /home/koji/robotics/robotics-learning/project_ws/install/greenhouse_interfaces/include/greenhouse_interfaces/greenhouse_interfaces/srv/sensor.h
[6.826s] -- Up-to-date symlink: /home/koji/robotics/robotics-learning/project_ws/install/greenhouse_interfaces/share/greenhouse_interfaces/environment/library_path.sh
[6.826s] -- Up-to-date symlink: /home/koji/robotics/robotics-learning/project_ws/install/greenhouse_interfaces/share/greenhouse_interfaces/environment/library_path.dsv
[6.826s] -- Up-to-date symlink: /home/koji/robotics/robotics-learning/project_ws/install/greenhouse_interfaces/include/greenhouse_interfaces/greenhouse_interfaces/msg/detail/sensor__rosidl_typesupport_fastrtps_c.h
[6.826s] -- Up-to-date symlink: /home/koji/robotics/robotics-learning/project_ws/install/greenhouse_interfaces/include/greenhouse_interfaces/greenhouse_interfaces/msg/rosidl_typesupport_fastrtps_c__visibility_control.h
[6.826s] -- Up-to-date symlink: /home/koji/robotics/robotics-learning/project_ws/install/greenhouse_interfaces/include/greenhouse_interfaces/greenhouse_interfaces/srv/detail/sensor__rosidl_typesupport_fastrtps_c.h
[6.827s] -- Up-to-date symlink: /home/koji/robotics/robotics-learning/project_ws/install/greenhouse_interfaces/include/greenhouse_interfaces/greenhouse_interfaces/msg/detail/sensor__rosidl_typesupport_introspection_c.h
[6.827s] -- Up-to-date symlink: /home/koji/robotics/robotics-learning/project_ws/install/greenhouse_interfaces/include/greenhouse_interfaces/greenhouse_interfaces/msg/rosidl_typesupport_introspection_c__visibility_control.h
[6.827s] -- Up-to-date symlink: /home/koji/robotics/robotics-learning/project_ws/install/greenhouse_interfaces/include/greenhouse_interfaces/greenhouse_interfaces/srv/detail/sensor__rosidl_typesupport_introspection_c.h
[6.827s] -- Up-to-date symlink: /home/koji/robotics/robotics-learning/project_ws/install/greenhouse_interfaces/include/greenhouse_interfaces/greenhouse_interfaces/msg/detail/sensor__builder.hpp
[6.827s] -- Up-to-date symlink: /home/koji/robotics/robotics-learning/project_ws/install/greenhouse_interfaces/include/greenhouse_interfaces/greenhouse_interfaces/msg/detail/sensor__struct.hpp
[6.828s] -- Up-to-date symlink: /home/koji/robotics/robotics-learning/project_ws/install/greenhouse_interfaces/include/greenhouse_interfaces/greenhouse_interfaces/msg/detail/sensor__traits.hpp
[6.828s] -- Up-to-date symlink: /home/koji/robotics/robotics-learning/project_ws/install/greenhouse_interfaces/include/greenhouse_interfaces/greenhouse_interfaces/msg/detail/sensor__type_support.hpp
[6.828s] -- Up-to-date symlink: /home/koji/robotics/robotics-learning/project_ws/install/greenhouse_interfaces/include/greenhouse_interfaces/greenhouse_interfaces/msg/rosidl_generator_cpp__visibility_control.hpp
[6.828s] -- Up-to-date symlink: /home/koji/robotics/robotics-learning/project_ws/install/greenhouse_interfaces/include/greenhouse_interfaces/greenhouse_interfaces/msg/sensor.hpp
[6.829s] -- Up-to-date symlink: /home/koji/robotics/robotics-learning/project_ws/install/greenhouse_interfaces/include/greenhouse_interfaces/greenhouse_interfaces/srv/detail/sensor__builder.hpp
[6.829s] -- Up-to-date symlink: /home/koji/robotics/robotics-learning/project_ws/install/greenhouse_interfaces/include/greenhouse_interfaces/greenhouse_interfaces/srv/detail/sensor__struct.hpp
[6.829s] -- Up-to-date symlink: /home/koji/robotics/robotics-learning/project_ws/install/greenhouse_interfaces/include/greenhouse_interfaces/greenhouse_interfaces/srv/detail/sensor__traits.hpp
[6.829s] -- Up-to-date symlink: /home/koji/robotics/robotics-learning/project_ws/install/greenhouse_interfaces/include/greenhouse_interfaces/greenhouse_interfaces/srv/detail/sensor__type_support.hpp
[6.829s] -- Up-to-date symlink: /home/koji/robotics/robotics-learning/project_ws/install/greenhouse_interfaces/include/greenhouse_interfaces/greenhouse_interfaces/srv/sensor.hpp
[6.830s] -- Up-to-date symlink: /home/koji/robotics/robotics-learning/project_ws/install/greenhouse_interfaces/include/greenhouse_interfaces/greenhouse_interfaces/msg/detail/sensor__rosidl_typesupport_fastrtps_cpp.hpp
[6.830s] -- Up-to-date symlink: /home/koji/robotics/robotics-learning/project_ws/install/greenhouse_interfaces/include/greenhouse_interfaces/greenhouse_interfaces/msg/rosidl_typesupport_fastrtps_cpp__visibility_control.h
[6.830s] -- Up-to-date symlink: /home/koji/robotics/robotics-learning/project_ws/install/greenhouse_interfaces/include/greenhouse_interfaces/greenhouse_interfaces/srv/detail/sensor__rosidl_typesupport_fastrtps_cpp.hpp
[6.830s] -- Up-to-date symlink: /home/koji/robotics/robotics-learning/project_ws/install/greenhouse_interfaces/include/greenhouse_interfaces/greenhouse_interfaces/msg/detail/sensor__rosidl_typesupport_introspection_cpp.hpp
[6.831s] -- Up-to-date symlink: /home/koji/robotics/robotics-learning/project_ws/install/greenhouse_interfaces/include/greenhouse_interfaces/greenhouse_interfaces/srv/detail/sensor__rosidl_typesupport_introspection_cpp.hpp
[6.831s] -- Up-to-date symlink: /home/koji/robotics/robotics-learning/project_ws/install/greenhouse_interfaces/share/greenhouse_interfaces/environment/pythonpath.sh
[6.831s] -- Up-to-date symlink: /home/koji/robotics/robotics-learning/project_ws/install/greenhouse_interfaces/share/greenhouse_interfaces/environment/pythonpath.dsv
[6.832s] -- Up-to-date symlink: /home/koji/robotics/robotics-learning/project_ws/install/greenhouse_interfaces/lib/python3.12/site-packages/greenhouse_interfaces-0.0.0-py3.12.egg-info/PKG-INFO
[6.832s] -- Up-to-date symlink: /home/koji/robotics/robotics-learning/project_ws/install/greenhouse_interfaces/lib/python3.12/site-packages/greenhouse_interfaces-0.0.0-py3.12.egg-info/SOURCES.txt
[6.832s] -- Up-to-date symlink: /home/koji/robotics/robotics-learning/project_ws/install/greenhouse_interfaces/lib/python3.12/site-packages/greenhouse_interfaces-0.0.0-py3.12.egg-info/dependency_links.txt
[6.832s] -- Up-to-date symlink: /home/koji/robotics/robotics-learning/project_ws/install/greenhouse_interfaces/lib/python3.12/site-packages/greenhouse_interfaces-0.0.0-py3.12.egg-info/top_level.txt
[6.832s] -- Up-to-date symlink: /home/koji/robotics/robotics-learning/project_ws/install/greenhouse_interfaces/lib/python3.12/site-packages/greenhouse_interfaces/__init__.py
[6.833s] -- Up-to-date symlink: /home/koji/robotics/robotics-learning/project_ws/install/greenhouse_interfaces/lib/python3.12/site-packages/greenhouse_interfaces/_greenhouse_interfaces_s.ep.rosidl_typesupport_c.c
[6.833s] -- Up-to-date symlink: /home/koji/robotics/robotics-learning/project_ws/install/greenhouse_interfaces/lib/python3.12/site-packages/greenhouse_interfaces/_greenhouse_interfaces_s.ep.rosidl_typesupport_fastrtps_c.c
[6.833s] -- Up-to-date symlink: /home/koji/robotics/robotics-learning/project_ws/install/greenhouse_interfaces/lib/python3.12/site-packages/greenhouse_interfaces/_greenhouse_interfaces_s.ep.rosidl_typesupport_introspection_c.c
[6.833s] -- Up-to-date symlink: /home/koji/robotics/robotics-learning/project_ws/install/greenhouse_interfaces/lib/python3.12/site-packages/greenhouse_interfaces/greenhouse_interfaces_s__rosidl_typesupport_c.so
[6.834s] -- Up-to-date symlink: /home/koji/robotics/robotics-learning/project_ws/install/greenhouse_interfaces/lib/python3.12/site-packages/greenhouse_interfaces/greenhouse_interfaces_s__rosidl_typesupport_fastrtps_c.so
[6.834s] -- Up-to-date symlink: /home/koji/robotics/robotics-learning/project_ws/install/greenhouse_interfaces/lib/python3.12/site-packages/greenhouse_interfaces/greenhouse_interfaces_s__rosidl_typesupport_introspection_c.so
[6.834s] -- Up-to-date symlink: /home/koji/robotics/robotics-learning/project_ws/install/greenhouse_interfaces/lib/python3.12/site-packages/greenhouse_interfaces/msg/__init__.py
[6.834s] -- Up-to-date symlink: /home/koji/robotics/robotics-learning/project_ws/install/greenhouse_interfaces/lib/python3.12/site-packages/greenhouse_interfaces/msg/_sensor.py
[6.835s] -- Up-to-date symlink: /home/koji/robotics/robotics-learning/project_ws/install/greenhouse_interfaces/lib/python3.12/site-packages/greenhouse_interfaces/msg/_sensor_s.c
[6.835s] -- Up-to-date symlink: /home/koji/robotics/robotics-learning/project_ws/install/greenhouse_interfaces/lib/python3.12/site-packages/greenhouse_interfaces/srv/__init__.py
[6.835s] -- Up-to-date symlink: /home/koji/robotics/robotics-learning/project_ws/install/greenhouse_interfaces/lib/python3.12/site-packages/greenhouse_interfaces/srv/_sensor.py
[6.835s] -- Up-to-date symlink: /home/koji/robotics/robotics-learning/project_ws/install/greenhouse_interfaces/lib/python3.12/site-packages/greenhouse_interfaces/srv/_sensor_s.c
[6.836s] -- Up-to-date symlink: /home/koji/robotics/robotics-learning/project_ws/install/greenhouse_interfaces/lib/python3.12/site-packages/greenhouse_interfaces/greenhouse_interfaces_s__rosidl_typesupport_fastrtps_c.so
[6.836s] -- Up-to-date symlink: /home/koji/robotics/robotics-learning/project_ws/install/greenhouse_interfaces/lib/python3.12/site-packages/greenhouse_interfaces/greenhouse_interfaces_s__rosidl_typesupport_introspection_c.so
[6.836s] -- Up-to-date symlink: /home/koji/robotics/robotics-learning/project_ws/install/greenhouse_interfaces/lib/python3.12/site-packages/greenhouse_interfaces/greenhouse_interfaces_s__rosidl_typesupport_c.so
[6.837s] -- Up-to-date symlink: /home/koji/robotics/robotics-learning/project_ws/install/greenhouse_interfaces/share/ament_index/resource_index/rust_packages/greenhouse_interfaces
[6.837s] -- Up-to-date symlink: /home/koji/robotics/robotics-learning/project_ws/install/greenhouse_interfaces/share/greenhouse_interfaces/rust/Cargo.toml
[6.837s] -- Up-to-date symlink: /home/koji/robotics/robotics-learning/project_ws/install/greenhouse_interfaces/share/greenhouse_interfaces/rust/build.rs
[6.837s] -- Up-to-date symlink: /home/koji/robotics/robotics-learning/project_ws/install/greenhouse_interfaces/share/greenhouse_interfaces/rust/src/lib.rs
[6.838s] -- Up-to-date symlink: /home/koji/robotics/robotics-learning/project_ws/install/greenhouse_interfaces/share/greenhouse_interfaces/rust/src/msg.rs
[6.838s] -- Up-to-date symlink: /home/koji/robotics/robotics-learning/project_ws/install/greenhouse_interfaces/share/greenhouse_interfaces/rust/src/msg/rmw.rs
[6.838s] -- Up-to-date symlink: /home/koji/robotics/robotics-learning/project_ws/install/greenhouse_interfaces/share/greenhouse_interfaces/rust/src/srv.rs
[6.838s] -- Up-to-date symlink: /home/koji/robotics/robotics-learning/project_ws/install/greenhouse_interfaces/share/greenhouse_interfaces/rust/src/srv/rmw.rs
[6.839s] -- Up-to-date symlink: /home/koji/robotics/robotics-learning/project_ws/install/greenhouse_interfaces/share/greenhouse_interfaces/msg/Sensor.idl
[6.839s] -- Up-to-date symlink: /home/koji/robotics/robotics-learning/project_ws/install/greenhouse_interfaces/share/greenhouse_interfaces/srv/Sensor.idl
[6.839s] -- Up-to-date symlink: /home/koji/robotics/robotics-learning/project_ws/install/greenhouse_interfaces/share/greenhouse_interfaces/msg/Sensor.msg
[6.839s] -- Up-to-date symlink: /home/koji/robotics/robotics-learning/project_ws/install/greenhouse_interfaces/share/greenhouse_interfaces/srv/Sensor.srv
[6.840s] -- Up-to-date symlink: /home/koji/robotics/robotics-learning/project_ws/install/greenhouse_interfaces/share/ament_index/resource_index/package_run_dependencies/greenhouse_interfaces
[6.840s] -- Up-to-date symlink: /home/koji/robotics/robotics-learning/project_ws/install/greenhouse_interfaces/share/ament_index/resource_index/parent_prefix_path/greenhouse_interfaces
[6.840s] -- Up-to-date symlink: /home/koji/robotics/robotics-learning/project_ws/install/greenhouse_interfaces/share/greenhouse_interfaces/environment/ament_prefix_path.sh
[6.840s] -- Up-to-date symlink: /home/koji/robotics/robotics-learning/project_ws/install/greenhouse_interfaces/share/greenhouse_interfaces/environment/ament_prefix_path.dsv
[6.840s] -- Up-to-date symlink: /home/koji/robotics/robotics-learning/project_ws/install/greenhouse_interfaces/share/greenhouse_interfaces/environment/path.sh
[6.841s] -- Up-to-date symlink: /home/koji/robotics/robotics-learning/project_ws/install/greenhouse_interfaces/share/greenhouse_interfaces/environment/path.dsv
[6.841s] -- Up-to-date symlink: /home/koji/robotics/robotics-learning/project_ws/install/greenhouse_interfaces/share/greenhouse_interfaces/local_setup.bash
[6.841s] -- Up-to-date symlink: /home/koji/robotics/robotics-learning/project_ws/install/greenhouse_interfaces/share/greenhouse_interfaces/local_setup.sh
[6.841s] -- Up-to-date symlink: /home/koji/robotics/robotics-learning/project_ws/install/greenhouse_interfaces/share/greenhouse_interfaces/local_setup.zsh
[6.841s] -- Up-to-date symlink: /home/koji/robotics/robotics-learning/project_ws/install/greenhouse_interfaces/share/greenhouse_interfaces/local_setup.dsv
[6.841s] -- Symlinking: /home/koji/robotics/robotics-learning/project_ws/install/greenhouse_interfaces/share/greenhouse_interfaces/package.dsv
[6.853s] -- Up-to-date symlink: /home/koji/robotics/robotics-learning/project_ws/install/greenhouse_interfaces/share/ament_index/resource_index/packages/greenhouse_interfaces
[6.854s] -- Up-to-date symlink: /home/koji/robotics/robotics-learning/project_ws/install/greenhouse_interfaces/share/greenhouse_interfaces/cmake/rosidl_cmake-extras.cmake
[6.854s] -- Up-to-date symlink: /home/koji/robotics/robotics-learning/project_ws/install/greenhouse_interfaces/share/greenhouse_interfaces/cmake/ament_cmake_export_dependencies-extras.cmake
[6.854s] -- Up-to-date symlink: /home/koji/robotics/robotics-learning/project_ws/install/greenhouse_interfaces/share/greenhouse_interfaces/cmake/ament_cmake_export_include_directories-extras.cmake
[6.855s] -- Up-to-date symlink: /home/koji/robotics/robotics-learning/project_ws/install/greenhouse_interfaces/share/greenhouse_interfaces/cmake/ament_cmake_export_libraries-extras.cmake
[6.855s] -- Up-to-date symlink: /home/koji/robotics/robotics-learning/project_ws/install/greenhouse_interfaces/share/greenhouse_interfaces/cmake/ament_cmake_export_targets-extras.cmake
[6.855s] -- Up-to-date symlink: /home/koji/robotics/robotics-learning/project_ws/install/greenhouse_interfaces/share/greenhouse_interfaces/cmake/rosidl_cmake_export_typesupport_targets-extras.cmake
[6.856s] -- Up-to-date symlink: /home/koji/robotics/robotics-learning/project_ws/install/greenhouse_interfaces/share/greenhouse_interfaces/cmake/rosidl_cmake_export_typesupport_libraries-extras.cmake
[6.856s] -- Up-to-date symlink: /home/koji/robotics/robotics-learning/project_ws/install/greenhouse_interfaces/share/greenhouse_interfaces/cmake/rosidl_cmake_aggregate_target-extras.cmake
[6.856s] -- Up-to-date symlink: /home/koji/robotics/robotics-learning/project_ws/install/greenhouse_interfaces/share/greenhouse_interfaces/cmake/greenhouse_interfacesConfig.cmake
[6.856s] -- Up-to-date symlink: /home/koji/robotics/robotics-learning/project_ws/install/greenhouse_interfaces/share/greenhouse_interfaces/cmake/greenhouse_interfacesConfig-version.cmake
[6.856s] -- Up-to-date symlink: /home/koji/robotics/robotics-learning/project_ws/install/greenhouse_interfaces/share/greenhouse_interfaces/package.xml
[6.857s] -- Installing: /home/koji/robotics/robotics-learning/project_ws/install/greenhouse_interfaces/lib/libgreenhouse_interfaces__rosidl_generator_c.so
[6.857s] -- Set non-toolchain portion of runtime path of "/home/koji/robotics/robotics-learning/project_ws/install/greenhouse_interfaces/lib/libgreenhouse_interfaces__rosidl_generator_c.so" to ""
[6.857s] -- Installing: /home/koji/robotics/robotics-learning/project_ws/install/greenhouse_interfaces/lib/libgreenhouse_interfaces__rosidl_typesupport_fastrtps_c.so
[6.857s] -- Set non-toolchain portion of runtime path of "/home/koji/robotics/robotics-learning/project_ws/install/greenhouse_interfaces/lib/libgreenhouse_interfaces__rosidl_typesupport_fastrtps_c.so" to ""
[6.858s] -- Installing: /home/koji/robotics/robotics-learning/project_ws/install/greenhouse_interfaces/lib/libgreenhouse_interfaces__rosidl_typesupport_introspection_c.so
[6.858s] -- Set non-toolchain portion of runtime path of "/home/koji/robotics/robotics-learning/project_ws/install/greenhouse_interfaces/lib/libgreenhouse_interfaces__rosidl_typesupport_introspection_c.so" to ""
[6.859s] -- Installing: /home/koji/robotics/robotics-learning/project_ws/install/greenhouse_interfaces/lib/libgreenhouse_interfaces__rosidl_typesupport_c.so
[6.859s] -- Set non-toolchain portion of runtime path of "/home/koji/robotics/robotics-learning/project_ws/install/greenhouse_interfaces/lib/libgreenhouse_interfaces__rosidl_typesupport_c.so" to ""
[6.860s] -- Installing: /home/koji/robotics/robotics-learning/project_ws/install/greenhouse_interfaces/lib/libgreenhouse_interfaces__rosidl_typesupport_fastrtps_cpp.so
[6.861s] -- Set non-toolchain portion of runtime path of "/home/koji/robotics/robotics-learning/project_ws/install/greenhouse_interfaces/lib/libgreenhouse_interfaces__rosidl_typesupport_fastrtps_cpp.so" to ""
[6.861s] -- Installing: /home/koji/robotics/robotics-learning/project_ws/install/greenhouse_interfaces/lib/libgreenhouse_interfaces__rosidl_typesupport_introspection_cpp.so
[6.862s] -- Set non-toolchain portion of runtime path of "/home/koji/robotics/robotics-learning/project_ws/install/greenhouse_interfaces/lib/libgreenhouse_interfaces__rosidl_typesupport_introspection_cpp.so" to ""
[6.863s] -- Installing: /home/koji/robotics/robotics-learning/project_ws/install/greenhouse_interfaces/lib/libgreenhouse_interfaces__rosidl_typesupport_cpp.so
[6.863s] -- Set non-toolchain portion of runtime path of "/home/koji/robotics/robotics-learning/project_ws/install/greenhouse_interfaces/lib/libgreenhouse_interfaces__rosidl_typesupport_cpp.so" to ""
[6.916s] Listing '/home/koji/robotics/robotics-learning/project_ws/install/greenhouse_interfaces/lib/python3.12/site-packages/greenhouse_interfaces'...
[6.916s] Compiling '/home/koji/robotics/robotics-learning/project_ws/install/greenhouse_interfaces/lib/python3.12/site-packages/greenhouse_interfaces/__init__.py'...
[6.916s] Listing '/home/koji/robotics/robotics-learning/project_ws/install/greenhouse_interfaces/lib/python3.12/site-packages/greenhouse_interfaces/msg'...
[6.916s] Compiling '/home/koji/robotics/robotics-learning/project_ws/install/greenhouse_interfaces/lib/python3.12/site-packages/greenhouse_interfaces/msg/__init__.py'...
[6.917s] Compiling '/home/koji/robotics/robotics-learning/project_ws/install/greenhouse_interfaces/lib/python3.12/site-packages/greenhouse_interfaces/msg/_sensor.py'...
[6.917s] Listing '/home/koji/robotics/robotics-learning/project_ws/install/greenhouse_interfaces/lib/python3.12/site-packages/greenhouse_interfaces/srv'...
[6.917s] Compiling '/home/koji/robotics/robotics-learning/project_ws/install/greenhouse_interfaces/lib/python3.12/site-packages/greenhouse_interfaces/srv/__init__.py'...
[6.917s] Compiling '/home/koji/robotics/robotics-learning/project_ws/install/greenhouse_interfaces/lib/python3.12/site-packages/greenhouse_interfaces/srv/_sensor.py'...
[6.923s] -- Installing: /home/koji/robotics/robotics-learning/project_ws/install/greenhouse_interfaces/lib/libgreenhouse_interfaces__rosidl_generator_py.so
[6.924s] -- Set non-toolchain portion of runtime path of "/home/koji/robotics/robotics-learning/project_ws/install/greenhouse_interfaces/lib/libgreenhouse_interfaces__rosidl_generator_py.so" to ""
[6.925s] -- Up-to-date: /home/koji/robotics/robotics-learning/project_ws/install/greenhouse_interfaces/share/greenhouse_interfaces/cmake/export_greenhouse_interfaces__rosidl_generator_cExport.cmake
[6.925s] -- Up-to-date: /home/koji/robotics/robotics-learning/project_ws/install/greenhouse_interfaces/share/greenhouse_interfaces/cmake/export_greenhouse_interfaces__rosidl_generator_cExport-noconfig.cmake
[6.925s] -- Up-to-date: /home/koji/robotics/robotics-learning/project_ws/install/greenhouse_interfaces/share/greenhouse_interfaces/cmake/export_greenhouse_interfaces__rosidl_typesupport_fastrtps_cExport.cmake
[6.925s] -- Up-to-date: /home/koji/robotics/robotics-learning/project_ws/install/greenhouse_interfaces/share/greenhouse_interfaces/cmake/export_greenhouse_interfaces__rosidl_typesupport_fastrtps_cExport-noconfig.cmake
[6.926s] -- Up-to-date: /home/koji/robotics/robotics-learning/project_ws/install/greenhouse_interfaces/share/greenhouse_interfaces/cmake/greenhouse_interfaces__rosidl_typesupport_introspection_cExport.cmake
[6.926s] -- Up-to-date: /home/koji/robotics/robotics-learning/project_ws/install/greenhouse_interfaces/share/greenhouse_interfaces/cmake/greenhouse_interfaces__rosidl_typesupport_introspection_cExport-noconfig.cmake
[6.926s] -- Up-to-date: /home/koji/robotics/robotics-learning/project_ws/install/greenhouse_interfaces/share/greenhouse_interfaces/cmake/greenhouse_interfaces__rosidl_typesupport_cExport.cmake
[6.927s] -- Up-to-date: /home/koji/robotics/robotics-learning/project_ws/install/greenhouse_interfaces/share/greenhouse_interfaces/cmake/greenhouse_interfaces__rosidl_typesupport_cExport-noconfig.cmake
[6.927s] -- Up-to-date: /home/koji/robotics/robotics-learning/project_ws/install/greenhouse_interfaces/share/greenhouse_interfaces/cmake/export_greenhouse_interfaces__rosidl_generator_cppExport.cmake
[6.927s] -- Up-to-date: /home/koji/robotics/robotics-learning/project_ws/install/greenhouse_interfaces/share/greenhouse_interfaces/cmake/export_greenhouse_interfaces__rosidl_typesupport_fastrtps_cppExport.cmake
[6.927s] -- Up-to-date: /home/koji/robotics/robotics-learning/project_ws/install/greenhouse_interfaces/share/greenhouse_interfaces/cmake/export_greenhouse_interfaces__rosidl_typesupport_fastrtps_cppExport-noconfig.cmake
[6.928s] -- Up-to-date: /home/koji/robotics/robotics-learning/project_ws/install/greenhouse_interfaces/share/greenhouse_interfaces/cmake/greenhouse_interfaces__rosidl_typesupport_introspection_cppExport.cmake
[6.928s] -- Up-to-date: /home/koji/robotics/robotics-learning/project_ws/install/greenhouse_interfaces/share/greenhouse_interfaces/cmake/greenhouse_interfaces__rosidl_typesupport_introspection_cppExport-noconfig.cmake
[6.929s] -- Up-to-date: /home/koji/robotics/robotics-learning/project_ws/install/greenhouse_interfaces/share/greenhouse_interfaces/cmake/greenhouse_interfaces__rosidl_typesupport_cppExport.cmake
[6.929s] -- Up-to-date: /home/koji/robotics/robotics-learning/project_ws/install/greenhouse_interfaces/share/greenhouse_interfaces/cmake/greenhouse_interfaces__rosidl_typesupport_cppExport-noconfig.cmake
[6.929s] -- Up-to-date: /home/koji/robotics/robotics-learning/project_ws/install/greenhouse_interfaces/share/greenhouse_interfaces/cmake/export_greenhouse_interfaces__rosidl_generator_pyExport.cmake
[6.929s] -- Up-to-date: /home/koji/robotics/robotics-learning/project_ws/install/greenhouse_interfaces/share/greenhouse_interfaces/cmake/export_greenhouse_interfaces__rosidl_generator_pyExport-noconfig.cmake
[6.936s] Invoked command in '/home/koji/robotics/robotics-learning/project_ws/build/greenhouse_interfaces' returned '0': CMAKE_PREFIX_PATH=${CMAKE_PREFIX_PATH}:/home/koji/robotics/robotics-learning/project_ws/install/temperature_monitor_pkg:/home/koji/robotics/robotics-learning/project_ws/install/smart_irrigation_system:/home/koji/robotics/robotics-learning/project_ws/install/smart_greenhouse_controller:/home/koji/robotics/robotics-learning/project_ws/install/addition_qlty_checker_pkg:/opt/ros/jazzy DEBUGINFOD_URLS=https://debuginfod.ubuntu.com /usr/bin/cmake --install /home/koji/robotics/robotics-learning/project_ws/build/greenhouse_interfaces
