running develop
running egg_info
creating smart_irrigation_system.egg-info
writing smart_irrigation_system.egg-info/PKG-INFO
writing dependency_links to smart_irrigation_system.egg-info/dependency_links.txt
writing entry points to smart_irrigation_system.egg-info/entry_points.txt
writing requirements to smart_irrigation_system.egg-info/requires.txt
writing top-level names to smart_irrigation_system.egg-info/top_level.txt
writing manifest file 'smart_irrigation_system.egg-info/SOURCES.txt'
reading manifest file 'smart_irrigation_system.egg-info/SOURCES.txt'
writing manifest file 'smart_irrigation_system.egg-info/SOURCES.txt'
running build_ext
Creating /home/koji/robotics/robotics-learning/project_ws/install/smart_irrigation_system/lib/python3.12/site-packages/smart-irrigation-system.egg-link (link to .)
Installing client script to /home/koji/robotics/robotics-learning/project_ws/install/smart_irrigation_system/lib/smart_irrigation_system
Installing server script to /home/koji/robotics/robotics-learning/project_ws/install/smart_irrigation_system/lib/smart_irrigation_system

Installed /home/koji/robotics/robotics-learning/project_ws/build/smart_irrigation_system
running symlink_data
creating /home/koji/robotics/robotics-learning/project_ws/install/smart_irrigation_system/share/ament_index
creating /home/koji/robotics/robotics-learning/project_ws/install/smart_irrigation_system/share/ament_index/resource_index
creating /home/koji/robotics/robotics-learning/project_ws/install/smart_irrigation_system/share/ament_index/resource_index/packages
symbolically linking /home/koji/robotics/robotics-learning/project_ws/build/smart_irrigation_system/resource/smart_irrigation_system -> /home/koji/robotics/robotics-learning/project_ws/install/smart_irrigation_system/share/ament_index/resource_index/packages
symbolically linking /home/koji/robotics/robotics-learning/project_ws/build/smart_irrigation_system/package.xml -> /home/koji/robotics/robotics-learning/project_ws/install/smart_irrigation_system/share/smart_irrigation_system
