[1.164s] Invoking command in '/home/koji/robotics/robotics-learning/project_ws/build/smart_irrigation_system': AMENT_PREFIX_PATH=/home/koji/robotics/robotics-learning/project_ws/install/irrigation_interfaces:${AMENT_PREFIX_PATH} CMAKE_PREFIX_PATH=/home/koji/robotics/robotics-learning/project_ws/install/irrigation_interfaces:${CMAKE_PREFIX_PATH} DEBUGINFOD_URLS=https://debuginfod.ubuntu.com LD_LIBRARY_PATH=/home/koji/robotics/robotics-learning/project_ws/install/irrigation_interfaces/lib:${LD_LIBRARY_PATH} PYTHONPATH=/home/koji/robotics/robotics-learning/project_ws/build/smart_irrigation_system/prefix_override:/usr/lib/python3/dist-packages/colcon_core/task/python/colcon_distutils_commands:/home/koji/robotics/robotics-learning/project_ws/install/smart_irrigation_system/lib/python3.12/site-packages:/home/koji/robotics/robotics-learning/project_ws/install/irrigation_interfaces/lib/python3.12/site-packages:${PYTHONPATH} /usr/bin/python3 -W ignore:setup.py install is deprecated -W ignore:easy_install command is deprecated setup.py develop --editable --build-directory /home/koji/robotics/robotics-learning/project_ws/build/smart_irrigation_system/build --no-deps symlink_data
[1.443s] running develop
[1.610s] running egg_info
[1.610s] creating smart_irrigation_system.egg-info
[1.626s] writing smart_irrigation_system.egg-info/PKG-INFO
[1.626s] writing dependency_links to smart_irrigation_system.egg-info/dependency_links.txt
[1.627s] writing entry points to smart_irrigation_system.egg-info/entry_points.txt
[1.627s] writing requirements to smart_irrigation_system.egg-info/requires.txt
[1.627s] writing top-level names to smart_irrigation_system.egg-info/top_level.txt
[1.627s] writing manifest file 'smart_irrigation_system.egg-info/SOURCES.txt'
[1.659s] reading manifest file 'smart_irrigation_system.egg-info/SOURCES.txt'
[1.660s] writing manifest file 'smart_irrigation_system.egg-info/SOURCES.txt'
[1.677s] running build_ext
[1.677s] Creating /home/koji/robotics/robotics-learning/project_ws/install/smart_irrigation_system/lib/python3.12/site-packages/smart-irrigation-system.egg-link (link to .)
[1.677s] Installing client script to /home/koji/robotics/robotics-learning/project_ws/install/smart_irrigation_system/lib/smart_irrigation_system
[1.678s] Installing server script to /home/koji/robotics/robotics-learning/project_ws/install/smart_irrigation_system/lib/smart_irrigation_system
[1.678s] 
[1.678s] Installed /home/koji/robotics/robotics-learning/project_ws/build/smart_irrigation_system
[1.678s] running symlink_data
[1.678s] creating /home/koji/robotics/robotics-learning/project_ws/install/smart_irrigation_system/share/ament_index
[1.678s] creating /home/koji/robotics/robotics-learning/project_ws/install/smart_irrigation_system/share/ament_index/resource_index
[1.679s] creating /home/koji/robotics/robotics-learning/project_ws/install/smart_irrigation_system/share/ament_index/resource_index/packages
[1.679s] symbolically linking /home/koji/robotics/robotics-learning/project_ws/build/smart_irrigation_system/resource/smart_irrigation_system -> /home/koji/robotics/robotics-learning/project_ws/install/smart_irrigation_system/share/ament_index/resource_index/packages
[1.679s] symbolically linking /home/koji/robotics/robotics-learning/project_ws/build/smart_irrigation_system/package.xml -> /home/koji/robotics/robotics-learning/project_ws/install/smart_irrigation_system/share/smart_irrigation_system
[1.722s] Invoked command in '/home/koji/robotics/robotics-learning/project_ws/build/smart_irrigation_system' returned '0': AMENT_PREFIX_PATH=/home/koji/robotics/robotics-learning/project_ws/install/irrigation_interfaces:${AMENT_PREFIX_PATH} CMAKE_PREFIX_PATH=/home/koji/robotics/robotics-learning/project_ws/install/irrigation_interfaces:${CMAKE_PREFIX_PATH} DEBUGINFOD_URLS=https://debuginfod.ubuntu.com LD_LIBRARY_PATH=/home/koji/robotics/robotics-learning/project_ws/install/irrigation_interfaces/lib:${LD_LIBRARY_PATH} PYTHONPATH=/home/koji/robotics/robotics-learning/project_ws/build/smart_irrigation_system/prefix_override:/usr/lib/python3/dist-packages/colcon_core/task/python/colcon_distutils_commands:/home/koji/robotics/robotics-learning/project_ws/install/smart_irrigation_system/lib/python3.12/site-packages:/home/koji/robotics/robotics-learning/project_ws/install/irrigation_interfaces/lib/python3.12/site-packages:${PYTHONPATH} /usr/bin/python3 -W ignore:setup.py install is deprecated -W ignore:easy_install command is deprecated setup.py develop --editable --build-directory /home/koji/robotics/robotics-learning/project_ws/build/smart_irrigation_system/build --no-deps symlink_data
