[1.922s] Invoking command in '/home/koji/project_ws/build/temperature_monitor_pkg': DEBUGINFOD_URLS=https://debuginfod.ubuntu.com PYTHONPATH=/home/koji/project_ws/build/temperature_monitor_pkg/prefix_override:/usr/lib/python3/dist-packages/colcon_core/task/python/colcon_distutils_commands:/home/koji/project_ws/install/temperature_monitor_pkg/lib/python3.12/site-packages:${PYTHONPATH} /usr/bin/python3 -W ignore:setup.py install is deprecated -W ignore:easy_install command is deprecated setup.py develop --editable --build-directory /home/koji/project_ws/build/temperature_monitor_pkg/build --no-deps symlink_data
[2.399s] running develop
[2.669s] running egg_info
[2.669s] creating temperature_monitor_pkg.egg-info
[2.695s] writing temperature_monitor_pkg.egg-info/PKG-INFO
[2.696s] writing dependency_links to temperature_monitor_pkg.egg-info/dependency_links.txt
[2.696s] writing requirements to temperature_monitor_pkg.egg-info/requires.txt
[2.696s] writing top-level names to temperature_monitor_pkg.egg-info/top_level.txt
[2.696s] writing manifest file 'temperature_monitor_pkg.egg-info/SOURCES.txt'
[2.749s] reading manifest file 'temperature_monitor_pkg.egg-info/SOURCES.txt'
[2.750s] writing manifest file 'temperature_monitor_pkg.egg-info/SOURCES.txt'
[2.777s] running build_ext
[2.778s] Creating /home/koji/project_ws/install/temperature_monitor_pkg/lib/python3.12/site-packages/temperature-monitor-pkg.egg-link (link to .)
[2.778s] 
[2.778s] Installed /home/koji/project_ws/build/temperature_monitor_pkg
[2.778s] running symlink_data
[2.779s] creating /home/koji/project_ws/install/temperature_monitor_pkg/share/ament_index
[2.779s] creating /home/koji/project_ws/install/temperature_monitor_pkg/share/ament_index/resource_index
[2.779s] creating /home/koji/project_ws/install/temperature_monitor_pkg/share/ament_index/resource_index/packages
[2.779s] symbolically linking /home/koji/project_ws/build/temperature_monitor_pkg/resource/temperature_monitor_pkg -> /home/koji/project_ws/install/temperature_monitor_pkg/share/ament_index/resource_index/packages
[2.779s] symbolically linking /home/koji/project_ws/build/temperature_monitor_pkg/package.xml -> /home/koji/project_ws/install/temperature_monitor_pkg/share/temperature_monitor_pkg
[2.834s] Invoked command in '/home/koji/project_ws/build/temperature_monitor_pkg' returned '0': DEBUGINFOD_URLS=https://debuginfod.ubuntu.com PYTHONPATH=/home/koji/project_ws/build/temperature_monitor_pkg/prefix_override:/usr/lib/python3/dist-packages/colcon_core/task/python/colcon_distutils_commands:/home/koji/project_ws/install/temperature_monitor_pkg/lib/python3.12/site-packages:${PYTHONPATH} /usr/bin/python3 -W ignore:setup.py install is deprecated -W ignore:easy_install command is deprecated setup.py develop --editable --build-directory /home/koji/project_ws/build/temperature_monitor_pkg/build --no-deps symlink_data
