running develop
Removing /home/koji/robotics/robotics-learning/project_ws/install/smart_greenhouse_controller/lib/python3.12/site-packages/smart-greenhouse-controller.egg-link (link to .)
running egg_info
writing ../../build/smart_greenhouse_controller/smart_greenhouse_controller.egg-info/PKG-INFO
writing dependency_links to ../../build/smart_greenhouse_controller/smart_greenhouse_controller.egg-info/dependency_links.txt
writing entry points to ../../build/smart_greenhouse_controller/smart_greenhouse_controller.egg-info/entry_points.txt
writing requirements to ../../build/smart_greenhouse_controller/smart_greenhouse_controller.egg-info/requires.txt
writing top-level names to ../../build/smart_greenhouse_controller/smart_greenhouse_controller.egg-info/top_level.txt
reading manifest file '../../build/smart_greenhouse_controller/smart_greenhouse_controller.egg-info/SOURCES.txt'
adding license file 'LICENSE'
writing manifest file '../../build/smart_greenhouse_controller/smart_greenhouse_controller.egg-info/SOURCES.txt'
running build
running build_py
creating /home/koji/robotics/robotics-learning/project_ws/build/smart_greenhouse_controller/build
creating /home/koji/robotics/robotics-learning/project_ws/build/smart_greenhouse_controller/build/lib
creating /home/koji/robotics/robotics-learning/project_ws/build/smart_greenhouse_controller/build/lib/smart_greenhouse_controller
copying smart_greenhouse_controller/greenhouse_server.py -> /home/koji/robotics/robotics-learning/project_ws/build/smart_greenhouse_controller/build/lib/smart_greenhouse_controller
copying smart_greenhouse_controller/greenhouse_subscriber.py -> /home/koji/robotics/robotics-learning/project_ws/build/smart_greenhouse_controller/build/lib/smart_greenhouse_controller
copying smart_greenhouse_controller/greenhouse_publisher.py -> /home/koji/robotics/robotics-learning/project_ws/build/smart_greenhouse_controller/build/lib/smart_greenhouse_controller
copying smart_greenhouse_controller/__init__.py -> /home/koji/robotics/robotics-learning/project_ws/build/smart_greenhouse_controller/build/lib/smart_greenhouse_controller
copying smart_greenhouse_controller/greenhouse_client.py -> /home/koji/robotics/robotics-learning/project_ws/build/smart_greenhouse_controller/build/lib/smart_greenhouse_controller
running install
running install_lib
creating /home/koji/robotics/robotics-learning/project_ws/install/smart_greenhouse_controller/lib/python3.12/site-packages/smart_greenhouse_controller
copying /home/koji/robotics/robotics-learning/project_ws/build/smart_greenhouse_controller/build/lib/smart_greenhouse_controller/greenhouse_server.py -> /home/koji/robotics/robotics-learning/project_ws/install/smart_greenhouse_controller/lib/python3.12/site-packages/smart_greenhouse_controller
copying /home/koji/robotics/robotics-learning/project_ws/build/smart_greenhouse_controller/build/lib/smart_greenhouse_controller/greenhouse_subscriber.py -> /home/koji/robotics/robotics-learning/project_ws/install/smart_greenhouse_controller/lib/python3.12/site-packages/smart_greenhouse_controller
copying /home/koji/robotics/robotics-learning/project_ws/build/smart_greenhouse_controller/build/lib/smart_greenhouse_controller/greenhouse_publisher.py -> /home/koji/robotics/robotics-learning/project_ws/install/smart_greenhouse_controller/lib/python3.12/site-packages/smart_greenhouse_controller
copying /home/koji/robotics/robotics-learning/project_ws/build/smart_greenhouse_controller/build/lib/smart_greenhouse_controller/__init__.py -> /home/koji/robotics/robotics-learning/project_ws/install/smart_greenhouse_controller/lib/python3.12/site-packages/smart_greenhouse_controller
copying /home/koji/robotics/robotics-learning/project_ws/build/smart_greenhouse_controller/build/lib/smart_greenhouse_controller/greenhouse_client.py -> /home/koji/robotics/robotics-learning/project_ws/install/smart_greenhouse_controller/lib/python3.12/site-packages/smart_greenhouse_controller
byte-compiling /home/koji/robotics/robotics-learning/project_ws/install/smart_greenhouse_controller/lib/python3.12/site-packages/smart_greenhouse_controller/greenhouse_server.py to greenhouse_server.cpython-312.pyc
byte-compiling /home/koji/robotics/robotics-learning/project_ws/install/smart_greenhouse_controller/lib/python3.12/site-packages/smart_greenhouse_controller/greenhouse_subscriber.py to greenhouse_subscriber.cpython-312.pyc
byte-compiling /home/koji/robotics/robotics-learning/project_ws/install/smart_greenhouse_controller/lib/python3.12/site-packages/smart_greenhouse_controller/greenhouse_publisher.py to greenhouse_publisher.cpython-312.pyc
byte-compiling /home/koji/robotics/robotics-learning/project_ws/install/smart_greenhouse_controller/lib/python3.12/site-packages/smart_greenhouse_controller/__init__.py to __init__.cpython-312.pyc
byte-compiling /home/koji/robotics/robotics-learning/project_ws/install/smart_greenhouse_controller/lib/python3.12/site-packages/smart_greenhouse_controller/greenhouse_client.py to greenhouse_client.cpython-312.pyc
running install_data
copying resource/smart_greenhouse_controller -> /home/koji/robotics/robotics-learning/project_ws/install/smart_greenhouse_controller/share/ament_index/resource_index/packages
copying package.xml -> /home/koji/robotics/robotics-learning/project_ws/install/smart_greenhouse_controller/share/smart_greenhouse_controller
copying launch/greenhouse_launch.py -> /home/koji/robotics/robotics-learning/project_ws/install/smart_greenhouse_controller/share/smart_greenhouse_controller/launch
running install_egg_info
Copying ../../build/smart_greenhouse_controller/smart_greenhouse_controller.egg-info to /home/koji/robotics/robotics-learning/project_ws/install/smart_greenhouse_controller/lib/python3.12/site-packages/smart_greenhouse_controller-0.0.0-py3.12.egg-info
running install_scripts
Installing client script to /home/koji/robotics/robotics-learning/project_ws/install/smart_greenhouse_controller/lib/smart_greenhouse_controller
Installing pub script to /home/koji/robotics/robotics-learning/project_ws/install/smart_greenhouse_controller/lib/smart_greenhouse_controller
Installing server script to /home/koji/robotics/robotics-learning/project_ws/install/smart_greenhouse_controller/lib/smart_greenhouse_controller
Installing sub script to /home/koji/robotics/robotics-learning/project_ws/install/smart_greenhouse_controller/lib/smart_greenhouse_controller
writing list of installed files to '/home/koji/robotics/robotics-learning/project_ws/build/smart_greenhouse_controller/install.log'
