[0.021s] Invoking command in '/home/koji/robotics/robotics-learning/project_ws/build/greenhouse_interfaces': CMAKE_PREFIX_PATH=${CMAKE_PREFIX_PATH}:/home/koji/robotics/robotics-learning/project_ws/install/temperature_monitor_pkg:/home/koji/robotics/robotics-learning/project_ws/install/smart_irrigation_system:/home/koji/robotics/robotics-learning/project_ws/install/smart_greenhouse_controller:/home/koji/robotics/robotics-learning/project_ws/install/addition_qlty_checker_pkg:/opt/ros/jazzy DEBUGINFOD_URLS=https://debuginfod.ubuntu.com /usr/bin/cmake /home/koji/robotics/robotics-learning/project_ws/src/greenhouse_interfaces -DCMAKE_INSTALL_PREFIX=/home/koji/robotics/robotics-learning/project_ws/install/greenhouse_interfaces
[0.058s] -- Found ament_cmake: 2.5.6 (/opt/ros/jazzy/share/ament_cmake/cmake)
[0.247s] -- Override CMake install command with custom implementation using symlinks instead of copying resources
[0.280s] -- Found rosidl_default_generators: 1.6.1 (/opt/ros/jazzy/share/rosidl_default_generators/cmake)
[0.287s] -- Using all available rosidl_typesupport_c: rosidl_typesupport_fastrtps_c;rosidl_typesupport_introspection_c
[0.369s] -- Using all available rosidl_typesupport_cpp: rosidl_typesupport_fastrtps_cpp;rosidl_typesupport_introspection_cpp
[0.446s] -- Found rosidl_adapter: 4.6.9 (/opt/ros/jazzy/share/rosidl_adapter/cmake)
[0.766s] [31mCMake Error at /opt/ros/jazzy/share/rosidl_adapter/cmake/rosidl_adapt_interfaces.cmake:57 (message):
[0.766s]   execute_process(/usr/bin/python3 -m rosidl_adapter --package-name
[0.766s]   greenhouse_interfaces --arguments-file
[0.766s]   /home/koji/robotics/robotics-learning/project_ws/build/greenhouse_interfaces/rosidl_adapter__arguments__greenhouse_interfaces.json
[0.766s]   --output-dir
[0.766s]   /home/koji/robotics/robotics-learning/project_ws/build/greenhouse_interfaces/rosidl_adapter/greenhouse_interfaces
[0.766s]   --output-file
[0.766s]   /home/koji/robotics/robotics-learning/project_ws/build/greenhouse_interfaces/rosidl_adapter/greenhouse_interfaces.idls)
[0.767s]   returned error code 1:
[0.767s] 
[0.767s]   Error processing 'int temperature' of
[0.767s]   'greenhouse_interfaces/Sensor_Request': ''int' is an invalid message name.
[0.767s]   It should have the pattern '^[A-Z][A-Za-z0-9]*$''
[0.767s] 
[0.767s]   Traceback (most recent call last):
[0.768s] 
[0.768s]     File "<frozen runpy>", line 198, in _run_module_as_main
[0.768s]     File "<frozen runpy>", line 88, in _run_code
[0.768s]     File "/opt/ros/jazzy/lib/python3.12/site-packages/rosidl_adapter/__main__.py", line 19, in <module>
[0.768s]       sys.exit(main())
[0.768s]                ^^^^^^
[0.768s]     File "/opt/ros/jazzy/lib/python3.12/site-packages/rosidl_adapter/main.py", line 53, in main
[0.768s]       abs_idl_file = convert_to_idl(
[0.768s]                      ^^^^^^^^^^^^^^^
[0.768s]     File "/opt/ros/jazzy/lib/python3.12/site-packages/rosidl_adapter/__init__.py", line 24, in convert_to_idl
[0.769s]       return convert_srv_to_idl(
[0.769s]              ^^^^^^^^^^^^^^^^^^^
[0.769s]     File "/opt/ros/jazzy/lib/python3.12/site-packages/rosidl_adapter/srv/__init__.py", line 28, in convert_srv_to_idl
[0.769s]       srv = parse_service_string(package_name, input_file.stem, content)
[0.769s]             ^^^^^^^^^^^^^^^^^^^^^^^^^^^^^^^^^^^^^^^^^^^^^^^^^^^^^^^^^^^^
[0.769s]     File "/opt/ros/jazzy/lib/python3.12/site-packages/rosidl_adapter/parser.py", line 860, in parse_service_string
[0.769s]       request_message = parse_message_string(
[0.769s]                         ^^^^^^^^^^^^^^^^^^^^^
[0.769s]     File "/opt/ros/jazzy/lib/python3.12/site-packages/rosidl_adapter/parser.py", line 521, in parse_message_string
[0.769s]       Type(type_string, context_package_name=pkg_name),
[0.770s]       ^^^^^^^^^^^^^^^^^^^^^^^^^^^^^^^^^^^^^^^^^^^^^^^^
[0.770s]     File "/opt/ros/jazzy/lib/python3.12/site-packages/rosidl_adapter/parser.py", line 278, in __init__
[0.770s]       super(Type, self).__init__(
[0.770s]     File "/opt/ros/jazzy/lib/python3.12/site-packages/rosidl_adapter/parser.py", line 206, in __init__
[0.770s]       raise InvalidResourceName(
[0.770s] 
[0.770s]   rosidl_adapter.parser.InvalidResourceName: 'int' is an invalid message
[0.770s]   name.  It should have the pattern '^[A-Z][A-Za-z0-9]*$'
[0.770s] 
[0.770s] Call Stack (most recent call first):
[0.771s]   /opt/ros/jazzy/share/rosidl_cmake/cmake/rosidl_generate_interfaces.cmake:132 (rosidl_adapt_interfaces)
[0.771s]   CMakeLists.txt:14 (rosidl_generate_interfaces)
[0.771s] 
[0.771s] [0m
[0.771s] -- Configuring incomplete, errors occurred!
[0.785s] Invoked command in '/home/koji/robotics/robotics-learning/project_ws/build/greenhouse_interfaces' returned '1': CMAKE_PREFIX_PATH=${CMAKE_PREFIX_PATH}:/home/koji/robotics/robotics-learning/project_ws/install/temperature_monitor_pkg:/home/koji/robotics/robotics-learning/project_ws/install/smart_irrigation_system:/home/koji/robotics/robotics-learning/project_ws/install/smart_greenhouse_controller:/home/koji/robotics/robotics-learning/project_ws/install/addition_qlty_checker_pkg:/opt/ros/jazzy DEBUGINFOD_URLS=https://debuginfod.ubuntu.com /usr/bin/cmake /home/koji/robotics/robotics-learning/project_ws/src/greenhouse_interfaces -DCMAKE_INSTALL_PREFIX=/home/koji/robotics/robotics-learning/project_ws/install/greenhouse_interfaces
