[0.016s] Invoking command in '/home/koji/robotics/robotics-learning/beginner_client_libs/my_workspace/build/tut_interfaces': CMAKE_PREFIX_PATH=${CMAKE_PREFIX_PATH}:/opt/ros/jazzy DEBUGINFOD_URLS=https://debuginfod.ubuntu.com /usr/bin/cmake /home/koji/robotics/robotics-learning/beginner_client_libs/my_workspace/src/tut_interfaces -DAMENT_CMAKE_SYMLINK_INSTALL=1 -DCMAKE_INSTALL_PREFIX=/home/koji/robotics/robotics-learning/beginner_client_libs/my_workspace/install/tut_interfaces
[0.038s] -- Found geometry_msgs: 5.3.8 (/opt/ros/jazzy/share/geometry_msgs/cmake)
[0.374s] -- Override CMake install command with custom implementation using symlinks instead of copying resources
[0.439s] -- Found rosidl_generator_c: 4.6.9 (/opt/ros/jazzy/share/rosidl_generator_c/cmake)
[0.454s] -- Found rosidl_generator_cpp: 4.6.9 (/opt/ros/jazzy/share/rosidl_generator_cpp/cmake)
[0.472s] -- Using all available rosidl_typesupport_c: rosidl_typesupport_fastrtps_c;rosidl_typesupport_introspection_c
[0.493s] -- Using all available rosidl_typesupport_cpp: rosidl_typesupport_fastrtps_cpp;rosidl_typesupport_introspection_cpp
[0.561s] -- Found rosidl_default_generators: 1.6.1 (/opt/ros/jazzy/share/rosidl_default_generators/cmake)
[0.578s] -- Found rosidl_adapter: 4.6.9 (/opt/ros/jazzy/share/rosidl_adapter/cmake)
[1.001s] [31mCMake Error at /opt/ros/jazzy/share/rosidl_adapter/cmake/rosidl_adapt_interfaces.cmake:57 (message):
[1.002s]   execute_process(/usr/bin/python3 -m rosidl_adapter --package-name
[1.002s]   tut_interfaces --arguments-file
[1.002s]   /home/koji/robotics/robotics-learning/beginner_client_libs/my_workspace/build/tut_interfaces/rosidl_adapter__arguments__tut_interfaces.json
[1.002s]   --output-dir
[1.002s]   /home/koji/robotics/robotics-learning/beginner_client_libs/my_workspace/build/tut_interfaces/rosidl_adapter/tut_interfaces
[1.003s]   --output-file
[1.003s]   /home/koji/robotics/robotics-learning/beginner_client_libs/my_workspace/build/tut_interfaces/rosidl_adapter/tut_interfaces.idls)
[1.003s]   returned error code 1:
[1.003s] 
[1.003s]   Traceback (most recent call last):
[1.003s] 
[1.004s]     File "<frozen runpy>", line 198, in _run_module_as_main
[1.004s]     File "<frozen runpy>", line 88, in _run_code
[1.004s]     File "/opt/ros/jazzy/lib/python3.12/site-packages/rosidl_adapter/__main__.py", line 19, in <module>
[1.004s]       sys.exit(main())
[1.004s]                ^^^^^^
[1.005s]     File "/opt/ros/jazzy/lib/python3.12/site-packages/rosidl_adapter/main.py", line 53, in main
[1.005s]       abs_idl_file = convert_to_idl(
[1.005s]                      ^^^^^^^^^^^^^^^
[1.005s]     File "/opt/ros/jazzy/lib/python3.12/site-packages/rosidl_adapter/__init__.py", line 19, in convert_to_idl
[1.005s]       return convert_msg_to_idl(
[1.006s]              ^^^^^^^^^^^^^^^^^^^
[1.006s]     File "/opt/ros/jazzy/lib/python3.12/site-packages/rosidl_adapter/msg/__init__.py", line 28, in convert_msg_to_idl
[1.006s]       msg = parse_message_string(package_name, input_file.stem, content)
[1.006s]             ^^^^^^^^^^^^^^^^^^^^^^^^^^^^^^^^^^^^^^^^^^^^^^^^^^^^^^^^^^^^
[1.006s]     File "/opt/ros/jazzy/lib/python3.12/site-packages/rosidl_adapter/parser.py", line 545, in parse_message_string
[1.007s]       msg = MessageSpecification(pkg_name, msg_name, fields, constants)
[1.007s]             ^^^^^^^^^^^^^^^^^^^^^^^^^^^^^^^^^^^^^^^^^^^^^^^^^^^^^^^^^^^
[1.007s]     File "/opt/ros/jazzy/lib/python3.12/site-packages/rosidl_adapter/parser.py", line 389, in __init__
[1.007s]       self.base_type = BaseType(
[1.007s]                        ^^^^^^^^^
[1.008s]     File "/opt/ros/jazzy/lib/python3.12/site-packages/rosidl_adapter/parser.py", line 206, in __init__
[1.008s]       raise InvalidResourceName(
[1.008s] 
[1.008s]   rosidl_adapter.parser.InvalidResourceName: 'num' is an invalid message
[1.008s]   name.  It should have the pattern '^[A-Z][A-Za-z0-9]*$'
[1.008s] 
[1.009s] Call Stack (most recent call first):
[1.009s]   /opt/ros/jazzy/share/rosidl_cmake/cmake/rosidl_generate_interfaces.cmake:132 (rosidl_adapt_interfaces)
[1.009s]   CMakeLists.txt:7 (rosidl_generate_interfaces)
[1.009s] 
[1.009s] [0m
[1.010s] -- Configuring incomplete, errors occurred!
[1.015s] Invoked command in '/home/koji/robotics/robotics-learning/beginner_client_libs/my_workspace/build/tut_interfaces' returned '1': CMAKE_PREFIX_PATH=${CMAKE_PREFIX_PATH}:/opt/ros/jazzy DEBUGINFOD_URLS=https://debuginfod.ubuntu.com /usr/bin/cmake /home/koji/robotics/robotics-learning/beginner_client_libs/my_workspace/src/tut_interfaces -DAMENT_CMAKE_SYMLINK_INSTALL=1 -DCMAKE_INSTALL_PREFIX=/home/koji/robotics/robotics-learning/beginner_client_libs/my_workspace/install/tut_interfaces
