[0.033s] Invoking command in '/home/koji/robotics/robotics-learning/project_ws/build/irrigation_interfaces': CMAKE_PREFIX_PATH=${CMAKE_PREFIX_PATH}:/opt/ros/jazzy DEBUGINFOD_URLS=https://debuginfod.ubuntu.com /usr/bin/cmake --build /home/koji/robotics/robotics-learning/project_ws/build/irrigation_interfaces -- -j12 -l12
[0.471s] [  5%] Built target irrigation_interfaces__rosidl_generator_type_description
[0.472s] [  5%] Built target irrigation_interfaces__rs
[0.472s] [  5%] Built target ament_cmake_python_symlink_irrigation_interfaces
[0.472s] [  8%] Built target irrigation_interfaces__cpp
[0.473s] [ 22%] Built target irrigation_interfaces__rosidl_generator_c
[0.473s] [ 40%] Built target irrigation_interfaces__rosidl_typesupport_c
[0.473s] [ 40%] Built target irrigation_interfaces__rosidl_typesupport_introspection_c
[0.473s] [ 57%] Built target irrigation_interfaces__rosidl_typesupport_fastrtps_cpp
[0.473s] [ 57%] Built target irrigation_interfaces__rosidl_typesupport_fastrtps_c
[0.474s] [ 74%] Built target irrigation_interfaces__rosidl_typesupport_cpp
[0.474s] [ 74%] Built target irrigation_interfaces__rosidl_typesupport_introspection_cpp
[0.474s] [ 74%] Built target irrigation_interfaces
[0.475s] [ 77%] Built target irrigation_interfaces__py
[0.475s] [ 82%] Built target irrigation_interfaces__rosidl_generator_py
[0.475s] [ 88%] Built target irrigation_interfaces_s__rosidl_typesupport_introspection_c
[0.475s] [ 94%] Built target irrigation_interfaces_s__rosidl_typesupport_fastrtps_c
[0.475s] [100%] Built target irrigation_interfaces_s__rosidl_typesupport_c
[0.552s] running egg_info
[0.584s] writing irrigation_interfaces.egg-info/PKG-INFO
[0.584s] writing dependency_links to irrigation_interfaces.egg-info/dependency_links.txt
[0.585s] writing top-level names to irrigation_interfaces.egg-info/top_level.txt
[0.669s] reading manifest file 'irrigation_interfaces.egg-info/SOURCES.txt'
[0.670s] writing manifest file 'irrigation_interfaces.egg-info/SOURCES.txt'
[0.758s] [100%] Built target ament_cmake_python_build_irrigation_interfaces_egg
[0.865s] Invoked command in '/home/koji/robotics/robotics-learning/project_ws/build/irrigation_interfaces' returned '0': CMAKE_PREFIX_PATH=${CMAKE_PREFIX_PATH}:/opt/ros/jazzy DEBUGINFOD_URLS=https://debuginfod.ubuntu.com /usr/bin/cmake --build /home/koji/robotics/robotics-learning/project_ws/build/irrigation_interfaces -- -j12 -l12
[0.895s] Invoking command in '/home/koji/robotics/robotics-learning/project_ws/build/irrigation_interfaces': CMAKE_PREFIX_PATH=${CMAKE_PREFIX_PATH}:/opt/ros/jazzy DEBUGINFOD_URLS=https://debuginfod.ubuntu.com /usr/bin/cmake --install /home/koji/robotics/robotics-learning/project_ws/build/irrigation_interfaces
[0.912s] -- Install configuration: ""
[0.913s] -- Execute custom install script
[0.913s] -- Up-to-date symlink: /home/koji/robotics/robotics-learning/project_ws/install/irrigation_interfaces/share/ament_index/resource_index/rosidl_interfaces/irrigation_interfaces
[0.913s] -- Up-to-date symlink: /home/koji/robotics/robotics-learning/project_ws/install/irrigation_interfaces/share/irrigation_interfaces/srv/SmartIrrigator.json
[0.914s] -- Up-to-date symlink: /home/koji/robotics/robotics-learning/project_ws/install/irrigation_interfaces/include/irrigation_interfaces/irrigation_interfaces/msg/rosidl_generator_c__visibility_control.h
[0.915s] -- Up-to-date symlink: /home/koji/robotics/robotics-learning/project_ws/install/irrigation_interfaces/include/irrigation_interfaces/irrigation_interfaces/srv/detail/smart_irrigator__functions.h
[0.915s] -- Up-to-date symlink: /home/koji/robotics/robotics-learning/project_ws/install/irrigation_interfaces/include/irrigation_interfaces/irrigation_interfaces/srv/detail/smart_irrigator__struct.h
[0.915s] -- Up-to-date symlink: /home/koji/robotics/robotics-learning/project_ws/install/irrigation_interfaces/include/irrigation_interfaces/irrigation_interfaces/srv/detail/smart_irrigator__type_support.h
[0.915s] -- Up-to-date symlink: /home/koji/robotics/robotics-learning/project_ws/install/irrigation_interfaces/include/irrigation_interfaces/irrigation_interfaces/srv/smart_irrigator.h
[0.915s] -- Up-to-date symlink: /home/koji/robotics/robotics-learning/project_ws/install/irrigation_interfaces/share/irrigation_interfaces/environment/library_path.sh
[0.916s] -- Up-to-date symlink: /home/koji/robotics/robotics-learning/project_ws/install/irrigation_interfaces/share/irrigation_interfaces/environment/library_path.dsv
[0.917s] -- Up-to-date symlink: /home/koji/robotics/robotics-learning/project_ws/install/irrigation_interfaces/include/irrigation_interfaces/irrigation_interfaces/msg/rosidl_typesupport_fastrtps_c__visibility_control.h
[0.917s] -- Up-to-date symlink: /home/koji/robotics/robotics-learning/project_ws/install/irrigation_interfaces/include/irrigation_interfaces/irrigation_interfaces/srv/detail/smart_irrigator__rosidl_typesupport_fastrtps_c.h
[0.918s] -- Up-to-date symlink: /home/koji/robotics/robotics-learning/project_ws/install/irrigation_interfaces/include/irrigation_interfaces/irrigation_interfaces/msg/rosidl_typesupport_introspection_c__visibility_control.h
[0.918s] -- Up-to-date symlink: /home/koji/robotics/robotics-learning/project_ws/install/irrigation_interfaces/include/irrigation_interfaces/irrigation_interfaces/srv/detail/smart_irrigator__rosidl_typesupport_introspection_c.h
[0.919s] -- Up-to-date symlink: /home/koji/robotics/robotics-learning/project_ws/install/irrigation_interfaces/include/irrigation_interfaces/irrigation_interfaces/msg/rosidl_generator_cpp__visibility_control.hpp
[0.919s] -- Up-to-date symlink: /home/koji/robotics/robotics-learning/project_ws/install/irrigation_interfaces/include/irrigation_interfaces/irrigation_interfaces/srv/detail/smart_irrigator__builder.hpp
[0.919s] -- Up-to-date symlink: /home/koji/robotics/robotics-learning/project_ws/install/irrigation_interfaces/include/irrigation_interfaces/irrigation_interfaces/srv/detail/smart_irrigator__struct.hpp
[0.919s] -- Up-to-date symlink: /home/koji/robotics/robotics-learning/project_ws/install/irrigation_interfaces/include/irrigation_interfaces/irrigation_interfaces/srv/detail/smart_irrigator__traits.hpp
[0.919s] -- Up-to-date symlink: /home/koji/robotics/robotics-learning/project_ws/install/irrigation_interfaces/include/irrigation_interfaces/irrigation_interfaces/srv/detail/smart_irrigator__type_support.hpp
[0.920s] -- Up-to-date symlink: /home/koji/robotics/robotics-learning/project_ws/install/irrigation_interfaces/include/irrigation_interfaces/irrigation_interfaces/srv/smart_irrigator.hpp
[0.921s] -- Up-to-date symlink: /home/koji/robotics/robotics-learning/project_ws/install/irrigation_interfaces/include/irrigation_interfaces/irrigation_interfaces/msg/rosidl_typesupport_fastrtps_cpp__visibility_control.h
[0.921s] -- Up-to-date symlink: /home/koji/robotics/robotics-learning/project_ws/install/irrigation_interfaces/include/irrigation_interfaces/irrigation_interfaces/srv/detail/smart_irrigator__rosidl_typesupport_fastrtps_cpp.hpp
[0.921s] -- Up-to-date symlink: /home/koji/robotics/robotics-learning/project_ws/install/irrigation_interfaces/include/irrigation_interfaces/irrigation_interfaces/srv/detail/smart_irrigator__rosidl_typesupport_introspection_cpp.hpp
[0.922s] -- Up-to-date symlink: /home/koji/robotics/robotics-learning/project_ws/install/irrigation_interfaces/share/irrigation_interfaces/environment/pythonpath.sh
[0.922s] -- Up-to-date symlink: /home/koji/robotics/robotics-learning/project_ws/install/irrigation_interfaces/share/irrigation_interfaces/environment/pythonpath.dsv
[0.923s] -- Up-to-date symlink: /home/koji/robotics/robotics-learning/project_ws/install/irrigation_interfaces/lib/python3.12/site-packages/irrigation_interfaces-0.0.0-py3.12.egg-info/PKG-INFO
[0.923s] -- Up-to-date symlink: /home/koji/robotics/robotics-learning/project_ws/install/irrigation_interfaces/lib/python3.12/site-packages/irrigation_interfaces-0.0.0-py3.12.egg-info/SOURCES.txt
[0.923s] -- Up-to-date symlink: /home/koji/robotics/robotics-learning/project_ws/install/irrigation_interfaces/lib/python3.12/site-packages/irrigation_interfaces-0.0.0-py3.12.egg-info/dependency_links.txt
[0.923s] -- Up-to-date symlink: /home/koji/robotics/robotics-learning/project_ws/install/irrigation_interfaces/lib/python3.12/site-packages/irrigation_interfaces-0.0.0-py3.12.egg-info/top_level.txt
[0.924s] -- Up-to-date symlink: /home/koji/robotics/robotics-learning/project_ws/install/irrigation_interfaces/lib/python3.12/site-packages/irrigation_interfaces/__init__.py
[0.925s] -- Up-to-date symlink: /home/koji/robotics/robotics-learning/project_ws/install/irrigation_interfaces/lib/python3.12/site-packages/irrigation_interfaces/_irrigation_interfaces_s.ep.rosidl_typesupport_c.c
[0.925s] -- Up-to-date symlink: /home/koji/robotics/robotics-learning/project_ws/install/irrigation_interfaces/lib/python3.12/site-packages/irrigation_interfaces/_irrigation_interfaces_s.ep.rosidl_typesupport_fastrtps_c.c
[0.925s] -- Up-to-date symlink: /home/koji/robotics/robotics-learning/project_ws/install/irrigation_interfaces/lib/python3.12/site-packages/irrigation_interfaces/_irrigation_interfaces_s.ep.rosidl_typesupport_introspection_c.c
[0.925s] -- Up-to-date symlink: /home/koji/robotics/robotics-learning/project_ws/install/irrigation_interfaces/lib/python3.12/site-packages/irrigation_interfaces/irrigation_interfaces_s__rosidl_typesupport_c.so
[0.925s] -- Up-to-date symlink: /home/koji/robotics/robotics-learning/project_ws/install/irrigation_interfaces/lib/python3.12/site-packages/irrigation_interfaces/irrigation_interfaces_s__rosidl_typesupport_fastrtps_c.so
[0.926s] -- Up-to-date symlink: /home/koji/robotics/robotics-learning/project_ws/install/irrigation_interfaces/lib/python3.12/site-packages/irrigation_interfaces/irrigation_interfaces_s__rosidl_typesupport_introspection_c.so
[0.926s] -- Up-to-date symlink: /home/koji/robotics/robotics-learning/project_ws/install/irrigation_interfaces/lib/python3.12/site-packages/irrigation_interfaces/srv/__init__.py
[0.926s] -- Up-to-date symlink: /home/koji/robotics/robotics-learning/project_ws/install/irrigation_interfaces/lib/python3.12/site-packages/irrigation_interfaces/srv/_smart_irrigator.py
[0.926s] -- Up-to-date symlink: /home/koji/robotics/robotics-learning/project_ws/install/irrigation_interfaces/lib/python3.12/site-packages/irrigation_interfaces/srv/_smart_irrigator_s.c
[0.927s] -- Up-to-date symlink: /home/koji/robotics/robotics-learning/project_ws/install/irrigation_interfaces/lib/python3.12/site-packages/irrigation_interfaces/irrigation_interfaces_s__rosidl_typesupport_fastrtps_c.so
[0.927s] -- Up-to-date symlink: /home/koji/robotics/robotics-learning/project_ws/install/irrigation_interfaces/lib/python3.12/site-packages/irrigation_interfaces/irrigation_interfaces_s__rosidl_typesupport_introspection_c.so
[0.928s] -- Up-to-date symlink: /home/koji/robotics/robotics-learning/project_ws/install/irrigation_interfaces/lib/python3.12/site-packages/irrigation_interfaces/irrigation_interfaces_s__rosidl_typesupport_c.so
[0.928s] -- Up-to-date symlink: /home/koji/robotics/robotics-learning/project_ws/install/irrigation_interfaces/share/ament_index/resource_index/rust_packages/irrigation_interfaces
[0.929s] -- Up-to-date symlink: /home/koji/robotics/robotics-learning/project_ws/install/irrigation_interfaces/share/irrigation_interfaces/rust/Cargo.toml
[0.929s] -- Up-to-date symlink: /home/koji/robotics/robotics-learning/project_ws/install/irrigation_interfaces/share/irrigation_interfaces/rust/build.rs
[0.929s] -- Up-to-date symlink: /home/koji/robotics/robotics-learning/project_ws/install/irrigation_interfaces/share/irrigation_interfaces/rust/src/lib.rs
[0.929s] -- Up-to-date symlink: /home/koji/robotics/robotics-learning/project_ws/install/irrigation_interfaces/share/irrigation_interfaces/rust/src/srv.rs
[0.930s] -- Up-to-date symlink: /home/koji/robotics/robotics-learning/project_ws/install/irrigation_interfaces/share/irrigation_interfaces/rust/src/srv/rmw.rs
[0.930s] -- Up-to-date symlink: /home/koji/robotics/robotics-learning/project_ws/install/irrigation_interfaces/share/irrigation_interfaces/srv/SmartIrrigator.idl
[0.930s] -- Up-to-date symlink: /home/koji/robotics/robotics-learning/project_ws/install/irrigation_interfaces/share/irrigation_interfaces/srv/SmartIrrigator.srv
[0.930s] -- Up-to-date symlink: /home/koji/robotics/robotics-learning/project_ws/install/irrigation_interfaces/share/ament_index/resource_index/package_run_dependencies/irrigation_interfaces
[0.931s] -- Up-to-date symlink: /home/koji/robotics/robotics-learning/project_ws/install/irrigation_interfaces/share/ament_index/resource_index/parent_prefix_path/irrigation_interfaces
[0.931s] -- Up-to-date symlink: /home/koji/robotics/robotics-learning/project_ws/install/irrigation_interfaces/share/irrigation_interfaces/environment/ament_prefix_path.sh
[0.931s] -- Up-to-date symlink: /home/koji/robotics/robotics-learning/project_ws/install/irrigation_interfaces/share/irrigation_interfaces/environment/ament_prefix_path.dsv
[0.932s] -- Up-to-date symlink: /home/koji/robotics/robotics-learning/project_ws/install/irrigation_interfaces/share/irrigation_interfaces/environment/path.sh
[0.932s] -- Up-to-date symlink: /home/koji/robotics/robotics-learning/project_ws/install/irrigation_interfaces/share/irrigation_interfaces/environment/path.dsv
[0.932s] -- Up-to-date symlink: /home/koji/robotics/robotics-learning/project_ws/install/irrigation_interfaces/share/irrigation_interfaces/local_setup.bash
[0.932s] -- Up-to-date symlink: /home/koji/robotics/robotics-learning/project_ws/install/irrigation_interfaces/share/irrigation_interfaces/local_setup.sh
[0.933s] -- Up-to-date symlink: /home/koji/robotics/robotics-learning/project_ws/install/irrigation_interfaces/share/irrigation_interfaces/local_setup.zsh
[0.933s] -- Up-to-date symlink: /home/koji/robotics/robotics-learning/project_ws/install/irrigation_interfaces/share/irrigation_interfaces/local_setup.dsv
[0.933s] -- Symlinking: /home/koji/robotics/robotics-learning/project_ws/install/irrigation_interfaces/share/irrigation_interfaces/package.dsv
[0.955s] -- Up-to-date symlink: /home/koji/robotics/robotics-learning/project_ws/install/irrigation_interfaces/share/ament_index/resource_index/packages/irrigation_interfaces
[0.956s] -- Up-to-date symlink: /home/koji/robotics/robotics-learning/project_ws/install/irrigation_interfaces/share/irrigation_interfaces/cmake/rosidl_cmake-extras.cmake
[0.956s] -- Up-to-date symlink: /home/koji/robotics/robotics-learning/project_ws/install/irrigation_interfaces/share/irrigation_interfaces/cmake/ament_cmake_export_dependencies-extras.cmake
[0.956s] -- Up-to-date symlink: /home/koji/robotics/robotics-learning/project_ws/install/irrigation_interfaces/share/irrigation_interfaces/cmake/ament_cmake_export_include_directories-extras.cmake
[0.956s] -- Up-to-date symlink: /home/koji/robotics/robotics-learning/project_ws/install/irrigation_interfaces/share/irrigation_interfaces/cmake/ament_cmake_export_libraries-extras.cmake
[0.957s] -- Up-to-date symlink: /home/koji/robotics/robotics-learning/project_ws/install/irrigation_interfaces/share/irrigation_interfaces/cmake/ament_cmake_export_targets-extras.cmake
[0.957s] -- Up-to-date symlink: /home/koji/robotics/robotics-learning/project_ws/install/irrigation_interfaces/share/irrigation_interfaces/cmake/rosidl_cmake_export_typesupport_targets-extras.cmake
[0.957s] -- Up-to-date symlink: /home/koji/robotics/robotics-learning/project_ws/install/irrigation_interfaces/share/irrigation_interfaces/cmake/rosidl_cmake_export_typesupport_libraries-extras.cmake
[0.957s] -- Up-to-date symlink: /home/koji/robotics/robotics-learning/project_ws/install/irrigation_interfaces/share/irrigation_interfaces/cmake/rosidl_cmake_aggregate_target-extras.cmake
[0.958s] -- Up-to-date symlink: /home/koji/robotics/robotics-learning/project_ws/install/irrigation_interfaces/share/irrigation_interfaces/cmake/irrigation_interfacesConfig.cmake
[0.958s] -- Up-to-date symlink: /home/koji/robotics/robotics-learning/project_ws/install/irrigation_interfaces/share/irrigation_interfaces/cmake/irrigation_interfacesConfig-version.cmake
[0.962s] -- Up-to-date symlink: /home/koji/robotics/robotics-learning/project_ws/install/irrigation_interfaces/share/irrigation_interfaces/package.xml
[0.962s] -- Up-to-date: /home/koji/robotics/robotics-learning/project_ws/install/irrigation_interfaces/lib/libirrigation_interfaces__rosidl_generator_c.so
[0.962s] -- Up-to-date: /home/koji/robotics/robotics-learning/project_ws/install/irrigation_interfaces/lib/libirrigation_interfaces__rosidl_typesupport_fastrtps_c.so
[0.962s] -- Up-to-date: /home/koji/robotics/robotics-learning/project_ws/install/irrigation_interfaces/lib/libirrigation_interfaces__rosidl_typesupport_introspection_c.so
[0.963s] -- Up-to-date: /home/koji/robotics/robotics-learning/project_ws/install/irrigation_interfaces/lib/libirrigation_interfaces__rosidl_typesupport_c.so
[0.963s] -- Up-to-date: /home/koji/robotics/robotics-learning/project_ws/install/irrigation_interfaces/lib/libirrigation_interfaces__rosidl_typesupport_fastrtps_cpp.so
[0.963s] -- Up-to-date: /home/koji/robotics/robotics-learning/project_ws/install/irrigation_interfaces/lib/libirrigation_interfaces__rosidl_typesupport_introspection_cpp.so
[0.963s] -- Up-to-date: /home/koji/robotics/robotics-learning/project_ws/install/irrigation_interfaces/lib/libirrigation_interfaces__rosidl_typesupport_cpp.so
[1.047s] Listing '/home/koji/robotics/robotics-learning/project_ws/install/irrigation_interfaces/lib/python3.12/site-packages/irrigation_interfaces'...
[1.048s] Listing '/home/koji/robotics/robotics-learning/project_ws/install/irrigation_interfaces/lib/python3.12/site-packages/irrigation_interfaces/srv'...
[1.077s] -- Up-to-date: /home/koji/robotics/robotics-learning/project_ws/install/irrigation_interfaces/lib/libirrigation_interfaces__rosidl_generator_py.so
[1.077s] -- Up-to-date: /home/koji/robotics/robotics-learning/project_ws/install/irrigation_interfaces/share/irrigation_interfaces/cmake/export_irrigation_interfaces__rosidl_generator_cExport.cmake
[1.078s] -- Up-to-date: /home/koji/robotics/robotics-learning/project_ws/install/irrigation_interfaces/share/irrigation_interfaces/cmake/export_irrigation_interfaces__rosidl_generator_cExport-noconfig.cmake
[1.078s] -- Up-to-date: /home/koji/robotics/robotics-learning/project_ws/install/irrigation_interfaces/share/irrigation_interfaces/cmake/export_irrigation_interfaces__rosidl_typesupport_fastrtps_cExport.cmake
[1.078s] -- Up-to-date: /home/koji/robotics/robotics-learning/project_ws/install/irrigation_interfaces/share/irrigation_interfaces/cmake/export_irrigation_interfaces__rosidl_typesupport_fastrtps_cExport-noconfig.cmake
[1.081s] -- Up-to-date: /home/koji/robotics/robotics-learning/project_ws/install/irrigation_interfaces/share/irrigation_interfaces/cmake/irrigation_interfaces__rosidl_typesupport_introspection_cExport.cmake
[1.081s] -- Up-to-date: /home/koji/robotics/robotics-learning/project_ws/install/irrigation_interfaces/share/irrigation_interfaces/cmake/irrigation_interfaces__rosidl_typesupport_introspection_cExport-noconfig.cmake
[1.082s] -- Up-to-date: /home/koji/robotics/robotics-learning/project_ws/install/irrigation_interfaces/share/irrigation_interfaces/cmake/irrigation_interfaces__rosidl_typesupport_cExport.cmake
[1.082s] -- Up-to-date: /home/koji/robotics/robotics-learning/project_ws/install/irrigation_interfaces/share/irrigation_interfaces/cmake/irrigation_interfaces__rosidl_typesupport_cExport-noconfig.cmake
[1.082s] -- Up-to-date: /home/koji/robotics/robotics-learning/project_ws/install/irrigation_interfaces/share/irrigation_interfaces/cmake/export_irrigation_interfaces__rosidl_generator_cppExport.cmake
[1.082s] -- Up-to-date: /home/koji/robotics/robotics-learning/project_ws/install/irrigation_interfaces/share/irrigation_interfaces/cmake/export_irrigation_interfaces__rosidl_typesupport_fastrtps_cppExport.cmake
[1.083s] -- Up-to-date: /home/koji/robotics/robotics-learning/project_ws/install/irrigation_interfaces/share/irrigation_interfaces/cmake/export_irrigation_interfaces__rosidl_typesupport_fastrtps_cppExport-noconfig.cmake
[1.083s] -- Up-to-date: /home/koji/robotics/robotics-learning/project_ws/install/irrigation_interfaces/share/irrigation_interfaces/cmake/irrigation_interfaces__rosidl_typesupport_introspection_cppExport.cmake
[1.084s] -- Up-to-date: /home/koji/robotics/robotics-learning/project_ws/install/irrigation_interfaces/share/irrigation_interfaces/cmake/irrigation_interfaces__rosidl_typesupport_introspection_cppExport-noconfig.cmake
[1.084s] -- Up-to-date: /home/koji/robotics/robotics-learning/project_ws/install/irrigation_interfaces/share/irrigation_interfaces/cmake/irrigation_interfaces__rosidl_typesupport_cppExport.cmake
[1.084s] -- Up-to-date: /home/koji/robotics/robotics-learning/project_ws/install/irrigation_interfaces/share/irrigation_interfaces/cmake/irrigation_interfaces__rosidl_typesupport_cppExport-noconfig.cmake
[1.084s] -- Up-to-date: /home/koji/robotics/robotics-learning/project_ws/install/irrigation_interfaces/share/irrigation_interfaces/cmake/export_irrigation_interfaces__rosidl_generator_pyExport.cmake
[1.085s] -- Up-to-date: /home/koji/robotics/robotics-learning/project_ws/install/irrigation_interfaces/share/irrigation_interfaces/cmake/export_irrigation_interfaces__rosidl_generator_pyExport-noconfig.cmake
[1.086s] Invoked command in '/home/koji/robotics/robotics-learning/project_ws/build/irrigation_interfaces' returned '0': CMAKE_PREFIX_PATH=${CMAKE_PREFIX_PATH}:/opt/ros/jazzy DEBUGINFOD_URLS=https://debuginfod.ubuntu.com /usr/bin/cmake --install /home/koji/robotics/robotics-learning/project_ws/build/irrigation_interfaces
