[2.000s] Invoking command in '/home/koji/robotics/robotics-learning/project_ws/build/smart_greenhouse_controller': AMENT_PREFIX_PATH=/home/koji/robotics/robotics-learning/project_ws/install/greenhouse_interfaces:${AMENT_PREFIX_PATH} CMAKE_PREFIX_PATH=/home/koji/robotics/robotics-learning/project_ws/install/greenhouse_interfaces:${CMAKE_PREFIX_PATH} DEBUGINFOD_URLS=https://debuginfod.ubuntu.com PYTHONPATH=/home/koji/robotics/robotics-learning/project_ws/build/smart_greenhouse_controller/prefix_override:/usr/lib/python3/dist-packages/colcon_core/task/python/colcon_distutils_commands:/home/koji/robotics/robotics-learning/project_ws/install/smart_greenhouse_controller/lib/python3.12/site-packages:${PYTHONPATH} /usr/bin/python3 -W ignore:setup.py install is deprecated -W ignore:easy_install command is deprecated setup.py develop --editable --build-directory /home/koji/robotics/robotics-learning/project_ws/build/smart_greenhouse_controller/build --no-deps symlink_data
[2.445s] running develop
[2.717s] running egg_info
[2.717s] creating smart_greenhouse_controller.egg-info
[2.743s] writing smart_greenhouse_controller.egg-info/PKG-INFO
[2.743s] writing dependency_links to smart_greenhouse_controller.egg-info/dependency_links.txt
[2.744s] writing entry points to smart_greenhouse_controller.egg-info/entry_points.txt
[2.744s] writing requirements to smart_greenhouse_controller.egg-info/requires.txt
[2.744s] writing top-level names to smart_greenhouse_controller.egg-info/top_level.txt
[2.744s] writing manifest file 'smart_greenhouse_controller.egg-info/SOURCES.txt'
[2.797s] reading manifest file 'smart_greenhouse_controller.egg-info/SOURCES.txt'
[2.797s] writing manifest file 'smart_greenhouse_controller.egg-info/SOURCES.txt'
[2.825s] running build_ext
[2.825s] Creating /home/koji/robotics/robotics-learning/project_ws/install/smart_greenhouse_controller/lib/python3.12/site-packages/smart-greenhouse-controller.egg-link (link to .)
[2.826s] Installing pub script to /home/koji/robotics/robotics-learning/project_ws/install/smart_greenhouse_controller/lib/smart_greenhouse_controller
[2.826s] Installing sub script to /home/koji/robotics/robotics-learning/project_ws/install/smart_greenhouse_controller/lib/smart_greenhouse_controller
[2.826s] 
[2.827s] Installed /home/koji/robotics/robotics-learning/project_ws/build/smart_greenhouse_controller
[2.827s] running symlink_data
[2.827s] creating /home/koji/robotics/robotics-learning/project_ws/install/smart_greenhouse_controller/share/ament_index
[2.827s] creating /home/koji/robotics/robotics-learning/project_ws/install/smart_greenhouse_controller/share/ament_index/resource_index
[2.828s] creating /home/koji/robotics/robotics-learning/project_ws/install/smart_greenhouse_controller/share/ament_index/resource_index/packages
[2.828s] symbolically linking /home/koji/robotics/robotics-learning/project_ws/build/smart_greenhouse_controller/resource/smart_greenhouse_controller -> /home/koji/robotics/robotics-learning/project_ws/install/smart_greenhouse_controller/share/ament_index/resource_index/packages
[2.828s] symbolically linking /home/koji/robotics/robotics-learning/project_ws/build/smart_greenhouse_controller/package.xml -> /home/koji/robotics/robotics-learning/project_ws/install/smart_greenhouse_controller/share/smart_greenhouse_controller
[2.881s] Invoked command in '/home/koji/robotics/robotics-learning/project_ws/build/smart_greenhouse_controller' returned '0': AMENT_PREFIX_PATH=/home/koji/robotics/robotics-learning/project_ws/install/greenhouse_interfaces:${AMENT_PREFIX_PATH} CMAKE_PREFIX_PATH=/home/koji/robotics/robotics-learning/project_ws/install/greenhouse_interfaces:${CMAKE_PREFIX_PATH} DEBUGINFOD_URLS=https://debuginfod.ubuntu.com PYTHONPATH=/home/koji/robotics/robotics-learning/project_ws/build/smart_greenhouse_controller/prefix_override:/usr/lib/python3/dist-packages/colcon_core/task/python/colcon_distutils_commands:/home/koji/robotics/robotics-learning/project_ws/install/smart_greenhouse_controller/lib/python3.12/site-packages:${PYTHONPATH} /usr/bin/python3 -W ignore:setup.py install is deprecated -W ignore:easy_install command is deprecated setup.py develop --editable --build-directory /home/koji/robotics/robotics-learning/project_ws/build/smart_greenhouse_controller/build --no-deps symlink_data
