[2.396s] Invoking command in '/home/koji/robotics/robotics-learning/project_ws/build/temperature_monitor_pkg': DEBUGINFOD_URLS=https://debuginfod.ubuntu.com PYTHONPATH=/home/koji/robotics/robotics-learning/project_ws/build/temperature_monitor_pkg/prefix_override:/usr/lib/python3/dist-packages/colcon_core/task/python/colcon_distutils_commands:/home/koji/robotics/robotics-learning/project_ws/install/temperature_monitor_pkg/lib/python3.12/site-packages:${PYTHONPATH} /usr/bin/python3 -W ignore:setup.py install is deprecated -W ignore:easy_install command is deprecated setup.py develop --editable --build-directory /home/koji/robotics/robotics-learning/project_ws/build/temperature_monitor_pkg/build --no-deps symlink_data
[2.833s] running develop
[3.112s] running egg_info
[3.139s] writing temperature_monitor_pkg.egg-info/PKG-INFO
[3.139s] writing dependency_links to temperature_monitor_pkg.egg-info/dependency_links.txt
[3.139s] writing entry points to temperature_monitor_pkg.egg-info/entry_points.txt
[3.139s] writing requirements to temperature_monitor_pkg.egg-info/requires.txt
[3.140s] writing top-level names to temperature_monitor_pkg.egg-info/top_level.txt
[3.193s] reading manifest file 'temperature_monitor_pkg.egg-info/SOURCES.txt'
[3.194s] writing manifest file 'temperature_monitor_pkg.egg-info/SOURCES.txt'
[3.222s] running build_ext
[3.222s] Creating /home/koji/robotics/robotics-learning/project_ws/install/temperature_monitor_pkg/lib/python3.12/site-packages/temperature-monitor-pkg.egg-link (link to .)
[3.223s] Installing listener script to /home/koji/robotics/robotics-learning/project_ws/install/temperature_monitor_pkg/lib/temperature_monitor_pkg
[3.224s] Installing talker script to /home/koji/robotics/robotics-learning/project_ws/install/temperature_monitor_pkg/lib/temperature_monitor_pkg
[3.224s] 
[3.224s] Installed /home/koji/robotics/robotics-learning/project_ws/build/temperature_monitor_pkg
[3.224s] running symlink_data
[3.224s] symbolically linking /home/koji/robotics/robotics-learning/project_ws/build/temperature_monitor_pkg/resource/temperature_monitor_pkg -> /home/koji/robotics/robotics-learning/project_ws/install/temperature_monitor_pkg/share/ament_index/resource_index/packages
[3.225s] error: [Errno 17] File exists: '/home/koji/robotics/robotics-learning/project_ws/build/temperature_monitor_pkg/resource/temperature_monitor_pkg' -> '/home/koji/robotics/robotics-learning/project_ws/install/temperature_monitor_pkg/share/ament_index/resource_index/packages/temperature_monitor_pkg'
[3.305s] Invoked command in '/home/koji/robotics/robotics-learning/project_ws/build/temperature_monitor_pkg' returned '1': DEBUGINFOD_URLS=https://debuginfod.ubuntu.com PYTHONPATH=/home/koji/robotics/robotics-learning/project_ws/build/temperature_monitor_pkg/prefix_override:/usr/lib/python3/dist-packages/colcon_core/task/python/colcon_distutils_commands:/home/koji/robotics/robotics-learning/project_ws/install/temperature_monitor_pkg/lib/python3.12/site-packages:${PYTHONPATH} /usr/bin/python3 -W ignore:setup.py install is deprecated -W ignore:easy_install command is deprecated setup.py develop --editable --build-directory /home/koji/robotics/robotics-learning/project_ws/build/temperature_monitor_pkg/build --no-deps symlink_data
