-- Found ament_cmake: 2.5.6 (/opt/ros/jazzy/share/ament_cmake/cmake)
-- Override CMake install command with custom implementation using symlinks instead of copying resources
-- Found rosidl_default_generators: 1.6.1 (/opt/ros/jazzy/share/rosidl_default_generators/cmake)
-- Using all available rosidl_typesupport_c: rosidl_typesupport_fastrtps_c;rosidl_typesupport_introspection_c
-- Using all available rosidl_typesupport_cpp: rosidl_typesupport_fastrtps_cpp;rosidl_typesupport_introspection_cpp
-- Found rosidl_adapter: 4.6.9 (/opt/ros/jazzy/share/rosidl_adapter/cmake)
-- Found ament_cmake_ros: 0.12.1 (/opt/ros/jazzy/share/ament_cmake_ros/cmake)
-- Using all available rosidl_typesupport_c: rosidl_typesupport_fastrtps_c;rosidl_typesupport_introspection_c
-- Using all available rosidl_typesupport_cpp: rosidl_typesupport_fastrtps_cpp;rosidl_typesupport_introspection_cpp
-- Found python_cmake_module: 0.11.1 (/opt/ros/jazzy/share/python_cmake_module/cmake)
-- Found Python3: /usr/bin/python3 (found version "3.12.3") found components: Interpreter Development NumPy Development.Module Development.Embed 
-- Found Python3: /usr/bin/python3 (found version "3.12.3") found components: Interpreter 
-- Found ament_lint_auto: 0.17.5 (/opt/ros/jazzy/share/ament_lint_auto/cmake)
-- Added test 'lint_cmake' to check CMake code style
-- Added test 'xmllint' to check XML markup files
-- Configuring done (1.3s)
-- Generating done (0.0s)
-- Build files have been written to: /home/koji/robotics/robotics-learning/project_ws/build/greenhouse_interfaces
[  2%] [34m[1mGenerating Rust code for ROS interfaces[0m
[  4%] [34m[1mGenerating type hashes for ROS interfaces[0m
[  4%] Built target ament_cmake_python_symlink_greenhouse_interfaces
running egg_info
[  4%] Built target greenhouse_interfaces__rosidl_generator_type_description
[  6%] [34m[1mGenerating C code for ROS interfaces[0m
writing greenhouse_interfaces.egg-info/PKG-INFO
writing dependency_links to greenhouse_interfaces.egg-info/dependency_links.txt
writing top-level names to greenhouse_interfaces.egg-info/top_level.txt
[  8%] [34m[1mGenerating C++ code for ROS interfaces[0m
[  8%] Built target greenhouse_interfaces__rs
reading manifest file 'greenhouse_interfaces.egg-info/SOURCES.txt'
writing manifest file 'greenhouse_interfaces.egg-info/SOURCES.txt'
[  8%] Built target ament_cmake_python_build_greenhouse_interfaces_egg
[  8%] Built target greenhouse_interfaces__cpp
[ 15%] [32mBuilding C object CMakeFiles/greenhouse_interfaces__rosidl_generator_c.dir/rosidl_generator_c/greenhouse_interfaces/msg/detail/sensor__functions.c.o[0m
[ 15%] [32mBuilding C object CMakeFiles/greenhouse_interfaces__rosidl_generator_c.dir/rosidl_generator_c/greenhouse_interfaces/msg/detail/sensor__description.c.o[0m
[ 17%] [32mBuilding C object CMakeFiles/greenhouse_interfaces__rosidl_generator_c.dir/rosidl_generator_c/greenhouse_interfaces/srv/detail/sensor__description.c.o[0m
[ 17%] [32mBuilding C object CMakeFiles/greenhouse_interfaces__rosidl_generator_c.dir/rosidl_generator_c/greenhouse_interfaces/msg/detail/sensor__type_support.c.o[0m
[ 20%] [32mBuilding C object CMakeFiles/greenhouse_interfaces__rosidl_generator_c.dir/rosidl_generator_c/greenhouse_interfaces/srv/detail/sensor__type_support.c.o[0m
[ 22%] [32mBuilding C object CMakeFiles/greenhouse_interfaces__rosidl_generator_c.dir/rosidl_generator_c/greenhouse_interfaces/srv/detail/sensor__functions.c.o[0m
[ 24%] [32m[1mLinking C shared library libgreenhouse_interfaces__rosidl_generator_c.so[0m
[ 24%] Built target greenhouse_interfaces__rosidl_generator_c
[ 31%] [34m[1mGenerating C type support for eProsima Fast-RTPS[0m
[ 31%] [34m[1mGenerating C introspection for ROS interfaces[0m
[ 31%] [34m[1mGenerating C type support dispatch for ROS interfaces[0m
[ 35%] [34m[1mGenerating C++ type support for eProsima Fast-RTPS[0m
[ 35%] [34m[1mGenerating C++ type support dispatch for ROS interfaces[0m
[ 37%] [34m[1mGenerating C++ introspection for ROS interfaces[0m
[ 40%] [32mBuilding CXX object CMakeFiles/greenhouse_interfaces__rosidl_typesupport_c.dir/rosidl_typesupport_c/greenhouse_interfaces/msg/sensor__type_support.cpp.o[0m
[ 42%] [32mBuilding CXX object CMakeFiles/greenhouse_interfaces__rosidl_typesupport_c.dir/rosidl_typesupport_c/greenhouse_interfaces/srv/sensor__type_support.cpp.o[0m
[ 46%] [32mBuilding CXX object CMakeFiles/greenhouse_interfaces__rosidl_typesupport_cpp.dir/rosidl_typesupport_cpp/greenhouse_interfaces/msg/sensor__type_support.cpp.o[0m
[ 46%] [32mBuilding CXX object CMakeFiles/greenhouse_interfaces__rosidl_typesupport_cpp.dir/rosidl_typesupport_cpp/greenhouse_interfaces/srv/sensor__type_support.cpp.o[0m
[ 51%] [32mBuilding CXX object CMakeFiles/greenhouse_interfaces__rosidl_typesupport_introspection_cpp.dir/rosidl_typesupport_introspection_cpp/greenhouse_interfaces/srv/detail/sensor__type_support.cpp.o[0m
[ 51%] [32mBuilding CXX object CMakeFiles/greenhouse_interfaces__rosidl_typesupport_introspection_cpp.dir/rosidl_typesupport_introspection_cpp/greenhouse_interfaces/msg/detail/sensor__type_support.cpp.o[0m
[ 53%] [32mBuilding C object CMakeFiles/greenhouse_interfaces__rosidl_typesupport_introspection_c.dir/rosidl_typesupport_introspection_c/greenhouse_interfaces/msg/detail/sensor__type_support.c.o[0m
[ 55%] [32m[1mLinking CXX shared library libgreenhouse_interfaces__rosidl_typesupport_c.so[0m
[ 57%] [32mBuilding C object CMakeFiles/greenhouse_interfaces__rosidl_typesupport_introspection_c.dir/rosidl_typesupport_introspection_c/greenhouse_interfaces/srv/detail/sensor__type_support.c.o[0m
[ 60%] [32m[1mLinking C shared library libgreenhouse_interfaces__rosidl_typesupport_introspection_c.so[0m
[ 60%] Built target greenhouse_interfaces__rosidl_typesupport_c
[ 64%] [32mBuilding CXX object CMakeFiles/greenhouse_interfaces__rosidl_typesupport_fastrtps_cpp.dir/rosidl_typesupport_fastrtps_cpp/greenhouse_interfaces/msg/detail/dds_fastrtps/sensor__type_support.cpp.o[0m
[ 64%] [32mBuilding CXX object CMakeFiles/greenhouse_interfaces__rosidl_typesupport_fastrtps_cpp.dir/rosidl_typesupport_fastrtps_cpp/greenhouse_interfaces/srv/detail/dds_fastrtps/sensor__type_support.cpp.o[0m
[ 64%] Built target greenhouse_interfaces__rosidl_typesupport_introspection_c
[ 66%] [32mBuilding CXX object CMakeFiles/greenhouse_interfaces__rosidl_typesupport_fastrtps_c.dir/rosidl_typesupport_fastrtps_c/greenhouse_interfaces/srv/detail/sensor__type_support_c.cpp.o[0m
[ 68%] [32mBuilding CXX object CMakeFiles/greenhouse_interfaces__rosidl_typesupport_fastrtps_c.dir/rosidl_typesupport_fastrtps_c/greenhouse_interfaces/msg/detail/sensor__type_support_c.cpp.o[0m
[ 71%] [32m[1mLinking CXX shared library libgreenhouse_interfaces__rosidl_typesupport_introspection_cpp.so[0m
[ 73%] [32m[1mLinking CXX shared library libgreenhouse_interfaces__rosidl_typesupport_cpp.so[0m
[ 73%] Built target greenhouse_interfaces__rosidl_typesupport_introspection_cpp
[ 73%] Built target greenhouse_interfaces__rosidl_typesupport_cpp
[ 75%] [32m[1mLinking CXX shared library libgreenhouse_interfaces__rosidl_typesupport_fastrtps_c.so[0m
[ 77%] [32m[1mLinking CXX shared library libgreenhouse_interfaces__rosidl_typesupport_fastrtps_cpp.so[0m
[ 77%] Built target greenhouse_interfaces__rosidl_typesupport_fastrtps_c
[ 77%] Built target greenhouse_interfaces__rosidl_typesupport_fastrtps_cpp
[ 77%] Built target greenhouse_interfaces
[ 80%] [34m[1mGenerating Python code for ROS interfaces[0m
[ 80%] Built target greenhouse_interfaces__py
[ 84%] [32mBuilding C object CMakeFiles/greenhouse_interfaces__rosidl_generator_py.dir/rosidl_generator_py/greenhouse_interfaces/srv/_sensor_s.c.o[0m
[ 84%] [32mBuilding C object CMakeFiles/greenhouse_interfaces__rosidl_generator_py.dir/rosidl_generator_py/greenhouse_interfaces/msg/_sensor_s.c.o[0m
[ 86%] [32m[1mLinking C shared library libgreenhouse_interfaces__rosidl_generator_py.so[0m
[ 86%] Built target greenhouse_interfaces__rosidl_generator_py
[ 91%] [32mBuilding C object CMakeFiles/greenhouse_interfaces_s__rosidl_typesupport_fastrtps_c.dir/rosidl_generator_py/greenhouse_interfaces/_greenhouse_interfaces_s.ep.rosidl_typesupport_fastrtps_c.c.o[0m
[ 91%] [32mBuilding C object CMakeFiles/greenhouse_interfaces_s__rosidl_typesupport_introspection_c.dir/rosidl_generator_py/greenhouse_interfaces/_greenhouse_interfaces_s.ep.rosidl_typesupport_introspection_c.c.o[0m
[ 93%] [32mBuilding C object CMakeFiles/greenhouse_interfaces_s__rosidl_typesupport_c.dir/rosidl_generator_py/greenhouse_interfaces/_greenhouse_interfaces_s.ep.rosidl_typesupport_c.c.o[0m
[ 95%] [32m[1mLinking C shared module rosidl_generator_py/greenhouse_interfaces/greenhouse_interfaces_s__rosidl_typesupport_introspection_c.so[0m
[ 97%] [32m[1mLinking C shared module rosidl_generator_py/greenhouse_interfaces/greenhouse_interfaces_s__rosidl_typesupport_fastrtps_c.so[0m
[100%] [32m[1mLinking C shared module rosidl_generator_py/greenhouse_interfaces/greenhouse_interfaces_s__rosidl_typesupport_c.so[0m
[100%] Built target greenhouse_interfaces_s__rosidl_typesupport_introspection_c
[100%] Built target greenhouse_interfaces_s__rosidl_typesupport_fastrtps_c
[100%] Built target greenhouse_interfaces_s__rosidl_typesupport_c
-- Install configuration: ""
-- Execute custom install script
-- Up-to-date symlink: /home/koji/robotics/robotics-learning/project_ws/install/greenhouse_interfaces/share/ament_index/resource_index/rosidl_interfaces/greenhouse_interfaces
-- Up-to-date symlink: /home/koji/robotics/robotics-learning/project_ws/install/greenhouse_interfaces/share/greenhouse_interfaces/msg/Sensor.json
-- Up-to-date symlink: /home/koji/robotics/robotics-learning/project_ws/install/greenhouse_interfaces/share/greenhouse_interfaces/srv/Sensor.json
-- Up-to-date symlink: /home/koji/robotics/robotics-learning/project_ws/install/greenhouse_interfaces/include/greenhouse_interfaces/greenhouse_interfaces/msg/detail/sensor__functions.h
-- Up-to-date symlink: /home/koji/robotics/robotics-learning/project_ws/install/greenhouse_interfaces/include/greenhouse_interfaces/greenhouse_interfaces/msg/detail/sensor__struct.h
-- Up-to-date symlink: /home/koji/robotics/robotics-learning/project_ws/install/greenhouse_interfaces/include/greenhouse_interfaces/greenhouse_interfaces/msg/detail/sensor__type_support.h
-- Up-to-date symlink: /home/koji/robotics/robotics-learning/project_ws/install/greenhouse_interfaces/include/greenhouse_interfaces/greenhouse_interfaces/msg/rosidl_generator_c__visibility_control.h
-- Up-to-date symlink: /home/koji/robotics/robotics-learning/project_ws/install/greenhouse_interfaces/include/greenhouse_interfaces/greenhouse_interfaces/msg/sensor.h
-- Up-to-date symlink: /home/koji/robotics/robotics-learning/project_ws/install/greenhouse_interfaces/include/greenhouse_interfaces/greenhouse_interfaces/srv/detail/sensor__functions.h
-- Up-to-date symlink: /home/koji/robotics/robotics-learning/project_ws/install/greenhouse_interfaces/include/greenhouse_interfaces/greenhouse_interfaces/srv/detail/sensor__struct.h
-- Up-to-date symlink: /home/koji/robotics/robotics-learning/project_ws/install/greenhouse_interfaces/include/greenhouse_interfaces/greenhouse_interfaces/srv/detail/sensor__type_support.h
-- Up-to-date symlink: /home/koji/robotics/robotics-learning/project_ws/install/greenhouse_interfaces/include/greenhouse_interfaces/greenhouse_interfaces/srv/sensor.h
-- Up-to-date symlink: /home/koji/robotics/robotics-learning/project_ws/install/greenhouse_interfaces/share/greenhouse_interfaces/environment/library_path.sh
-- Up-to-date symlink: /home/koji/robotics/robotics-learning/project_ws/install/greenhouse_interfaces/share/greenhouse_interfaces/environment/library_path.dsv
-- Up-to-date symlink: /home/koji/robotics/robotics-learning/project_ws/install/greenhouse_interfaces/include/greenhouse_interfaces/greenhouse_interfaces/msg/detail/sensor__rosidl_typesupport_fastrtps_c.h
-- Up-to-date symlink: /home/koji/robotics/robotics-learning/project_ws/install/greenhouse_interfaces/include/greenhouse_interfaces/greenhouse_interfaces/msg/rosidl_typesupport_fastrtps_c__visibility_control.h
-- Up-to-date symlink: /home/koji/robotics/robotics-learning/project_ws/install/greenhouse_interfaces/include/greenhouse_interfaces/greenhouse_interfaces/srv/detail/sensor__rosidl_typesupport_fastrtps_c.h
-- Up-to-date symlink: /home/koji/robotics/robotics-learning/project_ws/install/greenhouse_interfaces/include/greenhouse_interfaces/greenhouse_interfaces/msg/detail/sensor__rosidl_typesupport_introspection_c.h
-- Up-to-date symlink: /home/koji/robotics/robotics-learning/project_ws/install/greenhouse_interfaces/include/greenhouse_interfaces/greenhouse_interfaces/msg/rosidl_typesupport_introspection_c__visibility_control.h
-- Up-to-date symlink: /home/koji/robotics/robotics-learning/project_ws/install/greenhouse_interfaces/include/greenhouse_interfaces/greenhouse_interfaces/srv/detail/sensor__rosidl_typesupport_introspection_c.h
-- Up-to-date symlink: /home/koji/robotics/robotics-learning/project_ws/install/greenhouse_interfaces/include/greenhouse_interfaces/greenhouse_interfaces/msg/detail/sensor__builder.hpp
-- Up-to-date symlink: /home/koji/robotics/robotics-learning/project_ws/install/greenhouse_interfaces/include/greenhouse_interfaces/greenhouse_interfaces/msg/detail/sensor__struct.hpp
-- Up-to-date symlink: /home/koji/robotics/robotics-learning/project_ws/install/greenhouse_interfaces/include/greenhouse_interfaces/greenhouse_interfaces/msg/detail/sensor__traits.hpp
-- Up-to-date symlink: /home/koji/robotics/robotics-learning/project_ws/install/greenhouse_interfaces/include/greenhouse_interfaces/greenhouse_interfaces/msg/detail/sensor__type_support.hpp
-- Up-to-date symlink: /home/koji/robotics/robotics-learning/project_ws/install/greenhouse_interfaces/include/greenhouse_interfaces/greenhouse_interfaces/msg/rosidl_generator_cpp__visibility_control.hpp
-- Up-to-date symlink: /home/koji/robotics/robotics-learning/project_ws/install/greenhouse_interfaces/include/greenhouse_interfaces/greenhouse_interfaces/msg/sensor.hpp
-- Up-to-date symlink: /home/koji/robotics/robotics-learning/project_ws/install/greenhouse_interfaces/include/greenhouse_interfaces/greenhouse_interfaces/srv/detail/sensor__builder.hpp
-- Up-to-date symlink: /home/koji/robotics/robotics-learning/project_ws/install/greenhouse_interfaces/include/greenhouse_interfaces/greenhouse_interfaces/srv/detail/sensor__struct.hpp
-- Up-to-date symlink: /home/koji/robotics/robotics-learning/project_ws/install/greenhouse_interfaces/include/greenhouse_interfaces/greenhouse_interfaces/srv/detail/sensor__traits.hpp
-- Up-to-date symlink: /home/koji/robotics/robotics-learning/project_ws/install/greenhouse_interfaces/include/greenhouse_interfaces/greenhouse_interfaces/srv/detail/sensor__type_support.hpp
-- Up-to-date symlink: /home/koji/robotics/robotics-learning/project_ws/install/greenhouse_interfaces/include/greenhouse_interfaces/greenhouse_interfaces/srv/sensor.hpp
-- Up-to-date symlink: /home/koji/robotics/robotics-learning/project_ws/install/greenhouse_interfaces/include/greenhouse_interfaces/greenhouse_interfaces/msg/detail/sensor__rosidl_typesupport_fastrtps_cpp.hpp
-- Up-to-date symlink: /home/koji/robotics/robotics-learning/project_ws/install/greenhouse_interfaces/include/greenhouse_interfaces/greenhouse_interfaces/msg/rosidl_typesupport_fastrtps_cpp__visibility_control.h
-- Up-to-date symlink: /home/koji/robotics/robotics-learning/project_ws/install/greenhouse_interfaces/include/greenhouse_interfaces/greenhouse_interfaces/srv/detail/sensor__rosidl_typesupport_fastrtps_cpp.hpp
-- Up-to-date symlink: /home/koji/robotics/robotics-learning/project_ws/install/greenhouse_interfaces/include/greenhouse_interfaces/greenhouse_interfaces/msg/detail/sensor__rosidl_typesupport_introspection_cpp.hpp
-- Up-to-date symlink: /home/koji/robotics/robotics-learning/project_ws/install/greenhouse_interfaces/include/greenhouse_interfaces/greenhouse_interfaces/srv/detail/sensor__rosidl_typesupport_introspection_cpp.hpp
-- Up-to-date symlink: /home/koji/robotics/robotics-learning/project_ws/install/greenhouse_interfaces/share/greenhouse_interfaces/environment/pythonpath.sh
-- Up-to-date symlink: /home/koji/robotics/robotics-learning/project_ws/install/greenhouse_interfaces/share/greenhouse_interfaces/environment/pythonpath.dsv
-- Up-to-date symlink: /home/koji/robotics/robotics-learning/project_ws/install/greenhouse_interfaces/lib/python3.12/site-packages/greenhouse_interfaces-0.0.0-py3.12.egg-info/PKG-INFO
-- Up-to-date symlink: /home/koji/robotics/robotics-learning/project_ws/install/greenhouse_interfaces/lib/python3.12/site-packages/greenhouse_interfaces-0.0.0-py3.12.egg-info/SOURCES.txt
-- Up-to-date symlink: /home/koji/robotics/robotics-learning/project_ws/install/greenhouse_interfaces/lib/python3.12/site-packages/greenhouse_interfaces-0.0.0-py3.12.egg-info/dependency_links.txt
-- Up-to-date symlink: /home/koji/robotics/robotics-learning/project_ws/install/greenhouse_interfaces/lib/python3.12/site-packages/greenhouse_interfaces-0.0.0-py3.12.egg-info/top_level.txt
-- Up-to-date symlink: /home/koji/robotics/robotics-learning/project_ws/install/greenhouse_interfaces/lib/python3.12/site-packages/greenhouse_interfaces/__init__.py
-- Up-to-date symlink: /home/koji/robotics/robotics-learning/project_ws/install/greenhouse_interfaces/lib/python3.12/site-packages/greenhouse_interfaces/_greenhouse_interfaces_s.ep.rosidl_typesupport_c.c
-- Up-to-date symlink: /home/koji/robotics/robotics-learning/project_ws/install/greenhouse_interfaces/lib/python3.12/site-packages/greenhouse_interfaces/_greenhouse_interfaces_s.ep.rosidl_typesupport_fastrtps_c.c
-- Up-to-date symlink: /home/koji/robotics/robotics-learning/project_ws/install/greenhouse_interfaces/lib/python3.12/site-packages/greenhouse_interfaces/_greenhouse_interfaces_s.ep.rosidl_typesupport_introspection_c.c
-- Up-to-date symlink: /home/koji/robotics/robotics-learning/project_ws/install/greenhouse_interfaces/lib/python3.12/site-packages/greenhouse_interfaces/greenhouse_interfaces_s__rosidl_typesupport_c.so
-- Up-to-date symlink: /home/koji/robotics/robotics-learning/project_ws/install/greenhouse_interfaces/lib/python3.12/site-packages/greenhouse_interfaces/greenhouse_interfaces_s__rosidl_typesupport_fastrtps_c.so
-- Up-to-date symlink: /home/koji/robotics/robotics-learning/project_ws/install/greenhouse_interfaces/lib/python3.12/site-packages/greenhouse_interfaces/greenhouse_interfaces_s__rosidl_typesupport_introspection_c.so
-- Up-to-date symlink: /home/koji/robotics/robotics-learning/project_ws/install/greenhouse_interfaces/lib/python3.12/site-packages/greenhouse_interfaces/msg/__init__.py
-- Up-to-date symlink: /home/koji/robotics/robotics-learning/project_ws/install/greenhouse_interfaces/lib/python3.12/site-packages/greenhouse_interfaces/msg/_sensor.py
-- Up-to-date symlink: /home/koji/robotics/robotics-learning/project_ws/install/greenhouse_interfaces/lib/python3.12/site-packages/greenhouse_interfaces/msg/_sensor_s.c
-- Up-to-date symlink: /home/koji/robotics/robotics-learning/project_ws/install/greenhouse_interfaces/lib/python3.12/site-packages/greenhouse_interfaces/srv/__init__.py
-- Up-to-date symlink: /home/koji/robotics/robotics-learning/project_ws/install/greenhouse_interfaces/lib/python3.12/site-packages/greenhouse_interfaces/srv/_sensor.py
-- Up-to-date symlink: /home/koji/robotics/robotics-learning/project_ws/install/greenhouse_interfaces/lib/python3.12/site-packages/greenhouse_interfaces/srv/_sensor_s.c
-- Up-to-date symlink: /home/koji/robotics/robotics-learning/project_ws/install/greenhouse_interfaces/lib/python3.12/site-packages/greenhouse_interfaces/greenhouse_interfaces_s__rosidl_typesupport_fastrtps_c.so
-- Up-to-date symlink: /home/koji/robotics/robotics-learning/project_ws/install/greenhouse_interfaces/lib/python3.12/site-packages/greenhouse_interfaces/greenhouse_interfaces_s__rosidl_typesupport_introspection_c.so
-- Up-to-date symlink: /home/koji/robotics/robotics-learning/project_ws/install/greenhouse_interfaces/lib/python3.12/site-packages/greenhouse_interfaces/greenhouse_interfaces_s__rosidl_typesupport_c.so
-- Up-to-date symlink: /home/koji/robotics/robotics-learning/project_ws/install/greenhouse_interfaces/share/ament_index/resource_index/rust_packages/greenhouse_interfaces
-- Up-to-date symlink: /home/koji/robotics/robotics-learning/project_ws/install/greenhouse_interfaces/share/greenhouse_interfaces/rust/Cargo.toml
-- Up-to-date symlink: /home/koji/robotics/robotics-learning/project_ws/install/greenhouse_interfaces/share/greenhouse_interfaces/rust/build.rs
-- Up-to-date symlink: /home/koji/robotics/robotics-learning/project_ws/install/greenhouse_interfaces/share/greenhouse_interfaces/rust/src/lib.rs
-- Up-to-date symlink: /home/koji/robotics/robotics-learning/project_ws/install/greenhouse_interfaces/share/greenhouse_interfaces/rust/src/msg.rs
-- Up-to-date symlink: /home/koji/robotics/robotics-learning/project_ws/install/greenhouse_interfaces/share/greenhouse_interfaces/rust/src/msg/rmw.rs
-- Up-to-date symlink: /home/koji/robotics/robotics-learning/project_ws/install/greenhouse_interfaces/share/greenhouse_interfaces/rust/src/srv.rs
-- Up-to-date symlink: /home/koji/robotics/robotics-learning/project_ws/install/greenhouse_interfaces/share/greenhouse_interfaces/rust/src/srv/rmw.rs
-- Up-to-date symlink: /home/koji/robotics/robotics-learning/project_ws/install/greenhouse_interfaces/share/greenhouse_interfaces/msg/Sensor.idl
-- Up-to-date symlink: /home/koji/robotics/robotics-learning/project_ws/install/greenhouse_interfaces/share/greenhouse_interfaces/srv/Sensor.idl
-- Up-to-date symlink: /home/koji/robotics/robotics-learning/project_ws/install/greenhouse_interfaces/share/greenhouse_interfaces/msg/Sensor.msg
-- Up-to-date symlink: /home/koji/robotics/robotics-learning/project_ws/install/greenhouse_interfaces/share/greenhouse_interfaces/srv/Sensor.srv
-- Up-to-date symlink: /home/koji/robotics/robotics-learning/project_ws/install/greenhouse_interfaces/share/ament_index/resource_index/package_run_dependencies/greenhouse_interfaces
-- Up-to-date symlink: /home/koji/robotics/robotics-learning/project_ws/install/greenhouse_interfaces/share/ament_index/resource_index/parent_prefix_path/greenhouse_interfaces
-- Up-to-date symlink: /home/koji/robotics/robotics-learning/project_ws/install/greenhouse_interfaces/share/greenhouse_interfaces/environment/ament_prefix_path.sh
-- Up-to-date symlink: /home/koji/robotics/robotics-learning/project_ws/install/greenhouse_interfaces/share/greenhouse_interfaces/environment/ament_prefix_path.dsv
-- Up-to-date symlink: /home/koji/robotics/robotics-learning/project_ws/install/greenhouse_interfaces/share/greenhouse_interfaces/environment/path.sh
-- Up-to-date symlink: /home/koji/robotics/robotics-learning/project_ws/install/greenhouse_interfaces/share/greenhouse_interfaces/environment/path.dsv
-- Up-to-date symlink: /home/koji/robotics/robotics-learning/project_ws/install/greenhouse_interfaces/share/greenhouse_interfaces/local_setup.bash
-- Up-to-date symlink: /home/koji/robotics/robotics-learning/project_ws/install/greenhouse_interfaces/share/greenhouse_interfaces/local_setup.sh
-- Up-to-date symlink: /home/koji/robotics/robotics-learning/project_ws/install/greenhouse_interfaces/share/greenhouse_interfaces/local_setup.zsh
-- Up-to-date symlink: /home/koji/robotics/robotics-learning/project_ws/install/greenhouse_interfaces/share/greenhouse_interfaces/local_setup.dsv
-- Symlinking: /home/koji/robotics/robotics-learning/project_ws/install/greenhouse_interfaces/share/greenhouse_interfaces/package.dsv
-- Up-to-date symlink: /home/koji/robotics/robotics-learning/project_ws/install/greenhouse_interfaces/share/ament_index/resource_index/packages/greenhouse_interfaces
-- Up-to-date symlink: /home/koji/robotics/robotics-learning/project_ws/install/greenhouse_interfaces/share/greenhouse_interfaces/cmake/rosidl_cmake-extras.cmake
-- Up-to-date symlink: /home/koji/robotics/robotics-learning/project_ws/install/greenhouse_interfaces/share/greenhouse_interfaces/cmake/ament_cmake_export_dependencies-extras.cmake
-- Up-to-date symlink: /home/koji/robotics/robotics-learning/project_ws/install/greenhouse_interfaces/share/greenhouse_interfaces/cmake/ament_cmake_export_include_directories-extras.cmake
-- Up-to-date symlink: /home/koji/robotics/robotics-learning/project_ws/install/greenhouse_interfaces/share/greenhouse_interfaces/cmake/ament_cmake_export_libraries-extras.cmake
-- Up-to-date symlink: /home/koji/robotics/robotics-learning/project_ws/install/greenhouse_interfaces/share/greenhouse_interfaces/cmake/ament_cmake_export_targets-extras.cmake
-- Up-to-date symlink: /home/koji/robotics/robotics-learning/project_ws/install/greenhouse_interfaces/share/greenhouse_interfaces/cmake/rosidl_cmake_export_typesupport_targets-extras.cmake
-- Up-to-date symlink: /home/koji/robotics/robotics-learning/project_ws/install/greenhouse_interfaces/share/greenhouse_interfaces/cmake/rosidl_cmake_export_typesupport_libraries-extras.cmake
-- Up-to-date symlink: /home/koji/robotics/robotics-learning/project_ws/install/greenhouse_interfaces/share/greenhouse_interfaces/cmake/rosidl_cmake_aggregate_target-extras.cmake
-- Up-to-date symlink: /home/koji/robotics/robotics-learning/project_ws/install/greenhouse_interfaces/share/greenhouse_interfaces/cmake/greenhouse_interfacesConfig.cmake
-- Up-to-date symlink: /home/koji/robotics/robotics-learning/project_ws/install/greenhouse_interfaces/share/greenhouse_interfaces/cmake/greenhouse_interfacesConfig-version.cmake
-- Up-to-date symlink: /home/koji/robotics/robotics-learning/project_ws/install/greenhouse_interfaces/share/greenhouse_interfaces/package.xml
-- Installing: /home/koji/robotics/robotics-learning/project_ws/install/greenhouse_interfaces/lib/libgreenhouse_interfaces__rosidl_generator_c.so
-- Set non-toolchain portion of runtime path of "/home/koji/robotics/robotics-learning/project_ws/install/greenhouse_interfaces/lib/libgreenhouse_interfaces__rosidl_generator_c.so" to ""
-- Installing: /home/koji/robotics/robotics-learning/project_ws/install/greenhouse_interfaces/lib/libgreenhouse_interfaces__rosidl_typesupport_fastrtps_c.so
-- Set non-toolchain portion of runtime path of "/home/koji/robotics/robotics-learning/project_ws/install/greenhouse_interfaces/lib/libgreenhouse_interfaces__rosidl_typesupport_fastrtps_c.so" to ""
-- Installing: /home/koji/robotics/robotics-learning/project_ws/install/greenhouse_interfaces/lib/libgreenhouse_interfaces__rosidl_typesupport_introspection_c.so
-- Set non-toolchain portion of runtime path of "/home/koji/robotics/robotics-learning/project_ws/install/greenhouse_interfaces/lib/libgreenhouse_interfaces__rosidl_typesupport_introspection_c.so" to ""
-- Installing: /home/koji/robotics/robotics-learning/project_ws/install/greenhouse_interfaces/lib/libgreenhouse_interfaces__rosidl_typesupport_c.so
-- Set non-toolchain portion of runtime path of "/home/koji/robotics/robotics-learning/project_ws/install/greenhouse_interfaces/lib/libgreenhouse_interfaces__rosidl_typesupport_c.so" to ""
-- Installing: /home/koji/robotics/robotics-learning/project_ws/install/greenhouse_interfaces/lib/libgreenhouse_interfaces__rosidl_typesupport_fastrtps_cpp.so
-- Set non-toolchain portion of runtime path of "/home/koji/robotics/robotics-learning/project_ws/install/greenhouse_interfaces/lib/libgreenhouse_interfaces__rosidl_typesupport_fastrtps_cpp.so" to ""
-- Installing: /home/koji/robotics/robotics-learning/project_ws/install/greenhouse_interfaces/lib/libgreenhouse_interfaces__rosidl_typesupport_introspection_cpp.so
-- Set non-toolchain portion of runtime path of "/home/koji/robotics/robotics-learning/project_ws/install/greenhouse_interfaces/lib/libgreenhouse_interfaces__rosidl_typesupport_introspection_cpp.so" to ""
-- Installing: /home/koji/robotics/robotics-learning/project_ws/install/greenhouse_interfaces/lib/libgreenhouse_interfaces__rosidl_typesupport_cpp.so
-- Set non-toolchain portion of runtime path of "/home/koji/robotics/robotics-learning/project_ws/install/greenhouse_interfaces/lib/libgreenhouse_interfaces__rosidl_typesupport_cpp.so" to ""
Listing '/home/koji/robotics/robotics-learning/project_ws/install/greenhouse_interfaces/lib/python3.12/site-packages/greenhouse_interfaces'...
Compiling '/home/koji/robotics/robotics-learning/project_ws/install/greenhouse_interfaces/lib/python3.12/site-packages/greenhouse_interfaces/__init__.py'...
Listing '/home/koji/robotics/robotics-learning/project_ws/install/greenhouse_interfaces/lib/python3.12/site-packages/greenhouse_interfaces/msg'...
Compiling '/home/koji/robotics/robotics-learning/project_ws/install/greenhouse_interfaces/lib/python3.12/site-packages/greenhouse_interfaces/msg/__init__.py'...
Compiling '/home/koji/robotics/robotics-learning/project_ws/install/greenhouse_interfaces/lib/python3.12/site-packages/greenhouse_interfaces/msg/_sensor.py'...
Listing '/home/koji/robotics/robotics-learning/project_ws/install/greenhouse_interfaces/lib/python3.12/site-packages/greenhouse_interfaces/srv'...
Compiling '/home/koji/robotics/robotics-learning/project_ws/install/greenhouse_interfaces/lib/python3.12/site-packages/greenhouse_interfaces/srv/__init__.py'...
Compiling '/home/koji/robotics/robotics-learning/project_ws/install/greenhouse_interfaces/lib/python3.12/site-packages/greenhouse_interfaces/srv/_sensor.py'...
-- Installing: /home/koji/robotics/robotics-learning/project_ws/install/greenhouse_interfaces/lib/libgreenhouse_interfaces__rosidl_generator_py.so
-- Set non-toolchain portion of runtime path of "/home/koji/robotics/robotics-learning/project_ws/install/greenhouse_interfaces/lib/libgreenhouse_interfaces__rosidl_generator_py.so" to ""
-- Up-to-date: /home/koji/robotics/robotics-learning/project_ws/install/greenhouse_interfaces/share/greenhouse_interfaces/cmake/export_greenhouse_interfaces__rosidl_generator_cExport.cmake
-- Up-to-date: /home/koji/robotics/robotics-learning/project_ws/install/greenhouse_interfaces/share/greenhouse_interfaces/cmake/export_greenhouse_interfaces__rosidl_generator_cExport-noconfig.cmake
-- Up-to-date: /home/koji/robotics/robotics-learning/project_ws/install/greenhouse_interfaces/share/greenhouse_interfaces/cmake/export_greenhouse_interfaces__rosidl_typesupport_fastrtps_cExport.cmake
-- Up-to-date: /home/koji/robotics/robotics-learning/project_ws/install/greenhouse_interfaces/share/greenhouse_interfaces/cmake/export_greenhouse_interfaces__rosidl_typesupport_fastrtps_cExport-noconfig.cmake
-- Up-to-date: /home/koji/robotics/robotics-learning/project_ws/install/greenhouse_interfaces/share/greenhouse_interfaces/cmake/greenhouse_interfaces__rosidl_typesupport_introspection_cExport.cmake
-- Up-to-date: /home/koji/robotics/robotics-learning/project_ws/install/greenhouse_interfaces/share/greenhouse_interfaces/cmake/greenhouse_interfaces__rosidl_typesupport_introspection_cExport-noconfig.cmake
-- Up-to-date: /home/koji/robotics/robotics-learning/project_ws/install/greenhouse_interfaces/share/greenhouse_interfaces/cmake/greenhouse_interfaces__rosidl_typesupport_cExport.cmake
-- Up-to-date: /home/koji/robotics/robotics-learning/project_ws/install/greenhouse_interfaces/share/greenhouse_interfaces/cmake/greenhouse_interfaces__rosidl_typesupport_cExport-noconfig.cmake
-- Up-to-date: /home/koji/robotics/robotics-learning/project_ws/install/greenhouse_interfaces/share/greenhouse_interfaces/cmake/export_greenhouse_interfaces__rosidl_generator_cppExport.cmake
-- Up-to-date: /home/koji/robotics/robotics-learning/project_ws/install/greenhouse_interfaces/share/greenhouse_interfaces/cmake/export_greenhouse_interfaces__rosidl_typesupport_fastrtps_cppExport.cmake
-- Up-to-date: /home/koji/robotics/robotics-learning/project_ws/install/greenhouse_interfaces/share/greenhouse_interfaces/cmake/export_greenhouse_interfaces__rosidl_typesupport_fastrtps_cppExport-noconfig.cmake
-- Up-to-date: /home/koji/robotics/robotics-learning/project_ws/install/greenhouse_interfaces/share/greenhouse_interfaces/cmake/greenhouse_interfaces__rosidl_typesupport_introspection_cppExport.cmake
-- Up-to-date: /home/koji/robotics/robotics-learning/project_ws/install/greenhouse_interfaces/share/greenhouse_interfaces/cmake/greenhouse_interfaces__rosidl_typesupport_introspection_cppExport-noconfig.cmake
-- Up-to-date: /home/koji/robotics/robotics-learning/project_ws/install/greenhouse_interfaces/share/greenhouse_interfaces/cmake/greenhouse_interfaces__rosidl_typesupport_cppExport.cmake
-- Up-to-date: /home/koji/robotics/robotics-learning/project_ws/install/greenhouse_interfaces/share/greenhouse_interfaces/cmake/greenhouse_interfaces__rosidl_typesupport_cppExport-noconfig.cmake
-- Up-to-date: /home/koji/robotics/robotics-learning/project_ws/install/greenhouse_interfaces/share/greenhouse_interfaces/cmake/export_greenhouse_interfaces__rosidl_generator_pyExport.cmake
-- Up-to-date: /home/koji/robotics/robotics-learning/project_ws/install/greenhouse_interfaces/share/greenhouse_interfaces/cmake/export_greenhouse_interfaces__rosidl_generator_pyExport-noconfig.cmake
