[0.013s] Invoking command in '/home/koji/robotics/robotics-learning/project_ws/build/greenhouse_interfaces': CMAKE_PREFIX_PATH=${CMAKE_PREFIX_PATH}:/home/koji/robotics/robotics-learning/project_ws/install/temperature_monitor_pkg:/home/koji/robotics/robotics-learning/project_ws/install/smart_irrigation_system:/home/koji/robotics/robotics-learning/project_ws/install/smart_greenhouse_controller:/home/koji/robotics/robotics-learning/project_ws/install/addition_qlty_checker_pkg:/opt/ros/jazzy DEBUGINFOD_URLS=https://debuginfod.ubuntu.com /usr/bin/cmake --build /home/koji/robotics/robotics-learning/project_ws/build/greenhouse_interfaces -- -j12 -l12
[0.053s] -- Found ament_cmake: 2.5.6 (/opt/ros/jazzy/share/ament_cmake/cmake)
[0.182s] -- Override CMake install command with custom implementation using symlinks instead of copying resources
[0.201s] -- Found rosidl_default_generators: 1.6.1 (/opt/ros/jazzy/share/rosidl_default_generators/cmake)
[0.207s] -- Using all available rosidl_typesupport_c: rosidl_typesupport_fastrtps_c;rosidl_typesupport_introspection_c
[0.251s] -- Using all available rosidl_typesupport_cpp: rosidl_typesupport_fastrtps_cpp;rosidl_typesupport_introspection_cpp
[0.282s] -- Found rosidl_adapter: 4.6.9 (/opt/ros/jazzy/share/rosidl_adapter/cmake)
[0.645s] -- Found ament_cmake_ros: 0.12.1 (/opt/ros/jazzy/share/ament_cmake_ros/cmake)
[0.790s] -- Using all available rosidl_typesupport_c: rosidl_typesupport_fastrtps_c;rosidl_typesupport_introspection_c
[0.974s] -- Using all available rosidl_typesupport_cpp: rosidl_typesupport_fastrtps_cpp;rosidl_typesupport_introspection_cpp
[0.976s] -- Found python_cmake_module: 0.11.1 (/opt/ros/jazzy/share/python_cmake_module/cmake)
[1.298s] -- Found Python3: /usr/bin/python3 (found version "3.12.3") found components: Interpreter Development NumPy Development.Module Development.Embed 
[1.376s] -- Found Python3: /usr/bin/python3 (found version "3.12.3") found components: Interpreter 
[1.378s] -- Found ament_lint_auto: 0.17.5 (/opt/ros/jazzy/share/ament_lint_auto/cmake)
[1.389s] -- Added test 'lint_cmake' to check CMake code style
[1.390s] -- Added test 'xmllint' to check XML markup files
[1.393s] -- Configuring done (1.3s)
[1.434s] -- Generating done (0.0s)
[1.449s] -- Build files have been written to: /home/koji/robotics/robotics-learning/project_ws/build/greenhouse_interfaces
[1.503s] [  2%] [34m[1mGenerating Rust code for ROS interfaces[0m
[1.504s] [  4%] [34m[1mGenerating type hashes for ROS interfaces[0m
[1.510s] [  4%] Built target ament_cmake_python_symlink_greenhouse_interfaces
[1.768s] running egg_info
[1.768s] [  4%] Built target greenhouse_interfaces__rosidl_generator_type_description
[1.781s] [  6%] [34m[1mGenerating C code for ROS interfaces[0m
[1.785s] writing greenhouse_interfaces.egg-info/PKG-INFO
[1.785s] writing dependency_links to greenhouse_interfaces.egg-info/dependency_links.txt
[1.785s] writing top-level names to greenhouse_interfaces.egg-info/top_level.txt
[1.792s] [  8%] [34m[1mGenerating C++ code for ROS interfaces[0m
[1.814s] [  8%] Built target greenhouse_interfaces__rs
[1.840s] reading manifest file 'greenhouse_interfaces.egg-info/SOURCES.txt'
[1.840s] writing manifest file 'greenhouse_interfaces.egg-info/SOURCES.txt'
[1.887s] [  8%] Built target ament_cmake_python_build_greenhouse_interfaces_egg
[2.095s] [  8%] Built target greenhouse_interfaces__cpp
[2.146s] [ 15%] [32mBuilding C object CMakeFiles/greenhouse_interfaces__rosidl_generator_c.dir/rosidl_generator_c/greenhouse_interfaces/msg/detail/sensor__functions.c.o[0m
[2.146s] [ 15%] [32mBuilding C object CMakeFiles/greenhouse_interfaces__rosidl_generator_c.dir/rosidl_generator_c/greenhouse_interfaces/msg/detail/sensor__description.c.o[0m
[2.146s] [ 17%] [32mBuilding C object CMakeFiles/greenhouse_interfaces__rosidl_generator_c.dir/rosidl_generator_c/greenhouse_interfaces/srv/detail/sensor__description.c.o[0m
[2.146s] [ 17%] [32mBuilding C object CMakeFiles/greenhouse_interfaces__rosidl_generator_c.dir/rosidl_generator_c/greenhouse_interfaces/msg/detail/sensor__type_support.c.o[0m
[2.149s] [ 20%] [32mBuilding C object CMakeFiles/greenhouse_interfaces__rosidl_generator_c.dir/rosidl_generator_c/greenhouse_interfaces/srv/detail/sensor__type_support.c.o[0m
[2.152s] [ 22%] [32mBuilding C object CMakeFiles/greenhouse_interfaces__rosidl_generator_c.dir/rosidl_generator_c/greenhouse_interfaces/srv/detail/sensor__functions.c.o[0m
[2.224s] [ 24%] [32m[1mLinking C shared library libgreenhouse_interfaces__rosidl_generator_c.so[0m
[2.287s] [ 24%] Built target greenhouse_interfaces__rosidl_generator_c
[2.299s] [ 31%] [34m[1mGenerating C type support for eProsima Fast-RTPS[0m
[2.299s] [ 31%] [34m[1mGenerating C introspection for ROS interfaces[0m
[2.300s] [ 31%] [34m[1mGenerating C type support dispatch for ROS interfaces[0m
[2.302s] [ 35%] [34m[1mGenerating C++ type support for eProsima Fast-RTPS[0m
[2.302s] [ 35%] [34m[1mGenerating C++ type support dispatch for ROS interfaces[0m
[2.311s] [ 37%] [34m[1mGenerating C++ introspection for ROS interfaces[0m
[2.603s] [ 40%] [32mBuilding CXX object CMakeFiles/greenhouse_interfaces__rosidl_typesupport_c.dir/rosidl_typesupport_c/greenhouse_interfaces/msg/sensor__type_support.cpp.o[0m
[2.604s] [ 42%] [32mBuilding CXX object CMakeFiles/greenhouse_interfaces__rosidl_typesupport_c.dir/rosidl_typesupport_c/greenhouse_interfaces/srv/sensor__type_support.cpp.o[0m
[2.618s] [ 46%] [32mBuilding CXX object CMakeFiles/greenhouse_interfaces__rosidl_typesupport_cpp.dir/rosidl_typesupport_cpp/greenhouse_interfaces/msg/sensor__type_support.cpp.o[0m
[2.618s] [ 46%] [32mBuilding CXX object CMakeFiles/greenhouse_interfaces__rosidl_typesupport_cpp.dir/rosidl_typesupport_cpp/greenhouse_interfaces/srv/sensor__type_support.cpp.o[0m
[2.675s] [ 51%] [32mBuilding CXX object CMakeFiles/greenhouse_interfaces__rosidl_typesupport_introspection_cpp.dir/rosidl_typesupport_introspection_cpp/greenhouse_interfaces/srv/detail/sensor__type_support.cpp.o[0m
[2.675s] [ 51%] [32mBuilding CXX object CMakeFiles/greenhouse_interfaces__rosidl_typesupport_introspection_cpp.dir/rosidl_typesupport_introspection_cpp/greenhouse_interfaces/msg/detail/sensor__type_support.cpp.o[0m
[2.675s] [ 53%] [32mBuilding C object CMakeFiles/greenhouse_interfaces__rosidl_typesupport_introspection_c.dir/rosidl_typesupport_introspection_c/greenhouse_interfaces/msg/detail/sensor__type_support.c.o[0m
[2.676s] [ 55%] [32m[1mLinking CXX shared library libgreenhouse_interfaces__rosidl_typesupport_c.so[0m
[2.678s] [ 57%] [32mBuilding C object CMakeFiles/greenhouse_interfaces__rosidl_typesupport_introspection_c.dir/rosidl_typesupport_introspection_c/greenhouse_interfaces/srv/detail/sensor__type_support.c.o[0m
[2.746s] [ 60%] [32m[1mLinking C shared library libgreenhouse_interfaces__rosidl_typesupport_introspection_c.so[0m
[2.748s] [ 60%] Built target greenhouse_interfaces__rosidl_typesupport_c
[2.754s] [ 64%] [32mBuilding CXX object CMakeFiles/greenhouse_interfaces__rosidl_typesupport_fastrtps_cpp.dir/rosidl_typesupport_fastrtps_cpp/greenhouse_interfaces/msg/detail/dds_fastrtps/sensor__type_support.cpp.o[0m
[2.754s] [ 64%] [32mBuilding CXX object CMakeFiles/greenhouse_interfaces__rosidl_typesupport_fastrtps_cpp.dir/rosidl_typesupport_fastrtps_cpp/greenhouse_interfaces/srv/detail/dds_fastrtps/sensor__type_support.cpp.o[0m
[2.802s] [ 64%] Built target greenhouse_interfaces__rosidl_typesupport_introspection_c
[2.828s] [ 66%] [32mBuilding CXX object CMakeFiles/greenhouse_interfaces__rosidl_typesupport_fastrtps_c.dir/rosidl_typesupport_fastrtps_c/greenhouse_interfaces/srv/detail/sensor__type_support_c.cpp.o[0m
[2.831s] [ 68%] [32mBuilding CXX object CMakeFiles/greenhouse_interfaces__rosidl_typesupport_fastrtps_c.dir/rosidl_typesupport_fastrtps_c/greenhouse_interfaces/msg/detail/sensor__type_support_c.cpp.o[0m
[3.189s] [ 71%] [32m[1mLinking CXX shared library libgreenhouse_interfaces__rosidl_typesupport_introspection_cpp.so[0m
[3.210s] [ 73%] [32m[1mLinking CXX shared library libgreenhouse_interfaces__rosidl_typesupport_cpp.so[0m
[3.328s] [ 73%] Built target greenhouse_interfaces__rosidl_typesupport_introspection_cpp
[3.338s] [ 73%] Built target greenhouse_interfaces__rosidl_typesupport_cpp
[3.459s] [ 75%] [32m[1mLinking CXX shared library libgreenhouse_interfaces__rosidl_typesupport_fastrtps_c.so[0m
[3.464s] [ 77%] [32m[1mLinking CXX shared library libgreenhouse_interfaces__rosidl_typesupport_fastrtps_cpp.so[0m
[3.584s] [ 77%] Built target greenhouse_interfaces__rosidl_typesupport_fastrtps_c
[3.593s] [ 77%] Built target greenhouse_interfaces__rosidl_typesupport_fastrtps_cpp
[3.615s] [ 77%] Built target greenhouse_interfaces
[3.641s] [ 80%] [34m[1mGenerating Python code for ROS interfaces[0m
[4.035s] [ 80%] Built target greenhouse_interfaces__py
[4.078s] [ 84%] [32mBuilding C object CMakeFiles/greenhouse_interfaces__rosidl_generator_py.dir/rosidl_generator_py/greenhouse_interfaces/srv/_sensor_s.c.o[0m
[4.078s] [ 84%] [32mBuilding C object CMakeFiles/greenhouse_interfaces__rosidl_generator_py.dir/rosidl_generator_py/greenhouse_interfaces/msg/_sensor_s.c.o[0m
[4.237s] [ 86%] [32m[1mLinking C shared library libgreenhouse_interfaces__rosidl_generator_py.so[0m
[4.286s] [ 86%] Built target greenhouse_interfaces__rosidl_generator_py
[4.312s] [ 91%] [32mBuilding C object CMakeFiles/greenhouse_interfaces_s__rosidl_typesupport_fastrtps_c.dir/rosidl_generator_py/greenhouse_interfaces/_greenhouse_interfaces_s.ep.rosidl_typesupport_fastrtps_c.c.o[0m
[4.312s] [ 91%] [32mBuilding C object CMakeFiles/greenhouse_interfaces_s__rosidl_typesupport_introspection_c.dir/rosidl_generator_py/greenhouse_interfaces/_greenhouse_interfaces_s.ep.rosidl_typesupport_introspection_c.c.o[0m
[4.316s] [ 93%] [32mBuilding C object CMakeFiles/greenhouse_interfaces_s__rosidl_typesupport_c.dir/rosidl_generator_py/greenhouse_interfaces/_greenhouse_interfaces_s.ep.rosidl_typesupport_c.c.o[0m
[4.417s] [ 95%] [32m[1mLinking C shared module rosidl_generator_py/greenhouse_interfaces/greenhouse_interfaces_s__rosidl_typesupport_introspection_c.so[0m
[4.420s] [ 97%] [32m[1mLinking C shared module rosidl_generator_py/greenhouse_interfaces/greenhouse_interfaces_s__rosidl_typesupport_fastrtps_c.so[0m
[4.424s] [100%] [32m[1mLinking C shared module rosidl_generator_py/greenhouse_interfaces/greenhouse_interfaces_s__rosidl_typesupport_c.so[0m
[4.454s] [100%] Built target greenhouse_interfaces_s__rosidl_typesupport_introspection_c
[4.456s] [100%] Built target greenhouse_interfaces_s__rosidl_typesupport_fastrtps_c
[4.469s] [100%] Built target greenhouse_interfaces_s__rosidl_typesupport_c
[4.484s] Invoked command in '/home/koji/robotics/robotics-learning/project_ws/build/greenhouse_interfaces' returned '0': CMAKE_PREFIX_PATH=${CMAKE_PREFIX_PATH}:/home/koji/robotics/robotics-learning/project_ws/install/temperature_monitor_pkg:/home/koji/robotics/robotics-learning/project_ws/install/smart_irrigation_system:/home/koji/robotics/robotics-learning/project_ws/install/smart_greenhouse_controller:/home/koji/robotics/robotics-learning/project_ws/install/addition_qlty_checker_pkg:/opt/ros/jazzy DEBUGINFOD_URLS=https://debuginfod.ubuntu.com /usr/bin/cmake --build /home/koji/robotics/robotics-learning/project_ws/build/greenhouse_interfaces -- -j12 -l12
[4.496s] Invoking command in '/home/koji/robotics/robotics-learning/project_ws/build/greenhouse_interfaces': CMAKE_PREFIX_PATH=${CMAKE_PREFIX_PATH}:/home/koji/robotics/robotics-learning/project_ws/install/temperature_monitor_pkg:/home/koji/robotics/robotics-learning/project_ws/install/smart_irrigation_system:/home/koji/robotics/robotics-learning/project_ws/install/smart_greenhouse_controller:/home/koji/robotics/robotics-learning/project_ws/install/addition_qlty_checker_pkg:/opt/ros/jazzy DEBUGINFOD_URLS=https://debuginfod.ubuntu.com /usr/bin/cmake --install /home/koji/robotics/robotics-learning/project_ws/build/greenhouse_interfaces
[4.504s] -- Install configuration: ""
[4.504s] -- Execute custom install script
[4.504s] -- Up-to-date symlink: /home/koji/robotics/robotics-learning/project_ws/install/greenhouse_interfaces/share/ament_index/resource_index/rosidl_interfaces/greenhouse_interfaces
[4.505s] -- Up-to-date symlink: /home/koji/robotics/robotics-learning/project_ws/install/greenhouse_interfaces/share/greenhouse_interfaces/msg/Sensor.json
[4.505s] -- Up-to-date symlink: /home/koji/robotics/robotics-learning/project_ws/install/greenhouse_interfaces/share/greenhouse_interfaces/srv/Sensor.json
[4.505s] -- Up-to-date symlink: /home/koji/robotics/robotics-learning/project_ws/install/greenhouse_interfaces/include/greenhouse_interfaces/greenhouse_interfaces/msg/detail/sensor__functions.h
[4.506s] -- Up-to-date symlink: /home/koji/robotics/robotics-learning/project_ws/install/greenhouse_interfaces/include/greenhouse_interfaces/greenhouse_interfaces/msg/detail/sensor__struct.h
[4.506s] -- Up-to-date symlink: /home/koji/robotics/robotics-learning/project_ws/install/greenhouse_interfaces/include/greenhouse_interfaces/greenhouse_interfaces/msg/detail/sensor__type_support.h
[4.506s] -- Up-to-date symlink: /home/koji/robotics/robotics-learning/project_ws/install/greenhouse_interfaces/include/greenhouse_interfaces/greenhouse_interfaces/msg/rosidl_generator_c__visibility_control.h
[4.506s] -- Up-to-date symlink: /home/koji/robotics/robotics-learning/project_ws/install/greenhouse_interfaces/include/greenhouse_interfaces/greenhouse_interfaces/msg/sensor.h
[4.506s] -- Up-to-date symlink: /home/koji/robotics/robotics-learning/project_ws/install/greenhouse_interfaces/include/greenhouse_interfaces/greenhouse_interfaces/srv/detail/sensor__functions.h
[4.507s] -- Up-to-date symlink: /home/koji/robotics/robotics-learning/project_ws/install/greenhouse_interfaces/include/greenhouse_interfaces/greenhouse_interfaces/srv/detail/sensor__struct.h
[4.507s] -- Up-to-date symlink: /home/koji/robotics/robotics-learning/project_ws/install/greenhouse_interfaces/include/greenhouse_interfaces/greenhouse_interfaces/srv/detail/sensor__type_support.h
[4.507s] -- Up-to-date symlink: /home/koji/robotics/robotics-learning/project_ws/install/greenhouse_interfaces/include/greenhouse_interfaces/greenhouse_interfaces/srv/sensor.h
[4.507s] -- Up-to-date symlink: /home/koji/robotics/robotics-learning/project_ws/install/greenhouse_interfaces/share/greenhouse_interfaces/environment/library_path.sh
[4.507s] -- Up-to-date symlink: /home/koji/robotics/robotics-learning/project_ws/install/greenhouse_interfaces/share/greenhouse_interfaces/environment/library_path.dsv
[4.507s] -- Up-to-date symlink: /home/koji/robotics/robotics-learning/project_ws/install/greenhouse_interfaces/include/greenhouse_interfaces/greenhouse_interfaces/msg/detail/sensor__rosidl_typesupport_fastrtps_c.h
[4.508s] -- Up-to-date symlink: /home/koji/robotics/robotics-learning/project_ws/install/greenhouse_interfaces/include/greenhouse_interfaces/greenhouse_interfaces/msg/rosidl_typesupport_fastrtps_c__visibility_control.h
[4.508s] -- Up-to-date symlink: /home/koji/robotics/robotics-learning/project_ws/install/greenhouse_interfaces/include/greenhouse_interfaces/greenhouse_interfaces/srv/detail/sensor__rosidl_typesupport_fastrtps_c.h
[4.508s] -- Up-to-date symlink: /home/koji/robotics/robotics-learning/project_ws/install/greenhouse_interfaces/include/greenhouse_interfaces/greenhouse_interfaces/msg/detail/sensor__rosidl_typesupport_introspection_c.h
[4.508s] -- Up-to-date symlink: /home/koji/robotics/robotics-learning/project_ws/install/greenhouse_interfaces/include/greenhouse_interfaces/greenhouse_interfaces/msg/rosidl_typesupport_introspection_c__visibility_control.h
[4.509s] -- Up-to-date symlink: /home/koji/robotics/robotics-learning/project_ws/install/greenhouse_interfaces/include/greenhouse_interfaces/greenhouse_interfaces/srv/detail/sensor__rosidl_typesupport_introspection_c.h
[4.509s] -- Up-to-date symlink: /home/koji/robotics/robotics-learning/project_ws/install/greenhouse_interfaces/include/greenhouse_interfaces/greenhouse_interfaces/msg/detail/sensor__builder.hpp
[4.509s] -- Up-to-date symlink: /home/koji/robotics/robotics-learning/project_ws/install/greenhouse_interfaces/include/greenhouse_interfaces/greenhouse_interfaces/msg/detail/sensor__struct.hpp
[4.509s] -- Up-to-date symlink: /home/koji/robotics/robotics-learning/project_ws/install/greenhouse_interfaces/include/greenhouse_interfaces/greenhouse_interfaces/msg/detail/sensor__traits.hpp
[4.509s] -- Up-to-date symlink: /home/koji/robotics/robotics-learning/project_ws/install/greenhouse_interfaces/include/greenhouse_interfaces/greenhouse_interfaces/msg/detail/sensor__type_support.hpp
[4.510s] -- Up-to-date symlink: /home/koji/robotics/robotics-learning/project_ws/install/greenhouse_interfaces/include/greenhouse_interfaces/greenhouse_interfaces/msg/rosidl_generator_cpp__visibility_control.hpp
[4.510s] -- Up-to-date symlink: /home/koji/robotics/robotics-learning/project_ws/install/greenhouse_interfaces/include/greenhouse_interfaces/greenhouse_interfaces/msg/sensor.hpp
[4.510s] -- Up-to-date symlink: /home/koji/robotics/robotics-learning/project_ws/install/greenhouse_interfaces/include/greenhouse_interfaces/greenhouse_interfaces/srv/detail/sensor__builder.hpp
[4.511s] -- Up-to-date symlink: /home/koji/robotics/robotics-learning/project_ws/install/greenhouse_interfaces/include/greenhouse_interfaces/greenhouse_interfaces/srv/detail/sensor__struct.hpp
[4.511s] -- Up-to-date symlink: /home/koji/robotics/robotics-learning/project_ws/install/greenhouse_interfaces/include/greenhouse_interfaces/greenhouse_interfaces/srv/detail/sensor__traits.hpp
[4.511s] -- Up-to-date symlink: /home/koji/robotics/robotics-learning/project_ws/install/greenhouse_interfaces/include/greenhouse_interfaces/greenhouse_interfaces/srv/detail/sensor__type_support.hpp
[4.511s] -- Up-to-date symlink: /home/koji/robotics/robotics-learning/project_ws/install/greenhouse_interfaces/include/greenhouse_interfaces/greenhouse_interfaces/srv/sensor.hpp
[4.511s] -- Up-to-date symlink: /home/koji/robotics/robotics-learning/project_ws/install/greenhouse_interfaces/include/greenhouse_interfaces/greenhouse_interfaces/msg/detail/sensor__rosidl_typesupport_fastrtps_cpp.hpp
[4.512s] -- Up-to-date symlink: /home/koji/robotics/robotics-learning/project_ws/install/greenhouse_interfaces/include/greenhouse_interfaces/greenhouse_interfaces/msg/rosidl_typesupport_fastrtps_cpp__visibility_control.h
[4.512s] -- Up-to-date symlink: /home/koji/robotics/robotics-learning/project_ws/install/greenhouse_interfaces/include/greenhouse_interfaces/greenhouse_interfaces/srv/detail/sensor__rosidl_typesupport_fastrtps_cpp.hpp
[4.512s] -- Up-to-date symlink: /home/koji/robotics/robotics-learning/project_ws/install/greenhouse_interfaces/include/greenhouse_interfaces/greenhouse_interfaces/msg/detail/sensor__rosidl_typesupport_introspection_cpp.hpp
[4.512s] -- Up-to-date symlink: /home/koji/robotics/robotics-learning/project_ws/install/greenhouse_interfaces/include/greenhouse_interfaces/greenhouse_interfaces/srv/detail/sensor__rosidl_typesupport_introspection_cpp.hpp
[4.513s] -- Up-to-date symlink: /home/koji/robotics/robotics-learning/project_ws/install/greenhouse_interfaces/share/greenhouse_interfaces/environment/pythonpath.sh
[4.513s] -- Up-to-date symlink: /home/koji/robotics/robotics-learning/project_ws/install/greenhouse_interfaces/share/greenhouse_interfaces/environment/pythonpath.dsv
[4.513s] -- Up-to-date symlink: /home/koji/robotics/robotics-learning/project_ws/install/greenhouse_interfaces/lib/python3.12/site-packages/greenhouse_interfaces-0.0.0-py3.12.egg-info/PKG-INFO
[4.513s] -- Up-to-date symlink: /home/koji/robotics/robotics-learning/project_ws/install/greenhouse_interfaces/lib/python3.12/site-packages/greenhouse_interfaces-0.0.0-py3.12.egg-info/SOURCES.txt
[4.514s] -- Up-to-date symlink: /home/koji/robotics/robotics-learning/project_ws/install/greenhouse_interfaces/lib/python3.12/site-packages/greenhouse_interfaces-0.0.0-py3.12.egg-info/dependency_links.txt
[4.514s] -- Up-to-date symlink: /home/koji/robotics/robotics-learning/project_ws/install/greenhouse_interfaces/lib/python3.12/site-packages/greenhouse_interfaces-0.0.0-py3.12.egg-info/top_level.txt
[4.514s] -- Up-to-date symlink: /home/koji/robotics/robotics-learning/project_ws/install/greenhouse_interfaces/lib/python3.12/site-packages/greenhouse_interfaces/__init__.py
[4.515s] -- Up-to-date symlink: /home/koji/robotics/robotics-learning/project_ws/install/greenhouse_interfaces/lib/python3.12/site-packages/greenhouse_interfaces/_greenhouse_interfaces_s.ep.rosidl_typesupport_c.c
[4.515s] -- Up-to-date symlink: /home/koji/robotics/robotics-learning/project_ws/install/greenhouse_interfaces/lib/python3.12/site-packages/greenhouse_interfaces/_greenhouse_interfaces_s.ep.rosidl_typesupport_fastrtps_c.c
[4.515s] -- Up-to-date symlink: /home/koji/robotics/robotics-learning/project_ws/install/greenhouse_interfaces/lib/python3.12/site-packages/greenhouse_interfaces/_greenhouse_interfaces_s.ep.rosidl_typesupport_introspection_c.c
[4.515s] -- Up-to-date symlink: /home/koji/robotics/robotics-learning/project_ws/install/greenhouse_interfaces/lib/python3.12/site-packages/greenhouse_interfaces/greenhouse_interfaces_s__rosidl_typesupport_c.so
[4.516s] -- Up-to-date symlink: /home/koji/robotics/robotics-learning/project_ws/install/greenhouse_interfaces/lib/python3.12/site-packages/greenhouse_interfaces/greenhouse_interfaces_s__rosidl_typesupport_fastrtps_c.so
[4.516s] -- Up-to-date symlink: /home/koji/robotics/robotics-learning/project_ws/install/greenhouse_interfaces/lib/python3.12/site-packages/greenhouse_interfaces/greenhouse_interfaces_s__rosidl_typesupport_introspection_c.so
[4.516s] -- Up-to-date symlink: /home/koji/robotics/robotics-learning/project_ws/install/greenhouse_interfaces/lib/python3.12/site-packages/greenhouse_interfaces/msg/__init__.py
[4.516s] -- Up-to-date symlink: /home/koji/robotics/robotics-learning/project_ws/install/greenhouse_interfaces/lib/python3.12/site-packages/greenhouse_interfaces/msg/_sensor.py
[4.517s] -- Up-to-date symlink: /home/koji/robotics/robotics-learning/project_ws/install/greenhouse_interfaces/lib/python3.12/site-packages/greenhouse_interfaces/msg/_sensor_s.c
[4.517s] -- Up-to-date symlink: /home/koji/robotics/robotics-learning/project_ws/install/greenhouse_interfaces/lib/python3.12/site-packages/greenhouse_interfaces/srv/__init__.py
[4.517s] -- Up-to-date symlink: /home/koji/robotics/robotics-learning/project_ws/install/greenhouse_interfaces/lib/python3.12/site-packages/greenhouse_interfaces/srv/_sensor.py
[4.517s] -- Up-to-date symlink: /home/koji/robotics/robotics-learning/project_ws/install/greenhouse_interfaces/lib/python3.12/site-packages/greenhouse_interfaces/srv/_sensor_s.c
[4.517s] -- Up-to-date symlink: /home/koji/robotics/robotics-learning/project_ws/install/greenhouse_interfaces/lib/python3.12/site-packages/greenhouse_interfaces/greenhouse_interfaces_s__rosidl_typesupport_fastrtps_c.so
[4.518s] -- Up-to-date symlink: /home/koji/robotics/robotics-learning/project_ws/install/greenhouse_interfaces/lib/python3.12/site-packages/greenhouse_interfaces/greenhouse_interfaces_s__rosidl_typesupport_introspection_c.so
[4.518s] -- Up-to-date symlink: /home/koji/robotics/robotics-learning/project_ws/install/greenhouse_interfaces/lib/python3.12/site-packages/greenhouse_interfaces/greenhouse_interfaces_s__rosidl_typesupport_c.so
[4.518s] -- Up-to-date symlink: /home/koji/robotics/robotics-learning/project_ws/install/greenhouse_interfaces/share/ament_index/resource_index/rust_packages/greenhouse_interfaces
[4.518s] -- Up-to-date symlink: /home/koji/robotics/robotics-learning/project_ws/install/greenhouse_interfaces/share/greenhouse_interfaces/rust/Cargo.toml
[4.519s] -- Up-to-date symlink: /home/koji/robotics/robotics-learning/project_ws/install/greenhouse_interfaces/share/greenhouse_interfaces/rust/build.rs
[4.519s] -- Up-to-date symlink: /home/koji/robotics/robotics-learning/project_ws/install/greenhouse_interfaces/share/greenhouse_interfaces/rust/src/lib.rs
[4.519s] -- Up-to-date symlink: /home/koji/robotics/robotics-learning/project_ws/install/greenhouse_interfaces/share/greenhouse_interfaces/rust/src/msg.rs
[4.519s] -- Up-to-date symlink: /home/koji/robotics/robotics-learning/project_ws/install/greenhouse_interfaces/share/greenhouse_interfaces/rust/src/msg/rmw.rs
[4.520s] -- Up-to-date symlink: /home/koji/robotics/robotics-learning/project_ws/install/greenhouse_interfaces/share/greenhouse_interfaces/rust/src/srv.rs
[4.520s] -- Up-to-date symlink: /home/koji/robotics/robotics-learning/project_ws/install/greenhouse_interfaces/share/greenhouse_interfaces/rust/src/srv/rmw.rs
[4.520s] -- Up-to-date symlink: /home/koji/robotics/robotics-learning/project_ws/install/greenhouse_interfaces/share/greenhouse_interfaces/msg/Sensor.idl
[4.520s] -- Up-to-date symlink: /home/koji/robotics/robotics-learning/project_ws/install/greenhouse_interfaces/share/greenhouse_interfaces/srv/Sensor.idl
[4.521s] -- Up-to-date symlink: /home/koji/robotics/robotics-learning/project_ws/install/greenhouse_interfaces/share/greenhouse_interfaces/msg/Sensor.msg
[4.521s] -- Up-to-date symlink: /home/koji/robotics/robotics-learning/project_ws/install/greenhouse_interfaces/share/greenhouse_interfaces/srv/Sensor.srv
[4.521s] -- Up-to-date symlink: /home/koji/robotics/robotics-learning/project_ws/install/greenhouse_interfaces/share/ament_index/resource_index/package_run_dependencies/greenhouse_interfaces
[4.521s] -- Up-to-date symlink: /home/koji/robotics/robotics-learning/project_ws/install/greenhouse_interfaces/share/ament_index/resource_index/parent_prefix_path/greenhouse_interfaces
[4.521s] -- Up-to-date symlink: /home/koji/robotics/robotics-learning/project_ws/install/greenhouse_interfaces/share/greenhouse_interfaces/environment/ament_prefix_path.sh
[4.522s] -- Up-to-date symlink: /home/koji/robotics/robotics-learning/project_ws/install/greenhouse_interfaces/share/greenhouse_interfaces/environment/ament_prefix_path.dsv
[4.522s] -- Up-to-date symlink: /home/koji/robotics/robotics-learning/project_ws/install/greenhouse_interfaces/share/greenhouse_interfaces/environment/path.sh
[4.522s] -- Up-to-date symlink: /home/koji/robotics/robotics-learning/project_ws/install/greenhouse_interfaces/share/greenhouse_interfaces/environment/path.dsv
[4.522s] -- Up-to-date symlink: /home/koji/robotics/robotics-learning/project_ws/install/greenhouse_interfaces/share/greenhouse_interfaces/local_setup.bash
[4.523s] -- Up-to-date symlink: /home/koji/robotics/robotics-learning/project_ws/install/greenhouse_interfaces/share/greenhouse_interfaces/local_setup.sh
[4.523s] -- Up-to-date symlink: /home/koji/robotics/robotics-learning/project_ws/install/greenhouse_interfaces/share/greenhouse_interfaces/local_setup.zsh
[4.523s] -- Up-to-date symlink: /home/koji/robotics/robotics-learning/project_ws/install/greenhouse_interfaces/share/greenhouse_interfaces/local_setup.dsv
[4.523s] -- Symlinking: /home/koji/robotics/robotics-learning/project_ws/install/greenhouse_interfaces/share/greenhouse_interfaces/package.dsv
[4.532s] -- Up-to-date symlink: /home/koji/robotics/robotics-learning/project_ws/install/greenhouse_interfaces/share/ament_index/resource_index/packages/greenhouse_interfaces
[4.533s] -- Up-to-date symlink: /home/koji/robotics/robotics-learning/project_ws/install/greenhouse_interfaces/share/greenhouse_interfaces/cmake/rosidl_cmake-extras.cmake
[4.533s] -- Up-to-date symlink: /home/koji/robotics/robotics-learning/project_ws/install/greenhouse_interfaces/share/greenhouse_interfaces/cmake/ament_cmake_export_dependencies-extras.cmake
[4.533s] -- Up-to-date symlink: /home/koji/robotics/robotics-learning/project_ws/install/greenhouse_interfaces/share/greenhouse_interfaces/cmake/ament_cmake_export_include_directories-extras.cmake
[4.534s] -- Up-to-date symlink: /home/koji/robotics/robotics-learning/project_ws/install/greenhouse_interfaces/share/greenhouse_interfaces/cmake/ament_cmake_export_libraries-extras.cmake
[4.534s] -- Up-to-date symlink: /home/koji/robotics/robotics-learning/project_ws/install/greenhouse_interfaces/share/greenhouse_interfaces/cmake/ament_cmake_export_targets-extras.cmake
[4.534s] -- Up-to-date symlink: /home/koji/robotics/robotics-learning/project_ws/install/greenhouse_interfaces/share/greenhouse_interfaces/cmake/rosidl_cmake_export_typesupport_targets-extras.cmake
[4.534s] -- Up-to-date symlink: /home/koji/robotics/robotics-learning/project_ws/install/greenhouse_interfaces/share/greenhouse_interfaces/cmake/rosidl_cmake_export_typesupport_libraries-extras.cmake
[4.535s] -- Up-to-date symlink: /home/koji/robotics/robotics-learning/project_ws/install/greenhouse_interfaces/share/greenhouse_interfaces/cmake/rosidl_cmake_aggregate_target-extras.cmake
[4.535s] -- Up-to-date symlink: /home/koji/robotics/robotics-learning/project_ws/install/greenhouse_interfaces/share/greenhouse_interfaces/cmake/greenhouse_interfacesConfig.cmake
[4.535s] -- Up-to-date symlink: /home/koji/robotics/robotics-learning/project_ws/install/greenhouse_interfaces/share/greenhouse_interfaces/cmake/greenhouse_interfacesConfig-version.cmake
[4.535s] -- Up-to-date symlink: /home/koji/robotics/robotics-learning/project_ws/install/greenhouse_interfaces/share/greenhouse_interfaces/package.xml
[4.536s] -- Installing: /home/koji/robotics/robotics-learning/project_ws/install/greenhouse_interfaces/lib/libgreenhouse_interfaces__rosidl_generator_c.so
[4.536s] -- Set non-toolchain portion of runtime path of "/home/koji/robotics/robotics-learning/project_ws/install/greenhouse_interfaces/lib/libgreenhouse_interfaces__rosidl_generator_c.so" to ""
[4.536s] -- Installing: /home/koji/robotics/robotics-learning/project_ws/install/greenhouse_interfaces/lib/libgreenhouse_interfaces__rosidl_typesupport_fastrtps_c.so
[4.536s] -- Set non-toolchain portion of runtime path of "/home/koji/robotics/robotics-learning/project_ws/install/greenhouse_interfaces/lib/libgreenhouse_interfaces__rosidl_typesupport_fastrtps_c.so" to ""
[4.536s] -- Installing: /home/koji/robotics/robotics-learning/project_ws/install/greenhouse_interfaces/lib/libgreenhouse_interfaces__rosidl_typesupport_introspection_c.so
[4.537s] -- Set non-toolchain portion of runtime path of "/home/koji/robotics/robotics-learning/project_ws/install/greenhouse_interfaces/lib/libgreenhouse_interfaces__rosidl_typesupport_introspection_c.so" to ""
[4.537s] -- Installing: /home/koji/robotics/robotics-learning/project_ws/install/greenhouse_interfaces/lib/libgreenhouse_interfaces__rosidl_typesupport_c.so
[4.537s] -- Set non-toolchain portion of runtime path of "/home/koji/robotics/robotics-learning/project_ws/install/greenhouse_interfaces/lib/libgreenhouse_interfaces__rosidl_typesupport_c.so" to ""
[4.537s] -- Installing: /home/koji/robotics/robotics-learning/project_ws/install/greenhouse_interfaces/lib/libgreenhouse_interfaces__rosidl_typesupport_fastrtps_cpp.so
[4.538s] -- Set non-toolchain portion of runtime path of "/home/koji/robotics/robotics-learning/project_ws/install/greenhouse_interfaces/lib/libgreenhouse_interfaces__rosidl_typesupport_fastrtps_cpp.so" to ""
[4.538s] -- Installing: /home/koji/robotics/robotics-learning/project_ws/install/greenhouse_interfaces/lib/libgreenhouse_interfaces__rosidl_typesupport_introspection_cpp.so
[4.539s] -- Set non-toolchain portion of runtime path of "/home/koji/robotics/robotics-learning/project_ws/install/greenhouse_interfaces/lib/libgreenhouse_interfaces__rosidl_typesupport_introspection_cpp.so" to ""
[4.539s] -- Installing: /home/koji/robotics/robotics-learning/project_ws/install/greenhouse_interfaces/lib/libgreenhouse_interfaces__rosidl_typesupport_cpp.so
[4.539s] -- Set non-toolchain portion of runtime path of "/home/koji/robotics/robotics-learning/project_ws/install/greenhouse_interfaces/lib/libgreenhouse_interfaces__rosidl_typesupport_cpp.so" to ""
[4.582s] Listing '/home/koji/robotics/robotics-learning/project_ws/install/greenhouse_interfaces/lib/python3.12/site-packages/greenhouse_interfaces'...
[4.582s] Compiling '/home/koji/robotics/robotics-learning/project_ws/install/greenhouse_interfaces/lib/python3.12/site-packages/greenhouse_interfaces/__init__.py'...
[4.582s] Listing '/home/koji/robotics/robotics-learning/project_ws/install/greenhouse_interfaces/lib/python3.12/site-packages/greenhouse_interfaces/msg'...
[4.583s] Compiling '/home/koji/robotics/robotics-learning/project_ws/install/greenhouse_interfaces/lib/python3.12/site-packages/greenhouse_interfaces/msg/__init__.py'...
[4.583s] Compiling '/home/koji/robotics/robotics-learning/project_ws/install/greenhouse_interfaces/lib/python3.12/site-packages/greenhouse_interfaces/msg/_sensor.py'...
[4.583s] Listing '/home/koji/robotics/robotics-learning/project_ws/install/greenhouse_interfaces/lib/python3.12/site-packages/greenhouse_interfaces/srv'...
[4.584s] Compiling '/home/koji/robotics/robotics-learning/project_ws/install/greenhouse_interfaces/lib/python3.12/site-packages/greenhouse_interfaces/srv/__init__.py'...
[4.584s] Compiling '/home/koji/robotics/robotics-learning/project_ws/install/greenhouse_interfaces/lib/python3.12/site-packages/greenhouse_interfaces/srv/_sensor.py'...
[4.588s] -- Installing: /home/koji/robotics/robotics-learning/project_ws/install/greenhouse_interfaces/lib/libgreenhouse_interfaces__rosidl_generator_py.so
[4.589s] -- Set non-toolchain portion of runtime path of "/home/koji/robotics/robotics-learning/project_ws/install/greenhouse_interfaces/lib/libgreenhouse_interfaces__rosidl_generator_py.so" to ""
[4.589s] -- Up-to-date: /home/koji/robotics/robotics-learning/project_ws/install/greenhouse_interfaces/share/greenhouse_interfaces/cmake/export_greenhouse_interfaces__rosidl_generator_cExport.cmake
[4.590s] -- Up-to-date: /home/koji/robotics/robotics-learning/project_ws/install/greenhouse_interfaces/share/greenhouse_interfaces/cmake/export_greenhouse_interfaces__rosidl_generator_cExport-noconfig.cmake
[4.590s] -- Up-to-date: /home/koji/robotics/robotics-learning/project_ws/install/greenhouse_interfaces/share/greenhouse_interfaces/cmake/export_greenhouse_interfaces__rosidl_typesupport_fastrtps_cExport.cmake
[4.590s] -- Up-to-date: /home/koji/robotics/robotics-learning/project_ws/install/greenhouse_interfaces/share/greenhouse_interfaces/cmake/export_greenhouse_interfaces__rosidl_typesupport_fastrtps_cExport-noconfig.cmake
[4.590s] -- Up-to-date: /home/koji/robotics/robotics-learning/project_ws/install/greenhouse_interfaces/share/greenhouse_interfaces/cmake/greenhouse_interfaces__rosidl_typesupport_introspection_cExport.cmake
[4.591s] -- Up-to-date: /home/koji/robotics/robotics-learning/project_ws/install/greenhouse_interfaces/share/greenhouse_interfaces/cmake/greenhouse_interfaces__rosidl_typesupport_introspection_cExport-noconfig.cmake
[4.591s] -- Up-to-date: /home/koji/robotics/robotics-learning/project_ws/install/greenhouse_interfaces/share/greenhouse_interfaces/cmake/greenhouse_interfaces__rosidl_typesupport_cExport.cmake
[4.592s] -- Up-to-date: /home/koji/robotics/robotics-learning/project_ws/install/greenhouse_interfaces/share/greenhouse_interfaces/cmake/greenhouse_interfaces__rosidl_typesupport_cExport-noconfig.cmake
[4.592s] -- Up-to-date: /home/koji/robotics/robotics-learning/project_ws/install/greenhouse_interfaces/share/greenhouse_interfaces/cmake/export_greenhouse_interfaces__rosidl_generator_cppExport.cmake
[4.592s] -- Up-to-date: /home/koji/robotics/robotics-learning/project_ws/install/greenhouse_interfaces/share/greenhouse_interfaces/cmake/export_greenhouse_interfaces__rosidl_typesupport_fastrtps_cppExport.cmake
[4.593s] -- Up-to-date: /home/koji/robotics/robotics-learning/project_ws/install/greenhouse_interfaces/share/greenhouse_interfaces/cmake/export_greenhouse_interfaces__rosidl_typesupport_fastrtps_cppExport-noconfig.cmake
[4.593s] -- Up-to-date: /home/koji/robotics/robotics-learning/project_ws/install/greenhouse_interfaces/share/greenhouse_interfaces/cmake/greenhouse_interfaces__rosidl_typesupport_introspection_cppExport.cmake
[4.593s] -- Up-to-date: /home/koji/robotics/robotics-learning/project_ws/install/greenhouse_interfaces/share/greenhouse_interfaces/cmake/greenhouse_interfaces__rosidl_typesupport_introspection_cppExport-noconfig.cmake
[4.593s] -- Up-to-date: /home/koji/robotics/robotics-learning/project_ws/install/greenhouse_interfaces/share/greenhouse_interfaces/cmake/greenhouse_interfaces__rosidl_typesupport_cppExport.cmake
[4.594s] -- Up-to-date: /home/koji/robotics/robotics-learning/project_ws/install/greenhouse_interfaces/share/greenhouse_interfaces/cmake/greenhouse_interfaces__rosidl_typesupport_cppExport-noconfig.cmake
[4.594s] -- Up-to-date: /home/koji/robotics/robotics-learning/project_ws/install/greenhouse_interfaces/share/greenhouse_interfaces/cmake/export_greenhouse_interfaces__rosidl_generator_pyExport.cmake
[4.594s] -- Up-to-date: /home/koji/robotics/robotics-learning/project_ws/install/greenhouse_interfaces/share/greenhouse_interfaces/cmake/export_greenhouse_interfaces__rosidl_generator_pyExport-noconfig.cmake
[4.598s] Invoked command in '/home/koji/robotics/robotics-learning/project_ws/build/greenhouse_interfaces' returned '0': CMAKE_PREFIX_PATH=${CMAKE_PREFIX_PATH}:/home/koji/robotics/robotics-learning/project_ws/install/temperature_monitor_pkg:/home/koji/robotics/robotics-learning/project_ws/install/smart_irrigation_system:/home/koji/robotics/robotics-learning/project_ws/install/smart_greenhouse_controller:/home/koji/robotics/robotics-learning/project_ws/install/addition_qlty_checker_pkg:/opt/ros/jazzy DEBUGINFOD_URLS=https://debuginfod.ubuntu.com /usr/bin/cmake --install /home/koji/robotics/robotics-learning/project_ws/build/greenhouse_interfaces
