[0.167s] DEBUG:colcon:Command line arguments: ['/usr/bin/colcon', 'build', '--symlink-install']
[0.167s] DEBUG:colcon:Parsed command line arguments: Namespace(log_base=None, log_level=None, verb_name='build', build_base='build', install_base='install', merge_install=False, symlink_install=True, test_result_base=None, continue_on_error=False, executor='parallel', parallel_workers=12, event_handlers=None, ignore_user_meta=False, metas=['./colcon.meta'], base_paths=['.'], packages_ignore=None, packages_ignore_regex=None, paths=None, packages_up_to=None, packages_up_to_regex=None, packages_above=None, packages_above_and_dependencies=None, packages_above_depth=None, packages_select_by_dep=None, packages_skip_by_dep=None, packages_skip_up_to=None, packages_select_build_failed=False, packages_skip_build_finished=False, packages_select_test_failures=False, packages_skip_test_passed=False, packages_select=None, packages_skip=None, packages_select_regex=None, packages_skip_regex=None, packages_start=None, packages_end=None, allow_overriding=[], cmake_args=None, cmake_target=None, cmake_target_skip_unavailable=False, cmake_clean_cache=False, cmake_clean_first=False, cmake_force_configure=False, ament_cmake_args=None, catkin_cmake_args=None, catkin_skip_building_tests=False, mixin_files=None, mixin=None, verb_parser=<colcon_mixin.mixin.mixin_argument.MixinArgumentDecorator object at 0x77072d07ac30>, verb_extension=<colcon_core.verb.build.BuildVerb object at 0x77072d07a870>, main=<bound method BuildVerb.main of <colcon_core.verb.build.BuildVerb object at 0x77072d07a870>>, mixin_verb=('build',))
[0.224s] Level 1:colcon.colcon_core.package_discovery:discover_packages(colcon_meta) check parameters
[0.225s] Level 1:colcon.colcon_core.package_discovery:discover_packages(recursive) check parameters
[0.225s] Level 1:colcon.colcon_core.package_discovery:discover_packages(ignore) check parameters
[0.225s] Level 1:colcon.colcon_core.package_discovery:discover_packages(path) check parameters
[0.225s] Level 1:colcon.colcon_core.package_discovery:discover_packages(colcon_meta) discover
[0.225s] Level 1:colcon.colcon_core.package_discovery:discover_packages(recursive) discover
[0.225s] INFO:colcon.colcon_core.package_discovery:Crawling recursively for packages in '/home/koji/robotics/robotics-learning/beginner_client_libs/my_workspace'
[0.225s] Level 1:colcon.colcon_core.package_identification:_identify(.) by extensions ['ignore', 'ignore_ament_install']
[0.225s] Level 1:colcon.colcon_core.package_identification:_identify(.) by extension 'ignore'
[0.225s] Level 1:colcon.colcon_core.package_identification:_identify(.) by extension 'ignore_ament_install'
[0.225s] Level 1:colcon.colcon_core.package_identification:_identify(.) by extensions ['colcon_pkg']
[0.225s] Level 1:colcon.colcon_core.package_identification:_identify(.) by extension 'colcon_pkg'
[0.225s] Level 1:colcon.colcon_core.package_identification:_identify(.) by extensions ['colcon_meta']
[0.225s] Level 1:colcon.colcon_core.package_identification:_identify(.) by extension 'colcon_meta'
[0.225s] Level 1:colcon.colcon_core.package_identification:_identify(.) by extensions ['ros']
[0.226s] Level 1:colcon.colcon_core.package_identification:_identify(.) by extension 'ros'
[0.265s] Level 1:colcon.colcon_core.package_identification:_identify(.) by extensions ['cmake', 'python']
[0.265s] Level 1:colcon.colcon_core.package_identification:_identify(.) by extension 'cmake'
[0.265s] Level 1:colcon.colcon_core.package_identification:_identify(.) by extension 'python'
[0.265s] Level 1:colcon.colcon_core.package_identification:_identify(.) by extensions ['python_setup_py']
[0.265s] Level 1:colcon.colcon_core.package_identification:_identify(.) by extension 'python_setup_py'
[0.265s] Level 1:colcon.colcon_core.package_identification:_identify(build) by extensions ['ignore', 'ignore_ament_install']
[0.265s] Level 1:colcon.colcon_core.package_identification:_identify(build) by extension 'ignore'
[0.265s] Level 1:colcon.colcon_core.package_identification:_identify(build) ignored
[0.265s] Level 1:colcon.colcon_core.package_identification:_identify(install) by extensions ['ignore', 'ignore_ament_install']
[0.266s] Level 1:colcon.colcon_core.package_identification:_identify(install) by extension 'ignore'
[0.266s] Level 1:colcon.colcon_core.package_identification:_identify(install) ignored
[0.266s] Level 1:colcon.colcon_core.package_identification:_identify(log) by extensions ['ignore', 'ignore_ament_install']
[0.266s] Level 1:colcon.colcon_core.package_identification:_identify(log) by extension 'ignore'
[0.266s] Level 1:colcon.colcon_core.package_identification:_identify(log) ignored
[0.266s] Level 1:colcon.colcon_core.package_identification:_identify(src) by extensions ['ignore', 'ignore_ament_install']
[0.266s] Level 1:colcon.colcon_core.package_identification:_identify(src) by extension 'ignore'
[0.266s] Level 1:colcon.colcon_core.package_identification:_identify(src) by extension 'ignore_ament_install'
[0.266s] Level 1:colcon.colcon_core.package_identification:_identify(src) by extensions ['colcon_pkg']
[0.266s] Level 1:colcon.colcon_core.package_identification:_identify(src) by extension 'colcon_pkg'
[0.266s] Level 1:colcon.colcon_core.package_identification:_identify(src) by extensions ['colcon_meta']
[0.266s] Level 1:colcon.colcon_core.package_identification:_identify(src) by extension 'colcon_meta'
[0.266s] Level 1:colcon.colcon_core.package_identification:_identify(src) by extensions ['ros']
[0.266s] Level 1:colcon.colcon_core.package_identification:_identify(src) by extension 'ros'
[0.266s] Level 1:colcon.colcon_core.package_identification:_identify(src) by extensions ['cmake', 'python']
[0.267s] Level 1:colcon.colcon_core.package_identification:_identify(src) by extension 'cmake'
[0.267s] Level 1:colcon.colcon_core.package_identification:_identify(src) by extension 'python'
[0.267s] Level 1:colcon.colcon_core.package_identification:_identify(src) by extensions ['python_setup_py']
[0.267s] Level 1:colcon.colcon_core.package_identification:_identify(src) by extension 'python_setup_py'
[0.267s] Level 1:colcon.colcon_core.package_identification:_identify(src/01_pkg) by extensions ['ignore', 'ignore_ament_install']
[0.267s] Level 1:colcon.colcon_core.package_identification:_identify(src/01_pkg) by extension 'ignore'
[0.267s] Level 1:colcon.colcon_core.package_identification:_identify(src/01_pkg) by extension 'ignore_ament_install'
[0.267s] Level 1:colcon.colcon_core.package_identification:_identify(src/01_pkg) by extensions ['colcon_pkg']
[0.267s] Level 1:colcon.colcon_core.package_identification:_identify(src/01_pkg) by extension 'colcon_pkg'
[0.267s] Level 1:colcon.colcon_core.package_identification:_identify(src/01_pkg) by extensions ['colcon_meta']
[0.267s] Level 1:colcon.colcon_core.package_identification:_identify(src/01_pkg) by extension 'colcon_meta'
[0.267s] Level 1:colcon.colcon_core.package_identification:_identify(src/01_pkg) by extensions ['ros']
[0.267s] Level 1:colcon.colcon_core.package_identification:_identify(src/01_pkg) by extension 'ros'
[0.278s] DEBUG:colcon.colcon_core.package_identification:Package 'src/01_pkg' with type 'ros.ament_python' and name '01_pkg'
[0.278s] Level 1:colcon.colcon_core.package_discovery:discover_packages(recursive) using defaults
[0.278s] Level 1:colcon.colcon_core.package_discovery:discover_packages(ignore) discover
[0.278s] Level 1:colcon.colcon_core.package_discovery:discover_packages(ignore) using defaults
[0.278s] Level 1:colcon.colcon_core.package_discovery:discover_packages(path) discover
[0.278s] Level 1:colcon.colcon_core.package_discovery:discover_packages(path) using defaults
[0.306s] Level 1:colcon.colcon_core.package_discovery:discover_packages(prefix_path) check parameters
[0.306s] Level 1:colcon.colcon_core.package_discovery:discover_packages(prefix_path) discover
[0.308s] DEBUG:colcon.colcon_installed_package_information.package_discovery:Found 0 installed packages in /home/koji/robotics/robotics-learning/beginner_client_libs/my_workspace/install
[0.310s] DEBUG:colcon.colcon_installed_package_information.package_discovery:Found 288 installed packages in /opt/ros/jazzy
[0.312s] Level 1:colcon.colcon_core.package_discovery:discover_packages(prefix_path) using defaults
[0.374s] Level 5:colcon.colcon_core.verb:set package '01_pkg' build argument 'cmake_args' from command line to 'None'
[0.375s] Level 5:colcon.colcon_core.verb:set package '01_pkg' build argument 'cmake_target' from command line to 'None'
[0.375s] Level 5:colcon.colcon_core.verb:set package '01_pkg' build argument 'cmake_target_skip_unavailable' from command line to 'False'
[0.375s] Level 5:colcon.colcon_core.verb:set package '01_pkg' build argument 'cmake_clean_cache' from command line to 'False'
[0.375s] Level 5:colcon.colcon_core.verb:set package '01_pkg' build argument 'cmake_clean_first' from command line to 'False'
[0.375s] Level 5:colcon.colcon_core.verb:set package '01_pkg' build argument 'cmake_force_configure' from command line to 'False'
[0.375s] Level 5:colcon.colcon_core.verb:set package '01_pkg' build argument 'ament_cmake_args' from command line to 'None'
[0.375s] Level 5:colcon.colcon_core.verb:set package '01_pkg' build argument 'catkin_cmake_args' from command line to 'None'
[0.375s] Level 5:colcon.colcon_core.verb:set package '01_pkg' build argument 'catkin_skip_building_tests' from command line to 'False'
[0.375s] DEBUG:colcon.colcon_core.verb:Building package '01_pkg' with the following arguments: {'ament_cmake_args': None, 'build_base': '/home/koji/robotics/robotics-learning/beginner_client_libs/my_workspace/build/01_pkg', 'catkin_cmake_args': None, 'catkin_skip_building_tests': False, 'cmake_args': None, 'cmake_clean_cache': False, 'cmake_clean_first': False, 'cmake_force_configure': False, 'cmake_target': None, 'cmake_target_skip_unavailable': False, 'install_base': '/home/koji/robotics/robotics-learning/beginner_client_libs/my_workspace/install/01_pkg', 'merge_install': False, 'path': '/home/koji/robotics/robotics-learning/beginner_client_libs/my_workspace/src/01_pkg', 'symlink_install': True, 'test_result_base': None}
[0.375s] INFO:colcon.colcon_core.executor:Executing jobs using 'parallel' executor
[0.377s] DEBUG:colcon.colcon_parallel_executor.executor.parallel:run_until_complete
[0.377s] INFO:colcon.colcon_ros.task.ament_python.build:Building ROS package in '/home/koji/robotics/robotics-learning/beginner_client_libs/my_workspace/src/01_pkg' with build type 'ament_python'
[0.377s] Level 1:colcon.colcon_core.shell:create_environment_hook('01_pkg', 'ament_prefix_path')
[0.381s] INFO:colcon.colcon_core.plugin_system:Skipping extension 'colcon_core.shell.bat': Not used on non-Windows systems
[0.381s] INFO:colcon.colcon_core.shell:Creating environment hook '/home/koji/robotics/robotics-learning/beginner_client_libs/my_workspace/install/01_pkg/share/01_pkg/hook/ament_prefix_path.ps1'
[0.383s] INFO:colcon.colcon_core.shell:Creating environment descriptor '/home/koji/robotics/robotics-learning/beginner_client_libs/my_workspace/install/01_pkg/share/01_pkg/hook/ament_prefix_path.dsv'
[0.384s] INFO:colcon.colcon_core.shell:Creating environment hook '/home/koji/robotics/robotics-learning/beginner_client_libs/my_workspace/install/01_pkg/share/01_pkg/hook/ament_prefix_path.sh'
[0.385s] INFO:colcon.colcon_core.shell:Skip shell extension 'powershell' for command environment: Not usable outside of PowerShell
[0.385s] DEBUG:colcon.colcon_core.shell:Skip shell extension 'dsv' for command environment
[0.723s] INFO:colcon.colcon_core.task.python.build:Building Python package in '/home/koji/robotics/robotics-learning/beginner_client_libs/my_workspace/src/01_pkg'
[0.724s] INFO:colcon.colcon_core.shell:Skip shell extension 'powershell' for command environment: Not usable outside of PowerShell
[0.724s] DEBUG:colcon.colcon_core.shell:Skip shell extension 'dsv' for command environment
[1.849s] DEBUG:colcon.colcon_core.task.python.build:Available setuptools commands: rotate, build_ext, bdist_dumb, dist_info, extract_messages, egg_info, saveopts, setopt, register, install, alias, editable_wheel, build, build_py, clean, bdist, easy_install, bdist_rpm, install_data, compile_catalog, bdist_egg, develop, check, test, build_clib, sdist, build_scripts, symlink_data, upload, install_egg_info, install_headers, install_lib, init_catalog, upload_docs, install_scripts, update_catalog
[2.325s] DEBUG:colcon.colcon_core.task.python.build:Available setuptools 'develop' options: --install-layout, --user, --dry-run, --help, --optimize, --upgrade, --find-links, --no-deps, --no-user-cfg, --egg-path, --uninstall, --no-find-links, --build-directory, --install-dir, --verbose, --exclude-scripts, --local-snapshots-ok, --record, --prefix, --editable, --quiet, --allow-hosts, --zip-ok, --multi-version, --always-unzip, --index-url, --always-copy, --script-dir, --version, --force-installation-into-system-dir, --site-dirs
[2.328s] DEBUG:colcon.colcon_core.event_handler.log_command:Invoking command in '/home/koji/robotics/robotics-learning/beginner_client_libs/my_workspace/build/01_pkg': DEBUGINFOD_URLS=https://debuginfod.ubuntu.com PYTHONPATH=/home/koji/robotics/robotics-learning/beginner_client_libs/my_workspace/build/01_pkg/prefix_override:/usr/lib/python3/dist-packages/colcon_core/task/python/colcon_distutils_commands:/home/koji/robotics/robotics-learning/beginner_client_libs/my_workspace/install/01_pkg/lib/python3.12/site-packages:${PYTHONPATH} /usr/bin/python3 -W ignore:setup.py install is deprecated -W ignore:easy_install command is deprecated setup.py develop --editable --build-directory /home/koji/robotics/robotics-learning/beginner_client_libs/my_workspace/build/01_pkg/build --no-deps symlink_data
[3.212s] Level 1:colcon.colcon_core.shell:create_environment_hook('01_pkg', 'pythonpath_develop')
[3.213s] INFO:colcon.colcon_core.shell:Creating environment hook '/home/koji/robotics/robotics-learning/beginner_client_libs/my_workspace/build/01_pkg/share/01_pkg/hook/pythonpath_develop.ps1'
[3.214s] DEBUG:colcon.colcon_core.event_handler.log_command:Invoked command in '/home/koji/robotics/robotics-learning/beginner_client_libs/my_workspace/build/01_pkg' returned '0': DEBUGINFOD_URLS=https://debuginfod.ubuntu.com PYTHONPATH=/home/koji/robotics/robotics-learning/beginner_client_libs/my_workspace/build/01_pkg/prefix_override:/usr/lib/python3/dist-packages/colcon_core/task/python/colcon_distutils_commands:/home/koji/robotics/robotics-learning/beginner_client_libs/my_workspace/install/01_pkg/lib/python3.12/site-packages:${PYTHONPATH} /usr/bin/python3 -W ignore:setup.py install is deprecated -W ignore:easy_install command is deprecated setup.py develop --editable --build-directory /home/koji/robotics/robotics-learning/beginner_client_libs/my_workspace/build/01_pkg/build --no-deps symlink_data
[3.215s] INFO:colcon.colcon_core.shell:Creating environment descriptor '/home/koji/robotics/robotics-learning/beginner_client_libs/my_workspace/build/01_pkg/share/01_pkg/hook/pythonpath_develop.dsv'
[3.215s] INFO:colcon.colcon_core.shell:Creating environment hook '/home/koji/robotics/robotics-learning/beginner_client_libs/my_workspace/build/01_pkg/share/01_pkg/hook/pythonpath_develop.sh'
[3.223s] Level 1:colcon.colcon_core.environment:checking '/home/koji/robotics/robotics-learning/beginner_client_libs/my_workspace/install/01_pkg' for CMake module files
[3.223s] Level 1:colcon.colcon_core.environment:checking '/home/koji/robotics/robotics-learning/beginner_client_libs/my_workspace/install/01_pkg' for CMake config files
[3.224s] Level 1:colcon.colcon_core.environment:checking '/home/koji/robotics/robotics-learning/beginner_client_libs/my_workspace/install/01_pkg/lib'
[3.224s] Level 1:colcon.colcon_core.environment:checking '/home/koji/robotics/robotics-learning/beginner_client_libs/my_workspace/install/01_pkg/bin'
[3.224s] Level 1:colcon.colcon_core.environment:checking '/home/koji/robotics/robotics-learning/beginner_client_libs/my_workspace/install/01_pkg/lib/pkgconfig/01_pkg.pc'
[3.225s] Level 1:colcon.colcon_core.environment:checking '/home/koji/robotics/robotics-learning/beginner_client_libs/my_workspace/install/01_pkg/lib/python3.12/site-packages'
[3.225s] Level 1:colcon.colcon_core.shell:create_environment_hook('01_pkg', 'pythonpath')
[3.225s] INFO:colcon.colcon_core.shell:Creating environment hook '/home/koji/robotics/robotics-learning/beginner_client_libs/my_workspace/install/01_pkg/share/01_pkg/hook/pythonpath.ps1'
[3.226s] INFO:colcon.colcon_core.shell:Creating environment descriptor '/home/koji/robotics/robotics-learning/beginner_client_libs/my_workspace/install/01_pkg/share/01_pkg/hook/pythonpath.dsv'
[3.226s] INFO:colcon.colcon_core.shell:Creating environment hook '/home/koji/robotics/robotics-learning/beginner_client_libs/my_workspace/install/01_pkg/share/01_pkg/hook/pythonpath.sh'
[3.227s] Level 1:colcon.colcon_core.environment:checking '/home/koji/robotics/robotics-learning/beginner_client_libs/my_workspace/install/01_pkg/bin'
[3.227s] Level 1:colcon.colcon_core.environment:create_environment_scripts_only(01_pkg)
[3.227s] INFO:colcon.colcon_core.shell:Creating package script '/home/koji/robotics/robotics-learning/beginner_client_libs/my_workspace/install/01_pkg/share/01_pkg/package.ps1'
[3.229s] INFO:colcon.colcon_core.shell:Creating package descriptor '/home/koji/robotics/robotics-learning/beginner_client_libs/my_workspace/install/01_pkg/share/01_pkg/package.dsv'
[3.230s] INFO:colcon.colcon_core.shell:Creating package script '/home/koji/robotics/robotics-learning/beginner_client_libs/my_workspace/install/01_pkg/share/01_pkg/package.sh'
[3.231s] INFO:colcon.colcon_core.shell:Creating package script '/home/koji/robotics/robotics-learning/beginner_client_libs/my_workspace/install/01_pkg/share/01_pkg/package.bash'
[3.232s] INFO:colcon.colcon_core.shell:Creating package script '/home/koji/robotics/robotics-learning/beginner_client_libs/my_workspace/install/01_pkg/share/01_pkg/package.zsh'
[3.233s] Level 1:colcon.colcon_core.environment:create_file_with_runtime_dependencies(/home/koji/robotics/robotics-learning/beginner_client_libs/my_workspace/install/01_pkg/share/colcon-core/packages/01_pkg)
[3.233s] DEBUG:colcon.colcon_parallel_executor.executor.parallel:closing loop
[3.234s] DEBUG:colcon.colcon_parallel_executor.executor.parallel:loop closed
[3.234s] DEBUG:colcon.colcon_parallel_executor.executor.parallel:run_until_complete finished with '0'
[3.234s] DEBUG:colcon.colcon_core.event_reactor:joining thread
[3.242s] INFO:colcon.colcon_core.plugin_system:Skipping extension 'colcon_notification.desktop_notification.terminal_notifier': Not used on non-Darwin systems
[3.242s] INFO:colcon.colcon_core.plugin_system:Skipping extension 'colcon_notification.desktop_notification.win32': Not used on non-Windows systems
[3.242s] INFO:colcon.colcon_notification.desktop_notification:Sending desktop notification using 'notify2'
[3.281s] DEBUG:colcon.colcon_core.event_reactor:joined thread
[3.282s] INFO:colcon.colcon_core.shell:Creating prefix script '/home/koji/robotics/robotics-learning/beginner_client_libs/my_workspace/install/local_setup.ps1'
[3.285s] INFO:colcon.colcon_core.shell:Creating prefix util module '/home/koji/robotics/robotics-learning/beginner_client_libs/my_workspace/install/_local_setup_util_ps1.py'
[3.289s] INFO:colcon.colcon_core.shell:Creating prefix chain script '/home/koji/robotics/robotics-learning/beginner_client_libs/my_workspace/install/setup.ps1'
[3.291s] INFO:colcon.colcon_core.shell:Creating prefix script '/home/koji/robotics/robotics-learning/beginner_client_libs/my_workspace/install/local_setup.sh'
[3.293s] INFO:colcon.colcon_core.shell:Creating prefix util module '/home/koji/robotics/robotics-learning/beginner_client_libs/my_workspace/install/_local_setup_util_sh.py'
[3.294s] INFO:colcon.colcon_core.shell:Creating prefix chain script '/home/koji/robotics/robotics-learning/beginner_client_libs/my_workspace/install/setup.sh'
[3.296s] INFO:colcon.colcon_core.shell:Creating prefix script '/home/koji/robotics/robotics-learning/beginner_client_libs/my_workspace/install/local_setup.bash'
[3.297s] INFO:colcon.colcon_core.shell:Creating prefix chain script '/home/koji/robotics/robotics-learning/beginner_client_libs/my_workspace/install/setup.bash'
[3.298s] INFO:colcon.colcon_core.shell:Creating prefix script '/home/koji/robotics/robotics-learning/beginner_client_libs/my_workspace/install/local_setup.zsh'
[3.299s] INFO:colcon.colcon_core.shell:Creating prefix chain script '/home/koji/robotics/robotics-learning/beginner_client_libs/my_workspace/install/setup.zsh'
