[1.154s] Invoking command in '/home/koji/robotics/robotics-learning/project_ws/build/smart_irrigation_system': DEBUGINFOD_URLS=https://debuginfod.ubuntu.com PYTHONPATH=/home/koji/robotics/robotics-learning/project_ws/build/smart_irrigation_system/prefix_override:/usr/lib/python3/dist-packages/colcon_core/task/python/colcon_distutils_commands:/home/koji/robotics/robotics-learning/project_ws/install/smart_irrigation_system/lib/python3.12/site-packages:/home/koji/robotics/robotics-learning/project_ws/install/irrigation_interfaces/lib/python3.12/site-packages:/home/koji/project_ws/build/temperature_monitor_pkg:/home/koji/robotics/robotics-learning/project_ws/install/temperature_monitor_pkg/lib/python3.12/site-packages:/home/koji/robotics/robotics-learning/project_ws/build/smart_irrigation_system:/home/koji/robotics/robotics-learning/project_ws/install/smart_irrigation_system/lib/python3.12/site-packages:/home/koji/robotics/robotics-learning/project_ws/build/addition_qlty_checker_pkg:/home/koji/robotics/robotics-learning/project_ws/install/addition_qlty_checker_pkg/lib/python3.12/site-packages:/opt/ros/jazzy/lib/python3.12/site-packages /usr/bin/python3 -W ignore:setup.py install is deprecated -W ignore:easy_install command is deprecated setup.py develop --editable --build-directory /home/koji/robotics/robotics-learning/project_ws/build/smart_irrigation_system/build --no-deps symlink_data
[1.457s] running develop
[1.652s] running egg_info
[1.652s] creating smart_irrigation_system.egg-info
[1.673s] writing smart_irrigation_system.egg-info/PKG-INFO
[1.673s] writing dependency_links to smart_irrigation_system.egg-info/dependency_links.txt
[1.674s] writing entry points to smart_irrigation_system.egg-info/entry_points.txt
[1.674s] writing requirements to smart_irrigation_system.egg-info/requires.txt
[1.674s] writing top-level names to smart_irrigation_system.egg-info/top_level.txt
[1.674s] writing manifest file 'smart_irrigation_system.egg-info/SOURCES.txt'
[1.716s] reading manifest file 'smart_irrigation_system.egg-info/SOURCES.txt'
[1.716s] writing manifest file 'smart_irrigation_system.egg-info/SOURCES.txt'
[1.739s] running build_ext
[1.739s] Creating /home/koji/robotics/robotics-learning/project_ws/install/smart_irrigation_system/lib/python3.12/site-packages/smart-irrigation-system.egg-link (link to .)
[1.740s] Installing client script to /home/koji/robotics/robotics-learning/project_ws/install/smart_irrigation_system/lib/smart_irrigation_system
[1.741s] Installing server script to /home/koji/robotics/robotics-learning/project_ws/install/smart_irrigation_system/lib/smart_irrigation_system
[1.741s] 
[1.741s] Installed /home/koji/robotics/robotics-learning/project_ws/build/smart_irrigation_system
[1.741s] running symlink_data
[1.741s] creating /home/koji/robotics/robotics-learning/project_ws/install/smart_irrigation_system/share/ament_index
[1.741s] creating /home/koji/robotics/robotics-learning/project_ws/install/smart_irrigation_system/share/ament_index/resource_index
[1.742s] creating /home/koji/robotics/robotics-learning/project_ws/install/smart_irrigation_system/share/ament_index/resource_index/packages
[1.742s] symbolically linking /home/koji/robotics/robotics-learning/project_ws/build/smart_irrigation_system/resource/smart_irrigation_system -> /home/koji/robotics/robotics-learning/project_ws/install/smart_irrigation_system/share/ament_index/resource_index/packages
[1.742s] symbolically linking /home/koji/robotics/robotics-learning/project_ws/build/smart_irrigation_system/package.xml -> /home/koji/robotics/robotics-learning/project_ws/install/smart_irrigation_system/share/smart_irrigation_system
[1.790s] Invoked command in '/home/koji/robotics/robotics-learning/project_ws/build/smart_irrigation_system' returned '0': DEBUGINFOD_URLS=https://debuginfod.ubuntu.com PYTHONPATH=/home/koji/robotics/robotics-learning/project_ws/build/smart_irrigation_system/prefix_override:/usr/lib/python3/dist-packages/colcon_core/task/python/colcon_distutils_commands:/home/koji/robotics/robotics-learning/project_ws/install/smart_irrigation_system/lib/python3.12/site-packages:/home/koji/robotics/robotics-learning/project_ws/install/irrigation_interfaces/lib/python3.12/site-packages:/home/koji/project_ws/build/temperature_monitor_pkg:/home/koji/robotics/robotics-learning/project_ws/install/temperature_monitor_pkg/lib/python3.12/site-packages:/home/koji/robotics/robotics-learning/project_ws/build/smart_irrigation_system:/home/koji/robotics/robotics-learning/project_ws/install/smart_irrigation_system/lib/python3.12/site-packages:/home/koji/robotics/robotics-learning/project_ws/build/addition_qlty_checker_pkg:/home/koji/robotics/robotics-learning/project_ws/install/addition_qlty_checker_pkg/lib/python3.12/site-packages:/opt/ros/jazzy/lib/python3.12/site-packages /usr/bin/python3 -W ignore:setup.py install is deprecated -W ignore:easy_install command is deprecated setup.py develop --editable --build-directory /home/koji/robotics/robotics-learning/project_ws/build/smart_irrigation_system/build --no-deps symlink_data
