[0.044s] Invoking command in '/home/koji/robotics/robotics-learning/beginner_client_libs/my_workspace/build/tut_interfaces': CMAKE_PREFIX_PATH=${CMAKE_PREFIX_PATH}:/opt/ros/jazzy DEBUGINFOD_URLS=https://debuginfod.ubuntu.com /usr/bin/cmake /home/koji/robotics/robotics-learning/beginner_client_libs/my_workspace/src/tut_interfaces -DAMENT_CMAKE_SYMLINK_INSTALL=1 -DCMAKE_INSTALL_PREFIX=/home/koji/robotics/robotics-learning/beginner_client_libs/my_workspace/install/tut_interfaces
[0.240s] -- The C compiler identification is GNU 13.3.0
[0.426s] -- The CXX compiler identification is GNU 13.3.0
[0.469s] -- Detecting C compiler ABI info
[0.657s] -- Detecting C compiler ABI info - done
[0.673s] -- Check for working C compiler: /usr/bin/cc - skipped
[0.673s] -- Detecting C compile features
[0.674s] -- Detecting C compile features - done
[0.695s] -- Detecting CXX compiler ABI info
[0.877s] -- Detecting CXX compiler ABI info - done
[0.905s] -- Check for working CXX compiler: /usr/bin/c++ - skipped
[0.906s] -- Detecting CXX compile features
[0.907s] -- Detecting CXX compile features - done
[0.916s] -- Found geometry_msgs: 5.3.8 (/opt/ros/jazzy/share/geometry_msgs/cmake)
[1.152s] -- Found Python3: /usr/bin/python3 (found version "3.12.3") found components: Interpreter 
[1.283s] -- Override CMake install command with custom implementation using symlinks instead of copying resources
[1.428s] -- Found rosidl_generator_c: 4.6.9 (/opt/ros/jazzy/share/rosidl_generator_c/cmake)
[1.453s] -- Found rosidl_generator_cpp: 4.6.9 (/opt/ros/jazzy/share/rosidl_generator_cpp/cmake)
[1.486s] -- Using all available rosidl_typesupport_c: rosidl_typesupport_fastrtps_c;rosidl_typesupport_introspection_c
[1.521s] -- Using all available rosidl_typesupport_cpp: rosidl_typesupport_fastrtps_cpp;rosidl_typesupport_introspection_cpp
[1.613s] -- Found rosidl_default_generators: 1.6.1 (/opt/ros/jazzy/share/rosidl_default_generators/cmake)
[1.647s] -- Found rosidl_adapter: 4.6.9 (/opt/ros/jazzy/share/rosidl_adapter/cmake)
[1.654s] [31mCMake Error at /opt/ros/jazzy/share/rosidl_cmake/cmake/rosidl_generate_interfaces.cmake:95 (message):
[1.654s]   rosidl_generate_interfaces() the passed file 'msg/Num.msg' doesn't exist
[1.654s]   relative to the CMAKE_CURRENT_SOURCE_DIR
[1.654s]   '/home/koji/robotics/robotics-learning/beginner_client_libs/my_workspace/src/tut_interfaces'
[1.654s] Call Stack (most recent call first):
[1.655s]   CMakeLists.txt:7 (rosidl_generate_interfaces)
[1.655s] 
[1.655s] [0m
[1.655s] -- Configuring incomplete, errors occurred!
[1.666s] Invoked command in '/home/koji/robotics/robotics-learning/beginner_client_libs/my_workspace/build/tut_interfaces' returned '1': CMAKE_PREFIX_PATH=${CMAKE_PREFIX_PATH}:/opt/ros/jazzy DEBUGINFOD_URLS=https://debuginfod.ubuntu.com /usr/bin/cmake /home/koji/robotics/robotics-learning/beginner_client_libs/my_workspace/src/tut_interfaces -DAMENT_CMAKE_SYMLINK_INSTALL=1 -DCMAKE_INSTALL_PREFIX=/home/koji/robotics/robotics-learning/beginner_client_libs/my_workspace/install/tut_interfaces
