[0.107s] DEBUG:colcon:Command line arguments: ['/usr/bin/colcon', 'build', '--packages-select', 'pub_sub']
[0.107s] DEBUG:colcon:Parsed command line arguments: Namespace(log_base=None, log_level=None, verb_name='build', build_base='build', install_base='install', merge_install=False, symlink_install=False, test_result_base=None, continue_on_error=False, executor='parallel', parallel_workers=12, event_handlers=None, ignore_user_meta=False, metas=['./colcon.meta'], base_paths=['.'], packages_ignore=None, packages_ignore_regex=None, paths=None, packages_up_to=None, packages_up_to_regex=None, packages_above=None, packages_above_and_dependencies=None, packages_above_depth=None, packages_select_by_dep=None, packages_skip_by_dep=None, packages_skip_up_to=None, packages_select_build_failed=False, packages_skip_build_finished=False, packages_select_test_failures=False, packages_skip_test_passed=False, packages_select=['pub_sub'], packages_skip=None, packages_select_regex=None, packages_skip_regex=None, packages_start=None, packages_end=None, allow_overriding=[], cmake_args=None, cmake_target=None, cmake_target_skip_unavailable=False, cmake_clean_cache=False, cmake_clean_first=False, cmake_force_configure=False, ament_cmake_args=None, catkin_cmake_args=None, catkin_skip_building_tests=False, mixin_files=None, mixin=None, verb_parser=<colcon_mixin.mixin.mixin_argument.MixinArgumentDecorator object at 0x79f968c6afc0>, verb_extension=<colcon_core.verb.build.BuildVerb object at 0x79f968c6ac00>, main=<bound method BuildVerb.main of <colcon_core.verb.build.BuildVerb object at 0x79f968c6ac00>>, mixin_verb=('build',))
[0.145s] Level 1:colcon.colcon_core.package_discovery:discover_packages(colcon_meta) check parameters
[0.145s] Level 1:colcon.colcon_core.package_discovery:discover_packages(recursive) check parameters
[0.145s] Level 1:colcon.colcon_core.package_discovery:discover_packages(ignore) check parameters
[0.145s] Level 1:colcon.colcon_core.package_discovery:discover_packages(path) check parameters
[0.145s] Level 1:colcon.colcon_core.package_discovery:discover_packages(colcon_meta) discover
[0.146s] Level 1:colcon.colcon_core.package_discovery:discover_packages(recursive) discover
[0.146s] INFO:colcon.colcon_core.package_discovery:Crawling recursively for packages in '/home/koji/robotics/robotics-learning/beginner_client_libs/my_workspace'
[0.146s] Level 1:colcon.colcon_core.package_identification:_identify(.) by extensions ['ignore', 'ignore_ament_install']
[0.146s] Level 1:colcon.colcon_core.package_identification:_identify(.) by extension 'ignore'
[0.146s] Level 1:colcon.colcon_core.package_identification:_identify(.) by extension 'ignore_ament_install'
[0.146s] Level 1:colcon.colcon_core.package_identification:_identify(.) by extensions ['colcon_pkg']
[0.146s] Level 1:colcon.colcon_core.package_identification:_identify(.) by extension 'colcon_pkg'
[0.146s] Level 1:colcon.colcon_core.package_identification:_identify(.) by extensions ['colcon_meta']
[0.146s] Level 1:colcon.colcon_core.package_identification:_identify(.) by extension 'colcon_meta'
[0.146s] Level 1:colcon.colcon_core.package_identification:_identify(.) by extensions ['ros']
[0.146s] Level 1:colcon.colcon_core.package_identification:_identify(.) by extension 'ros'
[0.170s] Level 1:colcon.colcon_core.package_identification:_identify(.) by extensions ['cmake', 'python']
[0.170s] Level 1:colcon.colcon_core.package_identification:_identify(.) by extension 'cmake'
[0.170s] Level 1:colcon.colcon_core.package_identification:_identify(.) by extension 'python'
[0.170s] Level 1:colcon.colcon_core.package_identification:_identify(.) by extensions ['python_setup_py']
[0.170s] Level 1:colcon.colcon_core.package_identification:_identify(.) by extension 'python_setup_py'
[0.170s] Level 1:colcon.colcon_core.package_identification:_identify(build) by extensions ['ignore', 'ignore_ament_install']
[0.170s] Level 1:colcon.colcon_core.package_identification:_identify(build) by extension 'ignore'
[0.170s] Level 1:colcon.colcon_core.package_identification:_identify(build) ignored
[0.170s] Level 1:colcon.colcon_core.package_identification:_identify(install) by extensions ['ignore', 'ignore_ament_install']
[0.171s] Level 1:colcon.colcon_core.package_identification:_identify(install) by extension 'ignore'
[0.171s] Level 1:colcon.colcon_core.package_identification:_identify(install) ignored
[0.171s] Level 1:colcon.colcon_core.package_identification:_identify(log) by extensions ['ignore', 'ignore_ament_install']
[0.171s] Level 1:colcon.colcon_core.package_identification:_identify(log) by extension 'ignore'
[0.171s] Level 1:colcon.colcon_core.package_identification:_identify(log) ignored
[0.171s] Level 1:colcon.colcon_core.package_identification:_identify(src) by extensions ['ignore', 'ignore_ament_install']
[0.171s] Level 1:colcon.colcon_core.package_identification:_identify(src) by extension 'ignore'
[0.171s] Level 1:colcon.colcon_core.package_identification:_identify(src) by extension 'ignore_ament_install'
[0.171s] Level 1:colcon.colcon_core.package_identification:_identify(src) by extensions ['colcon_pkg']
[0.171s] Level 1:colcon.colcon_core.package_identification:_identify(src) by extension 'colcon_pkg'
[0.171s] Level 1:colcon.colcon_core.package_identification:_identify(src) by extensions ['colcon_meta']
[0.171s] Level 1:colcon.colcon_core.package_identification:_identify(src) by extension 'colcon_meta'
[0.171s] Level 1:colcon.colcon_core.package_identification:_identify(src) by extensions ['ros']
[0.171s] Level 1:colcon.colcon_core.package_identification:_identify(src) by extension 'ros'
[0.171s] Level 1:colcon.colcon_core.package_identification:_identify(src) by extensions ['cmake', 'python']
[0.171s] Level 1:colcon.colcon_core.package_identification:_identify(src) by extension 'cmake'
[0.171s] Level 1:colcon.colcon_core.package_identification:_identify(src) by extension 'python'
[0.171s] Level 1:colcon.colcon_core.package_identification:_identify(src) by extensions ['python_setup_py']
[0.171s] Level 1:colcon.colcon_core.package_identification:_identify(src) by extension 'python_setup_py'
[0.172s] Level 1:colcon.colcon_core.package_identification:_identify(src/my_first_pkg) by extensions ['ignore', 'ignore_ament_install']
[0.172s] Level 1:colcon.colcon_core.package_identification:_identify(src/my_first_pkg) by extension 'ignore'
[0.172s] Level 1:colcon.colcon_core.package_identification:_identify(src/my_first_pkg) by extension 'ignore_ament_install'
[0.172s] Level 1:colcon.colcon_core.package_identification:_identify(src/my_first_pkg) by extensions ['colcon_pkg']
[0.172s] Level 1:colcon.colcon_core.package_identification:_identify(src/my_first_pkg) by extension 'colcon_pkg'
[0.172s] Level 1:colcon.colcon_core.package_identification:_identify(src/my_first_pkg) by extensions ['colcon_meta']
[0.172s] Level 1:colcon.colcon_core.package_identification:_identify(src/my_first_pkg) by extension 'colcon_meta'
[0.172s] Level 1:colcon.colcon_core.package_identification:_identify(src/my_first_pkg) by extensions ['ros']
[0.172s] Level 1:colcon.colcon_core.package_identification:_identify(src/my_first_pkg) by extension 'ros'
[0.174s] DEBUG:colcon.colcon_core.package_identification:Package 'src/my_first_pkg' with type 'ros.ament_python' and name 'my_first_pkg'
[0.174s] Level 1:colcon.colcon_core.package_identification:_identify(src/pub_sub) by extensions ['ignore', 'ignore_ament_install']
[0.174s] Level 1:colcon.colcon_core.package_identification:_identify(src/pub_sub) by extension 'ignore'
[0.174s] Level 1:colcon.colcon_core.package_identification:_identify(src/pub_sub) by extension 'ignore_ament_install'
[0.174s] Level 1:colcon.colcon_core.package_identification:_identify(src/pub_sub) by extensions ['colcon_pkg']
[0.174s] Level 1:colcon.colcon_core.package_identification:_identify(src/pub_sub) by extension 'colcon_pkg'
[0.174s] Level 1:colcon.colcon_core.package_identification:_identify(src/pub_sub) by extensions ['colcon_meta']
[0.174s] Level 1:colcon.colcon_core.package_identification:_identify(src/pub_sub) by extension 'colcon_meta'
[0.174s] Level 1:colcon.colcon_core.package_identification:_identify(src/pub_sub) by extensions ['ros']
[0.175s] Level 1:colcon.colcon_core.package_identification:_identify(src/pub_sub) by extension 'ros'
[0.175s] DEBUG:colcon.colcon_core.package_identification:Package 'src/pub_sub' with type 'ros.ament_python' and name 'pub_sub'
[0.175s] Level 1:colcon.colcon_core.package_identification:_identify(src/py_srv) by extensions ['ignore', 'ignore_ament_install']
[0.175s] Level 1:colcon.colcon_core.package_identification:_identify(src/py_srv) by extension 'ignore'
[0.175s] Level 1:colcon.colcon_core.package_identification:_identify(src/py_srv) by extension 'ignore_ament_install'
[0.175s] Level 1:colcon.colcon_core.package_identification:_identify(src/py_srv) by extensions ['colcon_pkg']
[0.175s] Level 1:colcon.colcon_core.package_identification:_identify(src/py_srv) by extension 'colcon_pkg'
[0.175s] Level 1:colcon.colcon_core.package_identification:_identify(src/py_srv) by extensions ['colcon_meta']
[0.175s] Level 1:colcon.colcon_core.package_identification:_identify(src/py_srv) by extension 'colcon_meta'
[0.175s] Level 1:colcon.colcon_core.package_identification:_identify(src/py_srv) by extensions ['ros']
[0.175s] Level 1:colcon.colcon_core.package_identification:_identify(src/py_srv) by extension 'ros'
[0.176s] DEBUG:colcon.colcon_core.package_identification:Package 'src/py_srv' with type 'ros.ament_python' and name 'py_srv'
[0.176s] Level 1:colcon.colcon_core.package_identification:_identify(src/tut_interfaces) by extensions ['ignore', 'ignore_ament_install']
[0.176s] Level 1:colcon.colcon_core.package_identification:_identify(src/tut_interfaces) by extension 'ignore'
[0.176s] Level 1:colcon.colcon_core.package_identification:_identify(src/tut_interfaces) by extension 'ignore_ament_install'
[0.176s] Level 1:colcon.colcon_core.package_identification:_identify(src/tut_interfaces) by extensions ['colcon_pkg']
[0.176s] Level 1:colcon.colcon_core.package_identification:_identify(src/tut_interfaces) by extension 'colcon_pkg'
[0.176s] Level 1:colcon.colcon_core.package_identification:_identify(src/tut_interfaces) by extensions ['colcon_meta']
[0.176s] Level 1:colcon.colcon_core.package_identification:_identify(src/tut_interfaces) by extension 'colcon_meta'
[0.176s] Level 1:colcon.colcon_core.package_identification:_identify(src/tut_interfaces) by extensions ['ros']
[0.176s] Level 1:colcon.colcon_core.package_identification:_identify(src/tut_interfaces) by extension 'ros'
[0.177s] DEBUG:colcon.colcon_core.package_identification:Package 'src/tut_interfaces' with type 'ros.ament_cmake' and name 'tut_interfaces'
[0.177s] Level 1:colcon.colcon_core.package_discovery:discover_packages(recursive) using defaults
[0.177s] Level 1:colcon.colcon_core.package_discovery:discover_packages(ignore) discover
[0.177s] Level 1:colcon.colcon_core.package_discovery:discover_packages(ignore) using defaults
[0.177s] Level 1:colcon.colcon_core.package_discovery:discover_packages(path) discover
[0.177s] Level 1:colcon.colcon_core.package_discovery:discover_packages(path) using defaults
[0.194s] INFO:colcon.colcon_core.package_selection:Skipping not selected package 'my_first_pkg' in 'src/my_first_pkg'
[0.194s] INFO:colcon.colcon_core.package_selection:Skipping not selected package 'py_srv' in 'src/py_srv'
[0.194s] INFO:colcon.colcon_core.package_selection:Skipping not selected package 'tut_interfaces' in 'src/tut_interfaces'
[0.194s] Level 1:colcon.colcon_core.package_discovery:discover_packages(prefix_path) check parameters
[0.194s] Level 1:colcon.colcon_core.package_discovery:discover_packages(prefix_path) discover
[0.197s] DEBUG:colcon.colcon_installed_package_information.package_discovery:Found 288 installed packages in /opt/ros/jazzy
[0.197s] Level 1:colcon.colcon_core.package_discovery:discover_packages(prefix_path) using defaults
[0.235s] Level 5:colcon.colcon_core.verb:set package 'pub_sub' build argument 'cmake_args' from command line to 'None'
[0.236s] Level 5:colcon.colcon_core.verb:set package 'pub_sub' build argument 'cmake_target' from command line to 'None'
[0.236s] Level 5:colcon.colcon_core.verb:set package 'pub_sub' build argument 'cmake_target_skip_unavailable' from command line to 'False'
[0.236s] Level 5:colcon.colcon_core.verb:set package 'pub_sub' build argument 'cmake_clean_cache' from command line to 'False'
[0.236s] Level 5:colcon.colcon_core.verb:set package 'pub_sub' build argument 'cmake_clean_first' from command line to 'False'
[0.236s] Level 5:colcon.colcon_core.verb:set package 'pub_sub' build argument 'cmake_force_configure' from command line to 'False'
[0.236s] Level 5:colcon.colcon_core.verb:set package 'pub_sub' build argument 'ament_cmake_args' from command line to 'None'
[0.236s] Level 5:colcon.colcon_core.verb:set package 'pub_sub' build argument 'catkin_cmake_args' from command line to 'None'
[0.236s] Level 5:colcon.colcon_core.verb:set package 'pub_sub' build argument 'catkin_skip_building_tests' from command line to 'False'
[0.236s] DEBUG:colcon.colcon_core.verb:Building package 'pub_sub' with the following arguments: {'ament_cmake_args': None, 'build_base': '/home/koji/robotics/robotics-learning/beginner_client_libs/my_workspace/build/pub_sub', 'catkin_cmake_args': None, 'catkin_skip_building_tests': False, 'cmake_args': None, 'cmake_clean_cache': False, 'cmake_clean_first': False, 'cmake_force_configure': False, 'cmake_target': None, 'cmake_target_skip_unavailable': False, 'install_base': '/home/koji/robotics/robotics-learning/beginner_client_libs/my_workspace/install/pub_sub', 'merge_install': False, 'path': '/home/koji/robotics/robotics-learning/beginner_client_libs/my_workspace/src/pub_sub', 'symlink_install': False, 'test_result_base': None}
[0.236s] INFO:colcon.colcon_core.executor:Executing jobs using 'parallel' executor
[0.237s] DEBUG:colcon.colcon_parallel_executor.executor.parallel:run_until_complete
[0.237s] INFO:colcon.colcon_ros.task.ament_python.build:Building ROS package in '/home/koji/robotics/robotics-learning/beginner_client_libs/my_workspace/src/pub_sub' with build type 'ament_python'
[0.237s] Level 1:colcon.colcon_core.shell:create_environment_hook('pub_sub', 'ament_prefix_path')
[0.239s] INFO:colcon.colcon_core.plugin_system:Skipping extension 'colcon_core.shell.bat': Not used on non-Windows systems
[0.239s] INFO:colcon.colcon_core.shell:Creating environment hook '/home/koji/robotics/robotics-learning/beginner_client_libs/my_workspace/install/pub_sub/share/pub_sub/hook/ament_prefix_path.ps1'
[0.240s] INFO:colcon.colcon_core.shell:Creating environment descriptor '/home/koji/robotics/robotics-learning/beginner_client_libs/my_workspace/install/pub_sub/share/pub_sub/hook/ament_prefix_path.dsv'
[0.241s] INFO:colcon.colcon_core.shell:Creating environment hook '/home/koji/robotics/robotics-learning/beginner_client_libs/my_workspace/install/pub_sub/share/pub_sub/hook/ament_prefix_path.sh'
[0.242s] INFO:colcon.colcon_core.shell:Skip shell extension 'powershell' for command environment: Not usable outside of PowerShell
[0.242s] DEBUG:colcon.colcon_core.shell:Skip shell extension 'dsv' for command environment
[0.453s] INFO:colcon.colcon_core.task.python.build:Building Python package in '/home/koji/robotics/robotics-learning/beginner_client_libs/my_workspace/src/pub_sub'
[0.453s] INFO:colcon.colcon_core.shell:Skip shell extension 'powershell' for command environment: Not usable outside of PowerShell
[0.454s] DEBUG:colcon.colcon_core.shell:Skip shell extension 'dsv' for command environment
[1.045s] DEBUG:colcon.colcon_core.task.python.build:Available setuptools commands: install_headers, sdist, test, build_clib, symlink_data, install_lib, alias, egg_info, install_data, install_scripts, install_egg_info, rotate, bdist, dist_info, install, easy_install, build_scripts, register, editable_wheel, build_ext, update_catalog, upload_docs, init_catalog, build_py, extract_messages, upload, setopt, compile_catalog, saveopts, bdist_egg, build, clean, develop, bdist_dumb, bdist_rpm, check
[1.049s] DEBUG:colcon.colcon_core.event_handler.log_command:Invoking command in '/home/koji/robotics/robotics-learning/beginner_client_libs/my_workspace/src/pub_sub': AMENT_PREFIX_PATH=/home/koji/robotics/robotics-learning/beginner_client_libs/my_workspace/install/tut_interfaces:${AMENT_PREFIX_PATH} CMAKE_PREFIX_PATH=/home/koji/robotics/robotics-learning/beginner_client_libs/my_workspace/install/tut_interfaces:${CMAKE_PREFIX_PATH} DEBUGINFOD_URLS=https://debuginfod.ubuntu.com LD_LIBRARY_PATH=/home/koji/robotics/robotics-learning/beginner_client_libs/my_workspace/install/tut_interfaces/lib:${LD_LIBRARY_PATH} PYTHONPATH=/home/koji/robotics/robotics-learning/beginner_client_libs/my_workspace/build/pub_sub/prefix_override:/usr/lib/python3/dist-packages/colcon_core/task/python/colcon_distutils_commands:/home/koji/robotics/robotics-learning/beginner_client_libs/my_workspace/install/pub_sub/lib/python3.12/site-packages:/home/koji/robotics/robotics-learning/beginner_client_libs/my_workspace/install/tut_interfaces/lib/python3.12/site-packages:${PYTHONPATH} /usr/bin/python3 -W ignore:setup.py install is deprecated -W ignore:easy_install command is deprecated setup.py egg_info --egg-base ../../build/pub_sub build --build-base /home/koji/robotics/robotics-learning/beginner_client_libs/my_workspace/build/pub_sub/build install --record /home/koji/robotics/robotics-learning/beginner_client_libs/my_workspace/build/pub_sub/install.log --install-scripts $base/lib/pub_sub --single-version-externally-managed install_data
[1.550s] DEBUG:colcon.colcon_core.event_handler.log_command:Invoked command in '/home/koji/robotics/robotics-learning/beginner_client_libs/my_workspace/src/pub_sub' returned '0': AMENT_PREFIX_PATH=/home/koji/robotics/robotics-learning/beginner_client_libs/my_workspace/install/tut_interfaces:${AMENT_PREFIX_PATH} CMAKE_PREFIX_PATH=/home/koji/robotics/robotics-learning/beginner_client_libs/my_workspace/install/tut_interfaces:${CMAKE_PREFIX_PATH} DEBUGINFOD_URLS=https://debuginfod.ubuntu.com LD_LIBRARY_PATH=/home/koji/robotics/robotics-learning/beginner_client_libs/my_workspace/install/tut_interfaces/lib:${LD_LIBRARY_PATH} PYTHONPATH=/home/koji/robotics/robotics-learning/beginner_client_libs/my_workspace/build/pub_sub/prefix_override:/usr/lib/python3/dist-packages/colcon_core/task/python/colcon_distutils_commands:/home/koji/robotics/robotics-learning/beginner_client_libs/my_workspace/install/pub_sub/lib/python3.12/site-packages:/home/koji/robotics/robotics-learning/beginner_client_libs/my_workspace/install/tut_interfaces/lib/python3.12/site-packages:${PYTHONPATH} /usr/bin/python3 -W ignore:setup.py install is deprecated -W ignore:easy_install command is deprecated setup.py egg_info --egg-base ../../build/pub_sub build --build-base /home/koji/robotics/robotics-learning/beginner_client_libs/my_workspace/build/pub_sub/build install --record /home/koji/robotics/robotics-learning/beginner_client_libs/my_workspace/build/pub_sub/install.log --install-scripts $base/lib/pub_sub --single-version-externally-managed install_data
[1.553s] Level 1:colcon.colcon_core.environment:checking '/home/koji/robotics/robotics-learning/beginner_client_libs/my_workspace/install/pub_sub' for CMake module files
[1.555s] Level 1:colcon.colcon_core.environment:checking '/home/koji/robotics/robotics-learning/beginner_client_libs/my_workspace/install/pub_sub' for CMake config files
[1.556s] Level 1:colcon.colcon_core.environment:checking '/home/koji/robotics/robotics-learning/beginner_client_libs/my_workspace/install/pub_sub/lib'
[1.556s] Level 1:colcon.colcon_core.environment:checking '/home/koji/robotics/robotics-learning/beginner_client_libs/my_workspace/install/pub_sub/bin'
[1.557s] Level 1:colcon.colcon_core.environment:checking '/home/koji/robotics/robotics-learning/beginner_client_libs/my_workspace/install/pub_sub/lib/pkgconfig/pub_sub.pc'
[1.557s] Level 1:colcon.colcon_core.environment:checking '/home/koji/robotics/robotics-learning/beginner_client_libs/my_workspace/install/pub_sub/lib/python3.12/site-packages'
[1.557s] Level 1:colcon.colcon_core.shell:create_environment_hook('pub_sub', 'pythonpath')
[1.558s] INFO:colcon.colcon_core.shell:Creating environment hook '/home/koji/robotics/robotics-learning/beginner_client_libs/my_workspace/install/pub_sub/share/pub_sub/hook/pythonpath.ps1'
[1.559s] INFO:colcon.colcon_core.shell:Creating environment descriptor '/home/koji/robotics/robotics-learning/beginner_client_libs/my_workspace/install/pub_sub/share/pub_sub/hook/pythonpath.dsv'
[1.560s] INFO:colcon.colcon_core.shell:Creating environment hook '/home/koji/robotics/robotics-learning/beginner_client_libs/my_workspace/install/pub_sub/share/pub_sub/hook/pythonpath.sh'
[1.561s] Level 1:colcon.colcon_core.environment:checking '/home/koji/robotics/robotics-learning/beginner_client_libs/my_workspace/install/pub_sub/bin'
[1.561s] Level 1:colcon.colcon_core.environment:create_environment_scripts_only(pub_sub)
[1.562s] INFO:colcon.colcon_core.shell:Creating package script '/home/koji/robotics/robotics-learning/beginner_client_libs/my_workspace/install/pub_sub/share/pub_sub/package.ps1'
[1.564s] INFO:colcon.colcon_core.shell:Creating package descriptor '/home/koji/robotics/robotics-learning/beginner_client_libs/my_workspace/install/pub_sub/share/pub_sub/package.dsv'
[1.565s] INFO:colcon.colcon_core.shell:Creating package script '/home/koji/robotics/robotics-learning/beginner_client_libs/my_workspace/install/pub_sub/share/pub_sub/package.sh'
[1.567s] INFO:colcon.colcon_core.shell:Creating package script '/home/koji/robotics/robotics-learning/beginner_client_libs/my_workspace/install/pub_sub/share/pub_sub/package.bash'
[1.569s] INFO:colcon.colcon_core.shell:Creating package script '/home/koji/robotics/robotics-learning/beginner_client_libs/my_workspace/install/pub_sub/share/pub_sub/package.zsh'
[1.570s] Level 1:colcon.colcon_core.environment:create_file_with_runtime_dependencies(/home/koji/robotics/robotics-learning/beginner_client_libs/my_workspace/install/pub_sub/share/colcon-core/packages/pub_sub)
[1.571s] DEBUG:colcon.colcon_parallel_executor.executor.parallel:closing loop
[1.571s] DEBUG:colcon.colcon_parallel_executor.executor.parallel:loop closed
[1.572s] DEBUG:colcon.colcon_parallel_executor.executor.parallel:run_until_complete finished with '0'
[1.572s] DEBUG:colcon.colcon_core.event_reactor:joining thread
[1.583s] INFO:colcon.colcon_core.plugin_system:Skipping extension 'colcon_notification.desktop_notification.terminal_notifier': Not used on non-Darwin systems
[1.583s] INFO:colcon.colcon_core.plugin_system:Skipping extension 'colcon_notification.desktop_notification.win32': Not used on non-Windows systems
[1.583s] INFO:colcon.colcon_notification.desktop_notification:Sending desktop notification using 'notify2'
[1.606s] DEBUG:colcon.colcon_core.event_reactor:joined thread
[1.606s] INFO:colcon.colcon_core.shell:Creating prefix script '/home/koji/robotics/robotics-learning/beginner_client_libs/my_workspace/install/local_setup.ps1'
[1.608s] INFO:colcon.colcon_core.shell:Creating prefix util module '/home/koji/robotics/robotics-learning/beginner_client_libs/my_workspace/install/_local_setup_util_ps1.py'
[1.611s] INFO:colcon.colcon_core.shell:Creating prefix chain script '/home/koji/robotics/robotics-learning/beginner_client_libs/my_workspace/install/setup.ps1'
[1.613s] INFO:colcon.colcon_core.shell:Creating prefix script '/home/koji/robotics/robotics-learning/beginner_client_libs/my_workspace/install/local_setup.sh'
[1.614s] INFO:colcon.colcon_core.shell:Creating prefix util module '/home/koji/robotics/robotics-learning/beginner_client_libs/my_workspace/install/_local_setup_util_sh.py'
[1.615s] INFO:colcon.colcon_core.shell:Creating prefix chain script '/home/koji/robotics/robotics-learning/beginner_client_libs/my_workspace/install/setup.sh'
[1.617s] INFO:colcon.colcon_core.shell:Creating prefix script '/home/koji/robotics/robotics-learning/beginner_client_libs/my_workspace/install/local_setup.bash'
[1.618s] INFO:colcon.colcon_core.shell:Creating prefix chain script '/home/koji/robotics/robotics-learning/beginner_client_libs/my_workspace/install/setup.bash'
[1.619s] INFO:colcon.colcon_core.shell:Creating prefix script '/home/koji/robotics/robotics-learning/beginner_client_libs/my_workspace/install/local_setup.zsh'
[1.620s] INFO:colcon.colcon_core.shell:Creating prefix chain script '/home/koji/robotics/robotics-learning/beginner_client_libs/my_workspace/install/setup.zsh'
