[0.034s] Invoking command in '/home/koji/robotics/robotics-learning/project_ws/build/greenhouse_interfaces': CMAKE_PREFIX_PATH=${CMAKE_PREFIX_PATH}:/opt/ros/jazzy DEBUGINFOD_URLS=https://debuginfod.ubuntu.com /usr/bin/cmake --build /home/koji/robotics/robotics-learning/project_ws/build/greenhouse_interfaces -- -j12 -l12
[0.437s] Invoked command in '/home/koji/robotics/robotics-learning/project_ws/build/greenhouse_interfaces' returned '0': CMAKE_PREFIX_PATH=${CMAKE_PREFIX_PATH}:/opt/ros/jazzy DEBUGINFOD_URLS=https://debuginfod.ubuntu.com /usr/bin/cmake --build /home/koji/robotics/robotics-learning/project_ws/build/greenhouse_interfaces -- -j12 -l12
[0.458s] Invoking command in '/home/koji/robotics/robotics-learning/project_ws/build/greenhouse_interfaces': CMAKE_PREFIX_PATH=${CMAKE_PREFIX_PATH}:/opt/ros/jazzy DEBUGINFOD_URLS=https://debuginfod.ubuntu.com /usr/bin/cmake --install /home/koji/robotics/robotics-learning/project_ws/build/greenhouse_interfaces
[0.807s] -- Install configuration: ""
[0.807s] -- Execute custom install script
[0.807s] -- Up-to-date symlink: /home/koji/robotics/robotics-learning/project_ws/install/greenhouse_interfaces/share/ament_index/resource_index/package_run_dependencies/greenhouse_interfaces
[0.807s] -- Up-to-date symlink: /home/koji/robotics/robotics-learning/project_ws/install/greenhouse_interfaces/share/ament_index/resource_index/parent_prefix_path/greenhouse_interfaces
[0.807s] -- Up-to-date symlink: /home/koji/robotics/robotics-learning/project_ws/install/greenhouse_interfaces/share/greenhouse_interfaces/environment/ament_prefix_path.sh
[0.808s] -- Up-to-date symlink: /home/koji/robotics/robotics-learning/project_ws/install/greenhouse_interfaces/share/greenhouse_interfaces/environment/ament_prefix_path.dsv
[0.808s] -- Up-to-date symlink: /home/koji/robotics/robotics-learning/project_ws/install/greenhouse_interfaces/share/greenhouse_interfaces/environment/path.sh
[0.808s] -- Up-to-date symlink: /home/koji/robotics/robotics-learning/project_ws/install/greenhouse_interfaces/share/greenhouse_interfaces/environment/path.dsv
[0.808s] -- Up-to-date symlink: /home/koji/robotics/robotics-learning/project_ws/install/greenhouse_interfaces/share/greenhouse_interfaces/local_setup.bash
[0.809s] -- Up-to-date symlink: /home/koji/robotics/robotics-learning/project_ws/install/greenhouse_interfaces/share/greenhouse_interfaces/local_setup.sh
[0.809s] -- Up-to-date symlink: /home/koji/robotics/robotics-learning/project_ws/install/greenhouse_interfaces/share/greenhouse_interfaces/local_setup.zsh
[0.809s] -- Up-to-date symlink: /home/koji/robotics/robotics-learning/project_ws/install/greenhouse_interfaces/share/greenhouse_interfaces/local_setup.dsv
[0.809s] -- Symlinking: /home/koji/robotics/robotics-learning/project_ws/install/greenhouse_interfaces/share/greenhouse_interfaces/package.dsv
[0.810s] -- Up-to-date symlink: /home/koji/robotics/robotics-learning/project_ws/install/greenhouse_interfaces/share/ament_index/resource_index/packages/greenhouse_interfaces
[0.810s] -- Up-to-date symlink: /home/koji/robotics/robotics-learning/project_ws/install/greenhouse_interfaces/share/greenhouse_interfaces/cmake/greenhouse_interfacesConfig.cmake
[0.810s] -- Up-to-date symlink: /home/koji/robotics/robotics-learning/project_ws/install/greenhouse_interfaces/share/greenhouse_interfaces/cmake/greenhouse_interfacesConfig-version.cmake
[0.810s] -- Up-to-date symlink: /home/koji/robotics/robotics-learning/project_ws/install/greenhouse_interfaces/share/greenhouse_interfaces/package.xml
[0.816s] Invoked command in '/home/koji/robotics/robotics-learning/project_ws/build/greenhouse_interfaces' returned '0': CMAKE_PREFIX_PATH=${CMAKE_PREFIX_PATH}:/opt/ros/jazzy DEBUGINFOD_URLS=https://debuginfod.ubuntu.com /usr/bin/cmake --install /home/koji/robotics/robotics-learning/project_ws/build/greenhouse_interfaces
