[0.029s] Invoking command in '/home/koji/robotics/robotics-learning/project_ws/build/irrigation_interfaces': CMAKE_PREFIX_PATH=${CMAKE_PREFIX_PATH}:/home/koji/robotics/robotics-learning/project_ws/install/temperature_monitor_pkg:/home/koji/robotics/robotics-learning/project_ws/install/smart_irrigation_system:/home/koji/robotics/robotics-learning/project_ws/install/addition_qlty_checker_pkg:/opt/ros/jazzy DEBUGINFOD_URLS=https://debuginfod.ubuntu.com /usr/bin/cmake /home/koji/robotics/robotics-learning/project_ws/src/irrigation_interfaces -DAMENT_CMAKE_SYMLINK_INSTALL=1 -DCMAKE_INSTALL_PREFIX=/home/koji/robotics/robotics-learning/project_ws/install/irrigation_interfaces
[0.386s] -- The C compiler identification is GNU 13.3.0
[0.445s] -- The CXX compiler identification is GNU 13.3.0
[0.491s] -- Detecting C compiler ABI info
[0.674s] -- Detecting C compiler ABI info - done
[0.689s] -- Check for working C compiler: /usr/bin/cc - skipped
[0.690s] -- Detecting C compile features
[0.691s] -- Detecting C compile features - done
[0.712s] -- Detecting CXX compiler ABI info
[0.904s] -- Detecting CXX compiler ABI info - done
[0.932s] -- Check for working CXX compiler: /usr/bin/c++ - skipped
[0.932s] -- Detecting CXX compile features
[0.934s] -- Detecting CXX compile features - done
[0.945s] -- Found ament_cmake: 2.5.6 (/opt/ros/jazzy/share/ament_cmake/cmake)
[1.197s] -- Found Python3: /usr/bin/python3 (found version "3.12.3") found components: Interpreter 
[1.334s] -- Override CMake install command with custom implementation using symlinks instead of copying resources
[1.417s] -- Found rosidl_default_generators: 1.6.1 (/opt/ros/jazzy/share/rosidl_default_generators/cmake)
[1.429s] -- Using all available rosidl_typesupport_c: rosidl_typesupport_fastrtps_c;rosidl_typesupport_introspection_c
[1.530s] -- Using all available rosidl_typesupport_cpp: rosidl_typesupport_fastrtps_cpp;rosidl_typesupport_introspection_cpp
[1.626s] -- Found rosidl_adapter: 4.6.9 (/opt/ros/jazzy/share/rosidl_adapter/cmake)
[2.895s] -- Found ament_cmake_ros: 0.12.1 (/opt/ros/jazzy/share/ament_cmake_ros/cmake)
[3.651s] -- Using all available rosidl_typesupport_c: rosidl_typesupport_fastrtps_c;rosidl_typesupport_introspection_c
[4.662s] -- Using all available rosidl_typesupport_cpp: rosidl_typesupport_fastrtps_cpp;rosidl_typesupport_introspection_cpp
[4.675s] -- Found python_cmake_module: 0.11.1 (/opt/ros/jazzy/share/python_cmake_module/cmake)
[4.906s] -- Found PythonExtra: /usr/bin/python3  
[5.658s] -- Found Python3: /usr/bin/python3 (found version "3.12.3") found components: Interpreter Development NumPy Development.Module Development.Embed 
[5.794s] -- Found Python3: /usr/bin/python3 (found version "3.12.3") found components: Interpreter 
[5.802s] -- Found ament_lint_auto: 0.17.5 (/opt/ros/jazzy/share/ament_lint_auto/cmake)
[5.855s] -- Added test 'lint_cmake' to check CMake code style
[5.858s] -- Added test 'xmllint' to check XML markup files
[5.866s] -- Configuring done (5.8s)
[5.928s] -- Generating done (0.1s)
[5.948s] -- Build files have been written to: /home/koji/robotics/robotics-learning/project_ws/build/irrigation_interfaces
[5.963s] Invoked command in '/home/koji/robotics/robotics-learning/project_ws/build/irrigation_interfaces' returned '0': CMAKE_PREFIX_PATH=${CMAKE_PREFIX_PATH}:/home/koji/robotics/robotics-learning/project_ws/install/temperature_monitor_pkg:/home/koji/robotics/robotics-learning/project_ws/install/smart_irrigation_system:/home/koji/robotics/robotics-learning/project_ws/install/addition_qlty_checker_pkg:/opt/ros/jazzy DEBUGINFOD_URLS=https://debuginfod.ubuntu.com /usr/bin/cmake /home/koji/robotics/robotics-learning/project_ws/src/irrigation_interfaces -DAMENT_CMAKE_SYMLINK_INSTALL=1 -DCMAKE_INSTALL_PREFIX=/home/koji/robotics/robotics-learning/project_ws/install/irrigation_interfaces
[5.965s] Invoking command in '/home/koji/robotics/robotics-learning/project_ws/build/irrigation_interfaces': CMAKE_PREFIX_PATH=${CMAKE_PREFIX_PATH}:/home/koji/robotics/robotics-learning/project_ws/install/temperature_monitor_pkg:/home/koji/robotics/robotics-learning/project_ws/install/smart_irrigation_system:/home/koji/robotics/robotics-learning/project_ws/install/addition_qlty_checker_pkg:/opt/ros/jazzy DEBUGINFOD_URLS=https://debuginfod.ubuntu.com /usr/bin/cmake --build /home/koji/robotics/robotics-learning/project_ws/build/irrigation_interfaces -- -j12 -l12
[6.058s] [  2%] [34m[1mGenerating Rust code for ROS interfaces[0m
[6.065s] [  5%] [34m[1mGenerating type hashes for ROS interfaces[0m
[6.071s] [  5%] Built target ament_cmake_python_symlink_irrigation_interfaces
[6.365s] [  5%] Built target irrigation_interfaces__rosidl_generator_type_description
[6.387s] running egg_info
[6.387s] [  8%] [34m[1mGenerating C code for ROS interfaces[0m
[6.388s] creating irrigation_interfaces.egg-info
[6.397s] [ 11%] [34m[1mGenerating C++ code for ROS interfaces[0m
[6.398s] [ 11%] Built target irrigation_interfaces__rs
[6.415s] writing irrigation_interfaces.egg-info/PKG-INFO
[6.416s] writing dependency_links to irrigation_interfaces.egg-info/dependency_links.txt
[6.416s] writing top-level names to irrigation_interfaces.egg-info/top_level.txt
[6.416s] writing manifest file 'irrigation_interfaces.egg-info/SOURCES.txt'
[6.513s] reading manifest file 'irrigation_interfaces.egg-info/SOURCES.txt'
[6.513s] writing manifest file 'irrigation_interfaces.egg-info/SOURCES.txt'
[6.564s] [ 11%] Built target ament_cmake_python_build_irrigation_interfaces_egg
[6.833s] [ 11%] Built target irrigation_interfaces__cpp
[6.858s] [ 14%] [32mBuilding C object CMakeFiles/irrigation_interfaces__rosidl_generator_c.dir/rosidl_generator_c/irrigation_interfaces/srv/detail/smart_irrigator__description.c.o[0m
[6.859s] [ 17%] [32mBuilding C object CMakeFiles/irrigation_interfaces__rosidl_generator_c.dir/rosidl_generator_c/irrigation_interfaces/srv/detail/smart_irrigator__type_support.c.o[0m
[6.862s] [ 20%] [32mBuilding C object CMakeFiles/irrigation_interfaces__rosidl_generator_c.dir/rosidl_generator_c/irrigation_interfaces/srv/detail/smart_irrigator__functions.c.o[0m
[6.997s] [ 22%] [32m[1mLinking C shared library libirrigation_interfaces__rosidl_generator_c.so[0m
[7.066s] [ 22%] Built target irrigation_interfaces__rosidl_generator_c
[7.083s] [ 34%] [34m[1mGenerating C++ type support for eProsima Fast-RTPS[0m
[7.084s] [ 34%] [34m[1mGenerating C++ introspection for ROS interfaces[0m
[7.084s] [ 34%] [34m[1mGenerating C introspection for ROS interfaces[0m
[7.084s] [ 34%] [34m[1mGenerating C type support dispatch for ROS interfaces[0m
[7.087s] [ 37%] [34m[1mGenerating C++ type support dispatch for ROS interfaces[0m
[7.089s] [ 40%] [34m[1mGenerating C type support for eProsima Fast-RTPS[0m
[7.456s] [ 42%] [32mBuilding CXX object CMakeFiles/irrigation_interfaces__rosidl_typesupport_cpp.dir/rosidl_typesupport_cpp/irrigation_interfaces/srv/smart_irrigator__type_support.cpp.o[0m
[7.505s] [ 45%] [32mBuilding CXX object CMakeFiles/irrigation_interfaces__rosidl_typesupport_introspection_cpp.dir/rosidl_typesupport_introspection_cpp/irrigation_interfaces/srv/detail/smart_irrigator__type_support.cpp.o[0m
[7.512s] [ 51%] [32mBuilding CXX object CMakeFiles/irrigation_interfaces__rosidl_typesupport_c.dir/rosidl_typesupport_c/irrigation_interfaces/srv/smart_irrigator__type_support.cpp.o[0m
[7.512s] [ 51%] [32mBuilding C object CMakeFiles/irrigation_interfaces__rosidl_typesupport_introspection_c.dir/rosidl_typesupport_introspection_c/irrigation_interfaces/srv/detail/smart_irrigator__type_support.c.o[0m
[7.567s] [ 54%] [32mBuilding CXX object CMakeFiles/irrigation_interfaces__rosidl_typesupport_fastrtps_cpp.dir/rosidl_typesupport_fastrtps_cpp/irrigation_interfaces/srv/detail/dds_fastrtps/smart_irrigator__type_support.cpp.o[0m
[7.583s] [ 57%] [32mBuilding CXX object CMakeFiles/irrigation_interfaces__rosidl_typesupport_fastrtps_c.dir/rosidl_typesupport_fastrtps_c/irrigation_interfaces/srv/detail/smart_irrigator__type_support_c.cpp.o[0m
[7.592s] [ 60%] [32m[1mLinking C shared library libirrigation_interfaces__rosidl_typesupport_introspection_c.so[0m
[7.599s] [ 62%] [32m[1mLinking CXX shared library libirrigation_interfaces__rosidl_typesupport_c.so[0m
[7.643s] [ 62%] Built target irrigation_interfaces__rosidl_typesupport_introspection_c
[7.667s] [ 62%] Built target irrigation_interfaces__rosidl_typesupport_c
[8.062s] [ 65%] [32m[1mLinking CXX shared library libirrigation_interfaces__rosidl_typesupport_cpp.so[0m
[8.100s] [ 68%] [32m[1mLinking CXX shared library libirrigation_interfaces__rosidl_typesupport_introspection_cpp.so[0m
[8.217s] [ 68%] Built target irrigation_interfaces__rosidl_typesupport_cpp
[8.243s] [ 68%] Built target irrigation_interfaces__rosidl_typesupport_introspection_cpp
[8.298s] [ 71%] [32m[1mLinking CXX shared library libirrigation_interfaces__rosidl_typesupport_fastrtps_c.so[0m
[8.438s] [ 71%] Built target irrigation_interfaces__rosidl_typesupport_fastrtps_c
[8.457s] [ 74%] [32m[1mLinking CXX shared library libirrigation_interfaces__rosidl_typesupport_fastrtps_cpp.so[0m
[8.605s] [ 74%] Built target irrigation_interfaces__rosidl_typesupport_fastrtps_cpp
[8.650s] [ 74%] Built target irrigation_interfaces
[8.689s] [ 77%] [34m[1mGenerating Python code for ROS interfaces[0m
[9.176s] [ 77%] Built target irrigation_interfaces__py
[9.213s] [ 80%] [32mBuilding C object CMakeFiles/irrigation_interfaces__rosidl_generator_py.dir/rosidl_generator_py/irrigation_interfaces/srv/_smart_irrigator_s.c.o[0m
[9.440s] [ 82%] [32m[1mLinking C shared library libirrigation_interfaces__rosidl_generator_py.so[0m
[9.510s] [ 82%] Built target irrigation_interfaces__rosidl_generator_py
[9.537s] [ 85%] [32mBuilding C object CMakeFiles/irrigation_interfaces_s__rosidl_typesupport_c.dir/rosidl_generator_py/irrigation_interfaces/_irrigation_interfaces_s.ep.rosidl_typesupport_c.c.o[0m
[9.538s] [ 88%] [32mBuilding C object CMakeFiles/irrigation_interfaces_s__rosidl_typesupport_introspection_c.dir/rosidl_generator_py/irrigation_interfaces/_irrigation_interfaces_s.ep.rosidl_typesupport_introspection_c.c.o[0m
[9.546s] [ 91%] [32mBuilding C object CMakeFiles/irrigation_interfaces_s__rosidl_typesupport_fastrtps_c.dir/rosidl_generator_py/irrigation_interfaces/_irrigation_interfaces_s.ep.rosidl_typesupport_fastrtps_c.c.o[0m
[9.667s] [ 94%] [32m[1mLinking C shared module rosidl_generator_py/irrigation_interfaces/irrigation_interfaces_s__rosidl_typesupport_c.so[0m
[9.669s] [ 97%] [32m[1mLinking C shared module rosidl_generator_py/irrigation_interfaces/irrigation_interfaces_s__rosidl_typesupport_introspection_c.so[0m
[9.681s] [100%] [32m[1mLinking C shared module rosidl_generator_py/irrigation_interfaces/irrigation_interfaces_s__rosidl_typesupport_fastrtps_c.so[0m
[9.718s] [100%] Built target irrigation_interfaces_s__rosidl_typesupport_introspection_c
[9.719s] [100%] Built target irrigation_interfaces_s__rosidl_typesupport_fastrtps_c
[9.733s] [100%] Built target irrigation_interfaces_s__rosidl_typesupport_c
[9.751s] Invoked command in '/home/koji/robotics/robotics-learning/project_ws/build/irrigation_interfaces' returned '0': CMAKE_PREFIX_PATH=${CMAKE_PREFIX_PATH}:/home/koji/robotics/robotics-learning/project_ws/install/temperature_monitor_pkg:/home/koji/robotics/robotics-learning/project_ws/install/smart_irrigation_system:/home/koji/robotics/robotics-learning/project_ws/install/addition_qlty_checker_pkg:/opt/ros/jazzy DEBUGINFOD_URLS=https://debuginfod.ubuntu.com /usr/bin/cmake --build /home/koji/robotics/robotics-learning/project_ws/build/irrigation_interfaces -- -j12 -l12
[9.764s] Invoking command in '/home/koji/robotics/robotics-learning/project_ws/build/irrigation_interfaces': CMAKE_PREFIX_PATH=${CMAKE_PREFIX_PATH}:/home/koji/robotics/robotics-learning/project_ws/install/temperature_monitor_pkg:/home/koji/robotics/robotics-learning/project_ws/install/smart_irrigation_system:/home/koji/robotics/robotics-learning/project_ws/install/addition_qlty_checker_pkg:/opt/ros/jazzy DEBUGINFOD_URLS=https://debuginfod.ubuntu.com /usr/bin/cmake --install /home/koji/robotics/robotics-learning/project_ws/build/irrigation_interfaces
[9.773s] -- Install configuration: ""
[9.774s] -- Execute custom install script
[9.774s] -- Symlinking: /home/koji/robotics/robotics-learning/project_ws/install/irrigation_interfaces/share/ament_index/resource_index/rosidl_interfaces/irrigation_interfaces
[9.793s] -- Symlinking: /home/koji/robotics/robotics-learning/project_ws/install/irrigation_interfaces/share/irrigation_interfaces/srv/SmartIrrigator.json
[9.805s] -- Symlinking: /home/koji/robotics/robotics-learning/project_ws/install/irrigation_interfaces/include/irrigation_interfaces/irrigation_interfaces/msg/rosidl_generator_c__visibility_control.h
[9.817s] -- Symlinking: /home/koji/robotics/robotics-learning/project_ws/install/irrigation_interfaces/include/irrigation_interfaces/irrigation_interfaces/srv/detail/smart_irrigator__functions.h
[9.837s] -- Symlinking: /home/koji/robotics/robotics-learning/project_ws/install/irrigation_interfaces/include/irrigation_interfaces/irrigation_interfaces/srv/detail/smart_irrigator__struct.h
[9.847s] -- Symlinking: /home/koji/robotics/robotics-learning/project_ws/install/irrigation_interfaces/include/irrigation_interfaces/irrigation_interfaces/srv/detail/smart_irrigator__type_support.h
[9.866s] -- Symlinking: /home/koji/robotics/robotics-learning/project_ws/install/irrigation_interfaces/include/irrigation_interfaces/irrigation_interfaces/srv/smart_irrigator.h
[9.887s] -- Symlinking: /home/koji/robotics/robotics-learning/project_ws/install/irrigation_interfaces/share/irrigation_interfaces/environment/library_path.sh
[9.897s] -- Symlinking: /home/koji/robotics/robotics-learning/project_ws/install/irrigation_interfaces/share/irrigation_interfaces/environment/library_path.dsv
[9.913s] -- Symlinking: /home/koji/robotics/robotics-learning/project_ws/install/irrigation_interfaces/include/irrigation_interfaces/irrigation_interfaces/msg/rosidl_typesupport_fastrtps_c__visibility_control.h
[9.930s] -- Symlinking: /home/koji/robotics/robotics-learning/project_ws/install/irrigation_interfaces/include/irrigation_interfaces/irrigation_interfaces/srv/detail/smart_irrigator__rosidl_typesupport_fastrtps_c.h
[9.941s] -- Symlinking: /home/koji/robotics/robotics-learning/project_ws/install/irrigation_interfaces/include/irrigation_interfaces/irrigation_interfaces/msg/rosidl_typesupport_introspection_c__visibility_control.h
[9.951s] -- Symlinking: /home/koji/robotics/robotics-learning/project_ws/install/irrigation_interfaces/include/irrigation_interfaces/irrigation_interfaces/srv/detail/smart_irrigator__rosidl_typesupport_introspection_c.h
[9.962s] -- Symlinking: /home/koji/robotics/robotics-learning/project_ws/install/irrigation_interfaces/include/irrigation_interfaces/irrigation_interfaces/msg/rosidl_generator_cpp__visibility_control.hpp
[9.973s] -- Symlinking: /home/koji/robotics/robotics-learning/project_ws/install/irrigation_interfaces/include/irrigation_interfaces/irrigation_interfaces/srv/detail/smart_irrigator__builder.hpp
[9.982s] -- Symlinking: /home/koji/robotics/robotics-learning/project_ws/install/irrigation_interfaces/include/irrigation_interfaces/irrigation_interfaces/srv/detail/smart_irrigator__struct.hpp
[9.992s] -- Symlinking: /home/koji/robotics/robotics-learning/project_ws/install/irrigation_interfaces/include/irrigation_interfaces/irrigation_interfaces/srv/detail/smart_irrigator__traits.hpp
[10.002s] -- Symlinking: /home/koji/robotics/robotics-learning/project_ws/install/irrigation_interfaces/include/irrigation_interfaces/irrigation_interfaces/srv/detail/smart_irrigator__type_support.hpp
[10.012s] -- Symlinking: /home/koji/robotics/robotics-learning/project_ws/install/irrigation_interfaces/include/irrigation_interfaces/irrigation_interfaces/srv/smart_irrigator.hpp
[10.024s] -- Symlinking: /home/koji/robotics/robotics-learning/project_ws/install/irrigation_interfaces/include/irrigation_interfaces/irrigation_interfaces/msg/rosidl_typesupport_fastrtps_cpp__visibility_control.h
[10.034s] -- Symlinking: /home/koji/robotics/robotics-learning/project_ws/install/irrigation_interfaces/include/irrigation_interfaces/irrigation_interfaces/srv/detail/smart_irrigator__rosidl_typesupport_fastrtps_cpp.hpp
[10.044s] -- Symlinking: /home/koji/robotics/robotics-learning/project_ws/install/irrigation_interfaces/include/irrigation_interfaces/irrigation_interfaces/srv/detail/smart_irrigator__rosidl_typesupport_introspection_cpp.hpp
[10.055s] -- Symlinking: /home/koji/robotics/robotics-learning/project_ws/install/irrigation_interfaces/share/irrigation_interfaces/environment/pythonpath.sh
[10.066s] -- Symlinking: /home/koji/robotics/robotics-learning/project_ws/install/irrigation_interfaces/share/irrigation_interfaces/environment/pythonpath.dsv
[10.077s] -- Symlinking: /home/koji/robotics/robotics-learning/project_ws/install/irrigation_interfaces/lib/python3.12/site-packages/irrigation_interfaces-0.0.0-py3.12.egg-info/PKG-INFO
[10.088s] -- Symlinking: /home/koji/robotics/robotics-learning/project_ws/install/irrigation_interfaces/lib/python3.12/site-packages/irrigation_interfaces-0.0.0-py3.12.egg-info/SOURCES.txt
[10.098s] -- Symlinking: /home/koji/robotics/robotics-learning/project_ws/install/irrigation_interfaces/lib/python3.12/site-packages/irrigation_interfaces-0.0.0-py3.12.egg-info/dependency_links.txt
[10.108s] -- Symlinking: /home/koji/robotics/robotics-learning/project_ws/install/irrigation_interfaces/lib/python3.12/site-packages/irrigation_interfaces-0.0.0-py3.12.egg-info/top_level.txt
[10.119s] -- Symlinking: /home/koji/robotics/robotics-learning/project_ws/install/irrigation_interfaces/lib/python3.12/site-packages/irrigation_interfaces/__init__.py
[10.130s] -- Symlinking: /home/koji/robotics/robotics-learning/project_ws/install/irrigation_interfaces/lib/python3.12/site-packages/irrigation_interfaces/_irrigation_interfaces_s.ep.rosidl_typesupport_c.c
[10.140s] -- Symlinking: /home/koji/robotics/robotics-learning/project_ws/install/irrigation_interfaces/lib/python3.12/site-packages/irrigation_interfaces/_irrigation_interfaces_s.ep.rosidl_typesupport_fastrtps_c.c
[10.151s] -- Symlinking: /home/koji/robotics/robotics-learning/project_ws/install/irrigation_interfaces/lib/python3.12/site-packages/irrigation_interfaces/_irrigation_interfaces_s.ep.rosidl_typesupport_introspection_c.c
[10.161s] -- Symlinking: /home/koji/robotics/robotics-learning/project_ws/install/irrigation_interfaces/lib/python3.12/site-packages/irrigation_interfaces/irrigation_interfaces_s__rosidl_typesupport_c.so
[10.172s] -- Symlinking: /home/koji/robotics/robotics-learning/project_ws/install/irrigation_interfaces/lib/python3.12/site-packages/irrigation_interfaces/irrigation_interfaces_s__rosidl_typesupport_fastrtps_c.so
[10.190s] -- Symlinking: /home/koji/robotics/robotics-learning/project_ws/install/irrigation_interfaces/lib/python3.12/site-packages/irrigation_interfaces/irrigation_interfaces_s__rosidl_typesupport_introspection_c.so
[10.202s] -- Symlinking: /home/koji/robotics/robotics-learning/project_ws/install/irrigation_interfaces/lib/python3.12/site-packages/irrigation_interfaces/srv/__init__.py
[10.212s] -- Symlinking: /home/koji/robotics/robotics-learning/project_ws/install/irrigation_interfaces/lib/python3.12/site-packages/irrigation_interfaces/srv/_smart_irrigator.py
[10.223s] -- Symlinking: /home/koji/robotics/robotics-learning/project_ws/install/irrigation_interfaces/lib/python3.12/site-packages/irrigation_interfaces/srv/_smart_irrigator_s.c
[10.245s] -- Up-to-date symlink: /home/koji/robotics/robotics-learning/project_ws/install/irrigation_interfaces/lib/python3.12/site-packages/irrigation_interfaces/irrigation_interfaces_s__rosidl_typesupport_fastrtps_c.so
[10.246s] -- Up-to-date symlink: /home/koji/robotics/robotics-learning/project_ws/install/irrigation_interfaces/lib/python3.12/site-packages/irrigation_interfaces/irrigation_interfaces_s__rosidl_typesupport_introspection_c.so
[10.247s] -- Up-to-date symlink: /home/koji/robotics/robotics-learning/project_ws/install/irrigation_interfaces/lib/python3.12/site-packages/irrigation_interfaces/irrigation_interfaces_s__rosidl_typesupport_c.so
[10.247s] -- Symlinking: /home/koji/robotics/robotics-learning/project_ws/install/irrigation_interfaces/share/ament_index/resource_index/rust_packages/irrigation_interfaces
[10.267s] -- Symlinking: /home/koji/robotics/robotics-learning/project_ws/install/irrigation_interfaces/share/irrigation_interfaces/rust/Cargo.toml
[10.278s] -- Symlinking: /home/koji/robotics/robotics-learning/project_ws/install/irrigation_interfaces/share/irrigation_interfaces/rust/build.rs
[10.289s] -- Symlinking: /home/koji/robotics/robotics-learning/project_ws/install/irrigation_interfaces/share/irrigation_interfaces/rust/src/lib.rs
[10.308s] -- Symlinking: /home/koji/robotics/robotics-learning/project_ws/install/irrigation_interfaces/share/irrigation_interfaces/rust/src/srv.rs
[10.318s] -- Symlinking: /home/koji/robotics/robotics-learning/project_ws/install/irrigation_interfaces/share/irrigation_interfaces/rust/src/srv/rmw.rs
[10.328s] -- Symlinking: /home/koji/robotics/robotics-learning/project_ws/install/irrigation_interfaces/share/irrigation_interfaces/srv/SmartIrrigator.idl
[10.338s] -- Symlinking: /home/koji/robotics/robotics-learning/project_ws/install/irrigation_interfaces/share/irrigation_interfaces/srv/SmartIrrigator.srv
[10.359s] -- Symlinking: /home/koji/robotics/robotics-learning/project_ws/install/irrigation_interfaces/share/ament_index/resource_index/package_run_dependencies/irrigation_interfaces
[10.369s] -- Symlinking: /home/koji/robotics/robotics-learning/project_ws/install/irrigation_interfaces/share/ament_index/resource_index/parent_prefix_path/irrigation_interfaces
[10.380s] -- Symlinking: /home/koji/robotics/robotics-learning/project_ws/install/irrigation_interfaces/share/irrigation_interfaces/environment/ament_prefix_path.sh
[10.390s] -- Symlinking: /home/koji/robotics/robotics-learning/project_ws/install/irrigation_interfaces/share/irrigation_interfaces/environment/ament_prefix_path.dsv
[10.400s] -- Symlinking: /home/koji/robotics/robotics-learning/project_ws/install/irrigation_interfaces/share/irrigation_interfaces/environment/path.sh
[10.410s] -- Symlinking: /home/koji/robotics/robotics-learning/project_ws/install/irrigation_interfaces/share/irrigation_interfaces/environment/path.dsv
[10.420s] -- Symlinking: /home/koji/robotics/robotics-learning/project_ws/install/irrigation_interfaces/share/irrigation_interfaces/local_setup.bash
[10.431s] -- Symlinking: /home/koji/robotics/robotics-learning/project_ws/install/irrigation_interfaces/share/irrigation_interfaces/local_setup.sh
[10.441s] -- Symlinking: /home/koji/robotics/robotics-learning/project_ws/install/irrigation_interfaces/share/irrigation_interfaces/local_setup.zsh
[10.461s] -- Symlinking: /home/koji/robotics/robotics-learning/project_ws/install/irrigation_interfaces/share/irrigation_interfaces/local_setup.dsv
[10.470s] -- Symlinking: /home/koji/robotics/robotics-learning/project_ws/install/irrigation_interfaces/share/irrigation_interfaces/package.dsv
[10.480s] -- Symlinking: /home/koji/robotics/robotics-learning/project_ws/install/irrigation_interfaces/share/ament_index/resource_index/packages/irrigation_interfaces
[10.491s] -- Symlinking: /home/koji/robotics/robotics-learning/project_ws/install/irrigation_interfaces/share/irrigation_interfaces/cmake/rosidl_cmake-extras.cmake
[10.501s] -- Symlinking: /home/koji/robotics/robotics-learning/project_ws/install/irrigation_interfaces/share/irrigation_interfaces/cmake/ament_cmake_export_dependencies-extras.cmake
[10.511s] -- Symlinking: /home/koji/robotics/robotics-learning/project_ws/install/irrigation_interfaces/share/irrigation_interfaces/cmake/ament_cmake_export_include_directories-extras.cmake
[10.521s] -- Symlinking: /home/koji/robotics/robotics-learning/project_ws/install/irrigation_interfaces/share/irrigation_interfaces/cmake/ament_cmake_export_libraries-extras.cmake
[10.531s] -- Symlinking: /home/koji/robotics/robotics-learning/project_ws/install/irrigation_interfaces/share/irrigation_interfaces/cmake/ament_cmake_export_targets-extras.cmake
[10.541s] -- Symlinking: /home/koji/robotics/robotics-learning/project_ws/install/irrigation_interfaces/share/irrigation_interfaces/cmake/rosidl_cmake_export_typesupport_targets-extras.cmake
[10.551s] -- Symlinking: /home/koji/robotics/robotics-learning/project_ws/install/irrigation_interfaces/share/irrigation_interfaces/cmake/rosidl_cmake_export_typesupport_libraries-extras.cmake
[10.561s] -- Symlinking: /home/koji/robotics/robotics-learning/project_ws/install/irrigation_interfaces/share/irrigation_interfaces/cmake/rosidl_cmake_aggregate_target-extras.cmake
[10.571s] -- Symlinking: /home/koji/robotics/robotics-learning/project_ws/install/irrigation_interfaces/share/irrigation_interfaces/cmake/irrigation_interfacesConfig.cmake
[10.581s] -- Symlinking: /home/koji/robotics/robotics-learning/project_ws/install/irrigation_interfaces/share/irrigation_interfaces/cmake/irrigation_interfacesConfig-version.cmake
[10.591s] -- Symlinking: /home/koji/robotics/robotics-learning/project_ws/install/irrigation_interfaces/share/irrigation_interfaces/package.xml
[10.601s] -- Installing: /home/koji/robotics/robotics-learning/project_ws/install/irrigation_interfaces/lib/libirrigation_interfaces__rosidl_generator_c.so
[10.602s] -- Set non-toolchain portion of runtime path of "/home/koji/robotics/robotics-learning/project_ws/install/irrigation_interfaces/lib/libirrigation_interfaces__rosidl_generator_c.so" to ""
[10.602s] -- Installing: /home/koji/robotics/robotics-learning/project_ws/install/irrigation_interfaces/lib/libirrigation_interfaces__rosidl_typesupport_fastrtps_c.so
[10.603s] -- Set non-toolchain portion of runtime path of "/home/koji/robotics/robotics-learning/project_ws/install/irrigation_interfaces/lib/libirrigation_interfaces__rosidl_typesupport_fastrtps_c.so" to ""
[10.603s] -- Installing: /home/koji/robotics/robotics-learning/project_ws/install/irrigation_interfaces/lib/libirrigation_interfaces__rosidl_typesupport_introspection_c.so
[10.604s] -- Set non-toolchain portion of runtime path of "/home/koji/robotics/robotics-learning/project_ws/install/irrigation_interfaces/lib/libirrigation_interfaces__rosidl_typesupport_introspection_c.so" to ""
[10.604s] -- Installing: /home/koji/robotics/robotics-learning/project_ws/install/irrigation_interfaces/lib/libirrigation_interfaces__rosidl_typesupport_c.so
[10.605s] -- Set non-toolchain portion of runtime path of "/home/koji/robotics/robotics-learning/project_ws/install/irrigation_interfaces/lib/libirrigation_interfaces__rosidl_typesupport_c.so" to ""
[10.605s] -- Installing: /home/koji/robotics/robotics-learning/project_ws/install/irrigation_interfaces/lib/libirrigation_interfaces__rosidl_typesupport_fastrtps_cpp.so
[10.606s] -- Set non-toolchain portion of runtime path of "/home/koji/robotics/robotics-learning/project_ws/install/irrigation_interfaces/lib/libirrigation_interfaces__rosidl_typesupport_fastrtps_cpp.so" to ""
[10.607s] -- Installing: /home/koji/robotics/robotics-learning/project_ws/install/irrigation_interfaces/lib/libirrigation_interfaces__rosidl_typesupport_introspection_cpp.so
[10.608s] -- Set non-toolchain portion of runtime path of "/home/koji/robotics/robotics-learning/project_ws/install/irrigation_interfaces/lib/libirrigation_interfaces__rosidl_typesupport_introspection_cpp.so" to ""
[10.608s] -- Installing: /home/koji/robotics/robotics-learning/project_ws/install/irrigation_interfaces/lib/libirrigation_interfaces__rosidl_typesupport_cpp.so
[10.609s] -- Set non-toolchain portion of runtime path of "/home/koji/robotics/robotics-learning/project_ws/install/irrigation_interfaces/lib/libirrigation_interfaces__rosidl_typesupport_cpp.so" to ""
[10.649s] Listing '/home/koji/robotics/robotics-learning/project_ws/install/irrigation_interfaces/lib/python3.12/site-packages/irrigation_interfaces'...
[10.649s] Compiling '/home/koji/robotics/robotics-learning/project_ws/install/irrigation_interfaces/lib/python3.12/site-packages/irrigation_interfaces/__init__.py'...
[10.649s] Listing '/home/koji/robotics/robotics-learning/project_ws/install/irrigation_interfaces/lib/python3.12/site-packages/irrigation_interfaces/srv'...
[10.649s] Compiling '/home/koji/robotics/robotics-learning/project_ws/install/irrigation_interfaces/lib/python3.12/site-packages/irrigation_interfaces/srv/__init__.py'...
[10.649s] Compiling '/home/koji/robotics/robotics-learning/project_ws/install/irrigation_interfaces/lib/python3.12/site-packages/irrigation_interfaces/srv/_smart_irrigator.py'...
[10.656s] -- Installing: /home/koji/robotics/robotics-learning/project_ws/install/irrigation_interfaces/lib/libirrigation_interfaces__rosidl_generator_py.so
[10.657s] -- Set non-toolchain portion of runtime path of "/home/koji/robotics/robotics-learning/project_ws/install/irrigation_interfaces/lib/libirrigation_interfaces__rosidl_generator_py.so" to ""
[10.657s] -- Installing: /home/koji/robotics/robotics-learning/project_ws/install/irrigation_interfaces/share/irrigation_interfaces/cmake/export_irrigation_interfaces__rosidl_generator_cExport.cmake
[10.657s] -- Installing: /home/koji/robotics/robotics-learning/project_ws/install/irrigation_interfaces/share/irrigation_interfaces/cmake/export_irrigation_interfaces__rosidl_generator_cExport-noconfig.cmake
[10.658s] -- Installing: /home/koji/robotics/robotics-learning/project_ws/install/irrigation_interfaces/share/irrigation_interfaces/cmake/export_irrigation_interfaces__rosidl_typesupport_fastrtps_cExport.cmake
[10.658s] -- Installing: /home/koji/robotics/robotics-learning/project_ws/install/irrigation_interfaces/share/irrigation_interfaces/cmake/export_irrigation_interfaces__rosidl_typesupport_fastrtps_cExport-noconfig.cmake
[10.659s] -- Installing: /home/koji/robotics/robotics-learning/project_ws/install/irrigation_interfaces/share/irrigation_interfaces/cmake/irrigation_interfaces__rosidl_typesupport_introspection_cExport.cmake
[10.659s] -- Installing: /home/koji/robotics/robotics-learning/project_ws/install/irrigation_interfaces/share/irrigation_interfaces/cmake/irrigation_interfaces__rosidl_typesupport_introspection_cExport-noconfig.cmake
[10.659s] -- Installing: /home/koji/robotics/robotics-learning/project_ws/install/irrigation_interfaces/share/irrigation_interfaces/cmake/irrigation_interfaces__rosidl_typesupport_cExport.cmake
[10.660s] -- Installing: /home/koji/robotics/robotics-learning/project_ws/install/irrigation_interfaces/share/irrigation_interfaces/cmake/irrigation_interfaces__rosidl_typesupport_cExport-noconfig.cmake
[10.660s] -- Installing: /home/koji/robotics/robotics-learning/project_ws/install/irrigation_interfaces/share/irrigation_interfaces/cmake/export_irrigation_interfaces__rosidl_generator_cppExport.cmake
[10.661s] -- Installing: /home/koji/robotics/robotics-learning/project_ws/install/irrigation_interfaces/share/irrigation_interfaces/cmake/export_irrigation_interfaces__rosidl_typesupport_fastrtps_cppExport.cmake
[10.661s] -- Installing: /home/koji/robotics/robotics-learning/project_ws/install/irrigation_interfaces/share/irrigation_interfaces/cmake/export_irrigation_interfaces__rosidl_typesupport_fastrtps_cppExport-noconfig.cmake
[10.662s] -- Installing: /home/koji/robotics/robotics-learning/project_ws/install/irrigation_interfaces/share/irrigation_interfaces/cmake/irrigation_interfaces__rosidl_typesupport_introspection_cppExport.cmake
[10.662s] -- Installing: /home/koji/robotics/robotics-learning/project_ws/install/irrigation_interfaces/share/irrigation_interfaces/cmake/irrigation_interfaces__rosidl_typesupport_introspection_cppExport-noconfig.cmake
[10.663s] -- Installing: /home/koji/robotics/robotics-learning/project_ws/install/irrigation_interfaces/share/irrigation_interfaces/cmake/irrigation_interfaces__rosidl_typesupport_cppExport.cmake
[10.663s] -- Installing: /home/koji/robotics/robotics-learning/project_ws/install/irrigation_interfaces/share/irrigation_interfaces/cmake/irrigation_interfaces__rosidl_typesupport_cppExport-noconfig.cmake
[10.663s] -- Installing: /home/koji/robotics/robotics-learning/project_ws/install/irrigation_interfaces/share/irrigation_interfaces/cmake/export_irrigation_interfaces__rosidl_generator_pyExport.cmake
[10.664s] -- Installing: /home/koji/robotics/robotics-learning/project_ws/install/irrigation_interfaces/share/irrigation_interfaces/cmake/export_irrigation_interfaces__rosidl_generator_pyExport-noconfig.cmake
[10.670s] Invoked command in '/home/koji/robotics/robotics-learning/project_ws/build/irrigation_interfaces' returned '0': CMAKE_PREFIX_PATH=${CMAKE_PREFIX_PATH}:/home/koji/robotics/robotics-learning/project_ws/install/temperature_monitor_pkg:/home/koji/robotics/robotics-learning/project_ws/install/smart_irrigation_system:/home/koji/robotics/robotics-learning/project_ws/install/addition_qlty_checker_pkg:/opt/ros/jazzy DEBUGINFOD_URLS=https://debuginfod.ubuntu.com /usr/bin/cmake --install /home/koji/robotics/robotics-learning/project_ws/build/irrigation_interfaces
