[0.022s] Invoking command in '/home/koji/robotics/robotics-learning/project_ws/build/irrigation_interfaces': CMAKE_PREFIX_PATH=${CMAKE_PREFIX_PATH}:/home/koji/robotics/robotics-learning/project_ws/install/temperature_monitor_pkg:/home/koji/robotics/robotics-learning/project_ws/install/smart_irrigation_system:/home/koji/robotics/robotics-learning/project_ws/install/smart_greenhouse_controller:/home/koji/robotics/robotics-learning/project_ws/install/addition_qlty_checker_pkg:/opt/ros/jazzy DEBUGINFOD_URLS=https://debuginfod.ubuntu.com /usr/bin/cmake --build /home/koji/robotics/robotics-learning/project_ws/build/irrigation_interfaces -- -j12 -l12
[0.269s] [  2%] Built target irrigation_interfaces__rosidl_generator_type_description
[0.269s] [  5%] Built target irrigation_interfaces__rs
[0.270s] [  5%] Built target ament_cmake_python_symlink_irrigation_interfaces
[0.270s] [  8%] Built target irrigation_interfaces__cpp
[0.271s] [ 22%] Built target irrigation_interfaces__rosidl_generator_c
[0.271s] [ 31%] Built target irrigation_interfaces__rosidl_typesupport_c
[0.271s] [ 40%] Built target irrigation_interfaces__rosidl_typesupport_introspection_c
[0.272s] [ 65%] Built target irrigation_interfaces__rosidl_typesupport_cpp
[0.272s] [ 65%] Built target irrigation_interfaces__rosidl_typesupport_introspection_cpp
[0.272s] [ 65%] Built target irrigation_interfaces__rosidl_typesupport_fastrtps_cpp
[0.272s] [ 74%] Built target irrigation_interfaces__rosidl_typesupport_fastrtps_c
[0.272s] [ 74%] Built target irrigation_interfaces
[0.272s] [ 77%] Built target irrigation_interfaces__py
[0.272s] [ 82%] Built target irrigation_interfaces__rosidl_generator_py
[0.288s] [ 94%] Built target irrigation_interfaces_s__rosidl_typesupport_fastrtps_c
[0.288s] [ 94%] Built target irrigation_interfaces_s__rosidl_typesupport_c
[0.290s] [100%] Built target irrigation_interfaces_s__rosidl_typesupport_introspection_c
[0.346s] running egg_info
[0.364s] writing irrigation_interfaces.egg-info/PKG-INFO
[0.364s] writing dependency_links to irrigation_interfaces.egg-info/dependency_links.txt
[0.365s] writing top-level names to irrigation_interfaces.egg-info/top_level.txt
[0.414s] reading manifest file 'irrigation_interfaces.egg-info/SOURCES.txt'
[0.415s] writing manifest file 'irrigation_interfaces.egg-info/SOURCES.txt'
[0.470s] [100%] Built target ament_cmake_python_build_irrigation_interfaces_egg
[0.532s] Invoked command in '/home/koji/robotics/robotics-learning/project_ws/build/irrigation_interfaces' returned '0': CMAKE_PREFIX_PATH=${CMAKE_PREFIX_PATH}:/home/koji/robotics/robotics-learning/project_ws/install/temperature_monitor_pkg:/home/koji/robotics/robotics-learning/project_ws/install/smart_irrigation_system:/home/koji/robotics/robotics-learning/project_ws/install/smart_greenhouse_controller:/home/koji/robotics/robotics-learning/project_ws/install/addition_qlty_checker_pkg:/opt/ros/jazzy DEBUGINFOD_URLS=https://debuginfod.ubuntu.com /usr/bin/cmake --build /home/koji/robotics/robotics-learning/project_ws/build/irrigation_interfaces -- -j12 -l12
[0.548s] Invoking command in '/home/koji/robotics/robotics-learning/project_ws/build/irrigation_interfaces': CMAKE_PREFIX_PATH=${CMAKE_PREFIX_PATH}:/home/koji/robotics/robotics-learning/project_ws/install/temperature_monitor_pkg:/home/koji/robotics/robotics-learning/project_ws/install/smart_irrigation_system:/home/koji/robotics/robotics-learning/project_ws/install/smart_greenhouse_controller:/home/koji/robotics/robotics-learning/project_ws/install/addition_qlty_checker_pkg:/opt/ros/jazzy DEBUGINFOD_URLS=https://debuginfod.ubuntu.com /usr/bin/cmake --install /home/koji/robotics/robotics-learning/project_ws/build/irrigation_interfaces
[0.555s] -- Install configuration: ""
[0.556s] -- Execute custom install script
[0.557s] -- Up-to-date symlink: /home/koji/robotics/robotics-learning/project_ws/install/irrigation_interfaces/share/ament_index/resource_index/rosidl_interfaces/irrigation_interfaces
[0.557s] -- Up-to-date symlink: /home/koji/robotics/robotics-learning/project_ws/install/irrigation_interfaces/share/irrigation_interfaces/srv/SmartIrrigator.json
[0.558s] -- Up-to-date symlink: /home/koji/robotics/robotics-learning/project_ws/install/irrigation_interfaces/include/irrigation_interfaces/irrigation_interfaces/msg/rosidl_generator_c__visibility_control.h
[0.558s] -- Up-to-date symlink: /home/koji/robotics/robotics-learning/project_ws/install/irrigation_interfaces/include/irrigation_interfaces/irrigation_interfaces/srv/detail/smart_irrigator__functions.h
[0.558s] -- Up-to-date symlink: /home/koji/robotics/robotics-learning/project_ws/install/irrigation_interfaces/include/irrigation_interfaces/irrigation_interfaces/srv/detail/smart_irrigator__struct.h
[0.559s] -- Up-to-date symlink: /home/koji/robotics/robotics-learning/project_ws/install/irrigation_interfaces/include/irrigation_interfaces/irrigation_interfaces/srv/detail/smart_irrigator__type_support.h
[0.559s] -- Up-to-date symlink: /home/koji/robotics/robotics-learning/project_ws/install/irrigation_interfaces/include/irrigation_interfaces/irrigation_interfaces/srv/smart_irrigator.h
[0.560s] -- Up-to-date symlink: /home/koji/robotics/robotics-learning/project_ws/install/irrigation_interfaces/share/irrigation_interfaces/environment/library_path.sh
[0.560s] -- Up-to-date symlink: /home/koji/robotics/robotics-learning/project_ws/install/irrigation_interfaces/share/irrigation_interfaces/environment/library_path.dsv
[0.561s] -- Up-to-date symlink: /home/koji/robotics/robotics-learning/project_ws/install/irrigation_interfaces/include/irrigation_interfaces/irrigation_interfaces/msg/rosidl_typesupport_fastrtps_c__visibility_control.h
[0.562s] -- Up-to-date symlink: /home/koji/robotics/robotics-learning/project_ws/install/irrigation_interfaces/include/irrigation_interfaces/irrigation_interfaces/srv/detail/smart_irrigator__rosidl_typesupport_fastrtps_c.h
[0.563s] -- Up-to-date symlink: /home/koji/robotics/robotics-learning/project_ws/install/irrigation_interfaces/include/irrigation_interfaces/irrigation_interfaces/msg/rosidl_typesupport_introspection_c__visibility_control.h
[0.563s] -- Up-to-date symlink: /home/koji/robotics/robotics-learning/project_ws/install/irrigation_interfaces/include/irrigation_interfaces/irrigation_interfaces/srv/detail/smart_irrigator__rosidl_typesupport_introspection_c.h
[0.564s] -- Up-to-date symlink: /home/koji/robotics/robotics-learning/project_ws/install/irrigation_interfaces/include/irrigation_interfaces/irrigation_interfaces/msg/rosidl_generator_cpp__visibility_control.hpp
[0.564s] -- Up-to-date symlink: /home/koji/robotics/robotics-learning/project_ws/install/irrigation_interfaces/include/irrigation_interfaces/irrigation_interfaces/srv/detail/smart_irrigator__builder.hpp
[0.564s] -- Up-to-date symlink: /home/koji/robotics/robotics-learning/project_ws/install/irrigation_interfaces/include/irrigation_interfaces/irrigation_interfaces/srv/detail/smart_irrigator__struct.hpp
[0.565s] -- Up-to-date symlink: /home/koji/robotics/robotics-learning/project_ws/install/irrigation_interfaces/include/irrigation_interfaces/irrigation_interfaces/srv/detail/smart_irrigator__traits.hpp
[0.565s] -- Up-to-date symlink: /home/koji/robotics/robotics-learning/project_ws/install/irrigation_interfaces/include/irrigation_interfaces/irrigation_interfaces/srv/detail/smart_irrigator__type_support.hpp
[0.565s] -- Up-to-date symlink: /home/koji/robotics/robotics-learning/project_ws/install/irrigation_interfaces/include/irrigation_interfaces/irrigation_interfaces/srv/smart_irrigator.hpp
[0.566s] -- Up-to-date symlink: /home/koji/robotics/robotics-learning/project_ws/install/irrigation_interfaces/include/irrigation_interfaces/irrigation_interfaces/msg/rosidl_typesupport_fastrtps_cpp__visibility_control.h
[0.567s] -- Up-to-date symlink: /home/koji/robotics/robotics-learning/project_ws/install/irrigation_interfaces/include/irrigation_interfaces/irrigation_interfaces/srv/detail/smart_irrigator__rosidl_typesupport_fastrtps_cpp.hpp
[0.567s] -- Up-to-date symlink: /home/koji/robotics/robotics-learning/project_ws/install/irrigation_interfaces/include/irrigation_interfaces/irrigation_interfaces/srv/detail/smart_irrigator__rosidl_typesupport_introspection_cpp.hpp
[0.568s] -- Up-to-date symlink: /home/koji/robotics/robotics-learning/project_ws/install/irrigation_interfaces/share/irrigation_interfaces/environment/pythonpath.sh
[0.568s] -- Up-to-date symlink: /home/koji/robotics/robotics-learning/project_ws/install/irrigation_interfaces/share/irrigation_interfaces/environment/pythonpath.dsv
[0.569s] -- Up-to-date symlink: /home/koji/robotics/robotics-learning/project_ws/install/irrigation_interfaces/lib/python3.12/site-packages/irrigation_interfaces-0.0.0-py3.12.egg-info/PKG-INFO
[0.569s] -- Up-to-date symlink: /home/koji/robotics/robotics-learning/project_ws/install/irrigation_interfaces/lib/python3.12/site-packages/irrigation_interfaces-0.0.0-py3.12.egg-info/SOURCES.txt
[0.569s] -- Up-to-date symlink: /home/koji/robotics/robotics-learning/project_ws/install/irrigation_interfaces/lib/python3.12/site-packages/irrigation_interfaces-0.0.0-py3.12.egg-info/dependency_links.txt
[0.569s] -- Up-to-date symlink: /home/koji/robotics/robotics-learning/project_ws/install/irrigation_interfaces/lib/python3.12/site-packages/irrigation_interfaces-0.0.0-py3.12.egg-info/top_level.txt
[0.570s] -- Up-to-date symlink: /home/koji/robotics/robotics-learning/project_ws/install/irrigation_interfaces/lib/python3.12/site-packages/irrigation_interfaces/__init__.py
[0.570s] -- Up-to-date symlink: /home/koji/robotics/robotics-learning/project_ws/install/irrigation_interfaces/lib/python3.12/site-packages/irrigation_interfaces/_irrigation_interfaces_s.ep.rosidl_typesupport_c.c
[0.570s] -- Up-to-date symlink: /home/koji/robotics/robotics-learning/project_ws/install/irrigation_interfaces/lib/python3.12/site-packages/irrigation_interfaces/_irrigation_interfaces_s.ep.rosidl_typesupport_fastrtps_c.c
[0.570s] -- Up-to-date symlink: /home/koji/robotics/robotics-learning/project_ws/install/irrigation_interfaces/lib/python3.12/site-packages/irrigation_interfaces/_irrigation_interfaces_s.ep.rosidl_typesupport_introspection_c.c
[0.571s] -- Up-to-date symlink: /home/koji/robotics/robotics-learning/project_ws/install/irrigation_interfaces/lib/python3.12/site-packages/irrigation_interfaces/irrigation_interfaces_s__rosidl_typesupport_c.so
[0.571s] -- Up-to-date symlink: /home/koji/robotics/robotics-learning/project_ws/install/irrigation_interfaces/lib/python3.12/site-packages/irrigation_interfaces/irrigation_interfaces_s__rosidl_typesupport_fastrtps_c.so
[0.571s] -- Up-to-date symlink: /home/koji/robotics/robotics-learning/project_ws/install/irrigation_interfaces/lib/python3.12/site-packages/irrigation_interfaces/irrigation_interfaces_s__rosidl_typesupport_introspection_c.so
[0.571s] -- Up-to-date symlink: /home/koji/robotics/robotics-learning/project_ws/install/irrigation_interfaces/lib/python3.12/site-packages/irrigation_interfaces/srv/__init__.py
[0.571s] -- Up-to-date symlink: /home/koji/robotics/robotics-learning/project_ws/install/irrigation_interfaces/lib/python3.12/site-packages/irrigation_interfaces/srv/_smart_irrigator.py
[0.572s] -- Up-to-date symlink: /home/koji/robotics/robotics-learning/project_ws/install/irrigation_interfaces/lib/python3.12/site-packages/irrigation_interfaces/srv/_smart_irrigator_s.c
[0.572s] -- Up-to-date symlink: /home/koji/robotics/robotics-learning/project_ws/install/irrigation_interfaces/lib/python3.12/site-packages/irrigation_interfaces/irrigation_interfaces_s__rosidl_typesupport_fastrtps_c.so
[0.572s] -- Up-to-date symlink: /home/koji/robotics/robotics-learning/project_ws/install/irrigation_interfaces/lib/python3.12/site-packages/irrigation_interfaces/irrigation_interfaces_s__rosidl_typesupport_introspection_c.so
[0.572s] -- Up-to-date symlink: /home/koji/robotics/robotics-learning/project_ws/install/irrigation_interfaces/lib/python3.12/site-packages/irrigation_interfaces/irrigation_interfaces_s__rosidl_typesupport_c.so
[0.572s] -- Up-to-date symlink: /home/koji/robotics/robotics-learning/project_ws/install/irrigation_interfaces/share/ament_index/resource_index/rust_packages/irrigation_interfaces
[0.573s] -- Up-to-date symlink: /home/koji/robotics/robotics-learning/project_ws/install/irrigation_interfaces/share/irrigation_interfaces/rust/Cargo.toml
[0.573s] -- Up-to-date symlink: /home/koji/robotics/robotics-learning/project_ws/install/irrigation_interfaces/share/irrigation_interfaces/rust/build.rs
[0.573s] -- Up-to-date symlink: /home/koji/robotics/robotics-learning/project_ws/install/irrigation_interfaces/share/irrigation_interfaces/rust/src/lib.rs
[0.574s] -- Up-to-date symlink: /home/koji/robotics/robotics-learning/project_ws/install/irrigation_interfaces/share/irrigation_interfaces/rust/src/srv.rs
[0.574s] -- Up-to-date symlink: /home/koji/robotics/robotics-learning/project_ws/install/irrigation_interfaces/share/irrigation_interfaces/rust/src/srv/rmw.rs
[0.574s] -- Up-to-date symlink: /home/koji/robotics/robotics-learning/project_ws/install/irrigation_interfaces/share/irrigation_interfaces/srv/SmartIrrigator.idl
[0.574s] -- Up-to-date symlink: /home/koji/robotics/robotics-learning/project_ws/install/irrigation_interfaces/share/irrigation_interfaces/srv/SmartIrrigator.srv
[0.574s] -- Up-to-date symlink: /home/koji/robotics/robotics-learning/project_ws/install/irrigation_interfaces/share/ament_index/resource_index/package_run_dependencies/irrigation_interfaces
[0.574s] -- Up-to-date symlink: /home/koji/robotics/robotics-learning/project_ws/install/irrigation_interfaces/share/ament_index/resource_index/parent_prefix_path/irrigation_interfaces
[0.575s] -- Up-to-date symlink: /home/koji/robotics/robotics-learning/project_ws/install/irrigation_interfaces/share/irrigation_interfaces/environment/ament_prefix_path.sh
[0.575s] -- Up-to-date symlink: /home/koji/robotics/robotics-learning/project_ws/install/irrigation_interfaces/share/irrigation_interfaces/environment/ament_prefix_path.dsv
[0.575s] -- Up-to-date symlink: /home/koji/robotics/robotics-learning/project_ws/install/irrigation_interfaces/share/irrigation_interfaces/environment/path.sh
[0.575s] -- Up-to-date symlink: /home/koji/robotics/robotics-learning/project_ws/install/irrigation_interfaces/share/irrigation_interfaces/environment/path.dsv
[0.576s] -- Up-to-date symlink: /home/koji/robotics/robotics-learning/project_ws/install/irrigation_interfaces/share/irrigation_interfaces/local_setup.bash
[0.576s] -- Up-to-date symlink: /home/koji/robotics/robotics-learning/project_ws/install/irrigation_interfaces/share/irrigation_interfaces/local_setup.sh
[0.576s] -- Up-to-date symlink: /home/koji/robotics/robotics-learning/project_ws/install/irrigation_interfaces/share/irrigation_interfaces/local_setup.zsh
[0.576s] -- Up-to-date symlink: /home/koji/robotics/robotics-learning/project_ws/install/irrigation_interfaces/share/irrigation_interfaces/local_setup.dsv
[0.576s] -- Symlinking: /home/koji/robotics/robotics-learning/project_ws/install/irrigation_interfaces/share/irrigation_interfaces/package.dsv
[0.587s] -- Up-to-date symlink: /home/koji/robotics/robotics-learning/project_ws/install/irrigation_interfaces/share/ament_index/resource_index/packages/irrigation_interfaces
[0.587s] -- Up-to-date symlink: /home/koji/robotics/robotics-learning/project_ws/install/irrigation_interfaces/share/irrigation_interfaces/cmake/rosidl_cmake-extras.cmake
[0.588s] -- Up-to-date symlink: /home/koji/robotics/robotics-learning/project_ws/install/irrigation_interfaces/share/irrigation_interfaces/cmake/ament_cmake_export_dependencies-extras.cmake
[0.588s] -- Up-to-date symlink: /home/koji/robotics/robotics-learning/project_ws/install/irrigation_interfaces/share/irrigation_interfaces/cmake/ament_cmake_export_include_directories-extras.cmake
[0.588s] -- Up-to-date symlink: /home/koji/robotics/robotics-learning/project_ws/install/irrigation_interfaces/share/irrigation_interfaces/cmake/ament_cmake_export_libraries-extras.cmake
[0.588s] -- Up-to-date symlink: /home/koji/robotics/robotics-learning/project_ws/install/irrigation_interfaces/share/irrigation_interfaces/cmake/ament_cmake_export_targets-extras.cmake
[0.589s] -- Up-to-date symlink: /home/koji/robotics/robotics-learning/project_ws/install/irrigation_interfaces/share/irrigation_interfaces/cmake/rosidl_cmake_export_typesupport_targets-extras.cmake
[0.589s] -- Up-to-date symlink: /home/koji/robotics/robotics-learning/project_ws/install/irrigation_interfaces/share/irrigation_interfaces/cmake/rosidl_cmake_export_typesupport_libraries-extras.cmake
[0.589s] -- Up-to-date symlink: /home/koji/robotics/robotics-learning/project_ws/install/irrigation_interfaces/share/irrigation_interfaces/cmake/rosidl_cmake_aggregate_target-extras.cmake
[0.589s] -- Up-to-date symlink: /home/koji/robotics/robotics-learning/project_ws/install/irrigation_interfaces/share/irrigation_interfaces/cmake/irrigation_interfacesConfig.cmake
[0.590s] -- Up-to-date symlink: /home/koji/robotics/robotics-learning/project_ws/install/irrigation_interfaces/share/irrigation_interfaces/cmake/irrigation_interfacesConfig-version.cmake
[0.590s] -- Up-to-date symlink: /home/koji/robotics/robotics-learning/project_ws/install/irrigation_interfaces/share/irrigation_interfaces/package.xml
[0.590s] -- Up-to-date: /home/koji/robotics/robotics-learning/project_ws/install/irrigation_interfaces/lib/libirrigation_interfaces__rosidl_generator_c.so
[0.590s] -- Up-to-date: /home/koji/robotics/robotics-learning/project_ws/install/irrigation_interfaces/lib/libirrigation_interfaces__rosidl_typesupport_fastrtps_c.so
[0.590s] -- Up-to-date: /home/koji/robotics/robotics-learning/project_ws/install/irrigation_interfaces/lib/libirrigation_interfaces__rosidl_typesupport_introspection_c.so
[0.591s] -- Up-to-date: /home/koji/robotics/robotics-learning/project_ws/install/irrigation_interfaces/lib/libirrigation_interfaces__rosidl_typesupport_c.so
[0.591s] -- Up-to-date: /home/koji/robotics/robotics-learning/project_ws/install/irrigation_interfaces/lib/libirrigation_interfaces__rosidl_typesupport_fastrtps_cpp.so
[0.591s] -- Up-to-date: /home/koji/robotics/robotics-learning/project_ws/install/irrigation_interfaces/lib/libirrigation_interfaces__rosidl_typesupport_introspection_cpp.so
[0.591s] -- Up-to-date: /home/koji/robotics/robotics-learning/project_ws/install/irrigation_interfaces/lib/libirrigation_interfaces__rosidl_typesupport_cpp.so
[0.638s] Listing '/home/koji/robotics/robotics-learning/project_ws/install/irrigation_interfaces/lib/python3.12/site-packages/irrigation_interfaces'...
[0.638s] Listing '/home/koji/robotics/robotics-learning/project_ws/install/irrigation_interfaces/lib/python3.12/site-packages/irrigation_interfaces/srv'...
[0.646s] -- Up-to-date: /home/koji/robotics/robotics-learning/project_ws/install/irrigation_interfaces/lib/libirrigation_interfaces__rosidl_generator_py.so
[0.646s] -- Up-to-date: /home/koji/robotics/robotics-learning/project_ws/install/irrigation_interfaces/share/irrigation_interfaces/cmake/export_irrigation_interfaces__rosidl_generator_cExport.cmake
[0.647s] -- Up-to-date: /home/koji/robotics/robotics-learning/project_ws/install/irrigation_interfaces/share/irrigation_interfaces/cmake/export_irrigation_interfaces__rosidl_generator_cExport-noconfig.cmake
[0.647s] -- Up-to-date: /home/koji/robotics/robotics-learning/project_ws/install/irrigation_interfaces/share/irrigation_interfaces/cmake/export_irrigation_interfaces__rosidl_typesupport_fastrtps_cExport.cmake
[0.647s] -- Up-to-date: /home/koji/robotics/robotics-learning/project_ws/install/irrigation_interfaces/share/irrigation_interfaces/cmake/export_irrigation_interfaces__rosidl_typesupport_fastrtps_cExport-noconfig.cmake
[0.647s] -- Up-to-date: /home/koji/robotics/robotics-learning/project_ws/install/irrigation_interfaces/share/irrigation_interfaces/cmake/irrigation_interfaces__rosidl_typesupport_introspection_cExport.cmake
[0.647s] -- Up-to-date: /home/koji/robotics/robotics-learning/project_ws/install/irrigation_interfaces/share/irrigation_interfaces/cmake/irrigation_interfaces__rosidl_typesupport_introspection_cExport-noconfig.cmake
[0.648s] -- Up-to-date: /home/koji/robotics/robotics-learning/project_ws/install/irrigation_interfaces/share/irrigation_interfaces/cmake/irrigation_interfaces__rosidl_typesupport_cExport.cmake
[0.648s] -- Up-to-date: /home/koji/robotics/robotics-learning/project_ws/install/irrigation_interfaces/share/irrigation_interfaces/cmake/irrigation_interfaces__rosidl_typesupport_cExport-noconfig.cmake
[0.648s] -- Up-to-date: /home/koji/robotics/robotics-learning/project_ws/install/irrigation_interfaces/share/irrigation_interfaces/cmake/export_irrigation_interfaces__rosidl_generator_cppExport.cmake
[0.648s] -- Up-to-date: /home/koji/robotics/robotics-learning/project_ws/install/irrigation_interfaces/share/irrigation_interfaces/cmake/export_irrigation_interfaces__rosidl_typesupport_fastrtps_cppExport.cmake
[0.648s] -- Up-to-date: /home/koji/robotics/robotics-learning/project_ws/install/irrigation_interfaces/share/irrigation_interfaces/cmake/export_irrigation_interfaces__rosidl_typesupport_fastrtps_cppExport-noconfig.cmake
[0.649s] -- Up-to-date: /home/koji/robotics/robotics-learning/project_ws/install/irrigation_interfaces/share/irrigation_interfaces/cmake/irrigation_interfaces__rosidl_typesupport_introspection_cppExport.cmake
[0.649s] -- Up-to-date: /home/koji/robotics/robotics-learning/project_ws/install/irrigation_interfaces/share/irrigation_interfaces/cmake/irrigation_interfaces__rosidl_typesupport_introspection_cppExport-noconfig.cmake
[0.649s] -- Up-to-date: /home/koji/robotics/robotics-learning/project_ws/install/irrigation_interfaces/share/irrigation_interfaces/cmake/irrigation_interfaces__rosidl_typesupport_cppExport.cmake
[0.649s] -- Up-to-date: /home/koji/robotics/robotics-learning/project_ws/install/irrigation_interfaces/share/irrigation_interfaces/cmake/irrigation_interfaces__rosidl_typesupport_cppExport-noconfig.cmake
[0.649s] -- Up-to-date: /home/koji/robotics/robotics-learning/project_ws/install/irrigation_interfaces/share/irrigation_interfaces/cmake/export_irrigation_interfaces__rosidl_generator_pyExport.cmake
[0.649s] -- Up-to-date: /home/koji/robotics/robotics-learning/project_ws/install/irrigation_interfaces/share/irrigation_interfaces/cmake/export_irrigation_interfaces__rosidl_generator_pyExport-noconfig.cmake
[0.653s] Invoked command in '/home/koji/robotics/robotics-learning/project_ws/build/irrigation_interfaces' returned '0': CMAKE_PREFIX_PATH=${CMAKE_PREFIX_PATH}:/home/koji/robotics/robotics-learning/project_ws/install/temperature_monitor_pkg:/home/koji/robotics/robotics-learning/project_ws/install/smart_irrigation_system:/home/koji/robotics/robotics-learning/project_ws/install/smart_greenhouse_controller:/home/koji/robotics/robotics-learning/project_ws/install/addition_qlty_checker_pkg:/opt/ros/jazzy DEBUGINFOD_URLS=https://debuginfod.ubuntu.com /usr/bin/cmake --install /home/koji/robotics/robotics-learning/project_ws/build/irrigation_interfaces
