running develop
running egg_info
creating addition_qlty_checker_pkg.egg-info
writing addition_qlty_checker_pkg.egg-info/PKG-INFO
writing dependency_links to addition_qlty_checker_pkg.egg-info/dependency_links.txt
writing entry points to addition_qlty_checker_pkg.egg-info/entry_points.txt
writing requirements to addition_qlty_checker_pkg.egg-info/requires.txt
writing top-level names to addition_qlty_checker_pkg.egg-info/top_level.txt
writing manifest file 'addition_qlty_checker_pkg.egg-info/SOURCES.txt'
reading manifest file 'addition_qlty_checker_pkg.egg-info/SOURCES.txt'
writing manifest file 'addition_qlty_checker_pkg.egg-info/SOURCES.txt'
running build_ext
Creating /home/koji/robotics/robotics-learning/project_ws/install/addition_qlty_checker_pkg/lib/python3.12/site-packages/addition-qlty-checker-pkg.egg-link (link to .)
Installing client script to /home/koji/robotics/robotics-learning/project_ws/install/addition_qlty_checker_pkg/lib/addition_qlty_checker_pkg
Installing service script to /home/koji/robotics/robotics-learning/project_ws/install/addition_qlty_checker_pkg/lib/addition_qlty_checker_pkg

Installed /home/koji/robotics/robotics-learning/project_ws/build/addition_qlty_checker_pkg
running symlink_data
creating /home/koji/robotics/robotics-learning/project_ws/install/addition_qlty_checker_pkg/share/ament_index
creating /home/koji/robotics/robotics-learning/project_ws/install/addition_qlty_checker_pkg/share/ament_index/resource_index
creating /home/koji/robotics/robotics-learning/project_ws/install/addition_qlty_checker_pkg/share/ament_index/resource_index/packages
symbolically linking /home/koji/robotics/robotics-learning/project_ws/build/addition_qlty_checker_pkg/resource/addition_qlty_checker_pkg -> /home/koji/robotics/robotics-learning/project_ws/install/addition_qlty_checker_pkg/share/ament_index/resource_index/packages
symbolically linking /home/koji/robotics/robotics-learning/project_ws/build/addition_qlty_checker_pkg/package.xml -> /home/koji/robotics/robotics-learning/project_ws/install/addition_qlty_checker_pkg/share/addition_qlty_checker_pkg
