running develop
running egg_info
creating 01_pkg.egg-info
writing 01_pkg.egg-info/PKG-INFO
writing dependency_links to 01_pkg.egg-info/dependency_links.txt
writing entry points to 01_pkg.egg-info/entry_points.txt
writing requirements to 01_pkg.egg-info/requires.txt
writing top-level names to 01_pkg.egg-info/top_level.txt
writing manifest file '01_pkg.egg-info/SOURCES.txt'
reading manifest file '01_pkg.egg-info/SOURCES.txt'
writing manifest file '01_pkg.egg-info/SOURCES.txt'
running build_ext
Creating /home/koji/robotics/robotics-learning/beginner_client_libs/my_workspace/install/01_pkg/lib/python3.12/site-packages/01-pkg.egg-link (link to .)
Installing my_node script to /home/koji/robotics/robotics-learning/beginner_client_libs/my_workspace/install/01_pkg/lib/01_pkg

Installed /home/koji/robotics/robotics-learning/beginner_client_libs/my_workspace/build/01_pkg
running symlink_data
creating /home/koji/robotics/robotics-learning/beginner_client_libs/my_workspace/install/01_pkg/share/ament_index
creating /home/koji/robotics/robotics-learning/beginner_client_libs/my_workspace/install/01_pkg/share/ament_index/resource_index
creating /home/koji/robotics/robotics-learning/beginner_client_libs/my_workspace/install/01_pkg/share/ament_index/resource_index/packages
symbolically linking /home/koji/robotics/robotics-learning/beginner_client_libs/my_workspace/build/01_pkg/resource/01_pkg -> /home/koji/robotics/robotics-learning/beginner_client_libs/my_workspace/install/01_pkg/share/ament_index/resource_index/packages
symbolically linking /home/koji/robotics/robotics-learning/beginner_client_libs/my_workspace/build/01_pkg/package.xml -> /home/koji/robotics/robotics-learning/beginner_client_libs/my_workspace/install/01_pkg/share/01_pkg
