[1.697s] Invoking command in '/home/koji/robotics/robotics-learning/beginner_client_libs/my_workspace/build/pub_sub': DEBUGINFOD_URLS=https://debuginfod.ubuntu.com PYTHONPATH=/home/koji/robotics/robotics-learning/beginner_client_libs/my_workspace/build/pub_sub/prefix_override:/usr/lib/python3/dist-packages/colcon_core/task/python/colcon_distutils_commands:/home/koji/robotics/robotics-learning/beginner_client_libs/my_workspace/install/pub_sub/lib/python3.12/site-packages:${PYTHONPATH} /usr/bin/python3 -W ignore:setup.py install is deprecated -W ignore:easy_install command is deprecated setup.py develop --editable --build-directory /home/koji/robotics/robotics-learning/beginner_client_libs/my_workspace/build/pub_sub/build --no-deps symlink_data --force
[2.167s] running develop
[2.447s] running egg_info
[2.473s] writing pub_sub.egg-info/PKG-INFO
[2.473s] writing dependency_links to pub_sub.egg-info/dependency_links.txt
[2.473s] writing entry points to pub_sub.egg-info/entry_points.txt
[2.473s] writing requirements to pub_sub.egg-info/requires.txt
[2.474s] writing top-level names to pub_sub.egg-info/top_level.txt
[2.526s] reading manifest file 'pub_sub.egg-info/SOURCES.txt'
[2.527s] writing manifest file 'pub_sub.egg-info/SOURCES.txt'
[2.555s] running build_ext
[2.555s] Creating /home/koji/robotics/robotics-learning/beginner_client_libs/my_workspace/install/pub_sub/lib/python3.12/site-packages/pub-sub.egg-link (link to .)
[2.556s] Installing listener script to /home/koji/robotics/robotics-learning/beginner_client_libs/my_workspace/install/pub_sub/lib/pub_sub
[2.556s] Installing talker script to /home/koji/robotics/robotics-learning/beginner_client_libs/my_workspace/install/pub_sub/lib/pub_sub
[2.556s] 
[2.557s] Installed /home/koji/robotics/robotics-learning/beginner_client_libs/my_workspace/build/pub_sub
[2.557s] running symlink_data
[2.557s] symbolically linking /home/koji/robotics/robotics-learning/beginner_client_libs/my_workspace/build/pub_sub/resource/pub_sub -> /home/koji/robotics/robotics-learning/beginner_client_libs/my_workspace/install/pub_sub/share/ament_index/resource_index/packages
[2.557s] symbolically linking /home/koji/robotics/robotics-learning/beginner_client_libs/my_workspace/build/pub_sub/package.xml -> /home/koji/robotics/robotics-learning/beginner_client_libs/my_workspace/install/pub_sub/share/pub_sub
[2.609s] Invoked command in '/home/koji/robotics/robotics-learning/beginner_client_libs/my_workspace/build/pub_sub' returned '0': DEBUGINFOD_URLS=https://debuginfod.ubuntu.com PYTHONPATH=/home/koji/robotics/robotics-learning/beginner_client_libs/my_workspace/build/pub_sub/prefix_override:/usr/lib/python3/dist-packages/colcon_core/task/python/colcon_distutils_commands:/home/koji/robotics/robotics-learning/beginner_client_libs/my_workspace/install/pub_sub/lib/python3.12/site-packages:${PYTHONPATH} /usr/bin/python3 -W ignore:setup.py install is deprecated -W ignore:easy_install command is deprecated setup.py develop --editable --build-directory /home/koji/robotics/robotics-learning/beginner_client_libs/my_workspace/build/pub_sub/build --no-deps symlink_data --force
