[0.016s] Invoking command in '/home/koji/robotics/robotics-learning/project_ws/build/irrigation_interfaces': CMAKE_PREFIX_PATH=${CMAKE_PREFIX_PATH}:/opt/ros/jazzy DEBUGINFOD_URLS=https://debuginfod.ubuntu.com /usr/bin/cmake /home/koji/robotics/robotics-learning/project_ws/src/irrigation_interfaces -DAMENT_CMAKE_SYMLINK_INSTALL=1 -DCMAKE_INSTALL_PREFIX=/home/koji/robotics/robotics-learning/project_ws/install/irrigation_interfaces
[0.040s] -- Found ament_cmake: 2.5.6 (/opt/ros/jazzy/share/ament_cmake/cmake)
[0.375s] -- Override CMake install command with custom implementation using symlinks instead of copying resources
[0.393s] -- Found rosidl_default_generators: 1.6.1 (/opt/ros/jazzy/share/rosidl_default_generators/cmake)
[0.399s] -- Using all available rosidl_typesupport_c: rosidl_typesupport_fastrtps_c;rosidl_typesupport_introspection_c
[0.467s] -- Using all available rosidl_typesupport_cpp: rosidl_typesupport_fastrtps_cpp;rosidl_typesupport_introspection_cpp
[0.522s] -- Found rosidl_adapter: 4.6.9 (/opt/ros/jazzy/share/rosidl_adapter/cmake)
[0.955s] [31mCMake Error at /opt/ros/jazzy/share/rosidl_adapter/cmake/rosidl_adapt_interfaces.cmake:57 (message):
[0.955s]   execute_process(/usr/bin/python3 -m rosidl_adapter --package-name
[0.956s]   irrigation_interfaces --arguments-file
[0.956s]   /home/koji/robotics/robotics-learning/project_ws/build/irrigation_interfaces/rosidl_adapter__arguments__irrigation_interfaces.json
[0.956s]   --output-dir
[0.956s]   /home/koji/robotics/robotics-learning/project_ws/build/irrigation_interfaces/rosidl_adapter/irrigation_interfaces
[0.956s]   --output-file
[0.956s]   /home/koji/robotics/robotics-learning/project_ws/build/irrigation_interfaces/rosidl_adapter/irrigation_interfaces.idls)
[0.957s]   returned error code 1:
[0.957s] 
[0.957s]   Traceback (most recent call last):
[0.957s] 
[0.957s]     File "<frozen runpy>", line 198, in _run_module_as_main
[0.957s]     File "<frozen runpy>", line 88, in _run_code
[0.957s]     File "/opt/ros/jazzy/lib/python3.12/site-packages/rosidl_adapter/__main__.py", line 19, in <module>
[0.957s]       sys.exit(main())
[0.957s]                ^^^^^^
[0.957s]     File "/opt/ros/jazzy/lib/python3.12/site-packages/rosidl_adapter/main.py", line 53, in main
[0.958s]       abs_idl_file = convert_to_idl(
[0.958s]                      ^^^^^^^^^^^^^^^
[0.958s]     File "/opt/ros/jazzy/lib/python3.12/site-packages/rosidl_adapter/__init__.py", line 24, in convert_to_idl
[0.958s]       return convert_srv_to_idl(
[0.958s]              ^^^^^^^^^^^^^^^^^^^
[0.958s]     File "/opt/ros/jazzy/lib/python3.12/site-packages/rosidl_adapter/srv/__init__.py", line 28, in convert_srv_to_idl
[0.958s]       srv = parse_service_string(package_name, input_file.stem, content)
[0.958s]             ^^^^^^^^^^^^^^^^^^^^^^^^^^^^^^^^^^^^^^^^^^^^^^^^^^^^^^^^^^^^
[0.958s]     File "/opt/ros/jazzy/lib/python3.12/site-packages/rosidl_adapter/parser.py", line 860, in parse_service_string
[0.958s]       request_message = parse_message_string(
[0.959s]                         ^^^^^^^^^^^^^^^^^^^^^
[0.959s]     File "/opt/ros/jazzy/lib/python3.12/site-packages/rosidl_adapter/parser.py", line 545, in parse_message_string
[0.959s]       msg = MessageSpecification(pkg_name, msg_name, fields, constants)
[0.959s]             ^^^^^^^^^^^^^^^^^^^^^^^^^^^^^^^^^^^^^^^^^^^^^^^^^^^^^^^^^^^
[0.959s]     File "/opt/ros/jazzy/lib/python3.12/site-packages/rosidl_adapter/parser.py", line 389, in __init__
[0.959s]       self.base_type = BaseType(
[0.959s]                        ^^^^^^^^^
[0.959s]     File "/opt/ros/jazzy/lib/python3.12/site-packages/rosidl_adapter/parser.py", line 206, in __init__
[0.959s]       raise InvalidResourceName(
[0.959s] 
[0.960s]   rosidl_adapter.parser.InvalidResourceName: 'smartIrrigator_Request' is an
[0.960s]   invalid message name.  It should have the pattern '^[A-Z][A-Za-z0-9]*$'
[0.960s] 
[0.960s] Call Stack (most recent call first):
[0.960s]   /opt/ros/jazzy/share/rosidl_cmake/cmake/rosidl_generate_interfaces.cmake:132 (rosidl_adapt_interfaces)
[0.960s]   CMakeLists.txt:16 (rosidl_generate_interfaces)
[0.960s] 
[0.960s] [0m
[0.960s] -- Configuring incomplete, errors occurred!
[0.973s] Invoked command in '/home/koji/robotics/robotics-learning/project_ws/build/irrigation_interfaces' returned '1': CMAKE_PREFIX_PATH=${CMAKE_PREFIX_PATH}:/opt/ros/jazzy DEBUGINFOD_URLS=https://debuginfod.ubuntu.com /usr/bin/cmake /home/koji/robotics/robotics-learning/project_ws/src/irrigation_interfaces -DAMENT_CMAKE_SYMLINK_INSTALL=1 -DCMAKE_INSTALL_PREFIX=/home/koji/robotics/robotics-learning/project_ws/install/irrigation_interfaces
