-- Found geometry_msgs: 5.3.8 (/opt/ros/jazzy/share/geometry_msgs/cmake)
-- Override CMake install command with custom implementation using symlinks instead of copying resources
-- Found rosidl_generator_c: 4.6.9 (/opt/ros/jazzy/share/rosidl_generator_c/cmake)
-- Found rosidl_generator_cpp: 4.6.9 (/opt/ros/jazzy/share/rosidl_generator_cpp/cmake)
-- Using all available rosidl_typesupport_c: rosidl_typesupport_fastrtps_c;rosidl_typesupport_introspection_c
-- Using all available rosidl_typesupport_cpp: rosidl_typesupport_fastrtps_cpp;rosidl_typesupport_introspection_cpp
-- Found rosidl_default_generators: 1.6.1 (/opt/ros/jazzy/share/rosidl_default_generators/cmake)
-- Found rosidl_adapter: 4.6.9 (/opt/ros/jazzy/share/rosidl_adapter/cmake)
-- Found ament_cmake_ros: 0.12.1 (/opt/ros/jazzy/share/ament_cmake_ros/cmake)
-- Using all available rosidl_typesupport_c: rosidl_typesupport_fastrtps_c;rosidl_typesupport_introspection_c
-- Using all available rosidl_typesupport_cpp: rosidl_typesupport_fastrtps_cpp;rosidl_typesupport_introspection_cpp
-- Found python_cmake_module: 0.11.1 (/opt/ros/jazzy/share/python_cmake_module/cmake)
-- Found PythonExtra: /usr/bin/python3  
-- Found Python3: /usr/bin/python3 (found version "3.12.3") found components: Interpreter Development NumPy Development.Module Development.Embed 
-- Found Python3: /usr/bin/python3 (found version "3.12.3") found components: Interpreter 
-- Found ament_lint_auto: 0.17.5 (/opt/ros/jazzy/share/ament_lint_auto/cmake)
-- Added test 'lint_cmake' to check CMake code style
-- Added test 'xmllint' to check XML markup files
-- Configuring done (3.7s)
-- Generating done (0.0s)
-- Build files have been written to: /home/koji/robotics/robotics-learning/beginner_client_libs/my_workspace/build/tut_interfaces
[  1%] [34m[1mGenerating Rust code for ROS interfaces[0m
[  3%] [34m[1mGenerating type hashes for ROS interfaces[0m
[  3%] Built target ament_cmake_python_symlink_tut_interfaces
running egg_info
creating tut_interfaces.egg-info
[  3%] Built target tut_interfaces__rosidl_generator_type_description
writing tut_interfaces.egg-info/PKG-INFO
writing dependency_links to tut_interfaces.egg-info/dependency_links.txt
writing top-level names to tut_interfaces.egg-info/top_level.txt
writing manifest file 'tut_interfaces.egg-info/SOURCES.txt'
[  5%] [34m[1mGenerating C code for ROS interfaces[0m
[  7%] [34m[1mGenerating C++ code for ROS interfaces[0m
[  7%] Built target tut_interfaces__rs
reading manifest file 'tut_interfaces.egg-info/SOURCES.txt'
writing manifest file 'tut_interfaces.egg-info/SOURCES.txt'
[  7%] Built target ament_cmake_python_build_tut_interfaces_egg
[  7%] Built target tut_interfaces__cpp
[  9%] [32mBuilding C object CMakeFiles/tut_interfaces__rosidl_generator_c.dir/rosidl_generator_c/tut_interfaces/msg/detail/num__functions.c.o[0m
[ 10%] [32mBuilding C object CMakeFiles/tut_interfaces__rosidl_generator_c.dir/rosidl_generator_c/tut_interfaces/msg/detail/sphere__functions.c.o[0m
[ 12%] [32mBuilding C object CMakeFiles/tut_interfaces__rosidl_generator_c.dir/rosidl_generator_c/tut_interfaces/msg/detail/sphere__description.c.o[0m
[ 16%] [32mBuilding C object CMakeFiles/tut_interfaces__rosidl_generator_c.dir/rosidl_generator_c/tut_interfaces/msg/detail/num__description.c.o[0m
[ 16%] [32mBuilding C object CMakeFiles/tut_interfaces__rosidl_generator_c.dir/rosidl_generator_c/tut_interfaces/msg/detail/num__type_support.c.o[0m
[ 21%] [32mBuilding C object CMakeFiles/tut_interfaces__rosidl_generator_c.dir/rosidl_generator_c/tut_interfaces/srv/detail/add_three_ints__description.c.o[0m
[ 21%] [32mBuilding C object CMakeFiles/tut_interfaces__rosidl_generator_c.dir/rosidl_generator_c/tut_interfaces/srv/detail/add_three_ints__functions.c.o[0m
[ 21%] [32mBuilding C object CMakeFiles/tut_interfaces__rosidl_generator_c.dir/rosidl_generator_c/tut_interfaces/srv/detail/add_three_ints__type_support.c.o[0m
[ 23%] [32mBuilding C object CMakeFiles/tut_interfaces__rosidl_generator_c.dir/rosidl_generator_c/tut_interfaces/msg/detail/sphere__type_support.c.o[0m
[ 25%] [32m[1mLinking C shared library libtut_interfaces__rosidl_generator_c.so[0m
[ 25%] Built target tut_interfaces__rosidl_generator_c
[ 34%] [34m[1mGenerating C introspection for ROS interfaces[0m
[ 34%] [34m[1mGenerating C type support dispatch for ROS interfaces[0m
[ 34%] [34m[1mGenerating C++ introspection for ROS interfaces[0m
[ 34%] [34m[1mGenerating C type support for eProsima Fast-RTPS[0m
[ 34%] [34m[1mGenerating C++ type support dispatch for ROS interfaces[0m
[ 36%] [34m[1mGenerating C++ type support for eProsima Fast-RTPS[0m
[ 38%] [32mBuilding CXX object CMakeFiles/tut_interfaces__rosidl_typesupport_cpp.dir/rosidl_typesupport_cpp/tut_interfaces/msg/num__type_support.cpp.o[0m
[ 40%] [32mBuilding CXX object CMakeFiles/tut_interfaces__rosidl_typesupport_cpp.dir/rosidl_typesupport_cpp/tut_interfaces/srv/add_three_ints__type_support.cpp.o[0m
[ 41%] [32mBuilding CXX object CMakeFiles/tut_interfaces__rosidl_typesupport_cpp.dir/rosidl_typesupport_cpp/tut_interfaces/msg/sphere__type_support.cpp.o[0m
[ 43%] [32mBuilding CXX object CMakeFiles/tut_interfaces__rosidl_typesupport_c.dir/rosidl_typesupport_c/tut_interfaces/msg/num__type_support.cpp.o[0m
[ 47%] [32mBuilding C object CMakeFiles/tut_interfaces__rosidl_typesupport_introspection_c.dir/rosidl_typesupport_introspection_c/tut_interfaces/msg/detail/num__type_support.c.o[0m
[ 47%] [32mBuilding CXX object CMakeFiles/tut_interfaces__rosidl_typesupport_c.dir/rosidl_typesupport_c/tut_interfaces/srv/add_three_ints__type_support.cpp.o[0m
[ 49%] [32mBuilding C object CMakeFiles/tut_interfaces__rosidl_typesupport_introspection_c.dir/rosidl_typesupport_introspection_c/tut_interfaces/msg/detail/sphere__type_support.c.o[0m
[ 50%] [32mBuilding CXX object CMakeFiles/tut_interfaces__rosidl_typesupport_c.dir/rosidl_typesupport_c/tut_interfaces/msg/sphere__type_support.cpp.o[0m
[ 52%] [32mBuilding C object CMakeFiles/tut_interfaces__rosidl_typesupport_introspection_c.dir/rosidl_typesupport_introspection_c/tut_interfaces/srv/detail/add_three_ints__type_support.c.o[0m
[ 54%] [32mBuilding CXX object CMakeFiles/tut_interfaces__rosidl_typesupport_introspection_cpp.dir/rosidl_typesupport_introspection_cpp/tut_interfaces/msg/detail/num__type_support.cpp.o[0m
[ 56%] [32mBuilding CXX object CMakeFiles/tut_interfaces__rosidl_typesupport_introspection_cpp.dir/rosidl_typesupport_introspection_cpp/tut_interfaces/msg/detail/sphere__type_support.cpp.o[0m
[ 58%] [32mBuilding CXX object CMakeFiles/tut_interfaces__rosidl_typesupport_introspection_cpp.dir/rosidl_typesupport_introspection_cpp/tut_interfaces/srv/detail/add_three_ints__type_support.cpp.o[0m
[ 60%] [32m[1mLinking C shared library libtut_interfaces__rosidl_typesupport_introspection_c.so[0m
[ 61%] [32m[1mLinking CXX shared library libtut_interfaces__rosidl_typesupport_c.so[0m
[ 63%] [32mBuilding CXX object CMakeFiles/tut_interfaces__rosidl_typesupport_fastrtps_cpp.dir/rosidl_typesupport_fastrtps_cpp/tut_interfaces/msg/detail/dds_fastrtps/num__type_support.cpp.o[0m
[ 65%] [32mBuilding CXX object CMakeFiles/tut_interfaces__rosidl_typesupport_fastrtps_cpp.dir/rosidl_typesupport_fastrtps_cpp/tut_interfaces/msg/detail/dds_fastrtps/sphere__type_support.cpp.o[0m
[ 67%] [32mBuilding CXX object CMakeFiles/tut_interfaces__rosidl_typesupport_fastrtps_c.dir/rosidl_typesupport_fastrtps_c/tut_interfaces/msg/detail/num__type_support_c.cpp.o[0m
[ 69%] [32mBuilding CXX object CMakeFiles/tut_interfaces__rosidl_typesupport_fastrtps_cpp.dir/rosidl_typesupport_fastrtps_cpp/tut_interfaces/srv/detail/dds_fastrtps/add_three_ints__type_support.cpp.o[0m
[ 69%] Built target tut_interfaces__rosidl_typesupport_introspection_c
[ 70%] [32mBuilding CXX object CMakeFiles/tut_interfaces__rosidl_typesupport_fastrtps_c.dir/rosidl_typesupport_fastrtps_c/tut_interfaces/msg/detail/sphere__type_support_c.cpp.o[0m
[ 70%] Built target tut_interfaces__rosidl_typesupport_c
[ 72%] [32mBuilding CXX object CMakeFiles/tut_interfaces__rosidl_typesupport_fastrtps_c.dir/rosidl_typesupport_fastrtps_c/tut_interfaces/srv/detail/add_three_ints__type_support_c.cpp.o[0m
[ 74%] [32m[1mLinking CXX shared library libtut_interfaces__rosidl_typesupport_cpp.so[0m
[ 76%] [32m[1mLinking CXX shared library libtut_interfaces__rosidl_typesupport_introspection_cpp.so[0m
[ 76%] Built target tut_interfaces__rosidl_typesupport_cpp
[ 76%] Built target tut_interfaces__rosidl_typesupport_introspection_cpp
[ 78%] [32m[1mLinking CXX shared library libtut_interfaces__rosidl_typesupport_fastrtps_cpp.so[0m
[ 80%] [32m[1mLinking CXX shared library libtut_interfaces__rosidl_typesupport_fastrtps_c.so[0m
[ 80%] Built target tut_interfaces__rosidl_typesupport_fastrtps_c
[ 80%] Built target tut_interfaces__rosidl_typesupport_fastrtps_cpp
[ 80%] Built target tut_interfaces
[ 81%] [34m[1mGenerating Python code for ROS interfaces[0m
[ 81%] Built target tut_interfaces__py
[ 83%] [32mBuilding C object CMakeFiles/tut_interfaces__rosidl_generator_py.dir/rosidl_generator_py/tut_interfaces/msg/_sphere_s.c.o[0m
[ 85%] [32mBuilding C object CMakeFiles/tut_interfaces__rosidl_generator_py.dir/rosidl_generator_py/tut_interfaces/srv/_add_three_ints_s.c.o[0m
[ 87%] [32mBuilding C object CMakeFiles/tut_interfaces__rosidl_generator_py.dir/rosidl_generator_py/tut_interfaces/msg/_num_s.c.o[0m
[ 89%] [32m[1mLinking C shared library libtut_interfaces__rosidl_generator_py.so[0m
[ 89%] Built target tut_interfaces__rosidl_generator_py
[ 90%] [32mBuilding C object CMakeFiles/tut_interfaces_s__rosidl_typesupport_c.dir/rosidl_generator_py/tut_interfaces/_tut_interfaces_s.ep.rosidl_typesupport_c.c.o[0m
[ 92%] [32mBuilding C object CMakeFiles/tut_interfaces_s__rosidl_typesupport_fastrtps_c.dir/rosidl_generator_py/tut_interfaces/_tut_interfaces_s.ep.rosidl_typesupport_fastrtps_c.c.o[0m
[ 94%] [32mBuilding C object CMakeFiles/tut_interfaces_s__rosidl_typesupport_introspection_c.dir/rosidl_generator_py/tut_interfaces/_tut_interfaces_s.ep.rosidl_typesupport_introspection_c.c.o[0m
[ 96%] [32m[1mLinking C shared module rosidl_generator_py/tut_interfaces/tut_interfaces_s__rosidl_typesupport_c.so[0m
[ 98%] [32m[1mLinking C shared module rosidl_generator_py/tut_interfaces/tut_interfaces_s__rosidl_typesupport_introspection_c.so[0m
[100%] [32m[1mLinking C shared module rosidl_generator_py/tut_interfaces/tut_interfaces_s__rosidl_typesupport_fastrtps_c.so[0m
[100%] Built target tut_interfaces_s__rosidl_typesupport_introspection_c
[100%] Built target tut_interfaces_s__rosidl_typesupport_c
[100%] Built target tut_interfaces_s__rosidl_typesupport_fastrtps_c
-- Install configuration: ""
-- Execute custom install script
-- Symlinking: /home/koji/robotics/robotics-learning/beginner_client_libs/my_workspace/install/tut_interfaces/share/ament_index/resource_index/rosidl_interfaces/tut_interfaces
-- Symlinking: /home/koji/robotics/robotics-learning/beginner_client_libs/my_workspace/install/tut_interfaces/share/tut_interfaces/msg/Num.json
-- Symlinking: /home/koji/robotics/robotics-learning/beginner_client_libs/my_workspace/install/tut_interfaces/share/tut_interfaces/msg/Sphere.json
-- Symlinking: /home/koji/robotics/robotics-learning/beginner_client_libs/my_workspace/install/tut_interfaces/share/tut_interfaces/srv/AddThreeInts.json
-- Symlinking: /home/koji/robotics/robotics-learning/beginner_client_libs/my_workspace/install/tut_interfaces/include/tut_interfaces/tut_interfaces/msg/detail/num__functions.h
-- Symlinking: /home/koji/robotics/robotics-learning/beginner_client_libs/my_workspace/install/tut_interfaces/include/tut_interfaces/tut_interfaces/msg/detail/num__struct.h
-- Symlinking: /home/koji/robotics/robotics-learning/beginner_client_libs/my_workspace/install/tut_interfaces/include/tut_interfaces/tut_interfaces/msg/detail/num__type_support.h
-- Symlinking: /home/koji/robotics/robotics-learning/beginner_client_libs/my_workspace/install/tut_interfaces/include/tut_interfaces/tut_interfaces/msg/detail/sphere__functions.h
-- Symlinking: /home/koji/robotics/robotics-learning/beginner_client_libs/my_workspace/install/tut_interfaces/include/tut_interfaces/tut_interfaces/msg/detail/sphere__struct.h
-- Symlinking: /home/koji/robotics/robotics-learning/beginner_client_libs/my_workspace/install/tut_interfaces/include/tut_interfaces/tut_interfaces/msg/detail/sphere__type_support.h
-- Symlinking: /home/koji/robotics/robotics-learning/beginner_client_libs/my_workspace/install/tut_interfaces/include/tut_interfaces/tut_interfaces/msg/num.h
-- Symlinking: /home/koji/robotics/robotics-learning/beginner_client_libs/my_workspace/install/tut_interfaces/include/tut_interfaces/tut_interfaces/msg/rosidl_generator_c__visibility_control.h
-- Symlinking: /home/koji/robotics/robotics-learning/beginner_client_libs/my_workspace/install/tut_interfaces/include/tut_interfaces/tut_interfaces/msg/sphere.h
-- Symlinking: /home/koji/robotics/robotics-learning/beginner_client_libs/my_workspace/install/tut_interfaces/include/tut_interfaces/tut_interfaces/srv/add_three_ints.h
-- Symlinking: /home/koji/robotics/robotics-learning/beginner_client_libs/my_workspace/install/tut_interfaces/include/tut_interfaces/tut_interfaces/srv/detail/add_three_ints__functions.h
-- Symlinking: /home/koji/robotics/robotics-learning/beginner_client_libs/my_workspace/install/tut_interfaces/include/tut_interfaces/tut_interfaces/srv/detail/add_three_ints__struct.h
-- Symlinking: /home/koji/robotics/robotics-learning/beginner_client_libs/my_workspace/install/tut_interfaces/include/tut_interfaces/tut_interfaces/srv/detail/add_three_ints__type_support.h
-- Symlinking: /home/koji/robotics/robotics-learning/beginner_client_libs/my_workspace/install/tut_interfaces/share/tut_interfaces/environment/library_path.sh
-- Symlinking: /home/koji/robotics/robotics-learning/beginner_client_libs/my_workspace/install/tut_interfaces/share/tut_interfaces/environment/library_path.dsv
-- Symlinking: /home/koji/robotics/robotics-learning/beginner_client_libs/my_workspace/install/tut_interfaces/include/tut_interfaces/tut_interfaces/msg/detail/num__rosidl_typesupport_fastrtps_c.h
-- Symlinking: /home/koji/robotics/robotics-learning/beginner_client_libs/my_workspace/install/tut_interfaces/include/tut_interfaces/tut_interfaces/msg/detail/sphere__rosidl_typesupport_fastrtps_c.h
-- Symlinking: /home/koji/robotics/robotics-learning/beginner_client_libs/my_workspace/install/tut_interfaces/include/tut_interfaces/tut_interfaces/msg/rosidl_typesupport_fastrtps_c__visibility_control.h
-- Symlinking: /home/koji/robotics/robotics-learning/beginner_client_libs/my_workspace/install/tut_interfaces/include/tut_interfaces/tut_interfaces/srv/detail/add_three_ints__rosidl_typesupport_fastrtps_c.h
-- Symlinking: /home/koji/robotics/robotics-learning/beginner_client_libs/my_workspace/install/tut_interfaces/include/tut_interfaces/tut_interfaces/msg/detail/num__builder.hpp
-- Symlinking: /home/koji/robotics/robotics-learning/beginner_client_libs/my_workspace/install/tut_interfaces/include/tut_interfaces/tut_interfaces/msg/detail/num__struct.hpp
-- Symlinking: /home/koji/robotics/robotics-learning/beginner_client_libs/my_workspace/install/tut_interfaces/include/tut_interfaces/tut_interfaces/msg/detail/num__traits.hpp
-- Symlinking: /home/koji/robotics/robotics-learning/beginner_client_libs/my_workspace/install/tut_interfaces/include/tut_interfaces/tut_interfaces/msg/detail/num__type_support.hpp
-- Symlinking: /home/koji/robotics/robotics-learning/beginner_client_libs/my_workspace/install/tut_interfaces/include/tut_interfaces/tut_interfaces/msg/detail/sphere__builder.hpp
-- Symlinking: /home/koji/robotics/robotics-learning/beginner_client_libs/my_workspace/install/tut_interfaces/include/tut_interfaces/tut_interfaces/msg/detail/sphere__struct.hpp
-- Symlinking: /home/koji/robotics/robotics-learning/beginner_client_libs/my_workspace/install/tut_interfaces/include/tut_interfaces/tut_interfaces/msg/detail/sphere__traits.hpp
-- Symlinking: /home/koji/robotics/robotics-learning/beginner_client_libs/my_workspace/install/tut_interfaces/include/tut_interfaces/tut_interfaces/msg/detail/sphere__type_support.hpp
-- Symlinking: /home/koji/robotics/robotics-learning/beginner_client_libs/my_workspace/install/tut_interfaces/include/tut_interfaces/tut_interfaces/msg/num.hpp
-- Symlinking: /home/koji/robotics/robotics-learning/beginner_client_libs/my_workspace/install/tut_interfaces/include/tut_interfaces/tut_interfaces/msg/rosidl_generator_cpp__visibility_control.hpp
-- Symlinking: /home/koji/robotics/robotics-learning/beginner_client_libs/my_workspace/install/tut_interfaces/include/tut_interfaces/tut_interfaces/msg/sphere.hpp
-- Symlinking: /home/koji/robotics/robotics-learning/beginner_client_libs/my_workspace/install/tut_interfaces/include/tut_interfaces/tut_interfaces/srv/add_three_ints.hpp
-- Symlinking: /home/koji/robotics/robotics-learning/beginner_client_libs/my_workspace/install/tut_interfaces/include/tut_interfaces/tut_interfaces/srv/detail/add_three_ints__builder.hpp
-- Symlinking: /home/koji/robotics/robotics-learning/beginner_client_libs/my_workspace/install/tut_interfaces/include/tut_interfaces/tut_interfaces/srv/detail/add_three_ints__struct.hpp
-- Symlinking: /home/koji/robotics/robotics-learning/beginner_client_libs/my_workspace/install/tut_interfaces/include/tut_interfaces/tut_interfaces/srv/detail/add_three_ints__traits.hpp
-- Symlinking: /home/koji/robotics/robotics-learning/beginner_client_libs/my_workspace/install/tut_interfaces/include/tut_interfaces/tut_interfaces/srv/detail/add_three_ints__type_support.hpp
-- Symlinking: /home/koji/robotics/robotics-learning/beginner_client_libs/my_workspace/install/tut_interfaces/include/tut_interfaces/tut_interfaces/msg/detail/num__rosidl_typesupport_fastrtps_cpp.hpp
-- Symlinking: /home/koji/robotics/robotics-learning/beginner_client_libs/my_workspace/install/tut_interfaces/include/tut_interfaces/tut_interfaces/msg/detail/sphere__rosidl_typesupport_fastrtps_cpp.hpp
-- Symlinking: /home/koji/robotics/robotics-learning/beginner_client_libs/my_workspace/install/tut_interfaces/include/tut_interfaces/tut_interfaces/msg/rosidl_typesupport_fastrtps_cpp__visibility_control.h
-- Symlinking: /home/koji/robotics/robotics-learning/beginner_client_libs/my_workspace/install/tut_interfaces/include/tut_interfaces/tut_interfaces/srv/detail/add_three_ints__rosidl_typesupport_fastrtps_cpp.hpp
-- Symlinking: /home/koji/robotics/robotics-learning/beginner_client_libs/my_workspace/install/tut_interfaces/include/tut_interfaces/tut_interfaces/msg/detail/num__rosidl_typesupport_introspection_c.h
-- Symlinking: /home/koji/robotics/robotics-learning/beginner_client_libs/my_workspace/install/tut_interfaces/include/tut_interfaces/tut_interfaces/msg/detail/sphere__rosidl_typesupport_introspection_c.h
-- Symlinking: /home/koji/robotics/robotics-learning/beginner_client_libs/my_workspace/install/tut_interfaces/include/tut_interfaces/tut_interfaces/msg/rosidl_typesupport_introspection_c__visibility_control.h
-- Symlinking: /home/koji/robotics/robotics-learning/beginner_client_libs/my_workspace/install/tut_interfaces/include/tut_interfaces/tut_interfaces/srv/detail/add_three_ints__rosidl_typesupport_introspection_c.h
-- Symlinking: /home/koji/robotics/robotics-learning/beginner_client_libs/my_workspace/install/tut_interfaces/include/tut_interfaces/tut_interfaces/msg/detail/num__rosidl_typesupport_introspection_cpp.hpp
-- Symlinking: /home/koji/robotics/robotics-learning/beginner_client_libs/my_workspace/install/tut_interfaces/include/tut_interfaces/tut_interfaces/msg/detail/sphere__rosidl_typesupport_introspection_cpp.hpp
-- Symlinking: /home/koji/robotics/robotics-learning/beginner_client_libs/my_workspace/install/tut_interfaces/include/tut_interfaces/tut_interfaces/srv/detail/add_three_ints__rosidl_typesupport_introspection_cpp.hpp
-- Symlinking: /home/koji/robotics/robotics-learning/beginner_client_libs/my_workspace/install/tut_interfaces/share/tut_interfaces/environment/pythonpath.sh
-- Symlinking: /home/koji/robotics/robotics-learning/beginner_client_libs/my_workspace/install/tut_interfaces/share/tut_interfaces/environment/pythonpath.dsv
-- Symlinking: /home/koji/robotics/robotics-learning/beginner_client_libs/my_workspace/install/tut_interfaces/lib/python3.12/site-packages/tut_interfaces-0.0.0-py3.12.egg-info/PKG-INFO
-- Symlinking: /home/koji/robotics/robotics-learning/beginner_client_libs/my_workspace/install/tut_interfaces/lib/python3.12/site-packages/tut_interfaces-0.0.0-py3.12.egg-info/SOURCES.txt
-- Symlinking: /home/koji/robotics/robotics-learning/beginner_client_libs/my_workspace/install/tut_interfaces/lib/python3.12/site-packages/tut_interfaces-0.0.0-py3.12.egg-info/dependency_links.txt
-- Symlinking: /home/koji/robotics/robotics-learning/beginner_client_libs/my_workspace/install/tut_interfaces/lib/python3.12/site-packages/tut_interfaces-0.0.0-py3.12.egg-info/top_level.txt
-- Symlinking: /home/koji/robotics/robotics-learning/beginner_client_libs/my_workspace/install/tut_interfaces/lib/python3.12/site-packages/tut_interfaces/__init__.py
-- Symlinking: /home/koji/robotics/robotics-learning/beginner_client_libs/my_workspace/install/tut_interfaces/lib/python3.12/site-packages/tut_interfaces/_tut_interfaces_s.ep.rosidl_typesupport_c.c
-- Symlinking: /home/koji/robotics/robotics-learning/beginner_client_libs/my_workspace/install/tut_interfaces/lib/python3.12/site-packages/tut_interfaces/_tut_interfaces_s.ep.rosidl_typesupport_fastrtps_c.c
-- Symlinking: /home/koji/robotics/robotics-learning/beginner_client_libs/my_workspace/install/tut_interfaces/lib/python3.12/site-packages/tut_interfaces/_tut_interfaces_s.ep.rosidl_typesupport_introspection_c.c
-- Symlinking: /home/koji/robotics/robotics-learning/beginner_client_libs/my_workspace/install/tut_interfaces/lib/python3.12/site-packages/tut_interfaces/msg/__init__.py
-- Symlinking: /home/koji/robotics/robotics-learning/beginner_client_libs/my_workspace/install/tut_interfaces/lib/python3.12/site-packages/tut_interfaces/msg/_num.py
-- Symlinking: /home/koji/robotics/robotics-learning/beginner_client_libs/my_workspace/install/tut_interfaces/lib/python3.12/site-packages/tut_interfaces/msg/_num_s.c
-- Symlinking: /home/koji/robotics/robotics-learning/beginner_client_libs/my_workspace/install/tut_interfaces/lib/python3.12/site-packages/tut_interfaces/msg/_sphere.py
-- Symlinking: /home/koji/robotics/robotics-learning/beginner_client_libs/my_workspace/install/tut_interfaces/lib/python3.12/site-packages/tut_interfaces/msg/_sphere_s.c
-- Symlinking: /home/koji/robotics/robotics-learning/beginner_client_libs/my_workspace/install/tut_interfaces/lib/python3.12/site-packages/tut_interfaces/srv/__init__.py
-- Symlinking: /home/koji/robotics/robotics-learning/beginner_client_libs/my_workspace/install/tut_interfaces/lib/python3.12/site-packages/tut_interfaces/srv/_add_three_ints.py
-- Symlinking: /home/koji/robotics/robotics-learning/beginner_client_libs/my_workspace/install/tut_interfaces/lib/python3.12/site-packages/tut_interfaces/srv/_add_three_ints_s.c
-- Symlinking: /home/koji/robotics/robotics-learning/beginner_client_libs/my_workspace/install/tut_interfaces/lib/python3.12/site-packages/tut_interfaces/tut_interfaces_s__rosidl_typesupport_c.so
-- Symlinking: /home/koji/robotics/robotics-learning/beginner_client_libs/my_workspace/install/tut_interfaces/lib/python3.12/site-packages/tut_interfaces/tut_interfaces_s__rosidl_typesupport_fastrtps_c.so
-- Symlinking: /home/koji/robotics/robotics-learning/beginner_client_libs/my_workspace/install/tut_interfaces/lib/python3.12/site-packages/tut_interfaces/tut_interfaces_s__rosidl_typesupport_introspection_c.so
-- Up-to-date symlink: /home/koji/robotics/robotics-learning/beginner_client_libs/my_workspace/install/tut_interfaces/lib/python3.12/site-packages/tut_interfaces/tut_interfaces_s__rosidl_typesupport_fastrtps_c.so
-- Up-to-date symlink: /home/koji/robotics/robotics-learning/beginner_client_libs/my_workspace/install/tut_interfaces/lib/python3.12/site-packages/tut_interfaces/tut_interfaces_s__rosidl_typesupport_introspection_c.so
-- Up-to-date symlink: /home/koji/robotics/robotics-learning/beginner_client_libs/my_workspace/install/tut_interfaces/lib/python3.12/site-packages/tut_interfaces/tut_interfaces_s__rosidl_typesupport_c.so
-- Symlinking: /home/koji/robotics/robotics-learning/beginner_client_libs/my_workspace/install/tut_interfaces/share/ament_index/resource_index/rust_packages/tut_interfaces
-- Symlinking: /home/koji/robotics/robotics-learning/beginner_client_libs/my_workspace/install/tut_interfaces/share/tut_interfaces/rust/Cargo.toml
-- Symlinking: /home/koji/robotics/robotics-learning/beginner_client_libs/my_workspace/install/tut_interfaces/share/tut_interfaces/rust/build.rs
-- Symlinking: /home/koji/robotics/robotics-learning/beginner_client_libs/my_workspace/install/tut_interfaces/share/tut_interfaces/rust/src/lib.rs
-- Symlinking: /home/koji/robotics/robotics-learning/beginner_client_libs/my_workspace/install/tut_interfaces/share/tut_interfaces/rust/src/msg.rs
-- Symlinking: /home/koji/robotics/robotics-learning/beginner_client_libs/my_workspace/install/tut_interfaces/share/tut_interfaces/rust/src/msg/rmw.rs
-- Symlinking: /home/koji/robotics/robotics-learning/beginner_client_libs/my_workspace/install/tut_interfaces/share/tut_interfaces/rust/src/srv.rs
-- Symlinking: /home/koji/robotics/robotics-learning/beginner_client_libs/my_workspace/install/tut_interfaces/share/tut_interfaces/rust/src/srv/rmw.rs
-- Symlinking: /home/koji/robotics/robotics-learning/beginner_client_libs/my_workspace/install/tut_interfaces/share/tut_interfaces/msg/Num.idl
-- Symlinking: /home/koji/robotics/robotics-learning/beginner_client_libs/my_workspace/install/tut_interfaces/share/tut_interfaces/msg/Sphere.idl
-- Symlinking: /home/koji/robotics/robotics-learning/beginner_client_libs/my_workspace/install/tut_interfaces/share/tut_interfaces/srv/AddThreeInts.idl
-- Symlinking: /home/koji/robotics/robotics-learning/beginner_client_libs/my_workspace/install/tut_interfaces/share/tut_interfaces/msg/Num.msg
-- Symlinking: /home/koji/robotics/robotics-learning/beginner_client_libs/my_workspace/install/tut_interfaces/share/tut_interfaces/msg/Sphere.msg
-- Symlinking: /home/koji/robotics/robotics-learning/beginner_client_libs/my_workspace/install/tut_interfaces/share/tut_interfaces/srv/AddThreeInts.srv
-- Symlinking: /home/koji/robotics/robotics-learning/beginner_client_libs/my_workspace/install/tut_interfaces/share/ament_index/resource_index/package_run_dependencies/tut_interfaces
-- Symlinking: /home/koji/robotics/robotics-learning/beginner_client_libs/my_workspace/install/tut_interfaces/share/ament_index/resource_index/parent_prefix_path/tut_interfaces
-- Symlinking: /home/koji/robotics/robotics-learning/beginner_client_libs/my_workspace/install/tut_interfaces/share/tut_interfaces/environment/ament_prefix_path.sh
-- Symlinking: /home/koji/robotics/robotics-learning/beginner_client_libs/my_workspace/install/tut_interfaces/share/tut_interfaces/environment/ament_prefix_path.dsv
-- Symlinking: /home/koji/robotics/robotics-learning/beginner_client_libs/my_workspace/install/tut_interfaces/share/tut_interfaces/environment/path.sh
-- Symlinking: /home/koji/robotics/robotics-learning/beginner_client_libs/my_workspace/install/tut_interfaces/share/tut_interfaces/environment/path.dsv
-- Symlinking: /home/koji/robotics/robotics-learning/beginner_client_libs/my_workspace/install/tut_interfaces/share/tut_interfaces/local_setup.bash
-- Symlinking: /home/koji/robotics/robotics-learning/beginner_client_libs/my_workspace/install/tut_interfaces/share/tut_interfaces/local_setup.sh
-- Symlinking: /home/koji/robotics/robotics-learning/beginner_client_libs/my_workspace/install/tut_interfaces/share/tut_interfaces/local_setup.zsh
-- Symlinking: /home/koji/robotics/robotics-learning/beginner_client_libs/my_workspace/install/tut_interfaces/share/tut_interfaces/local_setup.dsv
-- Symlinking: /home/koji/robotics/robotics-learning/beginner_client_libs/my_workspace/install/tut_interfaces/share/tut_interfaces/package.dsv
-- Symlinking: /home/koji/robotics/robotics-learning/beginner_client_libs/my_workspace/install/tut_interfaces/share/ament_index/resource_index/packages/tut_interfaces
-- Symlinking: /home/koji/robotics/robotics-learning/beginner_client_libs/my_workspace/install/tut_interfaces/share/tut_interfaces/cmake/rosidl_cmake-extras.cmake
-- Symlinking: /home/koji/robotics/robotics-learning/beginner_client_libs/my_workspace/install/tut_interfaces/share/tut_interfaces/cmake/ament_cmake_export_dependencies-extras.cmake
-- Symlinking: /home/koji/robotics/robotics-learning/beginner_client_libs/my_workspace/install/tut_interfaces/share/tut_interfaces/cmake/ament_cmake_export_include_directories-extras.cmake
-- Symlinking: /home/koji/robotics/robotics-learning/beginner_client_libs/my_workspace/install/tut_interfaces/share/tut_interfaces/cmake/ament_cmake_export_libraries-extras.cmake
-- Symlinking: /home/koji/robotics/robotics-learning/beginner_client_libs/my_workspace/install/tut_interfaces/share/tut_interfaces/cmake/ament_cmake_export_targets-extras.cmake
-- Symlinking: /home/koji/robotics/robotics-learning/beginner_client_libs/my_workspace/install/tut_interfaces/share/tut_interfaces/cmake/rosidl_cmake_export_typesupport_targets-extras.cmake
-- Symlinking: /home/koji/robotics/robotics-learning/beginner_client_libs/my_workspace/install/tut_interfaces/share/tut_interfaces/cmake/rosidl_cmake_export_typesupport_libraries-extras.cmake
-- Symlinking: /home/koji/robotics/robotics-learning/beginner_client_libs/my_workspace/install/tut_interfaces/share/tut_interfaces/cmake/rosidl_cmake_aggregate_target-extras.cmake
-- Symlinking: /home/koji/robotics/robotics-learning/beginner_client_libs/my_workspace/install/tut_interfaces/share/tut_interfaces/cmake/tut_interfacesConfig.cmake
-- Symlinking: /home/koji/robotics/robotics-learning/beginner_client_libs/my_workspace/install/tut_interfaces/share/tut_interfaces/cmake/tut_interfacesConfig-version.cmake
-- Symlinking: /home/koji/robotics/robotics-learning/beginner_client_libs/my_workspace/install/tut_interfaces/share/tut_interfaces/package.xml
-- Installing: /home/koji/robotics/robotics-learning/beginner_client_libs/my_workspace/install/tut_interfaces/lib/libtut_interfaces__rosidl_generator_c.so
-- Set non-toolchain portion of runtime path of "/home/koji/robotics/robotics-learning/beginner_client_libs/my_workspace/install/tut_interfaces/lib/libtut_interfaces__rosidl_generator_c.so" to ""
-- Installing: /home/koji/robotics/robotics-learning/beginner_client_libs/my_workspace/install/tut_interfaces/lib/libtut_interfaces__rosidl_typesupport_fastrtps_c.so
-- Set non-toolchain portion of runtime path of "/home/koji/robotics/robotics-learning/beginner_client_libs/my_workspace/install/tut_interfaces/lib/libtut_interfaces__rosidl_typesupport_fastrtps_c.so" to ""
-- Installing: /home/koji/robotics/robotics-learning/beginner_client_libs/my_workspace/install/tut_interfaces/lib/libtut_interfaces__rosidl_typesupport_fastrtps_cpp.so
-- Set non-toolchain portion of runtime path of "/home/koji/robotics/robotics-learning/beginner_client_libs/my_workspace/install/tut_interfaces/lib/libtut_interfaces__rosidl_typesupport_fastrtps_cpp.so" to ""
-- Installing: /home/koji/robotics/robotics-learning/beginner_client_libs/my_workspace/install/tut_interfaces/lib/libtut_interfaces__rosidl_typesupport_introspection_c.so
-- Set non-toolchain portion of runtime path of "/home/koji/robotics/robotics-learning/beginner_client_libs/my_workspace/install/tut_interfaces/lib/libtut_interfaces__rosidl_typesupport_introspection_c.so" to ""
-- Installing: /home/koji/robotics/robotics-learning/beginner_client_libs/my_workspace/install/tut_interfaces/lib/libtut_interfaces__rosidl_typesupport_c.so
-- Set non-toolchain portion of runtime path of "/home/koji/robotics/robotics-learning/beginner_client_libs/my_workspace/install/tut_interfaces/lib/libtut_interfaces__rosidl_typesupport_c.so" to ""
-- Installing: /home/koji/robotics/robotics-learning/beginner_client_libs/my_workspace/install/tut_interfaces/lib/libtut_interfaces__rosidl_typesupport_introspection_cpp.so
-- Set non-toolchain portion of runtime path of "/home/koji/robotics/robotics-learning/beginner_client_libs/my_workspace/install/tut_interfaces/lib/libtut_interfaces__rosidl_typesupport_introspection_cpp.so" to ""
-- Installing: /home/koji/robotics/robotics-learning/beginner_client_libs/my_workspace/install/tut_interfaces/lib/libtut_interfaces__rosidl_typesupport_cpp.so
-- Set non-toolchain portion of runtime path of "/home/koji/robotics/robotics-learning/beginner_client_libs/my_workspace/install/tut_interfaces/lib/libtut_interfaces__rosidl_typesupport_cpp.so" to ""
Listing '/home/koji/robotics/robotics-learning/beginner_client_libs/my_workspace/install/tut_interfaces/lib/python3.12/site-packages/tut_interfaces'...
Compiling '/home/koji/robotics/robotics-learning/beginner_client_libs/my_workspace/install/tut_interfaces/lib/python3.12/site-packages/tut_interfaces/__init__.py'...
Listing '/home/koji/robotics/robotics-learning/beginner_client_libs/my_workspace/install/tut_interfaces/lib/python3.12/site-packages/tut_interfaces/msg'...
Compiling '/home/koji/robotics/robotics-learning/beginner_client_libs/my_workspace/install/tut_interfaces/lib/python3.12/site-packages/tut_interfaces/msg/__init__.py'...
Compiling '/home/koji/robotics/robotics-learning/beginner_client_libs/my_workspace/install/tut_interfaces/lib/python3.12/site-packages/tut_interfaces/msg/_num.py'...
Compiling '/home/koji/robotics/robotics-learning/beginner_client_libs/my_workspace/install/tut_interfaces/lib/python3.12/site-packages/tut_interfaces/msg/_sphere.py'...
Listing '/home/koji/robotics/robotics-learning/beginner_client_libs/my_workspace/install/tut_interfaces/lib/python3.12/site-packages/tut_interfaces/srv'...
Compiling '/home/koji/robotics/robotics-learning/beginner_client_libs/my_workspace/install/tut_interfaces/lib/python3.12/site-packages/tut_interfaces/srv/__init__.py'...
Compiling '/home/koji/robotics/robotics-learning/beginner_client_libs/my_workspace/install/tut_interfaces/lib/python3.12/site-packages/tut_interfaces/srv/_add_three_ints.py'...
-- Installing: /home/koji/robotics/robotics-learning/beginner_client_libs/my_workspace/install/tut_interfaces/lib/libtut_interfaces__rosidl_generator_py.so
-- Set non-toolchain portion of runtime path of "/home/koji/robotics/robotics-learning/beginner_client_libs/my_workspace/install/tut_interfaces/lib/libtut_interfaces__rosidl_generator_py.so" to ""
-- Installing: /home/koji/robotics/robotics-learning/beginner_client_libs/my_workspace/install/tut_interfaces/share/tut_interfaces/cmake/export_tut_interfaces__rosidl_generator_cExport.cmake
-- Installing: /home/koji/robotics/robotics-learning/beginner_client_libs/my_workspace/install/tut_interfaces/share/tut_interfaces/cmake/export_tut_interfaces__rosidl_generator_cExport-noconfig.cmake
-- Installing: /home/koji/robotics/robotics-learning/beginner_client_libs/my_workspace/install/tut_interfaces/share/tut_interfaces/cmake/export_tut_interfaces__rosidl_typesupport_fastrtps_cExport.cmake
-- Installing: /home/koji/robotics/robotics-learning/beginner_client_libs/my_workspace/install/tut_interfaces/share/tut_interfaces/cmake/export_tut_interfaces__rosidl_typesupport_fastrtps_cExport-noconfig.cmake
-- Installing: /home/koji/robotics/robotics-learning/beginner_client_libs/my_workspace/install/tut_interfaces/share/tut_interfaces/cmake/export_tut_interfaces__rosidl_generator_cppExport.cmake
-- Installing: /home/koji/robotics/robotics-learning/beginner_client_libs/my_workspace/install/tut_interfaces/share/tut_interfaces/cmake/export_tut_interfaces__rosidl_typesupport_fastrtps_cppExport.cmake
-- Installing: /home/koji/robotics/robotics-learning/beginner_client_libs/my_workspace/install/tut_interfaces/share/tut_interfaces/cmake/export_tut_interfaces__rosidl_typesupport_fastrtps_cppExport-noconfig.cmake
-- Installing: /home/koji/robotics/robotics-learning/beginner_client_libs/my_workspace/install/tut_interfaces/share/tut_interfaces/cmake/tut_interfaces__rosidl_typesupport_introspection_cExport.cmake
-- Installing: /home/koji/robotics/robotics-learning/beginner_client_libs/my_workspace/install/tut_interfaces/share/tut_interfaces/cmake/tut_interfaces__rosidl_typesupport_introspection_cExport-noconfig.cmake
-- Installing: /home/koji/robotics/robotics-learning/beginner_client_libs/my_workspace/install/tut_interfaces/share/tut_interfaces/cmake/tut_interfaces__rosidl_typesupport_cExport.cmake
-- Installing: /home/koji/robotics/robotics-learning/beginner_client_libs/my_workspace/install/tut_interfaces/share/tut_interfaces/cmake/tut_interfaces__rosidl_typesupport_cExport-noconfig.cmake
-- Installing: /home/koji/robotics/robotics-learning/beginner_client_libs/my_workspace/install/tut_interfaces/share/tut_interfaces/cmake/tut_interfaces__rosidl_typesupport_introspection_cppExport.cmake
-- Installing: /home/koji/robotics/robotics-learning/beginner_client_libs/my_workspace/install/tut_interfaces/share/tut_interfaces/cmake/tut_interfaces__rosidl_typesupport_introspection_cppExport-noconfig.cmake
-- Installing: /home/koji/robotics/robotics-learning/beginner_client_libs/my_workspace/install/tut_interfaces/share/tut_interfaces/cmake/tut_interfaces__rosidl_typesupport_cppExport.cmake
-- Installing: /home/koji/robotics/robotics-learning/beginner_client_libs/my_workspace/install/tut_interfaces/share/tut_interfaces/cmake/tut_interfaces__rosidl_typesupport_cppExport-noconfig.cmake
-- Installing: /home/koji/robotics/robotics-learning/beginner_client_libs/my_workspace/install/tut_interfaces/share/tut_interfaces/cmake/export_tut_interfaces__rosidl_generator_pyExport.cmake
-- Installing: /home/koji/robotics/robotics-learning/beginner_client_libs/my_workspace/install/tut_interfaces/share/tut_interfaces/cmake/export_tut_interfaces__rosidl_generator_pyExport-noconfig.cmake
