[0.011s] Invoking command in '/home/koji/robotics/robotics-learning/beginner_client_libs/my_workspace/build/tut_interfaces': CMAKE_PREFIX_PATH=${CMAKE_PREFIX_PATH}:/opt/ros/jazzy DEBUGINFOD_URLS=https://debuginfod.ubuntu.com /usr/bin/cmake /home/koji/robotics/robotics-learning/beginner_client_libs/my_workspace/src/tut_interfaces -DCMAKE_INSTALL_PREFIX=/home/koji/robotics/robotics-learning/beginner_client_libs/my_workspace/install/tut_interfaces
[0.034s] -- Found geometry_msgs: 5.3.8 (/opt/ros/jazzy/share/geometry_msgs/cmake)
[0.270s] -- Override CMake install command with custom implementation using symlinks instead of copying resources
[0.332s] -- Found rosidl_generator_c: 4.6.9 (/opt/ros/jazzy/share/rosidl_generator_c/cmake)
[0.340s] -- Found rosidl_generator_cpp: 4.6.9 (/opt/ros/jazzy/share/rosidl_generator_cpp/cmake)
[0.351s] -- Using all available rosidl_typesupport_c: rosidl_typesupport_fastrtps_c;rosidl_typesupport_introspection_c
[0.363s] -- Using all available rosidl_typesupport_cpp: rosidl_typesupport_fastrtps_cpp;rosidl_typesupport_introspection_cpp
[0.403s] -- Found rosidl_default_generators: 1.6.1 (/opt/ros/jazzy/share/rosidl_default_generators/cmake)
[0.413s] -- Found rosidl_adapter: 4.6.9 (/opt/ros/jazzy/share/rosidl_adapter/cmake)
[1.300s] -- Found ament_cmake_ros: 0.12.1 (/opt/ros/jazzy/share/ament_cmake_ros/cmake)
[2.397s] -- Using all available rosidl_typesupport_c: rosidl_typesupport_fastrtps_c;rosidl_typesupport_introspection_c
[2.833s] -- Using all available rosidl_typesupport_cpp: rosidl_typesupport_fastrtps_cpp;rosidl_typesupport_introspection_cpp
[2.845s] -- Found python_cmake_module: 0.11.1 (/opt/ros/jazzy/share/python_cmake_module/cmake)
[3.009s] -- Found PythonExtra: /usr/bin/python3  
[3.551s] -- Found Python3: /usr/bin/python3 (found version "3.12.3") found components: Interpreter Development NumPy Development.Module Development.Embed 
[3.727s] -- Found Python3: /usr/bin/python3 (found version "3.12.3") found components: Interpreter 
[3.732s] -- Found ament_lint_auto: 0.17.5 (/opt/ros/jazzy/share/ament_lint_auto/cmake)
[3.766s] -- Added test 'lint_cmake' to check CMake code style
[3.768s] -- Added test 'xmllint' to check XML markup files
[3.772s] -- Configuring done (3.7s)
[3.829s] -- Generating done (0.0s)
[3.843s] -- Build files have been written to: /home/koji/robotics/robotics-learning/beginner_client_libs/my_workspace/build/tut_interfaces
[3.856s] Invoked command in '/home/koji/robotics/robotics-learning/beginner_client_libs/my_workspace/build/tut_interfaces' returned '0': CMAKE_PREFIX_PATH=${CMAKE_PREFIX_PATH}:/opt/ros/jazzy DEBUGINFOD_URLS=https://debuginfod.ubuntu.com /usr/bin/cmake /home/koji/robotics/robotics-learning/beginner_client_libs/my_workspace/src/tut_interfaces -DCMAKE_INSTALL_PREFIX=/home/koji/robotics/robotics-learning/beginner_client_libs/my_workspace/install/tut_interfaces
[3.858s] Invoking command in '/home/koji/robotics/robotics-learning/beginner_client_libs/my_workspace/build/tut_interfaces': CMAKE_PREFIX_PATH=${CMAKE_PREFIX_PATH}:/opt/ros/jazzy DEBUGINFOD_URLS=https://debuginfod.ubuntu.com /usr/bin/cmake --build /home/koji/robotics/robotics-learning/beginner_client_libs/my_workspace/build/tut_interfaces -- -j12 -l12
[3.927s] [  1%] [34m[1mGenerating Rust code for ROS interfaces[0m
[3.938s] [  3%] [34m[1mGenerating type hashes for ROS interfaces[0m
[3.939s] [  3%] Built target ament_cmake_python_symlink_tut_interfaces
[4.224s] running egg_info
[4.225s] creating tut_interfaces.egg-info
[4.236s] [  3%] Built target tut_interfaces__rosidl_generator_type_description
[4.248s] writing tut_interfaces.egg-info/PKG-INFO
[4.248s] writing dependency_links to tut_interfaces.egg-info/dependency_links.txt
[4.249s] writing top-level names to tut_interfaces.egg-info/top_level.txt
[4.249s] writing manifest file 'tut_interfaces.egg-info/SOURCES.txt'
[4.255s] [  5%] [34m[1mGenerating C code for ROS interfaces[0m
[4.274s] [  7%] [34m[1mGenerating C++ code for ROS interfaces[0m
[4.287s] [  7%] Built target tut_interfaces__rs
[4.325s] reading manifest file 'tut_interfaces.egg-info/SOURCES.txt'
[4.326s] writing manifest file 'tut_interfaces.egg-info/SOURCES.txt'
[4.380s] [  7%] Built target ament_cmake_python_build_tut_interfaces_egg
[4.668s] [  7%] Built target tut_interfaces__cpp
[4.755s] [  9%] [32mBuilding C object CMakeFiles/tut_interfaces__rosidl_generator_c.dir/rosidl_generator_c/tut_interfaces/msg/detail/num__functions.c.o[0m
[4.755s] [ 10%] [32mBuilding C object CMakeFiles/tut_interfaces__rosidl_generator_c.dir/rosidl_generator_c/tut_interfaces/msg/detail/sphere__functions.c.o[0m
[4.755s] [ 12%] [32mBuilding C object CMakeFiles/tut_interfaces__rosidl_generator_c.dir/rosidl_generator_c/tut_interfaces/msg/detail/sphere__description.c.o[0m
[4.756s] [ 16%] [32mBuilding C object CMakeFiles/tut_interfaces__rosidl_generator_c.dir/rosidl_generator_c/tut_interfaces/msg/detail/num__description.c.o[0m
[4.756s] [ 16%] [32mBuilding C object CMakeFiles/tut_interfaces__rosidl_generator_c.dir/rosidl_generator_c/tut_interfaces/msg/detail/num__type_support.c.o[0m
[4.756s] [ 21%] [32mBuilding C object CMakeFiles/tut_interfaces__rosidl_generator_c.dir/rosidl_generator_c/tut_interfaces/srv/detail/add_three_ints__description.c.o[0m
[4.756s] [ 21%] [32mBuilding C object CMakeFiles/tut_interfaces__rosidl_generator_c.dir/rosidl_generator_c/tut_interfaces/srv/detail/add_three_ints__functions.c.o[0m
[4.756s] [ 21%] [32mBuilding C object CMakeFiles/tut_interfaces__rosidl_generator_c.dir/rosidl_generator_c/tut_interfaces/srv/detail/add_three_ints__type_support.c.o[0m
[4.757s] [ 23%] [32mBuilding C object CMakeFiles/tut_interfaces__rosidl_generator_c.dir/rosidl_generator_c/tut_interfaces/msg/detail/sphere__type_support.c.o[0m
[4.883s] [ 25%] [32m[1mLinking C shared library libtut_interfaces__rosidl_generator_c.so[0m
[4.948s] [ 25%] Built target tut_interfaces__rosidl_generator_c
[4.963s] [ 34%] [34m[1mGenerating C introspection for ROS interfaces[0m
[4.963s] [ 34%] [34m[1mGenerating C type support dispatch for ROS interfaces[0m
[4.963s] [ 34%] [34m[1mGenerating C++ introspection for ROS interfaces[0m
[4.963s] [ 34%] [34m[1mGenerating C type support for eProsima Fast-RTPS[0m
[4.963s] [ 34%] [34m[1mGenerating C++ type support dispatch for ROS interfaces[0m
[4.966s] [ 36%] [34m[1mGenerating C++ type support for eProsima Fast-RTPS[0m
[5.387s] [ 38%] [32mBuilding CXX object CMakeFiles/tut_interfaces__rosidl_typesupport_cpp.dir/rosidl_typesupport_cpp/tut_interfaces/msg/num__type_support.cpp.o[0m
[5.388s] [ 40%] [32mBuilding CXX object CMakeFiles/tut_interfaces__rosidl_typesupport_cpp.dir/rosidl_typesupport_cpp/tut_interfaces/srv/add_three_ints__type_support.cpp.o[0m
[5.390s] [ 41%] [32mBuilding CXX object CMakeFiles/tut_interfaces__rosidl_typesupport_cpp.dir/rosidl_typesupport_cpp/tut_interfaces/msg/sphere__type_support.cpp.o[0m
[5.484s] [ 43%] [32mBuilding CXX object CMakeFiles/tut_interfaces__rosidl_typesupport_c.dir/rosidl_typesupport_c/tut_interfaces/msg/num__type_support.cpp.o[0m
[5.497s] [ 47%] [32mBuilding C object CMakeFiles/tut_interfaces__rosidl_typesupport_introspection_c.dir/rosidl_typesupport_introspection_c/tut_interfaces/msg/detail/num__type_support.c.o[0m
[5.497s] [ 47%] [32mBuilding CXX object CMakeFiles/tut_interfaces__rosidl_typesupport_c.dir/rosidl_typesupport_c/tut_interfaces/srv/add_three_ints__type_support.cpp.o[0m
[5.499s] [ 49%] [32mBuilding C object CMakeFiles/tut_interfaces__rosidl_typesupport_introspection_c.dir/rosidl_typesupport_introspection_c/tut_interfaces/msg/detail/sphere__type_support.c.o[0m
[5.509s] [ 50%] [32mBuilding CXX object CMakeFiles/tut_interfaces__rosidl_typesupport_c.dir/rosidl_typesupport_c/tut_interfaces/msg/sphere__type_support.cpp.o[0m
[5.510s] [ 52%] [32mBuilding C object CMakeFiles/tut_interfaces__rosidl_typesupport_introspection_c.dir/rosidl_typesupport_introspection_c/tut_interfaces/srv/detail/add_three_ints__type_support.c.o[0m
[5.521s] [ 54%] [32mBuilding CXX object CMakeFiles/tut_interfaces__rosidl_typesupport_introspection_cpp.dir/rosidl_typesupport_introspection_cpp/tut_interfaces/msg/detail/num__type_support.cpp.o[0m
[5.587s] [ 56%] [32mBuilding CXX object CMakeFiles/tut_interfaces__rosidl_typesupport_introspection_cpp.dir/rosidl_typesupport_introspection_cpp/tut_interfaces/msg/detail/sphere__type_support.cpp.o[0m
[5.593s] [ 58%] [32mBuilding CXX object CMakeFiles/tut_interfaces__rosidl_typesupport_introspection_cpp.dir/rosidl_typesupport_introspection_cpp/tut_interfaces/srv/detail/add_three_ints__type_support.cpp.o[0m
[5.619s] [ 60%] [32m[1mLinking C shared library libtut_interfaces__rosidl_typesupport_introspection_c.so[0m
[5.640s] [ 61%] [32m[1mLinking CXX shared library libtut_interfaces__rosidl_typesupport_c.so[0m
[5.674s] [ 63%] [32mBuilding CXX object CMakeFiles/tut_interfaces__rosidl_typesupport_fastrtps_cpp.dir/rosidl_typesupport_fastrtps_cpp/tut_interfaces/msg/detail/dds_fastrtps/num__type_support.cpp.o[0m
[5.679s] [ 65%] [32mBuilding CXX object CMakeFiles/tut_interfaces__rosidl_typesupport_fastrtps_cpp.dir/rosidl_typesupport_fastrtps_cpp/tut_interfaces/msg/detail/dds_fastrtps/sphere__type_support.cpp.o[0m
[5.680s] [ 67%] [32mBuilding CXX object CMakeFiles/tut_interfaces__rosidl_typesupport_fastrtps_c.dir/rosidl_typesupport_fastrtps_c/tut_interfaces/msg/detail/num__type_support_c.cpp.o[0m
[5.687s] [ 69%] [32mBuilding CXX object CMakeFiles/tut_interfaces__rosidl_typesupport_fastrtps_cpp.dir/rosidl_typesupport_fastrtps_cpp/tut_interfaces/srv/detail/dds_fastrtps/add_three_ints__type_support.cpp.o[0m
[5.711s] [ 69%] Built target tut_interfaces__rosidl_typesupport_introspection_c
[5.739s] [ 70%] [32mBuilding CXX object CMakeFiles/tut_interfaces__rosidl_typesupport_fastrtps_c.dir/rosidl_typesupport_fastrtps_c/tut_interfaces/msg/detail/sphere__type_support_c.cpp.o[0m
[5.743s] [ 70%] Built target tut_interfaces__rosidl_typesupport_c
[5.765s] [ 72%] [32mBuilding CXX object CMakeFiles/tut_interfaces__rosidl_typesupport_fastrtps_c.dir/rosidl_typesupport_fastrtps_c/tut_interfaces/srv/detail/add_three_ints__type_support_c.cpp.o[0m
[6.411s] [ 74%] [32m[1mLinking CXX shared library libtut_interfaces__rosidl_typesupport_cpp.so[0m
[6.566s] [ 76%] [32m[1mLinking CXX shared library libtut_interfaces__rosidl_typesupport_introspection_cpp.so[0m
[6.610s] [ 76%] Built target tut_interfaces__rosidl_typesupport_cpp
[6.721s] [ 76%] Built target tut_interfaces__rosidl_typesupport_introspection_cpp
[6.798s] [ 78%] [32m[1mLinking CXX shared library libtut_interfaces__rosidl_typesupport_fastrtps_cpp.so[0m
[6.801s] [ 80%] [32m[1mLinking CXX shared library libtut_interfaces__rosidl_typesupport_fastrtps_c.so[0m
[6.874s] [ 80%] Built target tut_interfaces__rosidl_typesupport_fastrtps_c
[6.925s] [ 80%] Built target tut_interfaces__rosidl_typesupport_fastrtps_cpp
[6.962s] [ 80%] Built target tut_interfaces
[6.990s] [ 81%] [34m[1mGenerating Python code for ROS interfaces[0m
[7.450s] [ 81%] Built target tut_interfaces__py
[7.476s] [ 83%] [32mBuilding C object CMakeFiles/tut_interfaces__rosidl_generator_py.dir/rosidl_generator_py/tut_interfaces/msg/_sphere_s.c.o[0m
[7.476s] [ 85%] [32mBuilding C object CMakeFiles/tut_interfaces__rosidl_generator_py.dir/rosidl_generator_py/tut_interfaces/srv/_add_three_ints_s.c.o[0m
[7.482s] [ 87%] [32mBuilding C object CMakeFiles/tut_interfaces__rosidl_generator_py.dir/rosidl_generator_py/tut_interfaces/msg/_num_s.c.o[0m
[7.681s] [ 89%] [32m[1mLinking C shared library libtut_interfaces__rosidl_generator_py.so[0m
[7.759s] [ 89%] Built target tut_interfaces__rosidl_generator_py
[7.786s] [ 90%] [32mBuilding C object CMakeFiles/tut_interfaces_s__rosidl_typesupport_c.dir/rosidl_generator_py/tut_interfaces/_tut_interfaces_s.ep.rosidl_typesupport_c.c.o[0m
[7.788s] [ 92%] [32mBuilding C object CMakeFiles/tut_interfaces_s__rosidl_typesupport_fastrtps_c.dir/rosidl_generator_py/tut_interfaces/_tut_interfaces_s.ep.rosidl_typesupport_fastrtps_c.c.o[0m
[7.794s] [ 94%] [32mBuilding C object CMakeFiles/tut_interfaces_s__rosidl_typesupport_introspection_c.dir/rosidl_generator_py/tut_interfaces/_tut_interfaces_s.ep.rosidl_typesupport_introspection_c.c.o[0m
[7.924s] [ 96%] [32m[1mLinking C shared module rosidl_generator_py/tut_interfaces/tut_interfaces_s__rosidl_typesupport_c.so[0m
[7.932s] [ 98%] [32m[1mLinking C shared module rosidl_generator_py/tut_interfaces/tut_interfaces_s__rosidl_typesupport_introspection_c.so[0m
[7.936s] [100%] [32m[1mLinking C shared module rosidl_generator_py/tut_interfaces/tut_interfaces_s__rosidl_typesupport_fastrtps_c.so[0m
[7.973s] [100%] Built target tut_interfaces_s__rosidl_typesupport_introspection_c
[7.973s] [100%] Built target tut_interfaces_s__rosidl_typesupport_c
[7.983s] [100%] Built target tut_interfaces_s__rosidl_typesupport_fastrtps_c
[7.999s] Invoked command in '/home/koji/robotics/robotics-learning/beginner_client_libs/my_workspace/build/tut_interfaces' returned '0': CMAKE_PREFIX_PATH=${CMAKE_PREFIX_PATH}:/opt/ros/jazzy DEBUGINFOD_URLS=https://debuginfod.ubuntu.com /usr/bin/cmake --build /home/koji/robotics/robotics-learning/beginner_client_libs/my_workspace/build/tut_interfaces -- -j12 -l12
[8.011s] Invoking command in '/home/koji/robotics/robotics-learning/beginner_client_libs/my_workspace/build/tut_interfaces': CMAKE_PREFIX_PATH=${CMAKE_PREFIX_PATH}:/opt/ros/jazzy DEBUGINFOD_URLS=https://debuginfod.ubuntu.com /usr/bin/cmake --install /home/koji/robotics/robotics-learning/beginner_client_libs/my_workspace/build/tut_interfaces
[8.020s] -- Install configuration: ""
[8.021s] -- Execute custom install script
[8.021s] -- Symlinking: /home/koji/robotics/robotics-learning/beginner_client_libs/my_workspace/install/tut_interfaces/share/ament_index/resource_index/rosidl_interfaces/tut_interfaces
[8.038s] -- Symlinking: /home/koji/robotics/robotics-learning/beginner_client_libs/my_workspace/install/tut_interfaces/share/tut_interfaces/msg/Num.json
[8.048s] -- Symlinking: /home/koji/robotics/robotics-learning/beginner_client_libs/my_workspace/install/tut_interfaces/share/tut_interfaces/msg/Sphere.json
[8.059s] -- Symlinking: /home/koji/robotics/robotics-learning/beginner_client_libs/my_workspace/install/tut_interfaces/share/tut_interfaces/srv/AddThreeInts.json
[8.070s] -- Symlinking: /home/koji/robotics/robotics-learning/beginner_client_libs/my_workspace/install/tut_interfaces/include/tut_interfaces/tut_interfaces/msg/detail/num__functions.h
[8.080s] -- Symlinking: /home/koji/robotics/robotics-learning/beginner_client_libs/my_workspace/install/tut_interfaces/include/tut_interfaces/tut_interfaces/msg/detail/num__struct.h
[8.090s] -- Symlinking: /home/koji/robotics/robotics-learning/beginner_client_libs/my_workspace/install/tut_interfaces/include/tut_interfaces/tut_interfaces/msg/detail/num__type_support.h
[8.100s] -- Symlinking: /home/koji/robotics/robotics-learning/beginner_client_libs/my_workspace/install/tut_interfaces/include/tut_interfaces/tut_interfaces/msg/detail/sphere__functions.h
[8.111s] -- Symlinking: /home/koji/robotics/robotics-learning/beginner_client_libs/my_workspace/install/tut_interfaces/include/tut_interfaces/tut_interfaces/msg/detail/sphere__struct.h
[8.121s] -- Symlinking: /home/koji/robotics/robotics-learning/beginner_client_libs/my_workspace/install/tut_interfaces/include/tut_interfaces/tut_interfaces/msg/detail/sphere__type_support.h
[8.132s] -- Symlinking: /home/koji/robotics/robotics-learning/beginner_client_libs/my_workspace/install/tut_interfaces/include/tut_interfaces/tut_interfaces/msg/num.h
[8.151s] -- Symlinking: /home/koji/robotics/robotics-learning/beginner_client_libs/my_workspace/install/tut_interfaces/include/tut_interfaces/tut_interfaces/msg/rosidl_generator_c__visibility_control.h
[8.161s] -- Symlinking: /home/koji/robotics/robotics-learning/beginner_client_libs/my_workspace/install/tut_interfaces/include/tut_interfaces/tut_interfaces/msg/sphere.h
[8.180s] -- Symlinking: /home/koji/robotics/robotics-learning/beginner_client_libs/my_workspace/install/tut_interfaces/include/tut_interfaces/tut_interfaces/srv/add_three_ints.h
[8.191s] -- Symlinking: /home/koji/robotics/robotics-learning/beginner_client_libs/my_workspace/install/tut_interfaces/include/tut_interfaces/tut_interfaces/srv/detail/add_three_ints__functions.h
[8.211s] -- Symlinking: /home/koji/robotics/robotics-learning/beginner_client_libs/my_workspace/install/tut_interfaces/include/tut_interfaces/tut_interfaces/srv/detail/add_three_ints__struct.h
[8.221s] -- Symlinking: /home/koji/robotics/robotics-learning/beginner_client_libs/my_workspace/install/tut_interfaces/include/tut_interfaces/tut_interfaces/srv/detail/add_three_ints__type_support.h
[8.231s] -- Symlinking: /home/koji/robotics/robotics-learning/beginner_client_libs/my_workspace/install/tut_interfaces/share/tut_interfaces/environment/library_path.sh
[8.241s] -- Symlinking: /home/koji/robotics/robotics-learning/beginner_client_libs/my_workspace/install/tut_interfaces/share/tut_interfaces/environment/library_path.dsv
[8.258s] -- Symlinking: /home/koji/robotics/robotics-learning/beginner_client_libs/my_workspace/install/tut_interfaces/include/tut_interfaces/tut_interfaces/msg/detail/num__rosidl_typesupport_fastrtps_c.h
[8.275s] -- Symlinking: /home/koji/robotics/robotics-learning/beginner_client_libs/my_workspace/install/tut_interfaces/include/tut_interfaces/tut_interfaces/msg/detail/sphere__rosidl_typesupport_fastrtps_c.h
[8.285s] -- Symlinking: /home/koji/robotics/robotics-learning/beginner_client_libs/my_workspace/install/tut_interfaces/include/tut_interfaces/tut_interfaces/msg/rosidl_typesupport_fastrtps_c__visibility_control.h
[8.296s] -- Symlinking: /home/koji/robotics/robotics-learning/beginner_client_libs/my_workspace/install/tut_interfaces/include/tut_interfaces/tut_interfaces/srv/detail/add_three_ints__rosidl_typesupport_fastrtps_c.h
[8.307s] -- Symlinking: /home/koji/robotics/robotics-learning/beginner_client_libs/my_workspace/install/tut_interfaces/include/tut_interfaces/tut_interfaces/msg/detail/num__builder.hpp
[8.327s] -- Symlinking: /home/koji/robotics/robotics-learning/beginner_client_libs/my_workspace/install/tut_interfaces/include/tut_interfaces/tut_interfaces/msg/detail/num__struct.hpp
[8.337s] -- Symlinking: /home/koji/robotics/robotics-learning/beginner_client_libs/my_workspace/install/tut_interfaces/include/tut_interfaces/tut_interfaces/msg/detail/num__traits.hpp
[8.347s] -- Symlinking: /home/koji/robotics/robotics-learning/beginner_client_libs/my_workspace/install/tut_interfaces/include/tut_interfaces/tut_interfaces/msg/detail/num__type_support.hpp
[8.366s] -- Symlinking: /home/koji/robotics/robotics-learning/beginner_client_libs/my_workspace/install/tut_interfaces/include/tut_interfaces/tut_interfaces/msg/detail/sphere__builder.hpp
[8.375s] -- Symlinking: /home/koji/robotics/robotics-learning/beginner_client_libs/my_workspace/install/tut_interfaces/include/tut_interfaces/tut_interfaces/msg/detail/sphere__struct.hpp
[8.385s] -- Symlinking: /home/koji/robotics/robotics-learning/beginner_client_libs/my_workspace/install/tut_interfaces/include/tut_interfaces/tut_interfaces/msg/detail/sphere__traits.hpp
[8.396s] -- Symlinking: /home/koji/robotics/robotics-learning/beginner_client_libs/my_workspace/install/tut_interfaces/include/tut_interfaces/tut_interfaces/msg/detail/sphere__type_support.hpp
[8.406s] -- Symlinking: /home/koji/robotics/robotics-learning/beginner_client_libs/my_workspace/install/tut_interfaces/include/tut_interfaces/tut_interfaces/msg/num.hpp
[8.417s] -- Symlinking: /home/koji/robotics/robotics-learning/beginner_client_libs/my_workspace/install/tut_interfaces/include/tut_interfaces/tut_interfaces/msg/rosidl_generator_cpp__visibility_control.hpp
[8.426s] -- Symlinking: /home/koji/robotics/robotics-learning/beginner_client_libs/my_workspace/install/tut_interfaces/include/tut_interfaces/tut_interfaces/msg/sphere.hpp
[8.437s] -- Symlinking: /home/koji/robotics/robotics-learning/beginner_client_libs/my_workspace/install/tut_interfaces/include/tut_interfaces/tut_interfaces/srv/add_three_ints.hpp
[8.448s] -- Symlinking: /home/koji/robotics/robotics-learning/beginner_client_libs/my_workspace/install/tut_interfaces/include/tut_interfaces/tut_interfaces/srv/detail/add_three_ints__builder.hpp
[8.458s] -- Symlinking: /home/koji/robotics/robotics-learning/beginner_client_libs/my_workspace/install/tut_interfaces/include/tut_interfaces/tut_interfaces/srv/detail/add_three_ints__struct.hpp
[8.469s] -- Symlinking: /home/koji/robotics/robotics-learning/beginner_client_libs/my_workspace/install/tut_interfaces/include/tut_interfaces/tut_interfaces/srv/detail/add_three_ints__traits.hpp
[8.478s] -- Symlinking: /home/koji/robotics/robotics-learning/beginner_client_libs/my_workspace/install/tut_interfaces/include/tut_interfaces/tut_interfaces/srv/detail/add_three_ints__type_support.hpp
[8.490s] -- Symlinking: /home/koji/robotics/robotics-learning/beginner_client_libs/my_workspace/install/tut_interfaces/include/tut_interfaces/tut_interfaces/msg/detail/num__rosidl_typesupport_fastrtps_cpp.hpp
[8.499s] -- Symlinking: /home/koji/robotics/robotics-learning/beginner_client_libs/my_workspace/install/tut_interfaces/include/tut_interfaces/tut_interfaces/msg/detail/sphere__rosidl_typesupport_fastrtps_cpp.hpp
[8.510s] -- Symlinking: /home/koji/robotics/robotics-learning/beginner_client_libs/my_workspace/install/tut_interfaces/include/tut_interfaces/tut_interfaces/msg/rosidl_typesupport_fastrtps_cpp__visibility_control.h
[8.520s] -- Symlinking: /home/koji/robotics/robotics-learning/beginner_client_libs/my_workspace/install/tut_interfaces/include/tut_interfaces/tut_interfaces/srv/detail/add_three_ints__rosidl_typesupport_fastrtps_cpp.hpp
[8.530s] -- Symlinking: /home/koji/robotics/robotics-learning/beginner_client_libs/my_workspace/install/tut_interfaces/include/tut_interfaces/tut_interfaces/msg/detail/num__rosidl_typesupport_introspection_c.h
[8.549s] -- Symlinking: /home/koji/robotics/robotics-learning/beginner_client_libs/my_workspace/install/tut_interfaces/include/tut_interfaces/tut_interfaces/msg/detail/sphere__rosidl_typesupport_introspection_c.h
[8.567s] -- Symlinking: /home/koji/robotics/robotics-learning/beginner_client_libs/my_workspace/install/tut_interfaces/include/tut_interfaces/tut_interfaces/msg/rosidl_typesupport_introspection_c__visibility_control.h
[8.577s] -- Symlinking: /home/koji/robotics/robotics-learning/beginner_client_libs/my_workspace/install/tut_interfaces/include/tut_interfaces/tut_interfaces/srv/detail/add_three_ints__rosidl_typesupport_introspection_c.h
[8.588s] -- Symlinking: /home/koji/robotics/robotics-learning/beginner_client_libs/my_workspace/install/tut_interfaces/include/tut_interfaces/tut_interfaces/msg/detail/num__rosidl_typesupport_introspection_cpp.hpp
[8.598s] -- Symlinking: /home/koji/robotics/robotics-learning/beginner_client_libs/my_workspace/install/tut_interfaces/include/tut_interfaces/tut_interfaces/msg/detail/sphere__rosidl_typesupport_introspection_cpp.hpp
[8.608s] -- Symlinking: /home/koji/robotics/robotics-learning/beginner_client_libs/my_workspace/install/tut_interfaces/include/tut_interfaces/tut_interfaces/srv/detail/add_three_ints__rosidl_typesupport_introspection_cpp.hpp
[8.629s] -- Symlinking: /home/koji/robotics/robotics-learning/beginner_client_libs/my_workspace/install/tut_interfaces/share/tut_interfaces/environment/pythonpath.sh
[8.640s] -- Symlinking: /home/koji/robotics/robotics-learning/beginner_client_libs/my_workspace/install/tut_interfaces/share/tut_interfaces/environment/pythonpath.dsv
[8.655s] -- Symlinking: /home/koji/robotics/robotics-learning/beginner_client_libs/my_workspace/install/tut_interfaces/lib/python3.12/site-packages/tut_interfaces-0.0.0-py3.12.egg-info/PKG-INFO
[8.666s] -- Symlinking: /home/koji/robotics/robotics-learning/beginner_client_libs/my_workspace/install/tut_interfaces/lib/python3.12/site-packages/tut_interfaces-0.0.0-py3.12.egg-info/SOURCES.txt
[8.676s] -- Symlinking: /home/koji/robotics/robotics-learning/beginner_client_libs/my_workspace/install/tut_interfaces/lib/python3.12/site-packages/tut_interfaces-0.0.0-py3.12.egg-info/dependency_links.txt
[8.686s] -- Symlinking: /home/koji/robotics/robotics-learning/beginner_client_libs/my_workspace/install/tut_interfaces/lib/python3.12/site-packages/tut_interfaces-0.0.0-py3.12.egg-info/top_level.txt
[8.707s] -- Symlinking: /home/koji/robotics/robotics-learning/beginner_client_libs/my_workspace/install/tut_interfaces/lib/python3.12/site-packages/tut_interfaces/__init__.py
[8.718s] -- Symlinking: /home/koji/robotics/robotics-learning/beginner_client_libs/my_workspace/install/tut_interfaces/lib/python3.12/site-packages/tut_interfaces/_tut_interfaces_s.ep.rosidl_typesupport_c.c
[8.729s] -- Symlinking: /home/koji/robotics/robotics-learning/beginner_client_libs/my_workspace/install/tut_interfaces/lib/python3.12/site-packages/tut_interfaces/_tut_interfaces_s.ep.rosidl_typesupport_fastrtps_c.c
[8.740s] -- Symlinking: /home/koji/robotics/robotics-learning/beginner_client_libs/my_workspace/install/tut_interfaces/lib/python3.12/site-packages/tut_interfaces/_tut_interfaces_s.ep.rosidl_typesupport_introspection_c.c
[8.750s] -- Symlinking: /home/koji/robotics/robotics-learning/beginner_client_libs/my_workspace/install/tut_interfaces/lib/python3.12/site-packages/tut_interfaces/msg/__init__.py
[8.760s] -- Symlinking: /home/koji/robotics/robotics-learning/beginner_client_libs/my_workspace/install/tut_interfaces/lib/python3.12/site-packages/tut_interfaces/msg/_num.py
[8.770s] -- Symlinking: /home/koji/robotics/robotics-learning/beginner_client_libs/my_workspace/install/tut_interfaces/lib/python3.12/site-packages/tut_interfaces/msg/_num_s.c
[8.780s] -- Symlinking: /home/koji/robotics/robotics-learning/beginner_client_libs/my_workspace/install/tut_interfaces/lib/python3.12/site-packages/tut_interfaces/msg/_sphere.py
[8.790s] -- Symlinking: /home/koji/robotics/robotics-learning/beginner_client_libs/my_workspace/install/tut_interfaces/lib/python3.12/site-packages/tut_interfaces/msg/_sphere_s.c
[8.801s] -- Symlinking: /home/koji/robotics/robotics-learning/beginner_client_libs/my_workspace/install/tut_interfaces/lib/python3.12/site-packages/tut_interfaces/srv/__init__.py
[8.811s] -- Symlinking: /home/koji/robotics/robotics-learning/beginner_client_libs/my_workspace/install/tut_interfaces/lib/python3.12/site-packages/tut_interfaces/srv/_add_three_ints.py
[8.821s] -- Symlinking: /home/koji/robotics/robotics-learning/beginner_client_libs/my_workspace/install/tut_interfaces/lib/python3.12/site-packages/tut_interfaces/srv/_add_three_ints_s.c
[8.831s] -- Symlinking: /home/koji/robotics/robotics-learning/beginner_client_libs/my_workspace/install/tut_interfaces/lib/python3.12/site-packages/tut_interfaces/tut_interfaces_s__rosidl_typesupport_c.so
[8.844s] -- Symlinking: /home/koji/robotics/robotics-learning/beginner_client_libs/my_workspace/install/tut_interfaces/lib/python3.12/site-packages/tut_interfaces/tut_interfaces_s__rosidl_typesupport_fastrtps_c.so
[8.856s] -- Symlinking: /home/koji/robotics/robotics-learning/beginner_client_libs/my_workspace/install/tut_interfaces/lib/python3.12/site-packages/tut_interfaces/tut_interfaces_s__rosidl_typesupport_introspection_c.so
[8.866s] -- Up-to-date symlink: /home/koji/robotics/robotics-learning/beginner_client_libs/my_workspace/install/tut_interfaces/lib/python3.12/site-packages/tut_interfaces/tut_interfaces_s__rosidl_typesupport_fastrtps_c.so
[8.867s] -- Up-to-date symlink: /home/koji/robotics/robotics-learning/beginner_client_libs/my_workspace/install/tut_interfaces/lib/python3.12/site-packages/tut_interfaces/tut_interfaces_s__rosidl_typesupport_introspection_c.so
[8.867s] -- Up-to-date symlink: /home/koji/robotics/robotics-learning/beginner_client_libs/my_workspace/install/tut_interfaces/lib/python3.12/site-packages/tut_interfaces/tut_interfaces_s__rosidl_typesupport_c.so
[8.868s] -- Symlinking: /home/koji/robotics/robotics-learning/beginner_client_libs/my_workspace/install/tut_interfaces/share/ament_index/resource_index/rust_packages/tut_interfaces
[8.879s] -- Symlinking: /home/koji/robotics/robotics-learning/beginner_client_libs/my_workspace/install/tut_interfaces/share/tut_interfaces/rust/Cargo.toml
[8.890s] -- Symlinking: /home/koji/robotics/robotics-learning/beginner_client_libs/my_workspace/install/tut_interfaces/share/tut_interfaces/rust/build.rs
[8.901s] -- Symlinking: /home/koji/robotics/robotics-learning/beginner_client_libs/my_workspace/install/tut_interfaces/share/tut_interfaces/rust/src/lib.rs
[8.912s] -- Symlinking: /home/koji/robotics/robotics-learning/beginner_client_libs/my_workspace/install/tut_interfaces/share/tut_interfaces/rust/src/msg.rs
[8.922s] -- Symlinking: /home/koji/robotics/robotics-learning/beginner_client_libs/my_workspace/install/tut_interfaces/share/tut_interfaces/rust/src/msg/rmw.rs
[8.932s] -- Symlinking: /home/koji/robotics/robotics-learning/beginner_client_libs/my_workspace/install/tut_interfaces/share/tut_interfaces/rust/src/srv.rs
[8.945s] -- Symlinking: /home/koji/robotics/robotics-learning/beginner_client_libs/my_workspace/install/tut_interfaces/share/tut_interfaces/rust/src/srv/rmw.rs
[8.964s] -- Symlinking: /home/koji/robotics/robotics-learning/beginner_client_libs/my_workspace/install/tut_interfaces/share/tut_interfaces/msg/Num.idl
[8.976s] -- Symlinking: /home/koji/robotics/robotics-learning/beginner_client_libs/my_workspace/install/tut_interfaces/share/tut_interfaces/msg/Sphere.idl
[8.987s] -- Symlinking: /home/koji/robotics/robotics-learning/beginner_client_libs/my_workspace/install/tut_interfaces/share/tut_interfaces/srv/AddThreeInts.idl
[8.997s] -- Symlinking: /home/koji/robotics/robotics-learning/beginner_client_libs/my_workspace/install/tut_interfaces/share/tut_interfaces/msg/Num.msg
[9.008s] -- Symlinking: /home/koji/robotics/robotics-learning/beginner_client_libs/my_workspace/install/tut_interfaces/share/tut_interfaces/msg/Sphere.msg
[9.019s] -- Symlinking: /home/koji/robotics/robotics-learning/beginner_client_libs/my_workspace/install/tut_interfaces/share/tut_interfaces/srv/AddThreeInts.srv
[9.029s] -- Symlinking: /home/koji/robotics/robotics-learning/beginner_client_libs/my_workspace/install/tut_interfaces/share/ament_index/resource_index/package_run_dependencies/tut_interfaces
[9.039s] -- Symlinking: /home/koji/robotics/robotics-learning/beginner_client_libs/my_workspace/install/tut_interfaces/share/ament_index/resource_index/parent_prefix_path/tut_interfaces
[9.050s] -- Symlinking: /home/koji/robotics/robotics-learning/beginner_client_libs/my_workspace/install/tut_interfaces/share/tut_interfaces/environment/ament_prefix_path.sh
[9.070s] -- Symlinking: /home/koji/robotics/robotics-learning/beginner_client_libs/my_workspace/install/tut_interfaces/share/tut_interfaces/environment/ament_prefix_path.dsv
[9.081s] -- Symlinking: /home/koji/robotics/robotics-learning/beginner_client_libs/my_workspace/install/tut_interfaces/share/tut_interfaces/environment/path.sh
[9.092s] -- Symlinking: /home/koji/robotics/robotics-learning/beginner_client_libs/my_workspace/install/tut_interfaces/share/tut_interfaces/environment/path.dsv
[9.103s] -- Symlinking: /home/koji/robotics/robotics-learning/beginner_client_libs/my_workspace/install/tut_interfaces/share/tut_interfaces/local_setup.bash
[9.114s] -- Symlinking: /home/koji/robotics/robotics-learning/beginner_client_libs/my_workspace/install/tut_interfaces/share/tut_interfaces/local_setup.sh
[9.125s] -- Symlinking: /home/koji/robotics/robotics-learning/beginner_client_libs/my_workspace/install/tut_interfaces/share/tut_interfaces/local_setup.zsh
[9.144s] -- Symlinking: /home/koji/robotics/robotics-learning/beginner_client_libs/my_workspace/install/tut_interfaces/share/tut_interfaces/local_setup.dsv
[9.161s] -- Symlinking: /home/koji/robotics/robotics-learning/beginner_client_libs/my_workspace/install/tut_interfaces/share/tut_interfaces/package.dsv
[9.172s] -- Symlinking: /home/koji/robotics/robotics-learning/beginner_client_libs/my_workspace/install/tut_interfaces/share/ament_index/resource_index/packages/tut_interfaces
[9.182s] -- Symlinking: /home/koji/robotics/robotics-learning/beginner_client_libs/my_workspace/install/tut_interfaces/share/tut_interfaces/cmake/rosidl_cmake-extras.cmake
[9.193s] -- Symlinking: /home/koji/robotics/robotics-learning/beginner_client_libs/my_workspace/install/tut_interfaces/share/tut_interfaces/cmake/ament_cmake_export_dependencies-extras.cmake
[9.204s] -- Symlinking: /home/koji/robotics/robotics-learning/beginner_client_libs/my_workspace/install/tut_interfaces/share/tut_interfaces/cmake/ament_cmake_export_include_directories-extras.cmake
[9.214s] -- Symlinking: /home/koji/robotics/robotics-learning/beginner_client_libs/my_workspace/install/tut_interfaces/share/tut_interfaces/cmake/ament_cmake_export_libraries-extras.cmake
[9.234s] -- Symlinking: /home/koji/robotics/robotics-learning/beginner_client_libs/my_workspace/install/tut_interfaces/share/tut_interfaces/cmake/ament_cmake_export_targets-extras.cmake
[9.244s] -- Symlinking: /home/koji/robotics/robotics-learning/beginner_client_libs/my_workspace/install/tut_interfaces/share/tut_interfaces/cmake/rosidl_cmake_export_typesupport_targets-extras.cmake
[9.255s] -- Symlinking: /home/koji/robotics/robotics-learning/beginner_client_libs/my_workspace/install/tut_interfaces/share/tut_interfaces/cmake/rosidl_cmake_export_typesupport_libraries-extras.cmake
[9.266s] -- Symlinking: /home/koji/robotics/robotics-learning/beginner_client_libs/my_workspace/install/tut_interfaces/share/tut_interfaces/cmake/rosidl_cmake_aggregate_target-extras.cmake
[9.276s] -- Symlinking: /home/koji/robotics/robotics-learning/beginner_client_libs/my_workspace/install/tut_interfaces/share/tut_interfaces/cmake/tut_interfacesConfig.cmake
[9.295s] -- Symlinking: /home/koji/robotics/robotics-learning/beginner_client_libs/my_workspace/install/tut_interfaces/share/tut_interfaces/cmake/tut_interfacesConfig-version.cmake
[9.305s] -- Symlinking: /home/koji/robotics/robotics-learning/beginner_client_libs/my_workspace/install/tut_interfaces/share/tut_interfaces/package.xml
[9.315s] -- Installing: /home/koji/robotics/robotics-learning/beginner_client_libs/my_workspace/install/tut_interfaces/lib/libtut_interfaces__rosidl_generator_c.so
[9.316s] -- Set non-toolchain portion of runtime path of "/home/koji/robotics/robotics-learning/beginner_client_libs/my_workspace/install/tut_interfaces/lib/libtut_interfaces__rosidl_generator_c.so" to ""
[9.317s] -- Installing: /home/koji/robotics/robotics-learning/beginner_client_libs/my_workspace/install/tut_interfaces/lib/libtut_interfaces__rosidl_typesupport_fastrtps_c.so
[9.318s] -- Set non-toolchain portion of runtime path of "/home/koji/robotics/robotics-learning/beginner_client_libs/my_workspace/install/tut_interfaces/lib/libtut_interfaces__rosidl_typesupport_fastrtps_c.so" to ""
[9.318s] -- Installing: /home/koji/robotics/robotics-learning/beginner_client_libs/my_workspace/install/tut_interfaces/lib/libtut_interfaces__rosidl_typesupport_fastrtps_cpp.so
[9.319s] -- Set non-toolchain portion of runtime path of "/home/koji/robotics/robotics-learning/beginner_client_libs/my_workspace/install/tut_interfaces/lib/libtut_interfaces__rosidl_typesupport_fastrtps_cpp.so" to ""
[9.320s] -- Installing: /home/koji/robotics/robotics-learning/beginner_client_libs/my_workspace/install/tut_interfaces/lib/libtut_interfaces__rosidl_typesupport_introspection_c.so
[9.320s] -- Set non-toolchain portion of runtime path of "/home/koji/robotics/robotics-learning/beginner_client_libs/my_workspace/install/tut_interfaces/lib/libtut_interfaces__rosidl_typesupport_introspection_c.so" to ""
[9.321s] -- Installing: /home/koji/robotics/robotics-learning/beginner_client_libs/my_workspace/install/tut_interfaces/lib/libtut_interfaces__rosidl_typesupport_c.so
[9.322s] -- Set non-toolchain portion of runtime path of "/home/koji/robotics/robotics-learning/beginner_client_libs/my_workspace/install/tut_interfaces/lib/libtut_interfaces__rosidl_typesupport_c.so" to ""
[9.322s] -- Installing: /home/koji/robotics/robotics-learning/beginner_client_libs/my_workspace/install/tut_interfaces/lib/libtut_interfaces__rosidl_typesupport_introspection_cpp.so
[9.323s] -- Set non-toolchain portion of runtime path of "/home/koji/robotics/robotics-learning/beginner_client_libs/my_workspace/install/tut_interfaces/lib/libtut_interfaces__rosidl_typesupport_introspection_cpp.so" to ""
[9.323s] -- Installing: /home/koji/robotics/robotics-learning/beginner_client_libs/my_workspace/install/tut_interfaces/lib/libtut_interfaces__rosidl_typesupport_cpp.so
[9.324s] -- Set non-toolchain portion of runtime path of "/home/koji/robotics/robotics-learning/beginner_client_libs/my_workspace/install/tut_interfaces/lib/libtut_interfaces__rosidl_typesupport_cpp.so" to ""
[9.371s] Listing '/home/koji/robotics/robotics-learning/beginner_client_libs/my_workspace/install/tut_interfaces/lib/python3.12/site-packages/tut_interfaces'...
[9.371s] Compiling '/home/koji/robotics/robotics-learning/beginner_client_libs/my_workspace/install/tut_interfaces/lib/python3.12/site-packages/tut_interfaces/__init__.py'...
[9.371s] Listing '/home/koji/robotics/robotics-learning/beginner_client_libs/my_workspace/install/tut_interfaces/lib/python3.12/site-packages/tut_interfaces/msg'...
[9.371s] Compiling '/home/koji/robotics/robotics-learning/beginner_client_libs/my_workspace/install/tut_interfaces/lib/python3.12/site-packages/tut_interfaces/msg/__init__.py'...
[9.371s] Compiling '/home/koji/robotics/robotics-learning/beginner_client_libs/my_workspace/install/tut_interfaces/lib/python3.12/site-packages/tut_interfaces/msg/_num.py'...
[9.372s] Compiling '/home/koji/robotics/robotics-learning/beginner_client_libs/my_workspace/install/tut_interfaces/lib/python3.12/site-packages/tut_interfaces/msg/_sphere.py'...
[9.372s] Listing '/home/koji/robotics/robotics-learning/beginner_client_libs/my_workspace/install/tut_interfaces/lib/python3.12/site-packages/tut_interfaces/srv'...
[9.372s] Compiling '/home/koji/robotics/robotics-learning/beginner_client_libs/my_workspace/install/tut_interfaces/lib/python3.12/site-packages/tut_interfaces/srv/__init__.py'...
[9.372s] Compiling '/home/koji/robotics/robotics-learning/beginner_client_libs/my_workspace/install/tut_interfaces/lib/python3.12/site-packages/tut_interfaces/srv/_add_three_ints.py'...
[9.377s] -- Installing: /home/koji/robotics/robotics-learning/beginner_client_libs/my_workspace/install/tut_interfaces/lib/libtut_interfaces__rosidl_generator_py.so
[9.379s] -- Set non-toolchain portion of runtime path of "/home/koji/robotics/robotics-learning/beginner_client_libs/my_workspace/install/tut_interfaces/lib/libtut_interfaces__rosidl_generator_py.so" to ""
[9.379s] -- Installing: /home/koji/robotics/robotics-learning/beginner_client_libs/my_workspace/install/tut_interfaces/share/tut_interfaces/cmake/export_tut_interfaces__rosidl_generator_cExport.cmake
[9.379s] -- Installing: /home/koji/robotics/robotics-learning/beginner_client_libs/my_workspace/install/tut_interfaces/share/tut_interfaces/cmake/export_tut_interfaces__rosidl_generator_cExport-noconfig.cmake
[9.380s] -- Installing: /home/koji/robotics/robotics-learning/beginner_client_libs/my_workspace/install/tut_interfaces/share/tut_interfaces/cmake/export_tut_interfaces__rosidl_typesupport_fastrtps_cExport.cmake
[9.380s] -- Installing: /home/koji/robotics/robotics-learning/beginner_client_libs/my_workspace/install/tut_interfaces/share/tut_interfaces/cmake/export_tut_interfaces__rosidl_typesupport_fastrtps_cExport-noconfig.cmake
[9.381s] -- Installing: /home/koji/robotics/robotics-learning/beginner_client_libs/my_workspace/install/tut_interfaces/share/tut_interfaces/cmake/export_tut_interfaces__rosidl_generator_cppExport.cmake
[9.381s] -- Installing: /home/koji/robotics/robotics-learning/beginner_client_libs/my_workspace/install/tut_interfaces/share/tut_interfaces/cmake/export_tut_interfaces__rosidl_typesupport_fastrtps_cppExport.cmake
[9.382s] -- Installing: /home/koji/robotics/robotics-learning/beginner_client_libs/my_workspace/install/tut_interfaces/share/tut_interfaces/cmake/export_tut_interfaces__rosidl_typesupport_fastrtps_cppExport-noconfig.cmake
[9.382s] -- Installing: /home/koji/robotics/robotics-learning/beginner_client_libs/my_workspace/install/tut_interfaces/share/tut_interfaces/cmake/tut_interfaces__rosidl_typesupport_introspection_cExport.cmake
[9.383s] -- Installing: /home/koji/robotics/robotics-learning/beginner_client_libs/my_workspace/install/tut_interfaces/share/tut_interfaces/cmake/tut_interfaces__rosidl_typesupport_introspection_cExport-noconfig.cmake
[9.383s] -- Installing: /home/koji/robotics/robotics-learning/beginner_client_libs/my_workspace/install/tut_interfaces/share/tut_interfaces/cmake/tut_interfaces__rosidl_typesupport_cExport.cmake
[9.384s] -- Installing: /home/koji/robotics/robotics-learning/beginner_client_libs/my_workspace/install/tut_interfaces/share/tut_interfaces/cmake/tut_interfaces__rosidl_typesupport_cExport-noconfig.cmake
[9.384s] -- Installing: /home/koji/robotics/robotics-learning/beginner_client_libs/my_workspace/install/tut_interfaces/share/tut_interfaces/cmake/tut_interfaces__rosidl_typesupport_introspection_cppExport.cmake
[9.385s] -- Installing: /home/koji/robotics/robotics-learning/beginner_client_libs/my_workspace/install/tut_interfaces/share/tut_interfaces/cmake/tut_interfaces__rosidl_typesupport_introspection_cppExport-noconfig.cmake
[9.385s] -- Installing: /home/koji/robotics/robotics-learning/beginner_client_libs/my_workspace/install/tut_interfaces/share/tut_interfaces/cmake/tut_interfaces__rosidl_typesupport_cppExport.cmake
[9.385s] -- Installing: /home/koji/robotics/robotics-learning/beginner_client_libs/my_workspace/install/tut_interfaces/share/tut_interfaces/cmake/tut_interfaces__rosidl_typesupport_cppExport-noconfig.cmake
[9.386s] -- Installing: /home/koji/robotics/robotics-learning/beginner_client_libs/my_workspace/install/tut_interfaces/share/tut_interfaces/cmake/export_tut_interfaces__rosidl_generator_pyExport.cmake
[9.386s] -- Installing: /home/koji/robotics/robotics-learning/beginner_client_libs/my_workspace/install/tut_interfaces/share/tut_interfaces/cmake/export_tut_interfaces__rosidl_generator_pyExport-noconfig.cmake
[9.393s] Invoked command in '/home/koji/robotics/robotics-learning/beginner_client_libs/my_workspace/build/tut_interfaces' returned '0': CMAKE_PREFIX_PATH=${CMAKE_PREFIX_PATH}:/opt/ros/jazzy DEBUGINFOD_URLS=https://debuginfod.ubuntu.com /usr/bin/cmake --install /home/koji/robotics/robotics-learning/beginner_client_libs/my_workspace/build/tut_interfaces
