[0.011s] Invoking command in '/home/koji/robotics/robotics-learning/project_ws/build/irrigation_interfaces': CMAKE_PREFIX_PATH=${CMAKE_PREFIX_PATH}:/opt/ros/jazzy DEBUGINFOD_URLS=https://debuginfod.ubuntu.com /usr/bin/cmake /home/koji/robotics/robotics-learning/project_ws/src/irrigation_interfaces -DAMENT_CMAKE_SYMLINK_INSTALL=1 -DCMAKE_INSTALL_PREFIX=/home/koji/robotics/robotics-learning/project_ws/install/irrigation_interfaces
[0.033s] -- Found ament_cmake: 2.5.6 (/opt/ros/jazzy/share/ament_cmake/cmake)
[0.279s] -- Override CMake install command with custom implementation using symlinks instead of copying resources
[0.298s] -- Found rosidl_default_generators: 1.6.1 (/opt/ros/jazzy/share/rosidl_default_generators/cmake)
[0.304s] -- Using all available rosidl_typesupport_c: rosidl_typesupport_fastrtps_c;rosidl_typesupport_introspection_c
[0.349s] -- Using all available rosidl_typesupport_cpp: rosidl_typesupport_fastrtps_cpp;rosidl_typesupport_introspection_cpp
[0.378s] -- Found rosidl_adapter: 4.6.9 (/opt/ros/jazzy/share/rosidl_adapter/cmake)
[1.139s] -- Found ament_cmake_ros: 0.12.1 (/opt/ros/jazzy/share/ament_cmake_ros/cmake)
[1.726s] -- Using all available rosidl_typesupport_c: rosidl_typesupport_fastrtps_c;rosidl_typesupport_introspection_c
[2.461s] -- Using all available rosidl_typesupport_cpp: rosidl_typesupport_fastrtps_cpp;rosidl_typesupport_introspection_cpp
[2.468s] -- Found python_cmake_module: 0.11.1 (/opt/ros/jazzy/share/python_cmake_module/cmake)
[2.676s] -- Found PythonExtra: /usr/bin/python3  
[3.253s] -- Found Python3: /usr/bin/python3 (found version "3.12.3") found components: Interpreter Development NumPy Development.Module Development.Embed 
[3.357s] -- Found Python3: /usr/bin/python3 (found version "3.12.3") found components: Interpreter 
[3.361s] -- Found ament_lint_auto: 0.17.5 (/opt/ros/jazzy/share/ament_lint_auto/cmake)
[3.392s] -- Added test 'lint_cmake' to check CMake code style
[3.394s] -- Added test 'xmllint' to check XML markup files
[3.399s] -- Configuring done (3.4s)
[3.450s] -- Generating done (0.0s)
[3.467s] -- Build files have been written to: /home/koji/robotics/robotics-learning/project_ws/build/irrigation_interfaces
[3.479s] Invoked command in '/home/koji/robotics/robotics-learning/project_ws/build/irrigation_interfaces' returned '0': CMAKE_PREFIX_PATH=${CMAKE_PREFIX_PATH}:/opt/ros/jazzy DEBUGINFOD_URLS=https://debuginfod.ubuntu.com /usr/bin/cmake /home/koji/robotics/robotics-learning/project_ws/src/irrigation_interfaces -DAMENT_CMAKE_SYMLINK_INSTALL=1 -DCMAKE_INSTALL_PREFIX=/home/koji/robotics/robotics-learning/project_ws/install/irrigation_interfaces
[3.480s] Invoking command in '/home/koji/robotics/robotics-learning/project_ws/build/irrigation_interfaces': CMAKE_PREFIX_PATH=${CMAKE_PREFIX_PATH}:/opt/ros/jazzy DEBUGINFOD_URLS=https://debuginfod.ubuntu.com /usr/bin/cmake --build /home/koji/robotics/robotics-learning/project_ws/build/irrigation_interfaces -- -j12 -l12
[3.533s] [  2%] [34m[1mGenerating Rust code for ROS interfaces[0m
[3.535s] [  5%] [34m[1mGenerating type hashes for ROS interfaces[0m
[3.542s] [  5%] Built target ament_cmake_python_symlink_irrigation_interfaces
[3.761s] running egg_info
[3.763s] creating irrigation_interfaces.egg-info
[3.766s] [  5%] Built target irrigation_interfaces__rosidl_generator_type_description
[3.779s] [  8%] [34m[1mGenerating C code for ROS interfaces[0m
[3.783s] writing irrigation_interfaces.egg-info/PKG-INFO
[3.783s] writing dependency_links to irrigation_interfaces.egg-info/dependency_links.txt
[3.783s] writing top-level names to irrigation_interfaces.egg-info/top_level.txt
[3.783s] writing manifest file 'irrigation_interfaces.egg-info/SOURCES.txt'
[3.785s] [  8%] Built target irrigation_interfaces__rs
[3.791s] [ 11%] [34m[1mGenerating C++ code for ROS interfaces[0m
[3.833s] reading manifest file 'irrigation_interfaces.egg-info/SOURCES.txt'
[3.834s] writing manifest file 'irrigation_interfaces.egg-info/SOURCES.txt'
[3.869s] [ 11%] Built target ament_cmake_python_build_irrigation_interfaces_egg
[4.081s] [ 17%] [32mBuilding C object CMakeFiles/irrigation_interfaces__rosidl_generator_c.dir/rosidl_generator_c/irrigation_interfaces/srv/detail/smart_irrigator__description.c.o[0m
[4.081s] [ 17%] [32mBuilding C object CMakeFiles/irrigation_interfaces__rosidl_generator_c.dir/rosidl_generator_c/irrigation_interfaces/srv/detail/smart_irrigator__type_support.c.o[0m
[4.081s] [ 20%] [32mBuilding C object CMakeFiles/irrigation_interfaces__rosidl_generator_c.dir/rosidl_generator_c/irrigation_interfaces/srv/detail/smart_irrigator__functions.c.o[0m
[4.083s] [ 20%] Built target irrigation_interfaces__cpp
[4.191s] [ 22%] [32m[1mLinking C shared library libirrigation_interfaces__rosidl_generator_c.so[0m
[4.252s] [ 22%] Built target irrigation_interfaces__rosidl_generator_c
[4.265s] [ 25%] [34m[1mGenerating C type support dispatch for ROS interfaces[0m
[4.266s] [ 34%] [34m[1mGenerating C type support for eProsima Fast-RTPS[0m
[4.267s] [ 34%] [34m[1mGenerating C++ type support for eProsima Fast-RTPS[0m
[4.267s] [ 34%] [34m[1mGenerating C introspection for ROS interfaces[0m
[4.269s] [ 40%] [34m[1mGenerating C++ introspection for ROS interfaces[0m
[4.269s] [ 40%] [34m[1mGenerating C++ type support dispatch for ROS interfaces[0m
[4.529s] [ 42%] [32mBuilding CXX object CMakeFiles/irrigation_interfaces__rosidl_typesupport_cpp.dir/rosidl_typesupport_cpp/irrigation_interfaces/srv/smart_irrigator__type_support.cpp.o[0m
[4.571s] [ 48%] [32mBuilding CXX object CMakeFiles/irrigation_interfaces__rosidl_typesupport_introspection_cpp.dir/rosidl_typesupport_introspection_cpp/irrigation_interfaces/srv/detail/smart_irrigator__type_support.cpp.o[0m
[4.571s] [ 48%] [32mBuilding C object CMakeFiles/irrigation_interfaces__rosidl_typesupport_introspection_c.dir/rosidl_typesupport_introspection_c/irrigation_interfaces/srv/detail/smart_irrigator__type_support.c.o[0m
[4.594s] [ 51%] [32mBuilding CXX object CMakeFiles/irrigation_interfaces__rosidl_typesupport_c.dir/rosidl_typesupport_c/irrigation_interfaces/srv/smart_irrigator__type_support.cpp.o[0m
[4.606s] [ 54%] [32mBuilding CXX object CMakeFiles/irrigation_interfaces__rosidl_typesupport_fastrtps_cpp.dir/rosidl_typesupport_fastrtps_cpp/irrigation_interfaces/srv/detail/dds_fastrtps/smart_irrigator__type_support.cpp.o[0m
[4.622s] [ 57%] [32mBuilding CXX object CMakeFiles/irrigation_interfaces__rosidl_typesupport_fastrtps_c.dir/rosidl_typesupport_fastrtps_c/irrigation_interfaces/srv/detail/smart_irrigator__type_support_c.cpp.o[0m
[4.636s] [ 60%] [32m[1mLinking C shared library libirrigation_interfaces__rosidl_typesupport_introspection_c.so[0m
[4.683s] [ 60%] Built target irrigation_interfaces__rosidl_typesupport_introspection_c
[4.694s] [ 62%] [32m[1mLinking CXX shared library libirrigation_interfaces__rosidl_typesupport_c.so[0m
[4.760s] [ 62%] Built target irrigation_interfaces__rosidl_typesupport_c
[4.997s] [ 65%] [32m[1mLinking CXX shared library libirrigation_interfaces__rosidl_typesupport_cpp.so[0m
[5.015s] [ 68%] [32m[1mLinking CXX shared library libirrigation_interfaces__rosidl_typesupport_introspection_cpp.so[0m
[5.108s] [ 71%] [32m[1mLinking CXX shared library libirrigation_interfaces__rosidl_typesupport_fastrtps_c.so[0m
[5.114s] [ 71%] Built target irrigation_interfaces__rosidl_typesupport_cpp
[5.131s] [ 71%] Built target irrigation_interfaces__rosidl_typesupport_introspection_cpp
[5.219s] [ 71%] Built target irrigation_interfaces__rosidl_typesupport_fastrtps_c
[5.240s] [ 74%] [32m[1mLinking CXX shared library libirrigation_interfaces__rosidl_typesupport_fastrtps_cpp.so[0m
[5.356s] [ 74%] Built target irrigation_interfaces__rosidl_typesupport_fastrtps_cpp
[5.388s] [ 74%] Built target irrigation_interfaces
[5.424s] [ 77%] [34m[1mGenerating Python code for ROS interfaces[0m
[5.756s] [ 77%] Built target irrigation_interfaces__py
[5.788s] [ 80%] [32mBuilding C object CMakeFiles/irrigation_interfaces__rosidl_generator_py.dir/rosidl_generator_py/irrigation_interfaces/srv/_smart_irrigator_s.c.o[0m
[5.963s] [ 82%] [32m[1mLinking C shared library libirrigation_interfaces__rosidl_generator_py.so[0m
[6.037s] [ 82%] Built target irrigation_interfaces__rosidl_generator_py
[6.061s] [ 85%] [32mBuilding C object CMakeFiles/irrigation_interfaces_s__rosidl_typesupport_introspection_c.dir/rosidl_generator_py/irrigation_interfaces/_irrigation_interfaces_s.ep.rosidl_typesupport_introspection_c.c.o[0m
[6.063s] [ 88%] [32mBuilding C object CMakeFiles/irrigation_interfaces_s__rosidl_typesupport_fastrtps_c.dir/rosidl_generator_py/irrigation_interfaces/_irrigation_interfaces_s.ep.rosidl_typesupport_fastrtps_c.c.o[0m
[6.068s] [ 91%] [32mBuilding C object CMakeFiles/irrigation_interfaces_s__rosidl_typesupport_c.dir/rosidl_generator_py/irrigation_interfaces/_irrigation_interfaces_s.ep.rosidl_typesupport_c.c.o[0m
[6.165s] [ 94%] [32m[1mLinking C shared module rosidl_generator_py/irrigation_interfaces/irrigation_interfaces_s__rosidl_typesupport_introspection_c.so[0m
[6.176s] [ 97%] [32m[1mLinking C shared module rosidl_generator_py/irrigation_interfaces/irrigation_interfaces_s__rosidl_typesupport_fastrtps_c.so[0m
[6.179s] [100%] [32m[1mLinking C shared module rosidl_generator_py/irrigation_interfaces/irrigation_interfaces_s__rosidl_typesupport_c.so[0m
[6.201s] [100%] Built target irrigation_interfaces_s__rosidl_typesupport_introspection_c
[6.213s] [100%] Built target irrigation_interfaces_s__rosidl_typesupport_c
[6.218s] [100%] Built target irrigation_interfaces_s__rosidl_typesupport_fastrtps_c
[6.233s] Invoked command in '/home/koji/robotics/robotics-learning/project_ws/build/irrigation_interfaces' returned '0': CMAKE_PREFIX_PATH=${CMAKE_PREFIX_PATH}:/opt/ros/jazzy DEBUGINFOD_URLS=https://debuginfod.ubuntu.com /usr/bin/cmake --build /home/koji/robotics/robotics-learning/project_ws/build/irrigation_interfaces -- -j12 -l12
[6.244s] Invoking command in '/home/koji/robotics/robotics-learning/project_ws/build/irrigation_interfaces': CMAKE_PREFIX_PATH=${CMAKE_PREFIX_PATH}:/opt/ros/jazzy DEBUGINFOD_URLS=https://debuginfod.ubuntu.com /usr/bin/cmake --install /home/koji/robotics/robotics-learning/project_ws/build/irrigation_interfaces
[6.253s] -- Install configuration: ""
[6.254s] -- Execute custom install script
[6.254s] -- Symlinking: /home/koji/robotics/robotics-learning/project_ws/install/irrigation_interfaces/share/ament_index/resource_index/rosidl_interfaces/irrigation_interfaces
[6.275s] -- Symlinking: /home/koji/robotics/robotics-learning/project_ws/install/irrigation_interfaces/share/irrigation_interfaces/srv/SmartIrrigator.json
[6.285s] -- Symlinking: /home/koji/robotics/robotics-learning/project_ws/install/irrigation_interfaces/include/irrigation_interfaces/irrigation_interfaces/msg/rosidl_generator_c__visibility_control.h
[6.295s] -- Symlinking: /home/koji/robotics/robotics-learning/project_ws/install/irrigation_interfaces/include/irrigation_interfaces/irrigation_interfaces/srv/detail/smart_irrigator__functions.h
[6.313s] -- Symlinking: /home/koji/robotics/robotics-learning/project_ws/install/irrigation_interfaces/include/irrigation_interfaces/irrigation_interfaces/srv/detail/smart_irrigator__struct.h
[6.332s] -- Symlinking: /home/koji/robotics/robotics-learning/project_ws/install/irrigation_interfaces/include/irrigation_interfaces/irrigation_interfaces/srv/detail/smart_irrigator__type_support.h
[6.341s] -- Symlinking: /home/koji/robotics/robotics-learning/project_ws/install/irrigation_interfaces/include/irrigation_interfaces/irrigation_interfaces/srv/smart_irrigator.h
[6.351s] -- Symlinking: /home/koji/robotics/robotics-learning/project_ws/install/irrigation_interfaces/share/irrigation_interfaces/environment/library_path.sh
[6.370s] -- Symlinking: /home/koji/robotics/robotics-learning/project_ws/install/irrigation_interfaces/share/irrigation_interfaces/environment/library_path.dsv
[6.391s] -- Symlinking: /home/koji/robotics/robotics-learning/project_ws/install/irrigation_interfaces/include/irrigation_interfaces/irrigation_interfaces/msg/rosidl_typesupport_fastrtps_c__visibility_control.h
[6.401s] -- Symlinking: /home/koji/robotics/robotics-learning/project_ws/install/irrigation_interfaces/include/irrigation_interfaces/irrigation_interfaces/srv/detail/smart_irrigator__rosidl_typesupport_fastrtps_c.h
[6.412s] -- Symlinking: /home/koji/robotics/robotics-learning/project_ws/install/irrigation_interfaces/include/irrigation_interfaces/irrigation_interfaces/msg/rosidl_typesupport_introspection_c__visibility_control.h
[6.423s] -- Symlinking: /home/koji/robotics/robotics-learning/project_ws/install/irrigation_interfaces/include/irrigation_interfaces/irrigation_interfaces/srv/detail/smart_irrigator__rosidl_typesupport_introspection_c.h
[6.434s] -- Symlinking: /home/koji/robotics/robotics-learning/project_ws/install/irrigation_interfaces/include/irrigation_interfaces/irrigation_interfaces/msg/rosidl_generator_cpp__visibility_control.hpp
[6.444s] -- Symlinking: /home/koji/robotics/robotics-learning/project_ws/install/irrigation_interfaces/include/irrigation_interfaces/irrigation_interfaces/srv/detail/smart_irrigator__builder.hpp
[6.463s] -- Symlinking: /home/koji/robotics/robotics-learning/project_ws/install/irrigation_interfaces/include/irrigation_interfaces/irrigation_interfaces/srv/detail/smart_irrigator__struct.hpp
[6.472s] -- Symlinking: /home/koji/robotics/robotics-learning/project_ws/install/irrigation_interfaces/include/irrigation_interfaces/irrigation_interfaces/srv/detail/smart_irrigator__traits.hpp
[6.481s] -- Symlinking: /home/koji/robotics/robotics-learning/project_ws/install/irrigation_interfaces/include/irrigation_interfaces/irrigation_interfaces/srv/detail/smart_irrigator__type_support.hpp
[6.490s] -- Symlinking: /home/koji/robotics/robotics-learning/project_ws/install/irrigation_interfaces/include/irrigation_interfaces/irrigation_interfaces/srv/smart_irrigator.hpp
[6.500s] -- Symlinking: /home/koji/robotics/robotics-learning/project_ws/install/irrigation_interfaces/include/irrigation_interfaces/irrigation_interfaces/msg/rosidl_typesupport_fastrtps_cpp__visibility_control.h
[6.510s] -- Symlinking: /home/koji/robotics/robotics-learning/project_ws/install/irrigation_interfaces/include/irrigation_interfaces/irrigation_interfaces/srv/detail/smart_irrigator__rosidl_typesupport_fastrtps_cpp.hpp
[6.520s] -- Symlinking: /home/koji/robotics/robotics-learning/project_ws/install/irrigation_interfaces/include/irrigation_interfaces/irrigation_interfaces/srv/detail/smart_irrigator__rosidl_typesupport_introspection_cpp.hpp
[6.537s] -- Symlinking: /home/koji/robotics/robotics-learning/project_ws/install/irrigation_interfaces/share/irrigation_interfaces/environment/pythonpath.sh
[6.554s] -- Symlinking: /home/koji/robotics/robotics-learning/project_ws/install/irrigation_interfaces/share/irrigation_interfaces/environment/pythonpath.dsv
[6.564s] -- Symlinking: /home/koji/robotics/robotics-learning/project_ws/install/irrigation_interfaces/lib/python3.12/site-packages/irrigation_interfaces-0.0.0-py3.12.egg-info/PKG-INFO
[6.575s] -- Symlinking: /home/koji/robotics/robotics-learning/project_ws/install/irrigation_interfaces/lib/python3.12/site-packages/irrigation_interfaces-0.0.0-py3.12.egg-info/SOURCES.txt
[6.584s] -- Symlinking: /home/koji/robotics/robotics-learning/project_ws/install/irrigation_interfaces/lib/python3.12/site-packages/irrigation_interfaces-0.0.0-py3.12.egg-info/dependency_links.txt
[6.602s] -- Symlinking: /home/koji/robotics/robotics-learning/project_ws/install/irrigation_interfaces/lib/python3.12/site-packages/irrigation_interfaces-0.0.0-py3.12.egg-info/top_level.txt
[6.620s] -- Symlinking: /home/koji/robotics/robotics-learning/project_ws/install/irrigation_interfaces/lib/python3.12/site-packages/irrigation_interfaces/__init__.py
[6.637s] -- Symlinking: /home/koji/robotics/robotics-learning/project_ws/install/irrigation_interfaces/lib/python3.12/site-packages/irrigation_interfaces/_irrigation_interfaces_s.ep.rosidl_typesupport_c.c
[6.657s] -- Symlinking: /home/koji/robotics/robotics-learning/project_ws/install/irrigation_interfaces/lib/python3.12/site-packages/irrigation_interfaces/_irrigation_interfaces_s.ep.rosidl_typesupport_fastrtps_c.c
[6.667s] -- Symlinking: /home/koji/robotics/robotics-learning/project_ws/install/irrigation_interfaces/lib/python3.12/site-packages/irrigation_interfaces/_irrigation_interfaces_s.ep.rosidl_typesupport_introspection_c.c
[6.677s] -- Symlinking: /home/koji/robotics/robotics-learning/project_ws/install/irrigation_interfaces/lib/python3.12/site-packages/irrigation_interfaces/irrigation_interfaces_s__rosidl_typesupport_c.so
[6.687s] -- Symlinking: /home/koji/robotics/robotics-learning/project_ws/install/irrigation_interfaces/lib/python3.12/site-packages/irrigation_interfaces/irrigation_interfaces_s__rosidl_typesupport_fastrtps_c.so
[6.697s] -- Symlinking: /home/koji/robotics/robotics-learning/project_ws/install/irrigation_interfaces/lib/python3.12/site-packages/irrigation_interfaces/irrigation_interfaces_s__rosidl_typesupport_introspection_c.so
[6.707s] -- Symlinking: /home/koji/robotics/robotics-learning/project_ws/install/irrigation_interfaces/lib/python3.12/site-packages/irrigation_interfaces/srv/__init__.py
[6.717s] -- Symlinking: /home/koji/robotics/robotics-learning/project_ws/install/irrigation_interfaces/lib/python3.12/site-packages/irrigation_interfaces/srv/_smart_irrigator.py
[6.737s] -- Symlinking: /home/koji/robotics/robotics-learning/project_ws/install/irrigation_interfaces/lib/python3.12/site-packages/irrigation_interfaces/srv/_smart_irrigator_s.c
[6.756s] -- Up-to-date symlink: /home/koji/robotics/robotics-learning/project_ws/install/irrigation_interfaces/lib/python3.12/site-packages/irrigation_interfaces/irrigation_interfaces_s__rosidl_typesupport_fastrtps_c.so
[6.756s] -- Up-to-date symlink: /home/koji/robotics/robotics-learning/project_ws/install/irrigation_interfaces/lib/python3.12/site-packages/irrigation_interfaces/irrigation_interfaces_s__rosidl_typesupport_introspection_c.so
[6.756s] -- Up-to-date symlink: /home/koji/robotics/robotics-learning/project_ws/install/irrigation_interfaces/lib/python3.12/site-packages/irrigation_interfaces/irrigation_interfaces_s__rosidl_typesupport_c.so
[6.756s] -- Symlinking: /home/koji/robotics/robotics-learning/project_ws/install/irrigation_interfaces/share/ament_index/resource_index/rust_packages/irrigation_interfaces
[6.768s] -- Symlinking: /home/koji/robotics/robotics-learning/project_ws/install/irrigation_interfaces/share/irrigation_interfaces/rust/Cargo.toml
[6.777s] -- Symlinking: /home/koji/robotics/robotics-learning/project_ws/install/irrigation_interfaces/share/irrigation_interfaces/rust/build.rs
[6.787s] -- Symlinking: /home/koji/robotics/robotics-learning/project_ws/install/irrigation_interfaces/share/irrigation_interfaces/rust/src/lib.rs
[6.797s] -- Symlinking: /home/koji/robotics/robotics-learning/project_ws/install/irrigation_interfaces/share/irrigation_interfaces/rust/src/srv.rs
[6.807s] -- Symlinking: /home/koji/robotics/robotics-learning/project_ws/install/irrigation_interfaces/share/irrigation_interfaces/rust/src/srv/rmw.rs
[6.817s] -- Symlinking: /home/koji/robotics/robotics-learning/project_ws/install/irrigation_interfaces/share/irrigation_interfaces/srv/SmartIrrigator.idl
[6.833s] -- Symlinking: /home/koji/robotics/robotics-learning/project_ws/install/irrigation_interfaces/share/irrigation_interfaces/srv/SmartIrrigator.srv
[6.852s] -- Symlinking: /home/koji/robotics/robotics-learning/project_ws/install/irrigation_interfaces/share/ament_index/resource_index/package_run_dependencies/irrigation_interfaces
[6.862s] -- Symlinking: /home/koji/robotics/robotics-learning/project_ws/install/irrigation_interfaces/share/ament_index/resource_index/parent_prefix_path/irrigation_interfaces
[6.872s] -- Symlinking: /home/koji/robotics/robotics-learning/project_ws/install/irrigation_interfaces/share/irrigation_interfaces/environment/ament_prefix_path.sh
[6.882s] -- Symlinking: /home/koji/robotics/robotics-learning/project_ws/install/irrigation_interfaces/share/irrigation_interfaces/environment/ament_prefix_path.dsv
[6.892s] -- Symlinking: /home/koji/robotics/robotics-learning/project_ws/install/irrigation_interfaces/share/irrigation_interfaces/environment/path.sh
[6.902s] -- Symlinking: /home/koji/robotics/robotics-learning/project_ws/install/irrigation_interfaces/share/irrigation_interfaces/environment/path.dsv
[6.921s] -- Symlinking: /home/koji/robotics/robotics-learning/project_ws/install/irrigation_interfaces/share/irrigation_interfaces/local_setup.bash
[6.939s] -- Symlinking: /home/koji/robotics/robotics-learning/project_ws/install/irrigation_interfaces/share/irrigation_interfaces/local_setup.sh
[6.949s] -- Symlinking: /home/koji/robotics/robotics-learning/project_ws/install/irrigation_interfaces/share/irrigation_interfaces/local_setup.zsh
[6.964s] -- Symlinking: /home/koji/robotics/robotics-learning/project_ws/install/irrigation_interfaces/share/irrigation_interfaces/local_setup.dsv
[6.982s] -- Symlinking: /home/koji/robotics/robotics-learning/project_ws/install/irrigation_interfaces/share/irrigation_interfaces/package.dsv
[6.992s] -- Symlinking: /home/koji/robotics/robotics-learning/project_ws/install/irrigation_interfaces/share/ament_index/resource_index/packages/irrigation_interfaces
[7.002s] -- Symlinking: /home/koji/robotics/robotics-learning/project_ws/install/irrigation_interfaces/share/irrigation_interfaces/cmake/rosidl_cmake-extras.cmake
[7.012s] -- Symlinking: /home/koji/robotics/robotics-learning/project_ws/install/irrigation_interfaces/share/irrigation_interfaces/cmake/ament_cmake_export_dependencies-extras.cmake
[7.022s] -- Symlinking: /home/koji/robotics/robotics-learning/project_ws/install/irrigation_interfaces/share/irrigation_interfaces/cmake/ament_cmake_export_include_directories-extras.cmake
[7.032s] -- Symlinking: /home/koji/robotics/robotics-learning/project_ws/install/irrigation_interfaces/share/irrigation_interfaces/cmake/ament_cmake_export_libraries-extras.cmake
[7.043s] -- Symlinking: /home/koji/robotics/robotics-learning/project_ws/install/irrigation_interfaces/share/irrigation_interfaces/cmake/ament_cmake_export_targets-extras.cmake
[7.062s] -- Symlinking: /home/koji/robotics/robotics-learning/project_ws/install/irrigation_interfaces/share/irrigation_interfaces/cmake/rosidl_cmake_export_typesupport_targets-extras.cmake
[7.071s] -- Symlinking: /home/koji/robotics/robotics-learning/project_ws/install/irrigation_interfaces/share/irrigation_interfaces/cmake/rosidl_cmake_export_typesupport_libraries-extras.cmake
[7.081s] -- Symlinking: /home/koji/robotics/robotics-learning/project_ws/install/irrigation_interfaces/share/irrigation_interfaces/cmake/rosidl_cmake_aggregate_target-extras.cmake
[7.091s] -- Symlinking: /home/koji/robotics/robotics-learning/project_ws/install/irrigation_interfaces/share/irrigation_interfaces/cmake/irrigation_interfacesConfig.cmake
[7.101s] -- Symlinking: /home/koji/robotics/robotics-learning/project_ws/install/irrigation_interfaces/share/irrigation_interfaces/cmake/irrigation_interfacesConfig-version.cmake
[7.110s] -- Symlinking: /home/koji/robotics/robotics-learning/project_ws/install/irrigation_interfaces/share/irrigation_interfaces/package.xml
[7.120s] -- Installing: /home/koji/robotics/robotics-learning/project_ws/install/irrigation_interfaces/lib/libirrigation_interfaces__rosidl_generator_c.so
[7.122s] -- Set non-toolchain portion of runtime path of "/home/koji/robotics/robotics-learning/project_ws/install/irrigation_interfaces/lib/libirrigation_interfaces__rosidl_generator_c.so" to ""
[7.122s] -- Installing: /home/koji/robotics/robotics-learning/project_ws/install/irrigation_interfaces/lib/libirrigation_interfaces__rosidl_typesupport_fastrtps_c.so
[7.123s] -- Set non-toolchain portion of runtime path of "/home/koji/robotics/robotics-learning/project_ws/install/irrigation_interfaces/lib/libirrigation_interfaces__rosidl_typesupport_fastrtps_c.so" to ""
[7.123s] -- Installing: /home/koji/robotics/robotics-learning/project_ws/install/irrigation_interfaces/lib/libirrigation_interfaces__rosidl_typesupport_introspection_c.so
[7.124s] -- Set non-toolchain portion of runtime path of "/home/koji/robotics/robotics-learning/project_ws/install/irrigation_interfaces/lib/libirrigation_interfaces__rosidl_typesupport_introspection_c.so" to ""
[7.124s] -- Installing: /home/koji/robotics/robotics-learning/project_ws/install/irrigation_interfaces/lib/libirrigation_interfaces__rosidl_typesupport_c.so
[7.125s] -- Set non-toolchain portion of runtime path of "/home/koji/robotics/robotics-learning/project_ws/install/irrigation_interfaces/lib/libirrigation_interfaces__rosidl_typesupport_c.so" to ""
[7.125s] -- Installing: /home/koji/robotics/robotics-learning/project_ws/install/irrigation_interfaces/lib/libirrigation_interfaces__rosidl_typesupport_fastrtps_cpp.so
[7.126s] -- Set non-toolchain portion of runtime path of "/home/koji/robotics/robotics-learning/project_ws/install/irrigation_interfaces/lib/libirrigation_interfaces__rosidl_typesupport_fastrtps_cpp.so" to ""
[7.126s] -- Installing: /home/koji/robotics/robotics-learning/project_ws/install/irrigation_interfaces/lib/libirrigation_interfaces__rosidl_typesupport_introspection_cpp.so
[7.127s] -- Set non-toolchain portion of runtime path of "/home/koji/robotics/robotics-learning/project_ws/install/irrigation_interfaces/lib/libirrigation_interfaces__rosidl_typesupport_introspection_cpp.so" to ""
[7.127s] -- Installing: /home/koji/robotics/robotics-learning/project_ws/install/irrigation_interfaces/lib/libirrigation_interfaces__rosidl_typesupport_cpp.so
[7.128s] -- Set non-toolchain portion of runtime path of "/home/koji/robotics/robotics-learning/project_ws/install/irrigation_interfaces/lib/libirrigation_interfaces__rosidl_typesupport_cpp.so" to ""
[7.172s] Listing '/home/koji/robotics/robotics-learning/project_ws/install/irrigation_interfaces/lib/python3.12/site-packages/irrigation_interfaces'...
[7.172s] Compiling '/home/koji/robotics/robotics-learning/project_ws/install/irrigation_interfaces/lib/python3.12/site-packages/irrigation_interfaces/__init__.py'...
[7.172s] Listing '/home/koji/robotics/robotics-learning/project_ws/install/irrigation_interfaces/lib/python3.12/site-packages/irrigation_interfaces/srv'...
[7.173s] Compiling '/home/koji/robotics/robotics-learning/project_ws/install/irrigation_interfaces/lib/python3.12/site-packages/irrigation_interfaces/srv/__init__.py'...
[7.173s] Compiling '/home/koji/robotics/robotics-learning/project_ws/install/irrigation_interfaces/lib/python3.12/site-packages/irrigation_interfaces/srv/_smart_irrigator.py'...
[7.178s] -- Installing: /home/koji/robotics/robotics-learning/project_ws/install/irrigation_interfaces/lib/libirrigation_interfaces__rosidl_generator_py.so
[7.179s] -- Set non-toolchain portion of runtime path of "/home/koji/robotics/robotics-learning/project_ws/install/irrigation_interfaces/lib/libirrigation_interfaces__rosidl_generator_py.so" to ""
[7.179s] -- Installing: /home/koji/robotics/robotics-learning/project_ws/install/irrigation_interfaces/share/irrigation_interfaces/cmake/export_irrigation_interfaces__rosidl_generator_cExport.cmake
[7.179s] -- Installing: /home/koji/robotics/robotics-learning/project_ws/install/irrigation_interfaces/share/irrigation_interfaces/cmake/export_irrigation_interfaces__rosidl_generator_cExport-noconfig.cmake
[7.180s] -- Installing: /home/koji/robotics/robotics-learning/project_ws/install/irrigation_interfaces/share/irrigation_interfaces/cmake/export_irrigation_interfaces__rosidl_typesupport_fastrtps_cExport.cmake
[7.180s] -- Installing: /home/koji/robotics/robotics-learning/project_ws/install/irrigation_interfaces/share/irrigation_interfaces/cmake/export_irrigation_interfaces__rosidl_typesupport_fastrtps_cExport-noconfig.cmake
[7.181s] -- Installing: /home/koji/robotics/robotics-learning/project_ws/install/irrigation_interfaces/share/irrigation_interfaces/cmake/irrigation_interfaces__rosidl_typesupport_introspection_cExport.cmake
[7.181s] -- Installing: /home/koji/robotics/robotics-learning/project_ws/install/irrigation_interfaces/share/irrigation_interfaces/cmake/irrigation_interfaces__rosidl_typesupport_introspection_cExport-noconfig.cmake
[7.181s] -- Installing: /home/koji/robotics/robotics-learning/project_ws/install/irrigation_interfaces/share/irrigation_interfaces/cmake/irrigation_interfaces__rosidl_typesupport_cExport.cmake
[7.182s] -- Installing: /home/koji/robotics/robotics-learning/project_ws/install/irrigation_interfaces/share/irrigation_interfaces/cmake/irrigation_interfaces__rosidl_typesupport_cExport-noconfig.cmake
[7.182s] -- Installing: /home/koji/robotics/robotics-learning/project_ws/install/irrigation_interfaces/share/irrigation_interfaces/cmake/export_irrigation_interfaces__rosidl_generator_cppExport.cmake
[7.183s] -- Installing: /home/koji/robotics/robotics-learning/project_ws/install/irrigation_interfaces/share/irrigation_interfaces/cmake/export_irrigation_interfaces__rosidl_typesupport_fastrtps_cppExport.cmake
[7.183s] -- Installing: /home/koji/robotics/robotics-learning/project_ws/install/irrigation_interfaces/share/irrigation_interfaces/cmake/export_irrigation_interfaces__rosidl_typesupport_fastrtps_cppExport-noconfig.cmake
[7.184s] -- Installing: /home/koji/robotics/robotics-learning/project_ws/install/irrigation_interfaces/share/irrigation_interfaces/cmake/irrigation_interfaces__rosidl_typesupport_introspection_cppExport.cmake
[7.184s] -- Installing: /home/koji/robotics/robotics-learning/project_ws/install/irrigation_interfaces/share/irrigation_interfaces/cmake/irrigation_interfaces__rosidl_typesupport_introspection_cppExport-noconfig.cmake
[7.185s] -- Installing: /home/koji/robotics/robotics-learning/project_ws/install/irrigation_interfaces/share/irrigation_interfaces/cmake/irrigation_interfaces__rosidl_typesupport_cppExport.cmake
[7.185s] -- Installing: /home/koji/robotics/robotics-learning/project_ws/install/irrigation_interfaces/share/irrigation_interfaces/cmake/irrigation_interfaces__rosidl_typesupport_cppExport-noconfig.cmake
[7.185s] -- Installing: /home/koji/robotics/robotics-learning/project_ws/install/irrigation_interfaces/share/irrigation_interfaces/cmake/export_irrigation_interfaces__rosidl_generator_pyExport.cmake
[7.186s] -- Installing: /home/koji/robotics/robotics-learning/project_ws/install/irrigation_interfaces/share/irrigation_interfaces/cmake/export_irrigation_interfaces__rosidl_generator_pyExport-noconfig.cmake
[7.192s] Invoked command in '/home/koji/robotics/robotics-learning/project_ws/build/irrigation_interfaces' returned '0': CMAKE_PREFIX_PATH=${CMAKE_PREFIX_PATH}:/opt/ros/jazzy DEBUGINFOD_URLS=https://debuginfod.ubuntu.com /usr/bin/cmake --install /home/koji/robotics/robotics-learning/project_ws/build/irrigation_interfaces
