[0.013s] Invoking command in '/home/koji/robotics/robotics-learning/project_ws/build/greenhouse_interfaces': CMAKE_PREFIX_PATH=${CMAKE_PREFIX_PATH}:/home/koji/robotics/robotics-learning/project_ws/install/temperature_monitor_pkg:/home/koji/robotics/robotics-learning/project_ws/install/smart_irrigation_system:/home/koji/robotics/robotics-learning/project_ws/install/smart_greenhouse_controller:/home/koji/robotics/robotics-learning/project_ws/install/addition_qlty_checker_pkg:/opt/ros/jazzy DEBUGINFOD_URLS=https://debuginfod.ubuntu.com /usr/bin/cmake --build /home/koji/robotics/robotics-learning/project_ws/build/greenhouse_interfaces -- -j12 -l12
[0.047s] -- Found ament_cmake: 2.5.6 (/opt/ros/jazzy/share/ament_cmake/cmake)
[0.284s] -- Override CMake install command with custom implementation using symlinks instead of copying resources
[0.302s] -- Found rosidl_default_generators: 1.6.1 (/opt/ros/jazzy/share/rosidl_default_generators/cmake)
[0.310s] -- Using all available rosidl_typesupport_c: rosidl_typesupport_fastrtps_c;rosidl_typesupport_introspection_c
[0.358s] -- Using all available rosidl_typesupport_cpp: rosidl_typesupport_fastrtps_cpp;rosidl_typesupport_introspection_cpp
[0.386s] -- Found rosidl_adapter: 4.6.9 (/opt/ros/jazzy/share/rosidl_adapter/cmake)
[1.204s] -- Found ament_cmake_ros: 0.12.1 (/opt/ros/jazzy/share/ament_cmake_ros/cmake)
[1.831s] -- Using all available rosidl_typesupport_c: rosidl_typesupport_fastrtps_c;rosidl_typesupport_introspection_c
[2.622s] -- Using all available rosidl_typesupport_cpp: rosidl_typesupport_fastrtps_cpp;rosidl_typesupport_introspection_cpp
[2.635s] -- Found python_cmake_module: 0.11.1 (/opt/ros/jazzy/share/python_cmake_module/cmake)
[2.816s] -- Found PythonExtra: /usr/bin/python3  
[3.298s] -- Found Python3: /usr/bin/python3 (found version "3.12.3") found components: Interpreter Development NumPy Development.Module Development.Embed 
[3.409s] -- Found Python3: /usr/bin/python3 (found version "3.12.3") found components: Interpreter 
[3.412s] -- Found ament_lint_auto: 0.17.5 (/opt/ros/jazzy/share/ament_lint_auto/cmake)
[3.433s] -- Added test 'lint_cmake' to check CMake code style
[3.434s] -- Added test 'xmllint' to check XML markup files
[3.439s] -- Configuring done (3.4s)
[3.491s] -- Generating done (0.0s)
[3.506s] -- Build files have been written to: /home/koji/robotics/robotics-learning/project_ws/build/greenhouse_interfaces
[3.556s] [  2%] [34m[1mGenerating type hashes for ROS interfaces[0m
[3.558s] [  4%] [34m[1mGenerating Rust code for ROS interfaces[0m
[3.574s] [  4%] Built target ament_cmake_python_symlink_greenhouse_interfaces
[3.893s] [  4%] Built target greenhouse_interfaces__rosidl_generator_type_description
[3.904s] [  6%] [34m[1mGenerating C code for ROS interfaces[0m
[3.915s] [  8%] [34m[1mGenerating C++ code for ROS interfaces[0m
[3.922s] running egg_info
[3.922s] creating greenhouse_interfaces.egg-info
[3.940s] writing greenhouse_interfaces.egg-info/PKG-INFO
[3.940s] writing dependency_links to greenhouse_interfaces.egg-info/dependency_links.txt
[3.940s] writing top-level names to greenhouse_interfaces.egg-info/top_level.txt
[3.940s] writing manifest file 'greenhouse_interfaces.egg-info/SOURCES.txt'
[3.979s] [  8%] Built target greenhouse_interfaces__rs
[3.995s] reading manifest file 'greenhouse_interfaces.egg-info/SOURCES.txt'
[3.996s] writing manifest file 'greenhouse_interfaces.egg-info/SOURCES.txt'
[4.034s] [  8%] Built target ament_cmake_python_build_greenhouse_interfaces_egg
[4.223s] [  8%] Built target greenhouse_interfaces__cpp
[4.271s] [ 11%] [32mBuilding C object CMakeFiles/greenhouse_interfaces__rosidl_generator_c.dir/rosidl_generator_c/greenhouse_interfaces/msg/detail/sensor__description.c.o[0m
[4.272s] [ 13%] [32mBuilding C object CMakeFiles/greenhouse_interfaces__rosidl_generator_c.dir/rosidl_generator_c/greenhouse_interfaces/msg/detail/sensor__functions.c.o[0m
[4.272s] [ 20%] [32mBuilding C object CMakeFiles/greenhouse_interfaces__rosidl_generator_c.dir/rosidl_generator_c/greenhouse_interfaces/msg/detail/sensor__type_support.c.o[0m
[4.272s] [ 20%] [32mBuilding C object CMakeFiles/greenhouse_interfaces__rosidl_generator_c.dir/rosidl_generator_c/greenhouse_interfaces/srv/detail/sensor__functions.c.o[0m
[4.273s] [ 20%] [32mBuilding C object CMakeFiles/greenhouse_interfaces__rosidl_generator_c.dir/rosidl_generator_c/greenhouse_interfaces/srv/detail/sensor__description.c.o[0m
[4.279s] [ 22%] [32mBuilding C object CMakeFiles/greenhouse_interfaces__rosidl_generator_c.dir/rosidl_generator_c/greenhouse_interfaces/srv/detail/sensor__type_support.c.o[0m
[4.384s] [ 24%] [32m[1mLinking C shared library libgreenhouse_interfaces__rosidl_generator_c.so[0m
[4.458s] [ 24%] Built target greenhouse_interfaces__rosidl_generator_c
[4.473s] [ 31%] [34m[1mGenerating C++ type support dispatch for ROS interfaces[0m
[4.473s] [ 31%] [34m[1mGenerating C++ type support for eProsima Fast-RTPS[0m
[4.473s] [ 31%] [34m[1mGenerating C introspection for ROS interfaces[0m
[4.474s] [ 35%] [34m[1mGenerating C type support dispatch for ROS interfaces[0m
[4.474s] [ 35%] [34m[1mGenerating C type support for eProsima Fast-RTPS[0m
[4.475s] [ 37%] [34m[1mGenerating C++ introspection for ROS interfaces[0m
[4.756s] [ 42%] [32mBuilding CXX object CMakeFiles/greenhouse_interfaces__rosidl_typesupport_cpp.dir/rosidl_typesupport_cpp/greenhouse_interfaces/msg/sensor__type_support.cpp.o[0m
[4.756s] [ 42%] [32mBuilding CXX object CMakeFiles/greenhouse_interfaces__rosidl_typesupport_cpp.dir/rosidl_typesupport_cpp/greenhouse_interfaces/srv/sensor__type_support.cpp.o[0m
[4.807s] [ 44%] [32mBuilding C object CMakeFiles/greenhouse_interfaces__rosidl_typesupport_introspection_c.dir/rosidl_typesupport_introspection_c/greenhouse_interfaces/msg/detail/sensor__type_support.c.o[0m
[4.808s] [ 51%] [32mBuilding CXX object CMakeFiles/greenhouse_interfaces__rosidl_typesupport_introspection_cpp.dir/rosidl_typesupport_introspection_cpp/greenhouse_interfaces/msg/detail/sensor__type_support.cpp.o[0m
[4.808s] [ 51%] [32mBuilding C object CMakeFiles/greenhouse_interfaces__rosidl_typesupport_introspection_c.dir/rosidl_typesupport_introspection_c/greenhouse_interfaces/srv/detail/sensor__type_support.c.o[0m
[4.808s] [ 51%] [32mBuilding CXX object CMakeFiles/greenhouse_interfaces__rosidl_typesupport_introspection_cpp.dir/rosidl_typesupport_introspection_cpp/greenhouse_interfaces/srv/detail/sensor__type_support.cpp.o[0m
[4.878s] [ 53%] [32mBuilding CXX object CMakeFiles/greenhouse_interfaces__rosidl_typesupport_c.dir/rosidl_typesupport_c/greenhouse_interfaces/msg/sensor__type_support.cpp.o[0m
[4.879s] [ 55%] [32mBuilding CXX object CMakeFiles/greenhouse_interfaces__rosidl_typesupport_c.dir/rosidl_typesupport_c/greenhouse_interfaces/srv/sensor__type_support.cpp.o[0m
[4.882s] [ 57%] [32m[1mLinking C shared library libgreenhouse_interfaces__rosidl_typesupport_introspection_c.so[0m
[4.886s] [ 60%] [32mBuilding CXX object CMakeFiles/greenhouse_interfaces__rosidl_typesupport_fastrtps_c.dir/rosidl_typesupport_fastrtps_c/greenhouse_interfaces/msg/detail/sensor__type_support_c.cpp.o[0m
[4.889s] [ 62%] [32mBuilding CXX object CMakeFiles/greenhouse_interfaces__rosidl_typesupport_fastrtps_c.dir/rosidl_typesupport_fastrtps_c/greenhouse_interfaces/srv/detail/sensor__type_support_c.cpp.o[0m
[4.928s] [ 62%] Built target greenhouse_interfaces__rosidl_typesupport_introspection_c
[4.957s] [ 64%] [32m[1mLinking CXX shared library libgreenhouse_interfaces__rosidl_typesupport_c.so[0m
[4.988s] [ 68%] [32mBuilding CXX object CMakeFiles/greenhouse_interfaces__rosidl_typesupport_fastrtps_cpp.dir/rosidl_typesupport_fastrtps_cpp/greenhouse_interfaces/msg/detail/dds_fastrtps/sensor__type_support.cpp.o[0m
[4.988s] [ 68%] [32mBuilding CXX object CMakeFiles/greenhouse_interfaces__rosidl_typesupport_fastrtps_cpp.dir/rosidl_typesupport_fastrtps_cpp/greenhouse_interfaces/srv/detail/dds_fastrtps/sensor__type_support.cpp.o[0m
[5.024s] [ 68%] Built target greenhouse_interfaces__rosidl_typesupport_c
[5.380s] [ 71%] [32m[1mLinking CXX shared library libgreenhouse_interfaces__rosidl_typesupport_cpp.so[0m
[5.396s] [ 73%] [32m[1mLinking CXX shared library libgreenhouse_interfaces__rosidl_typesupport_introspection_cpp.so[0m
[5.512s] [ 73%] Built target greenhouse_interfaces__rosidl_typesupport_cpp
[5.530s] [ 73%] Built target greenhouse_interfaces__rosidl_typesupport_introspection_cpp
[5.544s] [ 75%] [32m[1mLinking CXX shared library libgreenhouse_interfaces__rosidl_typesupport_fastrtps_c.so[0m
[5.642s] [ 75%] Built target greenhouse_interfaces__rosidl_typesupport_fastrtps_c
[5.714s] [ 77%] [32m[1mLinking CXX shared library libgreenhouse_interfaces__rosidl_typesupport_fastrtps_cpp.so[0m
[5.831s] [ 77%] Built target greenhouse_interfaces__rosidl_typesupport_fastrtps_cpp
[5.857s] [ 77%] Built target greenhouse_interfaces
[5.898s] [ 80%] [34m[1mGenerating Python code for ROS interfaces[0m
[6.289s] [ 80%] Built target greenhouse_interfaces__py
[6.313s] [ 84%] [32mBuilding C object CMakeFiles/greenhouse_interfaces__rosidl_generator_py.dir/rosidl_generator_py/greenhouse_interfaces/msg/_sensor_s.c.o[0m
[6.314s] [ 84%] [32mBuilding C object CMakeFiles/greenhouse_interfaces__rosidl_generator_py.dir/rosidl_generator_py/greenhouse_interfaces/srv/_sensor_s.c.o[0m
[6.510s] [ 86%] [32m[1mLinking C shared library libgreenhouse_interfaces__rosidl_generator_py.so[0m
[6.560s] [ 86%] Built target greenhouse_interfaces__rosidl_generator_py
[6.583s] [ 88%] [32mBuilding C object CMakeFiles/greenhouse_interfaces_s__rosidl_typesupport_introspection_c.dir/rosidl_generator_py/greenhouse_interfaces/_greenhouse_interfaces_s.ep.rosidl_typesupport_introspection_c.c.o[0m
[6.585s] [ 91%] [32mBuilding C object CMakeFiles/greenhouse_interfaces_s__rosidl_typesupport_c.dir/rosidl_generator_py/greenhouse_interfaces/_greenhouse_interfaces_s.ep.rosidl_typesupport_c.c.o[0m
[6.592s] [ 93%] [32mBuilding C object CMakeFiles/greenhouse_interfaces_s__rosidl_typesupport_fastrtps_c.dir/rosidl_generator_py/greenhouse_interfaces/_greenhouse_interfaces_s.ep.rosidl_typesupport_fastrtps_c.c.o[0m
[6.688s] [ 95%] [32m[1mLinking C shared module rosidl_generator_py/greenhouse_interfaces/greenhouse_interfaces_s__rosidl_typesupport_introspection_c.so[0m
[6.700s] [ 97%] [32m[1mLinking C shared module rosidl_generator_py/greenhouse_interfaces/greenhouse_interfaces_s__rosidl_typesupport_c.so[0m
[6.702s] [100%] [32m[1mLinking C shared module rosidl_generator_py/greenhouse_interfaces/greenhouse_interfaces_s__rosidl_typesupport_fastrtps_c.so[0m
[6.730s] [100%] Built target greenhouse_interfaces_s__rosidl_typesupport_introspection_c
[6.739s] [100%] Built target greenhouse_interfaces_s__rosidl_typesupport_fastrtps_c
[6.744s] [100%] Built target greenhouse_interfaces_s__rosidl_typesupport_c
[6.759s] Invoked command in '/home/koji/robotics/robotics-learning/project_ws/build/greenhouse_interfaces' returned '0': CMAKE_PREFIX_PATH=${CMAKE_PREFIX_PATH}:/home/koji/robotics/robotics-learning/project_ws/install/temperature_monitor_pkg:/home/koji/robotics/robotics-learning/project_ws/install/smart_irrigation_system:/home/koji/robotics/robotics-learning/project_ws/install/smart_greenhouse_controller:/home/koji/robotics/robotics-learning/project_ws/install/addition_qlty_checker_pkg:/opt/ros/jazzy DEBUGINFOD_URLS=https://debuginfod.ubuntu.com /usr/bin/cmake --build /home/koji/robotics/robotics-learning/project_ws/build/greenhouse_interfaces -- -j12 -l12
[6.772s] Invoking command in '/home/koji/robotics/robotics-learning/project_ws/build/greenhouse_interfaces': CMAKE_PREFIX_PATH=${CMAKE_PREFIX_PATH}:/home/koji/robotics/robotics-learning/project_ws/install/temperature_monitor_pkg:/home/koji/robotics/robotics-learning/project_ws/install/smart_irrigation_system:/home/koji/robotics/robotics-learning/project_ws/install/smart_greenhouse_controller:/home/koji/robotics/robotics-learning/project_ws/install/addition_qlty_checker_pkg:/opt/ros/jazzy DEBUGINFOD_URLS=https://debuginfod.ubuntu.com /usr/bin/cmake --install /home/koji/robotics/robotics-learning/project_ws/build/greenhouse_interfaces
[6.780s] -- Install configuration: ""
[6.780s] -- Execute custom install script
[6.781s] -- Symlinking: /home/koji/robotics/robotics-learning/project_ws/install/greenhouse_interfaces/share/ament_index/resource_index/rosidl_interfaces/greenhouse_interfaces
[6.796s] -- Symlinking: /home/koji/robotics/robotics-learning/project_ws/install/greenhouse_interfaces/share/greenhouse_interfaces/msg/Sensor.json
[6.810s] -- Symlinking: /home/koji/robotics/robotics-learning/project_ws/install/greenhouse_interfaces/share/greenhouse_interfaces/srv/Sensor.json
[6.829s] -- Symlinking: /home/koji/robotics/robotics-learning/project_ws/install/greenhouse_interfaces/include/greenhouse_interfaces/greenhouse_interfaces/msg/detail/sensor__functions.h
[6.846s] -- Symlinking: /home/koji/robotics/robotics-learning/project_ws/install/greenhouse_interfaces/include/greenhouse_interfaces/greenhouse_interfaces/msg/detail/sensor__struct.h
[6.867s] -- Symlinking: /home/koji/robotics/robotics-learning/project_ws/install/greenhouse_interfaces/include/greenhouse_interfaces/greenhouse_interfaces/msg/detail/sensor__type_support.h
[6.876s] -- Symlinking: /home/koji/robotics/robotics-learning/project_ws/install/greenhouse_interfaces/include/greenhouse_interfaces/greenhouse_interfaces/msg/rosidl_generator_c__visibility_control.h
[6.886s] -- Symlinking: /home/koji/robotics/robotics-learning/project_ws/install/greenhouse_interfaces/include/greenhouse_interfaces/greenhouse_interfaces/msg/sensor.h
[6.895s] -- Symlinking: /home/koji/robotics/robotics-learning/project_ws/install/greenhouse_interfaces/include/greenhouse_interfaces/greenhouse_interfaces/srv/detail/sensor__functions.h
[6.905s] -- Symlinking: /home/koji/robotics/robotics-learning/project_ws/install/greenhouse_interfaces/include/greenhouse_interfaces/greenhouse_interfaces/srv/detail/sensor__struct.h
[6.915s] -- Symlinking: /home/koji/robotics/robotics-learning/project_ws/install/greenhouse_interfaces/include/greenhouse_interfaces/greenhouse_interfaces/srv/detail/sensor__type_support.h
[6.926s] -- Symlinking: /home/koji/robotics/robotics-learning/project_ws/install/greenhouse_interfaces/include/greenhouse_interfaces/greenhouse_interfaces/srv/sensor.h
[6.936s] -- Symlinking: /home/koji/robotics/robotics-learning/project_ws/install/greenhouse_interfaces/share/greenhouse_interfaces/environment/library_path.sh
[6.953s] -- Symlinking: /home/koji/robotics/robotics-learning/project_ws/install/greenhouse_interfaces/share/greenhouse_interfaces/environment/library_path.dsv
[6.973s] -- Symlinking: /home/koji/robotics/robotics-learning/project_ws/install/greenhouse_interfaces/include/greenhouse_interfaces/greenhouse_interfaces/msg/detail/sensor__rosidl_typesupport_fastrtps_c.h
[6.983s] -- Symlinking: /home/koji/robotics/robotics-learning/project_ws/install/greenhouse_interfaces/include/greenhouse_interfaces/greenhouse_interfaces/msg/rosidl_typesupport_fastrtps_c__visibility_control.h
[6.992s] -- Symlinking: /home/koji/robotics/robotics-learning/project_ws/install/greenhouse_interfaces/include/greenhouse_interfaces/greenhouse_interfaces/srv/detail/sensor__rosidl_typesupport_fastrtps_c.h
[7.002s] -- Symlinking: /home/koji/robotics/robotics-learning/project_ws/install/greenhouse_interfaces/include/greenhouse_interfaces/greenhouse_interfaces/msg/detail/sensor__rosidl_typesupport_introspection_c.h
[7.013s] -- Symlinking: /home/koji/robotics/robotics-learning/project_ws/install/greenhouse_interfaces/include/greenhouse_interfaces/greenhouse_interfaces/msg/rosidl_typesupport_introspection_c__visibility_control.h
[7.022s] -- Symlinking: /home/koji/robotics/robotics-learning/project_ws/install/greenhouse_interfaces/include/greenhouse_interfaces/greenhouse_interfaces/srv/detail/sensor__rosidl_typesupport_introspection_c.h
[7.034s] -- Symlinking: /home/koji/robotics/robotics-learning/project_ws/install/greenhouse_interfaces/include/greenhouse_interfaces/greenhouse_interfaces/msg/detail/sensor__builder.hpp
[7.044s] -- Symlinking: /home/koji/robotics/robotics-learning/project_ws/install/greenhouse_interfaces/include/greenhouse_interfaces/greenhouse_interfaces/msg/detail/sensor__struct.hpp
[7.062s] -- Symlinking: /home/koji/robotics/robotics-learning/project_ws/install/greenhouse_interfaces/include/greenhouse_interfaces/greenhouse_interfaces/msg/detail/sensor__traits.hpp
[7.078s] -- Symlinking: /home/koji/robotics/robotics-learning/project_ws/install/greenhouse_interfaces/include/greenhouse_interfaces/greenhouse_interfaces/msg/detail/sensor__type_support.hpp
[7.091s] -- Symlinking: /home/koji/robotics/robotics-learning/project_ws/install/greenhouse_interfaces/include/greenhouse_interfaces/greenhouse_interfaces/msg/rosidl_generator_cpp__visibility_control.hpp
[7.104s] -- Symlinking: /home/koji/robotics/robotics-learning/project_ws/install/greenhouse_interfaces/include/greenhouse_interfaces/greenhouse_interfaces/msg/sensor.hpp
[7.120s] -- Symlinking: /home/koji/robotics/robotics-learning/project_ws/install/greenhouse_interfaces/include/greenhouse_interfaces/greenhouse_interfaces/srv/detail/sensor__builder.hpp
[7.134s] -- Symlinking: /home/koji/robotics/robotics-learning/project_ws/install/greenhouse_interfaces/include/greenhouse_interfaces/greenhouse_interfaces/srv/detail/sensor__struct.hpp
[7.146s] -- Symlinking: /home/koji/robotics/robotics-learning/project_ws/install/greenhouse_interfaces/include/greenhouse_interfaces/greenhouse_interfaces/srv/detail/sensor__traits.hpp
[7.158s] -- Symlinking: /home/koji/robotics/robotics-learning/project_ws/install/greenhouse_interfaces/include/greenhouse_interfaces/greenhouse_interfaces/srv/detail/sensor__type_support.hpp
[7.168s] -- Symlinking: /home/koji/robotics/robotics-learning/project_ws/install/greenhouse_interfaces/include/greenhouse_interfaces/greenhouse_interfaces/srv/sensor.hpp
[7.179s] -- Symlinking: /home/koji/robotics/robotics-learning/project_ws/install/greenhouse_interfaces/include/greenhouse_interfaces/greenhouse_interfaces/msg/detail/sensor__rosidl_typesupport_fastrtps_cpp.hpp
[7.190s] -- Symlinking: /home/koji/robotics/robotics-learning/project_ws/install/greenhouse_interfaces/include/greenhouse_interfaces/greenhouse_interfaces/msg/rosidl_typesupport_fastrtps_cpp__visibility_control.h
[7.200s] -- Symlinking: /home/koji/robotics/robotics-learning/project_ws/install/greenhouse_interfaces/include/greenhouse_interfaces/greenhouse_interfaces/srv/detail/sensor__rosidl_typesupport_fastrtps_cpp.hpp
[7.212s] -- Symlinking: /home/koji/robotics/robotics-learning/project_ws/install/greenhouse_interfaces/include/greenhouse_interfaces/greenhouse_interfaces/msg/detail/sensor__rosidl_typesupport_introspection_cpp.hpp
[7.223s] -- Symlinking: /home/koji/robotics/robotics-learning/project_ws/install/greenhouse_interfaces/include/greenhouse_interfaces/greenhouse_interfaces/srv/detail/sensor__rosidl_typesupport_introspection_cpp.hpp
[7.234s] -- Symlinking: /home/koji/robotics/robotics-learning/project_ws/install/greenhouse_interfaces/share/greenhouse_interfaces/environment/pythonpath.sh
[7.251s] -- Symlinking: /home/koji/robotics/robotics-learning/project_ws/install/greenhouse_interfaces/share/greenhouse_interfaces/environment/pythonpath.dsv
[7.263s] -- Symlinking: /home/koji/robotics/robotics-learning/project_ws/install/greenhouse_interfaces/lib/python3.12/site-packages/greenhouse_interfaces-0.0.0-py3.12.egg-info/PKG-INFO
[7.272s] -- Symlinking: /home/koji/robotics/robotics-learning/project_ws/install/greenhouse_interfaces/lib/python3.12/site-packages/greenhouse_interfaces-0.0.0-py3.12.egg-info/SOURCES.txt
[7.283s] -- Symlinking: /home/koji/robotics/robotics-learning/project_ws/install/greenhouse_interfaces/lib/python3.12/site-packages/greenhouse_interfaces-0.0.0-py3.12.egg-info/dependency_links.txt
[7.293s] -- Symlinking: /home/koji/robotics/robotics-learning/project_ws/install/greenhouse_interfaces/lib/python3.12/site-packages/greenhouse_interfaces-0.0.0-py3.12.egg-info/top_level.txt
[7.304s] -- Symlinking: /home/koji/robotics/robotics-learning/project_ws/install/greenhouse_interfaces/lib/python3.12/site-packages/greenhouse_interfaces/__init__.py
[7.315s] -- Symlinking: /home/koji/robotics/robotics-learning/project_ws/install/greenhouse_interfaces/lib/python3.12/site-packages/greenhouse_interfaces/_greenhouse_interfaces_s.ep.rosidl_typesupport_c.c
[7.327s] -- Symlinking: /home/koji/robotics/robotics-learning/project_ws/install/greenhouse_interfaces/lib/python3.12/site-packages/greenhouse_interfaces/_greenhouse_interfaces_s.ep.rosidl_typesupport_fastrtps_c.c
[7.338s] -- Symlinking: /home/koji/robotics/robotics-learning/project_ws/install/greenhouse_interfaces/lib/python3.12/site-packages/greenhouse_interfaces/_greenhouse_interfaces_s.ep.rosidl_typesupport_introspection_c.c
[7.348s] -- Symlinking: /home/koji/robotics/robotics-learning/project_ws/install/greenhouse_interfaces/lib/python3.12/site-packages/greenhouse_interfaces/greenhouse_interfaces_s__rosidl_typesupport_c.so
[7.358s] -- Symlinking: /home/koji/robotics/robotics-learning/project_ws/install/greenhouse_interfaces/lib/python3.12/site-packages/greenhouse_interfaces/greenhouse_interfaces_s__rosidl_typesupport_fastrtps_c.so
[7.376s] -- Symlinking: /home/koji/robotics/robotics-learning/project_ws/install/greenhouse_interfaces/lib/python3.12/site-packages/greenhouse_interfaces/greenhouse_interfaces_s__rosidl_typesupport_introspection_c.so
[7.396s] -- Symlinking: /home/koji/robotics/robotics-learning/project_ws/install/greenhouse_interfaces/lib/python3.12/site-packages/greenhouse_interfaces/msg/__init__.py
[7.406s] -- Symlinking: /home/koji/robotics/robotics-learning/project_ws/install/greenhouse_interfaces/lib/python3.12/site-packages/greenhouse_interfaces/msg/_sensor.py
[7.416s] -- Symlinking: /home/koji/robotics/robotics-learning/project_ws/install/greenhouse_interfaces/lib/python3.12/site-packages/greenhouse_interfaces/msg/_sensor_s.c
[7.426s] -- Symlinking: /home/koji/robotics/robotics-learning/project_ws/install/greenhouse_interfaces/lib/python3.12/site-packages/greenhouse_interfaces/srv/__init__.py
[7.445s] -- Symlinking: /home/koji/robotics/robotics-learning/project_ws/install/greenhouse_interfaces/lib/python3.12/site-packages/greenhouse_interfaces/srv/_sensor.py
[7.466s] -- Symlinking: /home/koji/robotics/robotics-learning/project_ws/install/greenhouse_interfaces/lib/python3.12/site-packages/greenhouse_interfaces/srv/_sensor_s.c
[7.476s] -- Up-to-date symlink: /home/koji/robotics/robotics-learning/project_ws/install/greenhouse_interfaces/lib/python3.12/site-packages/greenhouse_interfaces/greenhouse_interfaces_s__rosidl_typesupport_fastrtps_c.so
[7.477s] -- Up-to-date symlink: /home/koji/robotics/robotics-learning/project_ws/install/greenhouse_interfaces/lib/python3.12/site-packages/greenhouse_interfaces/greenhouse_interfaces_s__rosidl_typesupport_introspection_c.so
[7.477s] -- Up-to-date symlink: /home/koji/robotics/robotics-learning/project_ws/install/greenhouse_interfaces/lib/python3.12/site-packages/greenhouse_interfaces/greenhouse_interfaces_s__rosidl_typesupport_c.so
[7.477s] -- Symlinking: /home/koji/robotics/robotics-learning/project_ws/install/greenhouse_interfaces/share/ament_index/resource_index/rust_packages/greenhouse_interfaces
[7.488s] -- Symlinking: /home/koji/robotics/robotics-learning/project_ws/install/greenhouse_interfaces/share/greenhouse_interfaces/rust/Cargo.toml
[7.498s] -- Symlinking: /home/koji/robotics/robotics-learning/project_ws/install/greenhouse_interfaces/share/greenhouse_interfaces/rust/build.rs
[7.508s] -- Symlinking: /home/koji/robotics/robotics-learning/project_ws/install/greenhouse_interfaces/share/greenhouse_interfaces/rust/src/lib.rs
[7.518s] -- Symlinking: /home/koji/robotics/robotics-learning/project_ws/install/greenhouse_interfaces/share/greenhouse_interfaces/rust/src/msg.rs
[7.529s] -- Symlinking: /home/koji/robotics/robotics-learning/project_ws/install/greenhouse_interfaces/share/greenhouse_interfaces/rust/src/msg/rmw.rs
[7.539s] -- Symlinking: /home/koji/robotics/robotics-learning/project_ws/install/greenhouse_interfaces/share/greenhouse_interfaces/rust/src/srv.rs
[7.549s] -- Symlinking: /home/koji/robotics/robotics-learning/project_ws/install/greenhouse_interfaces/share/greenhouse_interfaces/rust/src/srv/rmw.rs
[7.559s] -- Symlinking: /home/koji/robotics/robotics-learning/project_ws/install/greenhouse_interfaces/share/greenhouse_interfaces/msg/Sensor.idl
[7.570s] -- Symlinking: /home/koji/robotics/robotics-learning/project_ws/install/greenhouse_interfaces/share/greenhouse_interfaces/srv/Sensor.idl
[7.589s] -- Symlinking: /home/koji/robotics/robotics-learning/project_ws/install/greenhouse_interfaces/share/greenhouse_interfaces/msg/Sensor.msg
[7.608s] -- Symlinking: /home/koji/robotics/robotics-learning/project_ws/install/greenhouse_interfaces/share/greenhouse_interfaces/srv/Sensor.srv
[7.620s] -- Up-to-date symlink: /home/koji/robotics/robotics-learning/project_ws/install/greenhouse_interfaces/share/ament_index/resource_index/package_run_dependencies/greenhouse_interfaces
[7.620s] -- Up-to-date symlink: /home/koji/robotics/robotics-learning/project_ws/install/greenhouse_interfaces/share/ament_index/resource_index/parent_prefix_path/greenhouse_interfaces
[7.620s] -- Up-to-date symlink: /home/koji/robotics/robotics-learning/project_ws/install/greenhouse_interfaces/share/greenhouse_interfaces/environment/ament_prefix_path.sh
[7.621s] -- Up-to-date symlink: /home/koji/robotics/robotics-learning/project_ws/install/greenhouse_interfaces/share/greenhouse_interfaces/environment/ament_prefix_path.dsv
[7.622s] -- Up-to-date symlink: /home/koji/robotics/robotics-learning/project_ws/install/greenhouse_interfaces/share/greenhouse_interfaces/environment/path.sh
[7.622s] -- Up-to-date symlink: /home/koji/robotics/robotics-learning/project_ws/install/greenhouse_interfaces/share/greenhouse_interfaces/environment/path.dsv
[7.623s] -- Up-to-date symlink: /home/koji/robotics/robotics-learning/project_ws/install/greenhouse_interfaces/share/greenhouse_interfaces/local_setup.bash
[7.624s] -- Up-to-date symlink: /home/koji/robotics/robotics-learning/project_ws/install/greenhouse_interfaces/share/greenhouse_interfaces/local_setup.sh
[7.624s] -- Up-to-date symlink: /home/koji/robotics/robotics-learning/project_ws/install/greenhouse_interfaces/share/greenhouse_interfaces/local_setup.zsh
[7.625s] -- Up-to-date symlink: /home/koji/robotics/robotics-learning/project_ws/install/greenhouse_interfaces/share/greenhouse_interfaces/local_setup.dsv
[7.625s] -- Symlinking: /home/koji/robotics/robotics-learning/project_ws/install/greenhouse_interfaces/share/greenhouse_interfaces/package.dsv
[7.637s] -- Up-to-date symlink: /home/koji/robotics/robotics-learning/project_ws/install/greenhouse_interfaces/share/ament_index/resource_index/packages/greenhouse_interfaces
[7.637s] -- Symlinking: /home/koji/robotics/robotics-learning/project_ws/install/greenhouse_interfaces/share/greenhouse_interfaces/cmake/rosidl_cmake-extras.cmake
[7.649s] -- Symlinking: /home/koji/robotics/robotics-learning/project_ws/install/greenhouse_interfaces/share/greenhouse_interfaces/cmake/ament_cmake_export_dependencies-extras.cmake
[7.659s] -- Symlinking: /home/koji/robotics/robotics-learning/project_ws/install/greenhouse_interfaces/share/greenhouse_interfaces/cmake/ament_cmake_export_include_directories-extras.cmake
[7.671s] -- Symlinking: /home/koji/robotics/robotics-learning/project_ws/install/greenhouse_interfaces/share/greenhouse_interfaces/cmake/ament_cmake_export_libraries-extras.cmake
[7.681s] -- Symlinking: /home/koji/robotics/robotics-learning/project_ws/install/greenhouse_interfaces/share/greenhouse_interfaces/cmake/ament_cmake_export_targets-extras.cmake
[7.692s] -- Symlinking: /home/koji/robotics/robotics-learning/project_ws/install/greenhouse_interfaces/share/greenhouse_interfaces/cmake/rosidl_cmake_export_typesupport_targets-extras.cmake
[7.703s] -- Symlinking: /home/koji/robotics/robotics-learning/project_ws/install/greenhouse_interfaces/share/greenhouse_interfaces/cmake/rosidl_cmake_export_typesupport_libraries-extras.cmake
[7.714s] -- Symlinking: /home/koji/robotics/robotics-learning/project_ws/install/greenhouse_interfaces/share/greenhouse_interfaces/cmake/rosidl_cmake_aggregate_target-extras.cmake
[7.725s] -- Up-to-date symlink: /home/koji/robotics/robotics-learning/project_ws/install/greenhouse_interfaces/share/greenhouse_interfaces/cmake/greenhouse_interfacesConfig.cmake
[7.726s] -- Up-to-date symlink: /home/koji/robotics/robotics-learning/project_ws/install/greenhouse_interfaces/share/greenhouse_interfaces/cmake/greenhouse_interfacesConfig-version.cmake
[7.726s] -- Up-to-date symlink: /home/koji/robotics/robotics-learning/project_ws/install/greenhouse_interfaces/share/greenhouse_interfaces/package.xml
[7.727s] -- Installing: /home/koji/robotics/robotics-learning/project_ws/install/greenhouse_interfaces/lib/libgreenhouse_interfaces__rosidl_generator_c.so
[7.728s] -- Set non-toolchain portion of runtime path of "/home/koji/robotics/robotics-learning/project_ws/install/greenhouse_interfaces/lib/libgreenhouse_interfaces__rosidl_generator_c.so" to ""
[7.729s] -- Installing: /home/koji/robotics/robotics-learning/project_ws/install/greenhouse_interfaces/lib/libgreenhouse_interfaces__rosidl_typesupport_fastrtps_c.so
[7.730s] -- Set non-toolchain portion of runtime path of "/home/koji/robotics/robotics-learning/project_ws/install/greenhouse_interfaces/lib/libgreenhouse_interfaces__rosidl_typesupport_fastrtps_c.so" to ""
[7.730s] -- Installing: /home/koji/robotics/robotics-learning/project_ws/install/greenhouse_interfaces/lib/libgreenhouse_interfaces__rosidl_typesupport_introspection_c.so
[7.731s] -- Set non-toolchain portion of runtime path of "/home/koji/robotics/robotics-learning/project_ws/install/greenhouse_interfaces/lib/libgreenhouse_interfaces__rosidl_typesupport_introspection_c.so" to ""
[7.732s] -- Installing: /home/koji/robotics/robotics-learning/project_ws/install/greenhouse_interfaces/lib/libgreenhouse_interfaces__rosidl_typesupport_c.so
[7.733s] -- Set non-toolchain portion of runtime path of "/home/koji/robotics/robotics-learning/project_ws/install/greenhouse_interfaces/lib/libgreenhouse_interfaces__rosidl_typesupport_c.so" to ""
[7.733s] -- Installing: /home/koji/robotics/robotics-learning/project_ws/install/greenhouse_interfaces/lib/libgreenhouse_interfaces__rosidl_typesupport_fastrtps_cpp.so
[7.735s] -- Set non-toolchain portion of runtime path of "/home/koji/robotics/robotics-learning/project_ws/install/greenhouse_interfaces/lib/libgreenhouse_interfaces__rosidl_typesupport_fastrtps_cpp.so" to ""
[7.735s] -- Installing: /home/koji/robotics/robotics-learning/project_ws/install/greenhouse_interfaces/lib/libgreenhouse_interfaces__rosidl_typesupport_introspection_cpp.so
[7.736s] -- Set non-toolchain portion of runtime path of "/home/koji/robotics/robotics-learning/project_ws/install/greenhouse_interfaces/lib/libgreenhouse_interfaces__rosidl_typesupport_introspection_cpp.so" to ""
[7.737s] -- Installing: /home/koji/robotics/robotics-learning/project_ws/install/greenhouse_interfaces/lib/libgreenhouse_interfaces__rosidl_typesupport_cpp.so
[7.738s] -- Set non-toolchain portion of runtime path of "/home/koji/robotics/robotics-learning/project_ws/install/greenhouse_interfaces/lib/libgreenhouse_interfaces__rosidl_typesupport_cpp.so" to ""
[7.788s] Listing '/home/koji/robotics/robotics-learning/project_ws/install/greenhouse_interfaces/lib/python3.12/site-packages/greenhouse_interfaces'...
[7.789s] Compiling '/home/koji/robotics/robotics-learning/project_ws/install/greenhouse_interfaces/lib/python3.12/site-packages/greenhouse_interfaces/__init__.py'...
[7.789s] Listing '/home/koji/robotics/robotics-learning/project_ws/install/greenhouse_interfaces/lib/python3.12/site-packages/greenhouse_interfaces/msg'...
[7.789s] Compiling '/home/koji/robotics/robotics-learning/project_ws/install/greenhouse_interfaces/lib/python3.12/site-packages/greenhouse_interfaces/msg/__init__.py'...
[7.789s] Compiling '/home/koji/robotics/robotics-learning/project_ws/install/greenhouse_interfaces/lib/python3.12/site-packages/greenhouse_interfaces/msg/_sensor.py'...
[7.789s] Listing '/home/koji/robotics/robotics-learning/project_ws/install/greenhouse_interfaces/lib/python3.12/site-packages/greenhouse_interfaces/srv'...
[7.789s] Compiling '/home/koji/robotics/robotics-learning/project_ws/install/greenhouse_interfaces/lib/python3.12/site-packages/greenhouse_interfaces/srv/__init__.py'...
[7.789s] Compiling '/home/koji/robotics/robotics-learning/project_ws/install/greenhouse_interfaces/lib/python3.12/site-packages/greenhouse_interfaces/srv/_sensor.py'...
[7.795s] -- Installing: /home/koji/robotics/robotics-learning/project_ws/install/greenhouse_interfaces/lib/libgreenhouse_interfaces__rosidl_generator_py.so
[7.796s] -- Set non-toolchain portion of runtime path of "/home/koji/robotics/robotics-learning/project_ws/install/greenhouse_interfaces/lib/libgreenhouse_interfaces__rosidl_generator_py.so" to ""
[7.796s] -- Installing: /home/koji/robotics/robotics-learning/project_ws/install/greenhouse_interfaces/share/greenhouse_interfaces/cmake/export_greenhouse_interfaces__rosidl_generator_cExport.cmake
[7.797s] -- Installing: /home/koji/robotics/robotics-learning/project_ws/install/greenhouse_interfaces/share/greenhouse_interfaces/cmake/export_greenhouse_interfaces__rosidl_generator_cExport-noconfig.cmake
[7.797s] -- Installing: /home/koji/robotics/robotics-learning/project_ws/install/greenhouse_interfaces/share/greenhouse_interfaces/cmake/export_greenhouse_interfaces__rosidl_typesupport_fastrtps_cExport.cmake
[7.798s] -- Installing: /home/koji/robotics/robotics-learning/project_ws/install/greenhouse_interfaces/share/greenhouse_interfaces/cmake/export_greenhouse_interfaces__rosidl_typesupport_fastrtps_cExport-noconfig.cmake
[7.798s] -- Installing: /home/koji/robotics/robotics-learning/project_ws/install/greenhouse_interfaces/share/greenhouse_interfaces/cmake/greenhouse_interfaces__rosidl_typesupport_introspection_cExport.cmake
[7.798s] -- Installing: /home/koji/robotics/robotics-learning/project_ws/install/greenhouse_interfaces/share/greenhouse_interfaces/cmake/greenhouse_interfaces__rosidl_typesupport_introspection_cExport-noconfig.cmake
[7.799s] -- Installing: /home/koji/robotics/robotics-learning/project_ws/install/greenhouse_interfaces/share/greenhouse_interfaces/cmake/greenhouse_interfaces__rosidl_typesupport_cExport.cmake
[7.799s] -- Installing: /home/koji/robotics/robotics-learning/project_ws/install/greenhouse_interfaces/share/greenhouse_interfaces/cmake/greenhouse_interfaces__rosidl_typesupport_cExport-noconfig.cmake
[7.800s] -- Installing: /home/koji/robotics/robotics-learning/project_ws/install/greenhouse_interfaces/share/greenhouse_interfaces/cmake/export_greenhouse_interfaces__rosidl_generator_cppExport.cmake
[7.800s] -- Installing: /home/koji/robotics/robotics-learning/project_ws/install/greenhouse_interfaces/share/greenhouse_interfaces/cmake/export_greenhouse_interfaces__rosidl_typesupport_fastrtps_cppExport.cmake
[7.801s] -- Installing: /home/koji/robotics/robotics-learning/project_ws/install/greenhouse_interfaces/share/greenhouse_interfaces/cmake/export_greenhouse_interfaces__rosidl_typesupport_fastrtps_cppExport-noconfig.cmake
[7.801s] -- Installing: /home/koji/robotics/robotics-learning/project_ws/install/greenhouse_interfaces/share/greenhouse_interfaces/cmake/greenhouse_interfaces__rosidl_typesupport_introspection_cppExport.cmake
[7.802s] -- Installing: /home/koji/robotics/robotics-learning/project_ws/install/greenhouse_interfaces/share/greenhouse_interfaces/cmake/greenhouse_interfaces__rosidl_typesupport_introspection_cppExport-noconfig.cmake
[7.802s] -- Installing: /home/koji/robotics/robotics-learning/project_ws/install/greenhouse_interfaces/share/greenhouse_interfaces/cmake/greenhouse_interfaces__rosidl_typesupport_cppExport.cmake
[7.803s] -- Installing: /home/koji/robotics/robotics-learning/project_ws/install/greenhouse_interfaces/share/greenhouse_interfaces/cmake/greenhouse_interfaces__rosidl_typesupport_cppExport-noconfig.cmake
[7.803s] -- Installing: /home/koji/robotics/robotics-learning/project_ws/install/greenhouse_interfaces/share/greenhouse_interfaces/cmake/export_greenhouse_interfaces__rosidl_generator_pyExport.cmake
[7.804s] -- Installing: /home/koji/robotics/robotics-learning/project_ws/install/greenhouse_interfaces/share/greenhouse_interfaces/cmake/export_greenhouse_interfaces__rosidl_generator_pyExport-noconfig.cmake
[7.810s] Invoked command in '/home/koji/robotics/robotics-learning/project_ws/build/greenhouse_interfaces' returned '0': CMAKE_PREFIX_PATH=${CMAKE_PREFIX_PATH}:/home/koji/robotics/robotics-learning/project_ws/install/temperature_monitor_pkg:/home/koji/robotics/robotics-learning/project_ws/install/smart_irrigation_system:/home/koji/robotics/robotics-learning/project_ws/install/smart_greenhouse_controller:/home/koji/robotics/robotics-learning/project_ws/install/addition_qlty_checker_pkg:/opt/ros/jazzy DEBUGINFOD_URLS=https://debuginfod.ubuntu.com /usr/bin/cmake --install /home/koji/robotics/robotics-learning/project_ws/build/greenhouse_interfaces
