[0.099s] DEBUG:colcon:Command line arguments: ['/usr/bin/colcon', 'build', '--packages-select', 'irrigation_interfaces', '--symlink-install']
[0.099s] DEBUG:colcon:Parsed command line arguments: Namespace(log_base=None, log_level=None, verb_name='build', build_base='build', install_base='install', merge_install=False, symlink_install=True, test_result_base=None, continue_on_error=False, executor='parallel', parallel_workers=12, event_handlers=None, ignore_user_meta=False, metas=['./colcon.meta'], base_paths=['.'], packages_ignore=None, packages_ignore_regex=None, paths=None, packages_up_to=None, packages_up_to_regex=None, packages_above=None, packages_above_and_dependencies=None, packages_above_depth=None, packages_select_by_dep=None, packages_skip_by_dep=None, packages_skip_up_to=None, packages_select_build_failed=False, packages_skip_build_finished=False, packages_select_test_failures=False, packages_skip_test_passed=False, packages_select=['irrigation_interfaces'], packages_skip=None, packages_select_regex=None, packages_skip_regex=None, packages_start=None, packages_end=None, allow_overriding=[], cmake_args=None, cmake_target=None, cmake_target_skip_unavailable=False, cmake_clean_cache=False, cmake_clean_first=False, cmake_force_configure=False, ament_cmake_args=None, catkin_cmake_args=None, catkin_skip_building_tests=False, mixin_files=None, mixin=None, verb_parser=<colcon_mixin.mixin.mixin_argument.MixinArgumentDecorator object at 0x706549d76ea0>, verb_extension=<colcon_core.verb.build.BuildVerb object at 0x706549d76b40>, main=<bound method BuildVerb.main of <colcon_core.verb.build.BuildVerb object at 0x706549d76b40>>, mixin_verb=('build',))
[0.133s] Level 1:colcon.colcon_core.package_discovery:discover_packages(colcon_meta) check parameters
[0.133s] Level 1:colcon.colcon_core.package_discovery:discover_packages(recursive) check parameters
[0.133s] Level 1:colcon.colcon_core.package_discovery:discover_packages(ignore) check parameters
[0.133s] Level 1:colcon.colcon_core.package_discovery:discover_packages(path) check parameters
[0.133s] Level 1:colcon.colcon_core.package_discovery:discover_packages(colcon_meta) discover
[0.133s] Level 1:colcon.colcon_core.package_discovery:discover_packages(recursive) discover
[0.133s] INFO:colcon.colcon_core.package_discovery:Crawling recursively for packages in '/home/koji/robotics/robotics-learning/project_ws'
[0.133s] Level 1:colcon.colcon_core.package_identification:_identify(.) by extensions ['ignore', 'ignore_ament_install']
[0.133s] Level 1:colcon.colcon_core.package_identification:_identify(.) by extension 'ignore'
[0.133s] Level 1:colcon.colcon_core.package_identification:_identify(.) by extension 'ignore_ament_install'
[0.133s] Level 1:colcon.colcon_core.package_identification:_identify(.) by extensions ['colcon_pkg']
[0.133s] Level 1:colcon.colcon_core.package_identification:_identify(.) by extension 'colcon_pkg'
[0.133s] Level 1:colcon.colcon_core.package_identification:_identify(.) by extensions ['colcon_meta']
[0.133s] Level 1:colcon.colcon_core.package_identification:_identify(.) by extension 'colcon_meta'
[0.133s] Level 1:colcon.colcon_core.package_identification:_identify(.) by extensions ['ros']
[0.133s] Level 1:colcon.colcon_core.package_identification:_identify(.) by extension 'ros'
[0.156s] Level 1:colcon.colcon_core.package_identification:_identify(.) by extensions ['cmake', 'python']
[0.156s] Level 1:colcon.colcon_core.package_identification:_identify(.) by extension 'cmake'
[0.156s] Level 1:colcon.colcon_core.package_identification:_identify(.) by extension 'python'
[0.156s] Level 1:colcon.colcon_core.package_identification:_identify(.) by extensions ['python_setup_py']
[0.156s] Level 1:colcon.colcon_core.package_identification:_identify(.) by extension 'python_setup_py'
[0.157s] Level 1:colcon.colcon_core.package_identification:_identify(build) by extensions ['ignore', 'ignore_ament_install']
[0.157s] Level 1:colcon.colcon_core.package_identification:_identify(build) by extension 'ignore'
[0.157s] Level 1:colcon.colcon_core.package_identification:_identify(build) ignored
[0.157s] Level 1:colcon.colcon_core.package_identification:_identify(install) by extensions ['ignore', 'ignore_ament_install']
[0.157s] Level 1:colcon.colcon_core.package_identification:_identify(install) by extension 'ignore'
[0.157s] Level 1:colcon.colcon_core.package_identification:_identify(install) ignored
[0.157s] Level 1:colcon.colcon_core.package_identification:_identify(log) by extensions ['ignore', 'ignore_ament_install']
[0.157s] Level 1:colcon.colcon_core.package_identification:_identify(log) by extension 'ignore'
[0.157s] Level 1:colcon.colcon_core.package_identification:_identify(log) ignored
[0.157s] Level 1:colcon.colcon_core.package_identification:_identify(src) by extensions ['ignore', 'ignore_ament_install']
[0.157s] Level 1:colcon.colcon_core.package_identification:_identify(src) by extension 'ignore'
[0.157s] Level 1:colcon.colcon_core.package_identification:_identify(src) by extension 'ignore_ament_install'
[0.157s] Level 1:colcon.colcon_core.package_identification:_identify(src) by extensions ['colcon_pkg']
[0.157s] Level 1:colcon.colcon_core.package_identification:_identify(src) by extension 'colcon_pkg'
[0.157s] Level 1:colcon.colcon_core.package_identification:_identify(src) by extensions ['colcon_meta']
[0.157s] Level 1:colcon.colcon_core.package_identification:_identify(src) by extension 'colcon_meta'
[0.157s] Level 1:colcon.colcon_core.package_identification:_identify(src) by extensions ['ros']
[0.157s] Level 1:colcon.colcon_core.package_identification:_identify(src) by extension 'ros'
[0.158s] Level 1:colcon.colcon_core.package_identification:_identify(src) by extensions ['cmake', 'python']
[0.158s] Level 1:colcon.colcon_core.package_identification:_identify(src) by extension 'cmake'
[0.158s] Level 1:colcon.colcon_core.package_identification:_identify(src) by extension 'python'
[0.158s] Level 1:colcon.colcon_core.package_identification:_identify(src) by extensions ['python_setup_py']
[0.158s] Level 1:colcon.colcon_core.package_identification:_identify(src) by extension 'python_setup_py'
[0.158s] Level 1:colcon.colcon_core.package_identification:_identify(src/addition_qlty_checker_pkg) by extensions ['ignore', 'ignore_ament_install']
[0.158s] Level 1:colcon.colcon_core.package_identification:_identify(src/addition_qlty_checker_pkg) by extension 'ignore'
[0.158s] Level 1:colcon.colcon_core.package_identification:_identify(src/addition_qlty_checker_pkg) by extension 'ignore_ament_install'
[0.158s] Level 1:colcon.colcon_core.package_identification:_identify(src/addition_qlty_checker_pkg) by extensions ['colcon_pkg']
[0.158s] Level 1:colcon.colcon_core.package_identification:_identify(src/addition_qlty_checker_pkg) by extension 'colcon_pkg'
[0.158s] Level 1:colcon.colcon_core.package_identification:_identify(src/addition_qlty_checker_pkg) by extensions ['colcon_meta']
[0.158s] Level 1:colcon.colcon_core.package_identification:_identify(src/addition_qlty_checker_pkg) by extension 'colcon_meta'
[0.158s] Level 1:colcon.colcon_core.package_identification:_identify(src/addition_qlty_checker_pkg) by extensions ['ros']
[0.158s] Level 1:colcon.colcon_core.package_identification:_identify(src/addition_qlty_checker_pkg) by extension 'ros'
[0.160s] DEBUG:colcon.colcon_core.package_identification:Package 'src/addition_qlty_checker_pkg' with type 'ros.ament_python' and name 'addition_qlty_checker_pkg'
[0.160s] Level 1:colcon.colcon_core.package_identification:_identify(src/irrigation_interfaces) by extensions ['ignore', 'ignore_ament_install']
[0.160s] Level 1:colcon.colcon_core.package_identification:_identify(src/irrigation_interfaces) by extension 'ignore'
[0.160s] Level 1:colcon.colcon_core.package_identification:_identify(src/irrigation_interfaces) by extension 'ignore_ament_install'
[0.160s] Level 1:colcon.colcon_core.package_identification:_identify(src/irrigation_interfaces) by extensions ['colcon_pkg']
[0.160s] Level 1:colcon.colcon_core.package_identification:_identify(src/irrigation_interfaces) by extension 'colcon_pkg'
[0.160s] Level 1:colcon.colcon_core.package_identification:_identify(src/irrigation_interfaces) by extensions ['colcon_meta']
[0.161s] Level 1:colcon.colcon_core.package_identification:_identify(src/irrigation_interfaces) by extension 'colcon_meta'
[0.161s] Level 1:colcon.colcon_core.package_identification:_identify(src/irrigation_interfaces) by extensions ['ros']
[0.161s] Level 1:colcon.colcon_core.package_identification:_identify(src/irrigation_interfaces) by extension 'ros'
[0.161s] DEBUG:colcon.colcon_core.package_identification:Package 'src/irrigation_interfaces' with type 'ros.ament_cmake' and name 'irrigation_interfaces'
[0.161s] Level 1:colcon.colcon_core.package_identification:_identify(src/smart_irrigation_system) by extensions ['ignore', 'ignore_ament_install']
[0.161s] Level 1:colcon.colcon_core.package_identification:_identify(src/smart_irrigation_system) by extension 'ignore'
[0.161s] Level 1:colcon.colcon_core.package_identification:_identify(src/smart_irrigation_system) by extension 'ignore_ament_install'
[0.161s] Level 1:colcon.colcon_core.package_identification:_identify(src/smart_irrigation_system) by extensions ['colcon_pkg']
[0.161s] Level 1:colcon.colcon_core.package_identification:_identify(src/smart_irrigation_system) by extension 'colcon_pkg'
[0.161s] Level 1:colcon.colcon_core.package_identification:_identify(src/smart_irrigation_system) by extensions ['colcon_meta']
[0.161s] Level 1:colcon.colcon_core.package_identification:_identify(src/smart_irrigation_system) by extension 'colcon_meta'
[0.161s] Level 1:colcon.colcon_core.package_identification:_identify(src/smart_irrigation_system) by extensions ['ros']
[0.161s] Level 1:colcon.colcon_core.package_identification:_identify(src/smart_irrigation_system) by extension 'ros'
[0.162s] DEBUG:colcon.colcon_core.package_identification:Package 'src/smart_irrigation_system' with type 'ros.ament_python' and name 'smart_irrigation_system'
[0.162s] Level 1:colcon.colcon_core.package_identification:_identify(src/temperature_monitor_pkg) by extensions ['ignore', 'ignore_ament_install']
[0.162s] Level 1:colcon.colcon_core.package_identification:_identify(src/temperature_monitor_pkg) by extension 'ignore'
[0.162s] Level 1:colcon.colcon_core.package_identification:_identify(src/temperature_monitor_pkg) by extension 'ignore_ament_install'
[0.162s] Level 1:colcon.colcon_core.package_identification:_identify(src/temperature_monitor_pkg) by extensions ['colcon_pkg']
[0.162s] Level 1:colcon.colcon_core.package_identification:_identify(src/temperature_monitor_pkg) by extension 'colcon_pkg'
[0.162s] Level 1:colcon.colcon_core.package_identification:_identify(src/temperature_monitor_pkg) by extensions ['colcon_meta']
[0.162s] Level 1:colcon.colcon_core.package_identification:_identify(src/temperature_monitor_pkg) by extension 'colcon_meta'
[0.162s] Level 1:colcon.colcon_core.package_identification:_identify(src/temperature_monitor_pkg) by extensions ['ros']
[0.162s] Level 1:colcon.colcon_core.package_identification:_identify(src/temperature_monitor_pkg) by extension 'ros'
[0.162s] DEBUG:colcon.colcon_core.package_identification:Package 'src/temperature_monitor_pkg' with type 'ros.ament_python' and name 'temperature_monitor_pkg'
[0.163s] Level 1:colcon.colcon_core.package_discovery:discover_packages(recursive) using defaults
[0.163s] Level 1:colcon.colcon_core.package_discovery:discover_packages(ignore) discover
[0.163s] Level 1:colcon.colcon_core.package_discovery:discover_packages(ignore) using defaults
[0.163s] Level 1:colcon.colcon_core.package_discovery:discover_packages(path) discover
[0.163s] Level 1:colcon.colcon_core.package_discovery:discover_packages(path) using defaults
[0.178s] INFO:colcon.colcon_core.package_selection:Skipping not selected package 'addition_qlty_checker_pkg' in 'src/addition_qlty_checker_pkg'
[0.179s] INFO:colcon.colcon_core.package_selection:Skipping not selected package 'smart_irrigation_system' in 'src/smart_irrigation_system'
[0.179s] INFO:colcon.colcon_core.package_selection:Skipping not selected package 'temperature_monitor_pkg' in 'src/temperature_monitor_pkg'
[0.179s] Level 1:colcon.colcon_core.package_discovery:discover_packages(prefix_path) check parameters
[0.179s] Level 1:colcon.colcon_core.package_discovery:discover_packages(prefix_path) discover
[0.182s] DEBUG:colcon.colcon_installed_package_information.package_discovery:Found 288 installed packages in /opt/ros/jazzy
[0.182s] Level 1:colcon.colcon_core.package_discovery:discover_packages(prefix_path) using defaults
[0.221s] Level 5:colcon.colcon_core.verb:set package 'irrigation_interfaces' build argument 'cmake_args' from command line to 'None'
[0.221s] Level 5:colcon.colcon_core.verb:set package 'irrigation_interfaces' build argument 'cmake_target' from command line to 'None'
[0.221s] Level 5:colcon.colcon_core.verb:set package 'irrigation_interfaces' build argument 'cmake_target_skip_unavailable' from command line to 'False'
[0.221s] Level 5:colcon.colcon_core.verb:set package 'irrigation_interfaces' build argument 'cmake_clean_cache' from command line to 'False'
[0.221s] Level 5:colcon.colcon_core.verb:set package 'irrigation_interfaces' build argument 'cmake_clean_first' from command line to 'False'
[0.221s] Level 5:colcon.colcon_core.verb:set package 'irrigation_interfaces' build argument 'cmake_force_configure' from command line to 'False'
[0.221s] Level 5:colcon.colcon_core.verb:set package 'irrigation_interfaces' build argument 'ament_cmake_args' from command line to 'None'
[0.221s] Level 5:colcon.colcon_core.verb:set package 'irrigation_interfaces' build argument 'catkin_cmake_args' from command line to 'None'
[0.221s] Level 5:colcon.colcon_core.verb:set package 'irrigation_interfaces' build argument 'catkin_skip_building_tests' from command line to 'False'
[0.221s] DEBUG:colcon.colcon_core.verb:Building package 'irrigation_interfaces' with the following arguments: {'ament_cmake_args': None, 'build_base': '/home/koji/robotics/robotics-learning/project_ws/build/irrigation_interfaces', 'catkin_cmake_args': None, 'catkin_skip_building_tests': False, 'cmake_args': None, 'cmake_clean_cache': False, 'cmake_clean_first': False, 'cmake_force_configure': False, 'cmake_target': None, 'cmake_target_skip_unavailable': False, 'install_base': '/home/koji/robotics/robotics-learning/project_ws/install/irrigation_interfaces', 'merge_install': False, 'path': '/home/koji/robotics/robotics-learning/project_ws/src/irrigation_interfaces', 'symlink_install': True, 'test_result_base': None}
[0.221s] INFO:colcon.colcon_core.executor:Executing jobs using 'parallel' executor
[0.222s] DEBUG:colcon.colcon_parallel_executor.executor.parallel:run_until_complete
[0.223s] INFO:colcon.colcon_ros.task.ament_cmake.build:Building ROS package in '/home/koji/robotics/robotics-learning/project_ws/src/irrigation_interfaces' with build type 'ament_cmake'
[0.223s] INFO:colcon.colcon_cmake.task.cmake.build:Building CMake package in '/home/koji/robotics/robotics-learning/project_ws/src/irrigation_interfaces'
[0.225s] INFO:colcon.colcon_core.plugin_system:Skipping extension 'colcon_core.shell.bat': Not used on non-Windows systems
[0.225s] INFO:colcon.colcon_core.shell:Skip shell extension 'powershell' for command environment: Not usable outside of PowerShell
[0.225s] DEBUG:colcon.colcon_core.shell:Skip shell extension 'dsv' for command environment
[0.236s] DEBUG:colcon.colcon_core.event_handler.log_command:Invoking command in '/home/koji/robotics/robotics-learning/project_ws/build/irrigation_interfaces': CMAKE_PREFIX_PATH=${CMAKE_PREFIX_PATH}:/opt/ros/jazzy DEBUGINFOD_URLS=https://debuginfod.ubuntu.com /usr/bin/cmake /home/koji/robotics/robotics-learning/project_ws/src/irrigation_interfaces -DAMENT_CMAKE_SYMLINK_INSTALL=1 -DCMAKE_INSTALL_PREFIX=/home/koji/robotics/robotics-learning/project_ws/install/irrigation_interfaces
[3.703s] DEBUG:colcon.colcon_core.event_handler.log_command:Invoked command in '/home/koji/robotics/robotics-learning/project_ws/build/irrigation_interfaces' returned '0': CMAKE_PREFIX_PATH=${CMAKE_PREFIX_PATH}:/opt/ros/jazzy DEBUGINFOD_URLS=https://debuginfod.ubuntu.com /usr/bin/cmake /home/koji/robotics/robotics-learning/project_ws/src/irrigation_interfaces -DAMENT_CMAKE_SYMLINK_INSTALL=1 -DCMAKE_INSTALL_PREFIX=/home/koji/robotics/robotics-learning/project_ws/install/irrigation_interfaces
[3.704s] DEBUG:colcon.colcon_core.event_handler.log_command:Invoking command in '/home/koji/robotics/robotics-learning/project_ws/build/irrigation_interfaces': CMAKE_PREFIX_PATH=${CMAKE_PREFIX_PATH}:/opt/ros/jazzy DEBUGINFOD_URLS=https://debuginfod.ubuntu.com /usr/bin/cmake --build /home/koji/robotics/robotics-learning/project_ws/build/irrigation_interfaces -- -j12 -l12
[6.457s] DEBUG:colcon.colcon_core.event_handler.log_command:Invoked command in '/home/koji/robotics/robotics-learning/project_ws/build/irrigation_interfaces' returned '0': CMAKE_PREFIX_PATH=${CMAKE_PREFIX_PATH}:/opt/ros/jazzy DEBUGINFOD_URLS=https://debuginfod.ubuntu.com /usr/bin/cmake --build /home/koji/robotics/robotics-learning/project_ws/build/irrigation_interfaces -- -j12 -l12
[6.468s] DEBUG:colcon.colcon_core.event_handler.log_command:Invoking command in '/home/koji/robotics/robotics-learning/project_ws/build/irrigation_interfaces': CMAKE_PREFIX_PATH=${CMAKE_PREFIX_PATH}:/opt/ros/jazzy DEBUGINFOD_URLS=https://debuginfod.ubuntu.com /usr/bin/cmake --install /home/koji/robotics/robotics-learning/project_ws/build/irrigation_interfaces
[7.415s] Level 1:colcon.colcon_core.environment:create_environment_scripts_only(irrigation_interfaces)
[7.416s] DEBUG:colcon.colcon_core.event_handler.log_command:Invoked command in '/home/koji/robotics/robotics-learning/project_ws/build/irrigation_interfaces' returned '0': CMAKE_PREFIX_PATH=${CMAKE_PREFIX_PATH}:/opt/ros/jazzy DEBUGINFOD_URLS=https://debuginfod.ubuntu.com /usr/bin/cmake --install /home/koji/robotics/robotics-learning/project_ws/build/irrigation_interfaces
[7.418s] Level 1:colcon.colcon_core.environment:checking '/home/koji/robotics/robotics-learning/project_ws/install/irrigation_interfaces' for CMake module files
[7.419s] Level 1:colcon.colcon_core.environment:checking '/home/koji/robotics/robotics-learning/project_ws/install/irrigation_interfaces' for CMake config files
[7.419s] Level 1:colcon.colcon_core.shell:create_environment_hook('irrigation_interfaces', 'cmake_prefix_path')
[7.419s] INFO:colcon.colcon_core.shell:Creating environment hook '/home/koji/robotics/robotics-learning/project_ws/install/irrigation_interfaces/share/irrigation_interfaces/hook/cmake_prefix_path.ps1'
[7.420s] INFO:colcon.colcon_core.shell:Creating environment descriptor '/home/koji/robotics/robotics-learning/project_ws/install/irrigation_interfaces/share/irrigation_interfaces/hook/cmake_prefix_path.dsv'
[7.420s] INFO:colcon.colcon_core.shell:Creating environment hook '/home/koji/robotics/robotics-learning/project_ws/install/irrigation_interfaces/share/irrigation_interfaces/hook/cmake_prefix_path.sh'
[7.421s] Level 1:colcon.colcon_core.environment:checking '/home/koji/robotics/robotics-learning/project_ws/install/irrigation_interfaces/lib'
[7.421s] Level 1:colcon.colcon_core.shell:create_environment_hook('irrigation_interfaces', 'ld_library_path_lib')
[7.421s] INFO:colcon.colcon_core.shell:Creating environment hook '/home/koji/robotics/robotics-learning/project_ws/install/irrigation_interfaces/share/irrigation_interfaces/hook/ld_library_path_lib.ps1'
[7.422s] INFO:colcon.colcon_core.shell:Creating environment descriptor '/home/koji/robotics/robotics-learning/project_ws/install/irrigation_interfaces/share/irrigation_interfaces/hook/ld_library_path_lib.dsv'
[7.422s] INFO:colcon.colcon_core.shell:Creating environment hook '/home/koji/robotics/robotics-learning/project_ws/install/irrigation_interfaces/share/irrigation_interfaces/hook/ld_library_path_lib.sh'
[7.422s] Level 1:colcon.colcon_core.environment:checking '/home/koji/robotics/robotics-learning/project_ws/install/irrigation_interfaces/bin'
[7.422s] Level 1:colcon.colcon_core.environment:checking '/home/koji/robotics/robotics-learning/project_ws/install/irrigation_interfaces/lib/pkgconfig/irrigation_interfaces.pc'
[7.423s] Level 1:colcon.colcon_core.environment:checking '/home/koji/robotics/robotics-learning/project_ws/install/irrigation_interfaces/lib/python3.12/site-packages'
[7.423s] Level 1:colcon.colcon_core.shell:create_environment_hook('irrigation_interfaces', 'pythonpath')
[7.423s] INFO:colcon.colcon_core.shell:Creating environment hook '/home/koji/robotics/robotics-learning/project_ws/install/irrigation_interfaces/share/irrigation_interfaces/hook/pythonpath.ps1'
[7.423s] INFO:colcon.colcon_core.shell:Creating environment descriptor '/home/koji/robotics/robotics-learning/project_ws/install/irrigation_interfaces/share/irrigation_interfaces/hook/pythonpath.dsv'
[7.423s] INFO:colcon.colcon_core.shell:Creating environment hook '/home/koji/robotics/robotics-learning/project_ws/install/irrigation_interfaces/share/irrigation_interfaces/hook/pythonpath.sh'
[7.424s] Level 1:colcon.colcon_core.environment:checking '/home/koji/robotics/robotics-learning/project_ws/install/irrigation_interfaces/bin'
[7.424s] INFO:colcon.colcon_core.shell:Creating package script '/home/koji/robotics/robotics-learning/project_ws/install/irrigation_interfaces/share/irrigation_interfaces/package.ps1'
[7.425s] INFO:colcon.colcon_core.shell:Creating package descriptor '/home/koji/robotics/robotics-learning/project_ws/install/irrigation_interfaces/share/irrigation_interfaces/package.dsv'
[7.425s] INFO:colcon.colcon_core.shell:Creating package script '/home/koji/robotics/robotics-learning/project_ws/install/irrigation_interfaces/share/irrigation_interfaces/package.sh'
[7.426s] INFO:colcon.colcon_core.shell:Creating package script '/home/koji/robotics/robotics-learning/project_ws/install/irrigation_interfaces/share/irrigation_interfaces/package.bash'
[7.426s] INFO:colcon.colcon_core.shell:Creating package script '/home/koji/robotics/robotics-learning/project_ws/install/irrigation_interfaces/share/irrigation_interfaces/package.zsh'
[7.427s] Level 1:colcon.colcon_core.environment:create_file_with_runtime_dependencies(/home/koji/robotics/robotics-learning/project_ws/install/irrigation_interfaces/share/colcon-core/packages/irrigation_interfaces)
[7.428s] Level 1:colcon.colcon_core.environment:create_environment_scripts_only(irrigation_interfaces)
[7.428s] Level 1:colcon.colcon_core.environment:checking '/home/koji/robotics/robotics-learning/project_ws/install/irrigation_interfaces' for CMake module files
[7.428s] Level 1:colcon.colcon_core.environment:checking '/home/koji/robotics/robotics-learning/project_ws/install/irrigation_interfaces' for CMake config files
[7.429s] Level 1:colcon.colcon_core.shell:create_environment_hook('irrigation_interfaces', 'cmake_prefix_path')
[7.429s] INFO:colcon.colcon_core.shell:Creating environment hook '/home/koji/robotics/robotics-learning/project_ws/install/irrigation_interfaces/share/irrigation_interfaces/hook/cmake_prefix_path.ps1'
[7.429s] INFO:colcon.colcon_core.shell:Creating environment descriptor '/home/koji/robotics/robotics-learning/project_ws/install/irrigation_interfaces/share/irrigation_interfaces/hook/cmake_prefix_path.dsv'
[7.430s] INFO:colcon.colcon_core.shell:Creating environment hook '/home/koji/robotics/robotics-learning/project_ws/install/irrigation_interfaces/share/irrigation_interfaces/hook/cmake_prefix_path.sh'
[7.430s] Level 1:colcon.colcon_core.environment:checking '/home/koji/robotics/robotics-learning/project_ws/install/irrigation_interfaces/lib'
[7.430s] Level 1:colcon.colcon_core.shell:create_environment_hook('irrigation_interfaces', 'ld_library_path_lib')
[7.430s] INFO:colcon.colcon_core.shell:Creating environment hook '/home/koji/robotics/robotics-learning/project_ws/install/irrigation_interfaces/share/irrigation_interfaces/hook/ld_library_path_lib.ps1'
[7.431s] INFO:colcon.colcon_core.shell:Creating environment descriptor '/home/koji/robotics/robotics-learning/project_ws/install/irrigation_interfaces/share/irrigation_interfaces/hook/ld_library_path_lib.dsv'
[7.431s] INFO:colcon.colcon_core.shell:Creating environment hook '/home/koji/robotics/robotics-learning/project_ws/install/irrigation_interfaces/share/irrigation_interfaces/hook/ld_library_path_lib.sh'
[7.431s] Level 1:colcon.colcon_core.environment:checking '/home/koji/robotics/robotics-learning/project_ws/install/irrigation_interfaces/bin'
[7.431s] Level 1:colcon.colcon_core.environment:checking '/home/koji/robotics/robotics-learning/project_ws/install/irrigation_interfaces/lib/pkgconfig/irrigation_interfaces.pc'
[7.432s] Level 1:colcon.colcon_core.environment:checking '/home/koji/robotics/robotics-learning/project_ws/install/irrigation_interfaces/lib/python3.12/site-packages'
[7.432s] Level 1:colcon.colcon_core.shell:create_environment_hook('irrigation_interfaces', 'pythonpath')
[7.432s] INFO:colcon.colcon_core.shell:Creating environment hook '/home/koji/robotics/robotics-learning/project_ws/install/irrigation_interfaces/share/irrigation_interfaces/hook/pythonpath.ps1'
[7.432s] INFO:colcon.colcon_core.shell:Creating environment descriptor '/home/koji/robotics/robotics-learning/project_ws/install/irrigation_interfaces/share/irrigation_interfaces/hook/pythonpath.dsv'
[7.433s] INFO:colcon.colcon_core.shell:Creating environment hook '/home/koji/robotics/robotics-learning/project_ws/install/irrigation_interfaces/share/irrigation_interfaces/hook/pythonpath.sh'
[7.433s] Level 1:colcon.colcon_core.environment:checking '/home/koji/robotics/robotics-learning/project_ws/install/irrigation_interfaces/bin'
[7.433s] INFO:colcon.colcon_core.shell:Creating package script '/home/koji/robotics/robotics-learning/project_ws/install/irrigation_interfaces/share/irrigation_interfaces/package.ps1'
[7.434s] INFO:colcon.colcon_core.shell:Creating package descriptor '/home/koji/robotics/robotics-learning/project_ws/install/irrigation_interfaces/share/irrigation_interfaces/package.dsv'
[7.434s] INFO:colcon.colcon_core.shell:Creating package script '/home/koji/robotics/robotics-learning/project_ws/install/irrigation_interfaces/share/irrigation_interfaces/package.sh'
[7.435s] INFO:colcon.colcon_core.shell:Creating package script '/home/koji/robotics/robotics-learning/project_ws/install/irrigation_interfaces/share/irrigation_interfaces/package.bash'
[7.435s] INFO:colcon.colcon_core.shell:Creating package script '/home/koji/robotics/robotics-learning/project_ws/install/irrigation_interfaces/share/irrigation_interfaces/package.zsh'
[7.435s] Level 1:colcon.colcon_core.environment:create_file_with_runtime_dependencies(/home/koji/robotics/robotics-learning/project_ws/install/irrigation_interfaces/share/colcon-core/packages/irrigation_interfaces)
[7.436s] DEBUG:colcon.colcon_parallel_executor.executor.parallel:closing loop
[7.436s] DEBUG:colcon.colcon_parallel_executor.executor.parallel:loop closed
[7.436s] DEBUG:colcon.colcon_parallel_executor.executor.parallel:run_until_complete finished with '0'
[7.436s] DEBUG:colcon.colcon_core.event_reactor:joining thread
[7.442s] INFO:colcon.colcon_core.plugin_system:Skipping extension 'colcon_notification.desktop_notification.terminal_notifier': Not used on non-Darwin systems
[7.442s] INFO:colcon.colcon_core.plugin_system:Skipping extension 'colcon_notification.desktop_notification.win32': Not used on non-Windows systems
[7.442s] INFO:colcon.colcon_notification.desktop_notification:Sending desktop notification using 'notify2'
[7.465s] DEBUG:colcon.colcon_core.event_reactor:joined thread
[7.465s] INFO:colcon.colcon_core.shell:Creating prefix script '/home/koji/robotics/robotics-learning/project_ws/install/local_setup.ps1'
[7.467s] INFO:colcon.colcon_core.shell:Creating prefix util module '/home/koji/robotics/robotics-learning/project_ws/install/_local_setup_util_ps1.py'
[7.470s] INFO:colcon.colcon_core.shell:Creating prefix chain script '/home/koji/robotics/robotics-learning/project_ws/install/setup.ps1'
[7.472s] INFO:colcon.colcon_core.shell:Creating prefix script '/home/koji/robotics/robotics-learning/project_ws/install/local_setup.sh'
[7.473s] INFO:colcon.colcon_core.shell:Creating prefix util module '/home/koji/robotics/robotics-learning/project_ws/install/_local_setup_util_sh.py'
[7.474s] INFO:colcon.colcon_core.shell:Creating prefix chain script '/home/koji/robotics/robotics-learning/project_ws/install/setup.sh'
[7.476s] INFO:colcon.colcon_core.shell:Creating prefix script '/home/koji/robotics/robotics-learning/project_ws/install/local_setup.bash'
[7.477s] INFO:colcon.colcon_core.shell:Creating prefix chain script '/home/koji/robotics/robotics-learning/project_ws/install/setup.bash'
[7.479s] INFO:colcon.colcon_core.shell:Creating prefix script '/home/koji/robotics/robotics-learning/project_ws/install/local_setup.zsh'
[7.480s] INFO:colcon.colcon_core.shell:Creating prefix chain script '/home/koji/robotics/robotics-learning/project_ws/install/setup.zsh'
