[1.061s] Invoking command in '/home/koji/robotics/robotics-learning/beginner_client_libs/my_workspace/build/py_srv': DEBUGINFOD_URLS=https://debuginfod.ubuntu.com PYTHONPATH=/home/koji/robotics/robotics-learning/beginner_client_libs/my_workspace/build/py_srv/prefix_override:/usr/lib/python3/dist-packages/colcon_core/task/python/colcon_distutils_commands:/home/koji/robotics/robotics-learning/beginner_client_libs/my_workspace/install/py_srv/lib/python3.12/site-packages:${PYTHONPATH} /usr/bin/python3 -W ignore:setup.py install is deprecated -W ignore:easy_install command is deprecated setup.py develop --editable --build-directory /home/koji/robotics/robotics-learning/beginner_client_libs/my_workspace/build/py_srv/build --no-deps symlink_data --force
[1.364s] running develop
[1.539s] running egg_info
[1.557s] writing py_srv.egg-info/PKG-INFO
[1.557s] writing dependency_links to py_srv.egg-info/dependency_links.txt
[1.557s] writing entry points to py_srv.egg-info/entry_points.txt
[1.558s] writing requirements to py_srv.egg-info/requires.txt
[1.558s] writing top-level names to py_srv.egg-info/top_level.txt
[1.594s] reading manifest file 'py_srv.egg-info/SOURCES.txt'
[1.595s] writing manifest file 'py_srv.egg-info/SOURCES.txt'
[1.614s] running build_ext
[1.615s] Creating /home/koji/robotics/robotics-learning/beginner_client_libs/my_workspace/install/py_srv/lib/python3.12/site-packages/py-srv.egg-link (link to .)
[1.615s] Installing client script to /home/koji/robotics/robotics-learning/beginner_client_libs/my_workspace/install/py_srv/lib/py_srv
[1.615s] Installing service script to /home/koji/robotics/robotics-learning/beginner_client_libs/my_workspace/install/py_srv/lib/py_srv
[1.616s] 
[1.616s] Installed /home/koji/robotics/robotics-learning/beginner_client_libs/my_workspace/build/py_srv
[1.616s] running symlink_data
[1.616s] symbolically linking /home/koji/robotics/robotics-learning/beginner_client_libs/my_workspace/build/py_srv/resource/py_srv -> /home/koji/robotics/robotics-learning/beginner_client_libs/my_workspace/install/py_srv/share/ament_index/resource_index/packages
[1.616s] symbolically linking /home/koji/robotics/robotics-learning/beginner_client_libs/my_workspace/build/py_srv/package.xml -> /home/koji/robotics/robotics-learning/beginner_client_libs/my_workspace/install/py_srv/share/py_srv
[1.659s] Invoked command in '/home/koji/robotics/robotics-learning/beginner_client_libs/my_workspace/build/py_srv' returned '0': DEBUGINFOD_URLS=https://debuginfod.ubuntu.com PYTHONPATH=/home/koji/robotics/robotics-learning/beginner_client_libs/my_workspace/build/py_srv/prefix_override:/usr/lib/python3/dist-packages/colcon_core/task/python/colcon_distutils_commands:/home/koji/robotics/robotics-learning/beginner_client_libs/my_workspace/install/py_srv/lib/python3.12/site-packages:${PYTHONPATH} /usr/bin/python3 -W ignore:setup.py install is deprecated -W ignore:easy_install command is deprecated setup.py develop --editable --build-directory /home/koji/robotics/robotics-learning/beginner_client_libs/my_workspace/build/py_srv/build --no-deps symlink_data --force
